[0.070s] Invoking command in '/home/patrick/ENAE450_tb_ws/build/turtlebot3_fake_node': AMENT_PREFIX_PATH=/home/patrick/ENAE450_tb_ws/install/turtlebot3_msgs:${AMENT_PREFIX_PATH} CMAKE_PREFIX_PATH=/home/patrick/ENAE450_tb_ws/install/turtlebot3_msgs:/home/patrick/turtlebot3_ws/install/turtlebot3:/home/patrick/turtlebot3_ws/install/turtlebot3_simulations:/home/patrick/turtlebot3_ws/install/turtlebot3_bringup:/home/patrick/turtlebot3_ws/install/turtlebot3_node:/home/patrick/turtlebot3_ws/install/turtlebot3_navigation2:/home/patrick/turtlebot3_ws/install/turtlebot3_fake_node:/home/patrick/turtlebot3_ws/install/turtlebot3_msgs:/home/patrick/turtlebot3_ws/install/turtlebot3_gazebo:/home/patrick/turtlebot3_ws/install/turtlebot3_description:/home/patrick/turtlebot3_ws/install/turtlebot3_cartographer:/home/patrick/turtlebot3_ws/install/dynamixel_sdk_examples:/home/patrick/turtlebot3_ws/install/dynamixel_sdk_custom_interfaces:/home/patrick/turtlebot3_ws/install/dynamixel_sdk:/home/patrick/turtlebot3_ws/install/turtlebot3_teleop:/home/patrick/turtlebot3_ws/install/turtlebot3_example:/home/patrick/turtlebot3_ws/install/turtlebot3_controller:/opt/ros/humble LD_LIBRARY_PATH=/home/patrick/ENAE450_tb_ws/install/turtlebot3_msgs/lib:/home/patrick/turtlebot3_ws/install/turtlebot3_msgs/lib:/home/patrick/turtlebot3_ws/install/dynamixel_sdk_custom_interfaces/lib:/home/patrick/turtlebot3_ws/install/dynamixel_sdk/lib:/usr/lib/x86_64-linux-gnu/gazebo-11/plugins:/opt/ros/humble/opt/rviz_ogre_vendor/lib:/opt/ros/humble/lib/x86_64-linux-gnu:/opt/ros/humble/lib:/usr/lib/x86_64-linux-gnu/gazebo-11/plugins:/usr/lib/x86_64-linux-gnu/gazebo-11/plugins:/usr/lib/x86_64-linux-gnu/gazebo-11/plugins:/usr/lib/x86_64-linux-gnu/gazebo-11/plugins:/usr/lib/x86_64-linux-gnu/gazebo-11/plugins:/usr/lib/x86_64-linux-gnu/gazebo-11/plugins PYTHONPATH=/home/patrick/ENAE450_tb_ws/install/turtlebot3_msgs/local/lib/python3.10/dist-packages:${PYTHONPATH} /usr/bin/cmake /home/patrick/ENAE450_tb_ws/src/turtlebot3_simulations/turtlebot3_fake_node -DCMAKE_INSTALL_PREFIX=/home/patrick/ENAE450_tb_ws/install/turtlebot3_fake_node
[0.325s] -- The C compiler identification is GNU 11.4.0
[0.954s] -- The CXX compiler identification is GNU 11.4.0
[1.010s] -- Detecting C compiler ABI info
[1.437s] -- Detecting C compiler ABI info - done
[1.451s] -- Check for working C compiler: /usr/bin/cc - skipped
[1.453s] -- Detecting C compile features
[1.453s] -- Detecting C compile features - done
[1.464s] -- Detecting CXX compiler ABI info
[1.793s] -- Detecting CXX compiler ABI info - done
[1.805s] -- Check for working CXX compiler: /usr/bin/c++ - skipped
[1.807s] -- Detecting CXX compile features
[1.808s] -- Detecting CXX compile features - done
[1.834s] -- Found ament_cmake: 1.3.11 (/opt/ros/humble/share/ament_cmake/cmake)
[2.396s] -- Found Python3: /usr/bin/python3 (found version "3.10.12") found components: Interpreter 
[2.879s] -- Found geometry_msgs: 4.8.0 (/opt/ros/humble/share/geometry_msgs/cmake)
[2.964s] -- Found rosidl_generator_c: 3.1.6 (/opt/ros/humble/share/rosidl_generator_c/cmake)
[2.990s] -- Found rosidl_adapter: 3.1.6 (/opt/ros/humble/share/rosidl_adapter/cmake)
[3.342s] -- Found rosidl_generator_cpp: 3.1.6 (/opt/ros/humble/share/rosidl_generator_cpp/cmake)
[3.343s] -- Using all available rosidl_typesupport_c: rosidl_typesupport_fastrtps_c;rosidl_typesupport_introspection_c
[3.343s] -- Using all available rosidl_typesupport_cpp: rosidl_typesupport_fastrtps_cpp;rosidl_typesupport_introspection_cpp
[3.343s] -- Found nav_msgs: 4.8.0 (/opt/ros/humble/share/nav_msgs/cmake)
[3.343s] -- Found rclcpp: 16.0.12 (/opt/ros/humble/share/rclcpp/cmake)
[3.343s] -- Found rmw_implementation_cmake: 6.1.2 (/opt/ros/humble/share/rmw_implementation_cmake/cmake)
[3.343s] -- Found rmw_fastrtps_cpp: 6.2.7 (/opt/ros/humble/share/rmw_fastrtps_cpp/cmake)
[3.695s] -- Found OpenSSL: /usr/lib/x86_64-linux-gnu/libcrypto.so (found version "3.0.2")  
[4.109s] -- Found FastRTPS: /opt/ros/humble/include  
[4.219s] -- Using RMW implementation 'rmw_fastrtps_cpp' as default
[4.242s] -- Looking for pthread.h
[4.727s] -- Looking for pthread.h - found
[4.751s] -- Performing Test CMAKE_HAVE_LIBC_PTHREAD
[5.266s] -- Performing Test CMAKE_HAVE_LIBC_PTHREAD - Success
[5.266s] -- Found Threads: TRUE  
[5.266s] -- Found sensor_msgs: 4.8.0 (/opt/ros/humble/share/sensor_msgs/cmake)
[5.266s] -- Found tf2: 0.25.12 (/opt/ros/humble/share/tf2/cmake)
[5.338s] -- Found tf2_msgs: 0.25.12 (/opt/ros/humble/share/tf2_msgs/cmake)
[5.512s] -- Found turtlebot3_msgs: 2.3.0 (/home/patrick/ENAE450_tb_ws/install/turtlebot3_msgs/share/turtlebot3_msgs/cmake)
[5.833s] -- Configuring done
[5.886s] -- Generating done
[5.932s] -- Build files have been written to: /home/patrick/ENAE450_tb_ws/build/turtlebot3_fake_node
[5.971s] Invoked command in '/home/patrick/ENAE450_tb_ws/build/turtlebot3_fake_node' returned '0': AMENT_PREFIX_PATH=/home/patrick/ENAE450_tb_ws/install/turtlebot3_msgs:${AMENT_PREFIX_PATH} CMAKE_PREFIX_PATH=/home/patrick/ENAE450_tb_ws/install/turtlebot3_msgs:/home/patrick/turtlebot3_ws/install/turtlebot3:/home/patrick/turtlebot3_ws/install/turtlebot3_simulations:/home/patrick/turtlebot3_ws/install/turtlebot3_bringup:/home/patrick/turtlebot3_ws/install/turtlebot3_node:/home/patrick/turtlebot3_ws/install/turtlebot3_navigation2:/home/patrick/turtlebot3_ws/install/turtlebot3_fake_node:/home/patrick/turtlebot3_ws/install/turtlebot3_msgs:/home/patrick/turtlebot3_ws/install/turtlebot3_gazebo:/home/patrick/turtlebot3_ws/install/turtlebot3_description:/home/patrick/turtlebot3_ws/install/turtlebot3_cartographer:/home/patrick/turtlebot3_ws/install/dynamixel_sdk_examples:/home/patrick/turtlebot3_ws/install/dynamixel_sdk_custom_interfaces:/home/patrick/turtlebot3_ws/install/dynamixel_sdk:/home/patrick/turtlebot3_ws/install/turtlebot3_teleop:/home/patrick/turtlebot3_ws/install/turtlebot3_example:/home/patrick/turtlebot3_ws/install/turtlebot3_controller:/opt/ros/humble LD_LIBRARY_PATH=/home/patrick/ENAE450_tb_ws/install/turtlebot3_msgs/lib:/home/patrick/turtlebot3_ws/install/turtlebot3_msgs/lib:/home/patrick/turtlebot3_ws/install/dynamixel_sdk_custom_interfaces/lib:/home/patrick/turtlebot3_ws/install/dynamixel_sdk/lib:/usr/lib/x86_64-linux-gnu/gazebo-11/plugins:/opt/ros/humble/opt/rviz_ogre_vendor/lib:/opt/ros/humble/lib/x86_64-linux-gnu:/opt/ros/humble/lib:/usr/lib/x86_64-linux-gnu/gazebo-11/plugins:/usr/lib/x86_64-linux-gnu/gazebo-11/plugins:/usr/lib/x86_64-linux-gnu/gazebo-11/plugins:/usr/lib/x86_64-linux-gnu/gazebo-11/plugins:/usr/lib/x86_64-linux-gnu/gazebo-11/plugins:/usr/lib/x86_64-linux-gnu/gazebo-11/plugins PYTHONPATH=/home/patrick/ENAE450_tb_ws/install/turtlebot3_msgs/local/lib/python3.10/dist-packages:${PYTHONPATH} /usr/bin/cmake /home/patrick/ENAE450_tb_ws/src/turtlebot3_simulations/turtlebot3_fake_node -DCMAKE_INSTALL_PREFIX=/home/patrick/ENAE450_tb_ws/install/turtlebot3_fake_node
[5.972s] Invoking command in '/home/patrick/ENAE450_tb_ws/build/turtlebot3_fake_node': AMENT_PREFIX_PATH=/home/patrick/ENAE450_tb_ws/install/turtlebot3_msgs:${AMENT_PREFIX_PATH} CMAKE_PREFIX_PATH=/home/patrick/ENAE450_tb_ws/install/turtlebot3_msgs:/home/patrick/turtlebot3_ws/install/turtlebot3:/home/patrick/turtlebot3_ws/install/turtlebot3_simulations:/home/patrick/turtlebot3_ws/install/turtlebot3_bringup:/home/patrick/turtlebot3_ws/install/turtlebot3_node:/home/patrick/turtlebot3_ws/install/turtlebot3_navigation2:/home/patrick/turtlebot3_ws/install/turtlebot3_fake_node:/home/patrick/turtlebot3_ws/install/turtlebot3_msgs:/home/patrick/turtlebot3_ws/install/turtlebot3_gazebo:/home/patrick/turtlebot3_ws/install/turtlebot3_description:/home/patrick/turtlebot3_ws/install/turtlebot3_cartographer:/home/patrick/turtlebot3_ws/install/dynamixel_sdk_examples:/home/patrick/turtlebot3_ws/install/dynamixel_sdk_custom_interfaces:/home/patrick/turtlebot3_ws/install/dynamixel_sdk:/home/patrick/turtlebot3_ws/install/turtlebot3_teleop:/home/patrick/turtlebot3_ws/install/turtlebot3_example:/home/patrick/turtlebot3_ws/install/turtlebot3_controller:/opt/ros/humble LD_LIBRARY_PATH=/home/patrick/ENAE450_tb_ws/install/turtlebot3_msgs/lib:/home/patrick/turtlebot3_ws/install/turtlebot3_msgs/lib:/home/patrick/turtlebot3_ws/install/dynamixel_sdk_custom_interfaces/lib:/home/patrick/turtlebot3_ws/install/dynamixel_sdk/lib:/usr/lib/x86_64-linux-gnu/gazebo-11/plugins:/opt/ros/humble/opt/rviz_ogre_vendor/lib:/opt/ros/humble/lib/x86_64-linux-gnu:/opt/ros/humble/lib:/usr/lib/x86_64-linux-gnu/gazebo-11/plugins:/usr/lib/x86_64-linux-gnu/gazebo-11/plugins:/usr/lib/x86_64-linux-gnu/gazebo-11/plugins:/usr/lib/x86_64-linux-gnu/gazebo-11/plugins:/usr/lib/x86_64-linux-gnu/gazebo-11/plugins:/usr/lib/x86_64-linux-gnu/gazebo-11/plugins PYTHONPATH=/home/patrick/ENAE450_tb_ws/install/turtlebot3_msgs/local/lib/python3.10/dist-packages:${PYTHONPATH} /usr/bin/cmake --build /home/patrick/ENAE450_tb_ws/build/turtlebot3_fake_node -- -j2 -l2
[6.065s] [ 50%] [32mBuilding CXX object CMakeFiles/turtlebot3_fake_node.dir/src/turtlebot3_fake_node.cpp.o[0m
[43.566s] [100%] [32m[1mLinking CXX executable turtlebot3_fake_node[0m
[45.466s] [100%] Built target turtlebot3_fake_node
[45.539s] Invoked command in '/home/patrick/ENAE450_tb_ws/build/turtlebot3_fake_node' returned '0': AMENT_PREFIX_PATH=/home/patrick/ENAE450_tb_ws/install/turtlebot3_msgs:${AMENT_PREFIX_PATH} CMAKE_PREFIX_PATH=/home/patrick/ENAE450_tb_ws/install/turtlebot3_msgs:/home/patrick/turtlebot3_ws/install/turtlebot3:/home/patrick/turtlebot3_ws/install/turtlebot3_simulations:/home/patrick/turtlebot3_ws/install/turtlebot3_bringup:/home/patrick/turtlebot3_ws/install/turtlebot3_node:/home/patrick/turtlebot3_ws/install/turtlebot3_navigation2:/home/patrick/turtlebot3_ws/install/turtlebot3_fake_node:/home/patrick/turtlebot3_ws/install/turtlebot3_msgs:/home/patrick/turtlebot3_ws/install/turtlebot3_gazebo:/home/patrick/turtlebot3_ws/install/turtlebot3_description:/home/patrick/turtlebot3_ws/install/turtlebot3_cartographer:/home/patrick/turtlebot3_ws/install/dynamixel_sdk_examples:/home/patrick/turtlebot3_ws/install/dynamixel_sdk_custom_interfaces:/home/patrick/turtlebot3_ws/install/dynamixel_sdk:/home/patrick/turtlebot3_ws/install/turtlebot3_teleop:/home/patrick/turtlebot3_ws/install/turtlebot3_example:/home/patrick/turtlebot3_ws/install/turtlebot3_controller:/opt/ros/humble LD_LIBRARY_PATH=/home/patrick/ENAE450_tb_ws/install/turtlebot3_msgs/lib:/home/patrick/turtlebot3_ws/install/turtlebot3_msgs/lib:/home/patrick/turtlebot3_ws/install/dynamixel_sdk_custom_interfaces/lib:/home/patrick/turtlebot3_ws/install/dynamixel_sdk/lib:/usr/lib/x86_64-linux-gnu/gazebo-11/plugins:/opt/ros/humble/opt/rviz_ogre_vendor/lib:/opt/ros/humble/lib/x86_64-linux-gnu:/opt/ros/humble/lib:/usr/lib/x86_64-linux-gnu/gazebo-11/plugins:/usr/lib/x86_64-linux-gnu/gazebo-11/plugins:/usr/lib/x86_64-linux-gnu/gazebo-11/plugins:/usr/lib/x86_64-linux-gnu/gazebo-11/plugins:/usr/lib/x86_64-linux-gnu/gazebo-11/plugins:/usr/lib/x86_64-linux-gnu/gazebo-11/plugins PYTHONPATH=/home/patrick/ENAE450_tb_ws/install/turtlebot3_msgs/local/lib/python3.10/dist-packages:${PYTHONPATH} /usr/bin/cmake --build /home/patrick/ENAE450_tb_ws/build/turtlebot3_fake_node -- -j2 -l2
[45.562s] Invoking command in '/home/patrick/ENAE450_tb_ws/build/turtlebot3_fake_node': AMENT_PREFIX_PATH=/home/patrick/ENAE450_tb_ws/install/turtlebot3_msgs:${AMENT_PREFIX_PATH} CMAKE_PREFIX_PATH=/home/patrick/ENAE450_tb_ws/install/turtlebot3_msgs:/home/patrick/turtlebot3_ws/install/turtlebot3:/home/patrick/turtlebot3_ws/install/turtlebot3_simulations:/home/patrick/turtlebot3_ws/install/turtlebot3_bringup:/home/patrick/turtlebot3_ws/install/turtlebot3_node:/home/patrick/turtlebot3_ws/install/turtlebot3_navigation2:/home/patrick/turtlebot3_ws/install/turtlebot3_fake_node:/home/patrick/turtlebot3_ws/install/turtlebot3_msgs:/home/patrick/turtlebot3_ws/install/turtlebot3_gazebo:/home/patrick/turtlebot3_ws/install/turtlebot3_description:/home/patrick/turtlebot3_ws/install/turtlebot3_cartographer:/home/patrick/turtlebot3_ws/install/dynamixel_sdk_examples:/home/patrick/turtlebot3_ws/install/dynamixel_sdk_custom_interfaces:/home/patrick/turtlebot3_ws/install/dynamixel_sdk:/home/patrick/turtlebot3_ws/install/turtlebot3_teleop:/home/patrick/turtlebot3_ws/install/turtlebot3_example:/home/patrick/turtlebot3_ws/install/turtlebot3_controller:/opt/ros/humble LD_LIBRARY_PATH=/home/patrick/ENAE450_tb_ws/install/turtlebot3_msgs/lib:/home/patrick/turtlebot3_ws/install/turtlebot3_msgs/lib:/home/patrick/turtlebot3_ws/install/dynamixel_sdk_custom_interfaces/lib:/home/patrick/turtlebot3_ws/install/dynamixel_sdk/lib:/usr/lib/x86_64-linux-gnu/gazebo-11/plugins:/opt/ros/humble/opt/rviz_ogre_vendor/lib:/opt/ros/humble/lib/x86_64-linux-gnu:/opt/ros/humble/lib:/usr/lib/x86_64-linux-gnu/gazebo-11/plugins:/usr/lib/x86_64-linux-gnu/gazebo-11/plugins:/usr/lib/x86_64-linux-gnu/gazebo-11/plugins:/usr/lib/x86_64-linux-gnu/gazebo-11/plugins:/usr/lib/x86_64-linux-gnu/gazebo-11/plugins:/usr/lib/x86_64-linux-gnu/gazebo-11/plugins PYTHONPATH=/home/patrick/ENAE450_tb_ws/install/turtlebot3_msgs/local/lib/python3.10/dist-packages:${PYTHONPATH} /usr/bin/cmake --install /home/patrick/ENAE450_tb_ws/build/turtlebot3_fake_node
[45.592s] -- Install configuration: ""
[45.594s] -- Installing: /home/patrick/ENAE450_tb_ws/install/turtlebot3_fake_node/lib/turtlebot3_fake_node/turtlebot3_fake_node
[45.625s] -- Set runtime path of "/home/patrick/ENAE450_tb_ws/install/turtlebot3_fake_node/lib/turtlebot3_fake_node/turtlebot3_fake_node" to ""
[45.625s] -- Installing: /home/patrick/ENAE450_tb_ws/install/turtlebot3_fake_node/share/turtlebot3_fake_node/launch
[45.626s] -- Installing: /home/patrick/ENAE450_tb_ws/install/turtlebot3_fake_node/share/turtlebot3_fake_node/launch/rviz2.launch.py
[45.635s] -- Installing: /home/patrick/ENAE450_tb_ws/install/turtlebot3_fake_node/share/turtlebot3_fake_node/launch/turtlebot3_fake_node.launch.py
[45.635s] -- Installing: /home/patrick/ENAE450_tb_ws/install/turtlebot3_fake_node/share/turtlebot3_fake_node/param
[45.636s] -- Installing: /home/patrick/ENAE450_tb_ws/install/turtlebot3_fake_node/share/turtlebot3_fake_node/param/waffle_pi.yaml
[45.636s] -- Installing: /home/patrick/ENAE450_tb_ws/install/turtlebot3_fake_node/share/turtlebot3_fake_node/param/burger.yaml
[45.639s] -- Installing: /home/patrick/ENAE450_tb_ws/install/turtlebot3_fake_node/share/turtlebot3_fake_node/param/waffle.yaml
[45.643s] -- Installing: /home/patrick/ENAE450_tb_ws/install/turtlebot3_fake_node/include/
[45.651s] -- Installing: /home/patrick/ENAE450_tb_ws/install/turtlebot3_fake_node/include//turtlebot3_fake_node
[45.653s] -- Installing: /home/patrick/ENAE450_tb_ws/install/turtlebot3_fake_node/include//turtlebot3_fake_node/turtlebot3_fake_node.hpp
[45.654s] -- Installing: /home/patrick/ENAE450_tb_ws/install/turtlebot3_fake_node/share/ament_index/resource_index/package_run_dependencies/turtlebot3_fake_node
[45.657s] -- Installing: /home/patrick/ENAE450_tb_ws/install/turtlebot3_fake_node/share/ament_index/resource_index/parent_prefix_path/turtlebot3_fake_node
[45.658s] -- Installing: /home/patrick/ENAE450_tb_ws/install/turtlebot3_fake_node/share/turtlebot3_fake_node/environment/ament_prefix_path.sh
[45.661s] -- Installing: /home/patrick/ENAE450_tb_ws/install/turtlebot3_fake_node/share/turtlebot3_fake_node/environment/ament_prefix_path.dsv
[45.665s] -- Installing: /home/patrick/ENAE450_tb_ws/install/turtlebot3_fake_node/share/turtlebot3_fake_node/environment/path.sh
[45.669s] -- Installing: /home/patrick/ENAE450_tb_ws/install/turtlebot3_fake_node/share/turtlebot3_fake_node/environment/path.dsv
[45.671s] -- Installing: /home/patrick/ENAE450_tb_ws/install/turtlebot3_fake_node/share/turtlebot3_fake_node/local_setup.bash
[45.673s] -- Installing: /home/patrick/ENAE450_tb_ws/install/turtlebot3_fake_node/share/turtlebot3_fake_node/local_setup.sh
[45.677s] -- Installing: /home/patrick/ENAE450_tb_ws/install/turtlebot3_fake_node/share/turtlebot3_fake_node/local_setup.zsh
[45.680s] -- Installing: /home/patrick/ENAE450_tb_ws/install/turtlebot3_fake_node/share/turtlebot3_fake_node/local_setup.dsv
[45.690s] -- Installing: /home/patrick/ENAE450_tb_ws/install/turtlebot3_fake_node/share/turtlebot3_fake_node/package.dsv
[45.692s] -- Installing: /home/patrick/ENAE450_tb_ws/install/turtlebot3_fake_node/share/ament_index/resource_index/packages/turtlebot3_fake_node
[45.693s] -- Installing: /home/patrick/ENAE450_tb_ws/install/turtlebot3_fake_node/share/turtlebot3_fake_node/cmake/ament_cmake_export_include_directories-extras.cmake
[45.695s] -- Installing: /home/patrick/ENAE450_tb_ws/install/turtlebot3_fake_node/share/turtlebot3_fake_node/cmake/ament_cmake_export_dependencies-extras.cmake
[45.700s] -- Installing: /home/patrick/ENAE450_tb_ws/install/turtlebot3_fake_node/share/turtlebot3_fake_node/cmake/turtlebot3_fake_nodeConfig.cmake
[45.703s] -- Installing: /home/patrick/ENAE450_tb_ws/install/turtlebot3_fake_node/share/turtlebot3_fake_node/cmake/turtlebot3_fake_nodeConfig-version.cmake
[45.705s] -- Installing: /home/patrick/ENAE450_tb_ws/install/turtlebot3_fake_node/share/turtlebot3_fake_node/package.xml
[45.715s] Invoked command in '/home/patrick/ENAE450_tb_ws/build/turtlebot3_fake_node' returned '0': AMENT_PREFIX_PATH=/home/patrick/ENAE450_tb_ws/install/turtlebot3_msgs:${AMENT_PREFIX_PATH} CMAKE_PREFIX_PATH=/home/patrick/ENAE450_tb_ws/install/turtlebot3_msgs:/home/patrick/turtlebot3_ws/install/turtlebot3:/home/patrick/turtlebot3_ws/install/turtlebot3_simulations:/home/patrick/turtlebot3_ws/install/turtlebot3_bringup:/home/patrick/turtlebot3_ws/install/turtlebot3_node:/home/patrick/turtlebot3_ws/install/turtlebot3_navigation2:/home/patrick/turtlebot3_ws/install/turtlebot3_fake_node:/home/patrick/turtlebot3_ws/install/turtlebot3_msgs:/home/patrick/turtlebot3_ws/install/turtlebot3_gazebo:/home/patrick/turtlebot3_ws/install/turtlebot3_description:/home/patrick/turtlebot3_ws/install/turtlebot3_cartographer:/home/patrick/turtlebot3_ws/install/dynamixel_sdk_examples:/home/patrick/turtlebot3_ws/install/dynamixel_sdk_custom_interfaces:/home/patrick/turtlebot3_ws/install/dynamixel_sdk:/home/patrick/turtlebot3_ws/install/turtlebot3_teleop:/home/patrick/turtlebot3_ws/install/turtlebot3_example:/home/patrick/turtlebot3_ws/install/turtlebot3_controller:/opt/ros/humble LD_LIBRARY_PATH=/home/patrick/ENAE450_tb_ws/install/turtlebot3_msgs/lib:/home/patrick/turtlebot3_ws/install/turtlebot3_msgs/lib:/home/patrick/turtlebot3_ws/install/dynamixel_sdk_custom_interfaces/lib:/home/patrick/turtlebot3_ws/install/dynamixel_sdk/lib:/usr/lib/x86_64-linux-gnu/gazebo-11/plugins:/opt/ros/humble/opt/rviz_ogre_vendor/lib:/opt/ros/humble/lib/x86_64-linux-gnu:/opt/ros/humble/lib:/usr/lib/x86_64-linux-gnu/gazebo-11/plugins:/usr/lib/x86_64-linux-gnu/gazebo-11/plugins:/usr/lib/x86_64-linux-gnu/gazebo-11/plugins:/usr/lib/x86_64-linux-gnu/gazebo-11/plugins:/usr/lib/x86_64-linux-gnu/gazebo-11/plugins:/usr/lib/x86_64-linux-gnu/gazebo-11/plugins PYTHONPATH=/home/patrick/ENAE450_tb_ws/install/turtlebot3_msgs/local/lib/python3.10/dist-packages:${PYTHONPATH} /usr/bin/cmake --install /home/patrick/ENAE450_tb_ws/build/turtlebot3_fake_node
