-- Found ament_cmake: 1.3.11 (/opt/ros/humble/share/ament_cmake/cmake)
-- Configuring done
-- Generating done
-- Build files have been written to: /home/patrick/ENAE450_tb_ws/build/dynamixel_sdk
[35m[1mConsolidate compiler generated dependencies of target dynamixel_sdk[0m
[  7%] [32mBuilding CXX object CMakeFiles/dynamixel_sdk.dir/src/dynamixel_sdk/packet_handler.cpp.o[0m
[  7%] Built target ament_cmake_python_copy_dynamixel_sdk
[ 15%] [32mBuilding CXX object CMakeFiles/dynamixel_sdk.dir/src/dynamixel_sdk/protocol1_packet_handler.cpp.o[0m
[ 23%] [32mBuilding CXX object CMakeFiles/dynamixel_sdk.dir/src/dynamixel_sdk/protocol2_packet_handler.cpp.o[0m
running egg_info
writing dynamixel_sdk.egg-info/PKG-INFO
writing dependency_links to dynamixel_sdk.egg-info/dependency_links.txt
writing top-level names to dynamixel_sdk.egg-info/top_level.txt
reading manifest file 'dynamixel_sdk.egg-info/SOURCES.txt'
writing manifest file 'dynamixel_sdk.egg-info/SOURCES.txt'
[ 30%] [32mBuilding CXX object CMakeFiles/dynamixel_sdk.dir/src/dynamixel_sdk/group_sync_read.cpp.o[0m
[ 30%] Built target ament_cmake_python_build_dynamixel_sdk_egg
[ 38%] [32mBuilding CXX object CMakeFiles/dynamixel_sdk.dir/src/dynamixel_sdk/group_sync_write.cpp.o[0m
[ 46%] [32mBuilding CXX object CMakeFiles/dynamixel_sdk.dir/src/dynamixel_sdk/group_bulk_read.cpp.o[0m
[ 53%] [32mBuilding CXX object CMakeFiles/dynamixel_sdk.dir/src/dynamixel_sdk/group_bulk_write.cpp.o[0m
[ 61%] [32mBuilding CXX object CMakeFiles/dynamixel_sdk.dir/src/dynamixel_sdk/group_fast_bulk_read.cpp.o[0m
[ 69%] [32mBuilding CXX object CMakeFiles/dynamixel_sdk.dir/src/dynamixel_sdk/group_fast_sync_read.cpp.o[0m
[ 76%] [32mBuilding CXX object CMakeFiles/dynamixel_sdk.dir/src/dynamixel_sdk/group_handler.cpp.o[0m
[ 84%] [32mBuilding CXX object CMakeFiles/dynamixel_sdk.dir/src/dynamixel_sdk/port_handler.cpp.o[0m
[ 92%] [32mBuilding CXX object CMakeFiles/dynamixel_sdk.dir/src/dynamixel_sdk/port_handler_linux.cpp.o[0m
[100%] [32m[1mLinking CXX shared library libdynamixel_sdk.so[0m
[100%] Built target dynamixel_sdk
-- Install configuration: ""
-- Up-to-date: /home/patrick/ENAE450_tb_ws/install/dynamixel_sdk/include/
-- Up-to-date: /home/patrick/ENAE450_tb_ws/install/dynamixel_sdk/include//dynamixel_sdk
-- Installing: /home/patrick/ENAE450_tb_ws/install/dynamixel_sdk/include//dynamixel_sdk/group_handler.h
-- Installing: /home/patrick/ENAE450_tb_ws/install/dynamixel_sdk/include//dynamixel_sdk/port_handler_arduino.h
-- Installing: /home/patrick/ENAE450_tb_ws/install/dynamixel_sdk/include//dynamixel_sdk/protocol2_packet_handler.h
-- Installing: /home/patrick/ENAE450_tb_ws/install/dynamixel_sdk/include//dynamixel_sdk/group_sync_read.h
-- Installing: /home/patrick/ENAE450_tb_ws/install/dynamixel_sdk/include//dynamixel_sdk/protocol1_packet_handler.h
-- Installing: /home/patrick/ENAE450_tb_ws/install/dynamixel_sdk/include//dynamixel_sdk/group_bulk_read.h
-- Installing: /home/patrick/ENAE450_tb_ws/install/dynamixel_sdk/include//dynamixel_sdk/dynamixel_sdk.h
-- Installing: /home/patrick/ENAE450_tb_ws/install/dynamixel_sdk/include//dynamixel_sdk/port_handler_mac.h
-- Installing: /home/patrick/ENAE450_tb_ws/install/dynamixel_sdk/include//dynamixel_sdk/group_bulk_write.h
-- Installing: /home/patrick/ENAE450_tb_ws/install/dynamixel_sdk/include//dynamixel_sdk/packet_handler.h
-- Installing: /home/patrick/ENAE450_tb_ws/install/dynamixel_sdk/include//dynamixel_sdk/port_handler_linux.h
-- Installing: /home/patrick/ENAE450_tb_ws/install/dynamixel_sdk/include//dynamixel_sdk/group_fast_sync_read.h
-- Installing: /home/patrick/ENAE450_tb_ws/install/dynamixel_sdk/include//dynamixel_sdk/group_sync_write.h
-- Installing: /home/patrick/ENAE450_tb_ws/install/dynamixel_sdk/include//dynamixel_sdk/group_fast_bulk_read.h
-- Installing: /home/patrick/ENAE450_tb_ws/install/dynamixel_sdk/include//dynamixel_sdk/port_handler.h
-- Installing: /home/patrick/ENAE450_tb_ws/install/dynamixel_sdk/include//dynamixel_sdk/port_handler_windows.h
-- Installing: /home/patrick/ENAE450_tb_ws/install/dynamixel_sdk/lib/libdynamixel_sdk.so
-- Up-to-date: /home/patrick/ENAE450_tb_ws/install/dynamixel_sdk/share/dynamixel_sdk/environment/pythonpath.sh
-- Installing: /home/patrick/ENAE450_tb_ws/install/dynamixel_sdk/share/dynamixel_sdk/environment/pythonpath.dsv
-- Up-to-date: /home/patrick/ENAE450_tb_ws/install/dynamixel_sdk/local/lib/python3.10/dist-packages/dynamixel_sdk-3.8.3-py3.10.egg-info
-- Installing: /home/patrick/ENAE450_tb_ws/install/dynamixel_sdk/local/lib/python3.10/dist-packages/dynamixel_sdk-3.8.3-py3.10.egg-info/PKG-INFO
-- Installing: /home/patrick/ENAE450_tb_ws/install/dynamixel_sdk/local/lib/python3.10/dist-packages/dynamixel_sdk-3.8.3-py3.10.egg-info/top_level.txt
-- Installing: /home/patrick/ENAE450_tb_ws/install/dynamixel_sdk/local/lib/python3.10/dist-packages/dynamixel_sdk-3.8.3-py3.10.egg-info/dependency_links.txt
-- Installing: /home/patrick/ENAE450_tb_ws/install/dynamixel_sdk/local/lib/python3.10/dist-packages/dynamixel_sdk-3.8.3-py3.10.egg-info/SOURCES.txt
-- Up-to-date: /home/patrick/ENAE450_tb_ws/install/dynamixel_sdk/local/lib/python3.10/dist-packages/dynamixel_sdk
-- Installing: /home/patrick/ENAE450_tb_ws/install/dynamixel_sdk/local/lib/python3.10/dist-packages/dynamixel_sdk/port_handler_linux.cpp
-- Installing: /home/patrick/ENAE450_tb_ws/install/dynamixel_sdk/local/lib/python3.10/dist-packages/dynamixel_sdk/group_bulk_write.cpp
-- Installing: /home/patrick/ENAE450_tb_ws/install/dynamixel_sdk/local/lib/python3.10/dist-packages/dynamixel_sdk/group_sync_read.py
-- Installing: /home/patrick/ENAE450_tb_ws/install/dynamixel_sdk/local/lib/python3.10/dist-packages/dynamixel_sdk/protocol2_packet_handler.cpp
-- Installing: /home/patrick/ENAE450_tb_ws/install/dynamixel_sdk/local/lib/python3.10/dist-packages/dynamixel_sdk/packet_handler.cpp
-- Installing: /home/patrick/ENAE450_tb_ws/install/dynamixel_sdk/local/lib/python3.10/dist-packages/dynamixel_sdk/port_handler_windows.cpp
-- Installing: /home/patrick/ENAE450_tb_ws/install/dynamixel_sdk/local/lib/python3.10/dist-packages/dynamixel_sdk/group_sync_read.cpp
-- Installing: /home/patrick/ENAE450_tb_ws/install/dynamixel_sdk/local/lib/python3.10/dist-packages/dynamixel_sdk/group_bulk_read.cpp
-- Installing: /home/patrick/ENAE450_tb_ws/install/dynamixel_sdk/local/lib/python3.10/dist-packages/dynamixel_sdk/protocol1_packet_handler.cpp
-- Installing: /home/patrick/ENAE450_tb_ws/install/dynamixel_sdk/local/lib/python3.10/dist-packages/dynamixel_sdk/port_handler.cpp
-- Installing: /home/patrick/ENAE450_tb_ws/install/dynamixel_sdk/local/lib/python3.10/dist-packages/dynamixel_sdk/__init__.py
-- Installing: /home/patrick/ENAE450_tb_ws/install/dynamixel_sdk/local/lib/python3.10/dist-packages/dynamixel_sdk/port_handler_mac.cpp
-- Installing: /home/patrick/ENAE450_tb_ws/install/dynamixel_sdk/local/lib/python3.10/dist-packages/dynamixel_sdk/group_fast_bulk_read.cpp
-- Installing: /home/patrick/ENAE450_tb_ws/install/dynamixel_sdk/local/lib/python3.10/dist-packages/dynamixel_sdk/group_sync_write.cpp
-- Installing: /home/patrick/ENAE450_tb_ws/install/dynamixel_sdk/local/lib/python3.10/dist-packages/dynamixel_sdk/group_bulk_read.py
-- Installing: /home/patrick/ENAE450_tb_ws/install/dynamixel_sdk/local/lib/python3.10/dist-packages/dynamixel_sdk/group_sync_write.py
-- Installing: /home/patrick/ENAE450_tb_ws/install/dynamixel_sdk/local/lib/python3.10/dist-packages/dynamixel_sdk/group_handler.cpp
-- Installing: /home/patrick/ENAE450_tb_ws/install/dynamixel_sdk/local/lib/python3.10/dist-packages/dynamixel_sdk/protocol1_packet_handler.py
-- Installing: /home/patrick/ENAE450_tb_ws/install/dynamixel_sdk/local/lib/python3.10/dist-packages/dynamixel_sdk/packet_handler.py
-- Installing: /home/patrick/ENAE450_tb_ws/install/dynamixel_sdk/local/lib/python3.10/dist-packages/dynamixel_sdk/protocol2_packet_handler.py
-- Installing: /home/patrick/ENAE450_tb_ws/install/dynamixel_sdk/local/lib/python3.10/dist-packages/dynamixel_sdk/group_fast_sync_read.cpp
-- Installing: /home/patrick/ENAE450_tb_ws/install/dynamixel_sdk/local/lib/python3.10/dist-packages/dynamixel_sdk/port_handler.py
-- Installing: /home/patrick/ENAE450_tb_ws/install/dynamixel_sdk/local/lib/python3.10/dist-packages/dynamixel_sdk/group_bulk_write.py
-- Installing: /home/patrick/ENAE450_tb_ws/install/dynamixel_sdk/local/lib/python3.10/dist-packages/dynamixel_sdk/robotis_def.py
-- Installing: /home/patrick/ENAE450_tb_ws/install/dynamixel_sdk/local/lib/python3.10/dist-packages/dynamixel_sdk/port_handler_arduino.cpp
Listing '/home/patrick/ENAE450_tb_ws/install/dynamixel_sdk/local/lib/python3.10/dist-packages/dynamixel_sdk'...
Compiling '/home/patrick/ENAE450_tb_ws/install/dynamixel_sdk/local/lib/python3.10/dist-packages/dynamixel_sdk/__init__.py'...
Compiling '/home/patrick/ENAE450_tb_ws/install/dynamixel_sdk/local/lib/python3.10/dist-packages/dynamixel_sdk/group_bulk_read.py'...
Compiling '/home/patrick/ENAE450_tb_ws/install/dynamixel_sdk/local/lib/python3.10/dist-packages/dynamixel_sdk/group_bulk_write.py'...
Compiling '/home/patrick/ENAE450_tb_ws/install/dynamixel_sdk/local/lib/python3.10/dist-packages/dynamixel_sdk/group_sync_read.py'...
Compiling '/home/patrick/ENAE450_tb_ws/install/dynamixel_sdk/local/lib/python3.10/dist-packages/dynamixel_sdk/group_sync_write.py'...
Compiling '/home/patrick/ENAE450_tb_ws/install/dynamixel_sdk/local/lib/python3.10/dist-packages/dynamixel_sdk/packet_handler.py'...
Compiling '/home/patrick/ENAE450_tb_ws/install/dynamixel_sdk/local/lib/python3.10/dist-packages/dynamixel_sdk/port_handler.py'...
Compiling '/home/patrick/ENAE450_tb_ws/install/dynamixel_sdk/local/lib/python3.10/dist-packages/dynamixel_sdk/protocol1_packet_handler.py'...
Compiling '/home/patrick/ENAE450_tb_ws/install/dynamixel_sdk/local/lib/python3.10/dist-packages/dynamixel_sdk/protocol2_packet_handler.py'...
Compiling '/home/patrick/ENAE450_tb_ws/install/dynamixel_sdk/local/lib/python3.10/dist-packages/dynamixel_sdk/robotis_def.py'...
-- Up-to-date: /home/patrick/ENAE450_tb_ws/install/dynamixel_sdk/share/dynamixel_sdk/environment/library_path.sh
-- Installing: /home/patrick/ENAE450_tb_ws/install/dynamixel_sdk/share/dynamixel_sdk/environment/library_path.dsv
-- Up-to-date: /home/patrick/ENAE450_tb_ws/install/dynamixel_sdk/share/ament_index/resource_index/package_run_dependencies/dynamixel_sdk
-- Installing: /home/patrick/ENAE450_tb_ws/install/dynamixel_sdk/share/ament_index/resource_index/parent_prefix_path/dynamixel_sdk
-- Up-to-date: /home/patrick/ENAE450_tb_ws/install/dynamixel_sdk/share/dynamixel_sdk/environment/ament_prefix_path.sh
-- Installing: /home/patrick/ENAE450_tb_ws/install/dynamixel_sdk/share/dynamixel_sdk/environment/ament_prefix_path.dsv
-- Up-to-date: /home/patrick/ENAE450_tb_ws/install/dynamixel_sdk/share/dynamixel_sdk/environment/path.sh
-- Installing: /home/patrick/ENAE450_tb_ws/install/dynamixel_sdk/share/dynamixel_sdk/environment/path.dsv
-- Up-to-date: /home/patrick/ENAE450_tb_ws/install/dynamixel_sdk/share/dynamixel_sdk/local_setup.bash
-- Up-to-date: /home/patrick/ENAE450_tb_ws/install/dynamixel_sdk/share/dynamixel_sdk/local_setup.sh
-- Up-to-date: /home/patrick/ENAE450_tb_ws/install/dynamixel_sdk/share/dynamixel_sdk/local_setup.zsh
-- Installing: /home/patrick/ENAE450_tb_ws/install/dynamixel_sdk/share/dynamixel_sdk/local_setup.dsv
-- Installing: /home/patrick/ENAE450_tb_ws/install/dynamixel_sdk/share/dynamixel_sdk/package.dsv
-- Up-to-date: /home/patrick/ENAE450_tb_ws/install/dynamixel_sdk/share/ament_index/resource_index/packages/dynamixel_sdk
-- Up-to-date: /home/patrick/ENAE450_tb_ws/install/dynamixel_sdk/share/dynamixel_sdk/cmake/ament_cmake_export_include_directories-extras.cmake
-- Up-to-date: /home/patrick/ENAE450_tb_ws/install/dynamixel_sdk/share/dynamixel_sdk/cmake/ament_cmake_export_libraries-extras.cmake
-- Up-to-date: /home/patrick/ENAE450_tb_ws/install/dynamixel_sdk/share/dynamixel_sdk/cmake/dynamixel_sdkConfig.cmake
-- Up-to-date: /home/patrick/ENAE450_tb_ws/install/dynamixel_sdk/share/dynamixel_sdk/cmake/dynamixel_sdkConfig-version.cmake
-- Installing: /home/patrick/ENAE450_tb_ws/install/dynamixel_sdk/share/dynamixel_sdk/package.xml
