[0.113s] Invoking command in '/home/patrick/ENAE450_tb_ws/build/turtlebot3_msgs': CMAKE_PREFIX_PATH=${CMAKE_PREFIX_PATH}:/home/patrick/turtlebot3_ws/install/turtlebot3_teleop:/home/patrick/turtlebot3_ws/install/turtlebot3_example:/home/patrick/turtlebot3_ws/install/turtlebot3_controller:/opt/ros/humble /usr/bin/cmake /home/patrick/ENAE450_tb_ws/src/turtlebot3_msgs -DCMAKE_INSTALL_PREFIX=/home/patrick/ENAE450_tb_ws/install/turtlebot3_msgs
[0.307s] -- The C compiler identification is GNU 11.4.0
[0.469s] -- The CXX compiler identification is GNU 11.4.0
[0.489s] -- Detecting C compiler ABI info
[0.861s] -- Detecting C compiler ABI info - done
[0.871s] -- Check for working C compiler: /usr/bin/cc - skipped
[0.873s] -- Detecting C compile features
[0.885s] -- Detecting C compile features - done
[0.890s] -- Detecting CXX compiler ABI info
[1.163s] -- Detecting CXX compiler ABI info - done
[1.172s] -- Check for working CXX compiler: /usr/bin/c++ - skipped
[1.176s] -- Detecting CXX compile features
[1.177s] -- Detecting CXX compile features - done
[1.197s] -- Found action_msgs: 1.2.1 (/opt/ros/humble/share/action_msgs/cmake)
[1.562s] -- Found Python3: /usr/bin/python3 (found version "3.10.12") found components: Interpreter 
[1.899s] -- Found rosidl_generator_c: 3.1.6 (/opt/ros/humble/share/rosidl_generator_c/cmake)
[1.916s] -- Found rosidl_adapter: 3.1.6 (/opt/ros/humble/share/rosidl_adapter/cmake)
[1.979s] -- Found rosidl_generator_cpp: 3.1.6 (/opt/ros/humble/share/rosidl_generator_cpp/cmake)
[1.979s] -- Using all available rosidl_typesupport_c: rosidl_typesupport_fastrtps_c;rosidl_typesupport_introspection_c
[2.025s] -- Using all available rosidl_typesupport_cpp: rosidl_typesupport_fastrtps_cpp;rosidl_typesupport_introspection_cpp
[2.122s] -- Found rosidl_default_generators: 1.2.0 (/opt/ros/humble/share/rosidl_default_generators/cmake)
[2.146s] -- Found std_msgs: 4.8.0 (/opt/ros/humble/share/std_msgs/cmake)
[2.175s] -- Found geometry_msgs: 4.8.0 (/opt/ros/humble/share/geometry_msgs/cmake)
[2.924s] -- Found ament_cmake_cppcheck: 0.12.12 (/opt/ros/humble/share/ament_cmake_cppcheck/cmake)
[2.939s] -- Found ament_cmake_cpplint: 0.12.12 (/opt/ros/humble/share/ament_cmake_cpplint/cmake)
[2.948s] -- Found ament_cmake_uncrustify: 0.12.12 (/opt/ros/humble/share/ament_cmake_uncrustify/cmake)
[2.960s] -- Found ament_cmake_ros: 0.10.0 (/opt/ros/humble/share/ament_cmake_ros/cmake)
[4.142s] -- Using all available rosidl_typesupport_c: rosidl_typesupport_fastrtps_c;rosidl_typesupport_introspection_c
[4.712s] -- Using all available rosidl_typesupport_cpp: rosidl_typesupport_fastrtps_cpp;rosidl_typesupport_introspection_cpp
[4.841s] -- Found PythonInterp: /usr/bin/python3 (found suitable version "3.10.12", minimum required is "3.6") 
[4.847s] -- Found python_cmake_module: 0.10.0 (/opt/ros/humble/share/python_cmake_module/cmake)
[4.847s] -- Found PythonLibs: /usr/lib/x86_64-linux-gnu/libpython3.10.so (found suitable version "3.10.12", minimum required is "3.5") 
[4.848s] -- Using PYTHON_EXECUTABLE: /usr/bin/python3
[4.848s] -- Using PYTHON_INCLUDE_DIRS: /usr/include/python3.10
[4.848s] -- Using PYTHON_LIBRARIES: /usr/lib/x86_64-linux-gnu/libpython3.10.so
[4.848s] -- Found PythonExtra: .so  
[4.967s] -- Found ament_cmake_flake8: 0.12.12 (/opt/ros/humble/share/ament_cmake_flake8/cmake)
[4.990s] -- Found ament_cmake_pep257: 0.12.12 (/opt/ros/humble/share/ament_cmake_pep257/cmake)
[5.123s] -- Configuring done
[5.167s] -- Generating done
[5.194s] -- Build files have been written to: /home/patrick/ENAE450_tb_ws/build/turtlebot3_msgs
[5.222s] Invoked command in '/home/patrick/ENAE450_tb_ws/build/turtlebot3_msgs' returned '0': CMAKE_PREFIX_PATH=${CMAKE_PREFIX_PATH}:/home/patrick/turtlebot3_ws/install/turtlebot3_teleop:/home/patrick/turtlebot3_ws/install/turtlebot3_example:/home/patrick/turtlebot3_ws/install/turtlebot3_controller:/opt/ros/humble /usr/bin/cmake /home/patrick/ENAE450_tb_ws/src/turtlebot3_msgs -DCMAKE_INSTALL_PREFIX=/home/patrick/ENAE450_tb_ws/install/turtlebot3_msgs
[5.224s] Invoking command in '/home/patrick/ENAE450_tb_ws/build/turtlebot3_msgs': CMAKE_PREFIX_PATH=${CMAKE_PREFIX_PATH}:/home/patrick/turtlebot3_ws/install/turtlebot3_teleop:/home/patrick/turtlebot3_ws/install/turtlebot3_example:/home/patrick/turtlebot3_ws/install/turtlebot3_controller:/opt/ros/humble /usr/bin/cmake --build /home/patrick/ENAE450_tb_ws/build/turtlebot3_msgs -- -j2 -l2
[5.406s] [  1%] [34m[1mGenerating C++ code for ROS interfaces[0m
[7.606s] [  1%] Built target turtlebot3_msgs__cpp
[7.646s] [  2%] [34m[1mGenerating C code for ROS interfaces[0m
[9.974s] [  4%] [32mBuilding C object CMakeFiles/turtlebot3_msgs__rosidl_generator_c.dir/rosidl_generator_c/turtlebot3_msgs/msg/detail/sensor_state__functions.c.o[0m
[10.110s] [  5%] [32mBuilding C object CMakeFiles/turtlebot3_msgs__rosidl_generator_c.dir/rosidl_generator_c/turtlebot3_msgs/msg/detail/sound__functions.c.o[0m
[10.229s] [  7%] [32mBuilding C object CMakeFiles/turtlebot3_msgs__rosidl_generator_c.dir/rosidl_generator_c/turtlebot3_msgs/msg/detail/version_info__functions.c.o[0m
[10.366s] [  8%] [32mBuilding C object CMakeFiles/turtlebot3_msgs__rosidl_generator_c.dir/rosidl_generator_c/turtlebot3_msgs/srv/detail/sound__functions.c.o[0m
[10.616s] [  9%] [32mBuilding C object CMakeFiles/turtlebot3_msgs__rosidl_generator_c.dir/rosidl_generator_c/turtlebot3_msgs/srv/detail/dqn__functions.c.o[0m
[10.796s] [ 11%] [32mBuilding C object CMakeFiles/turtlebot3_msgs__rosidl_generator_c.dir/rosidl_generator_c/turtlebot3_msgs/action/detail/patrol__functions.c.o[0m
[11.334s] [ 12%] [32m[1mLinking C shared library libturtlebot3_msgs__rosidl_generator_c.so[0m
[11.669s] [ 12%] Built target turtlebot3_msgs__rosidl_generator_c
[11.849s] [ 12%] Built target ament_cmake_python_copy_turtlebot3_msgs
[11.921s] [ 14%] [34m[1mGenerating C++ type support dispatch for ROS interfaces[0m
[13.989s] [ 15%] [32mBuilding CXX object CMakeFiles/turtlebot3_msgs__rosidl_typesupport_cpp.dir/rosidl_typesupport_cpp/turtlebot3_msgs/msg/sensor_state__type_support.cpp.o[0m
[14.684s] [ 16%] [32mBuilding CXX object CMakeFiles/turtlebot3_msgs__rosidl_typesupport_cpp.dir/rosidl_typesupport_cpp/turtlebot3_msgs/msg/sound__type_support.cpp.o[0m
[15.299s] [ 18%] [32mBuilding CXX object CMakeFiles/turtlebot3_msgs__rosidl_typesupport_cpp.dir/rosidl_typesupport_cpp/turtlebot3_msgs/msg/version_info__type_support.cpp.o[0m
[16.364s] [ 19%] [32mBuilding CXX object CMakeFiles/turtlebot3_msgs__rosidl_typesupport_cpp.dir/rosidl_typesupport_cpp/turtlebot3_msgs/srv/sound__type_support.cpp.o[0m
[16.934s] [ 21%] [32mBuilding CXX object CMakeFiles/turtlebot3_msgs__rosidl_typesupport_cpp.dir/rosidl_typesupport_cpp/turtlebot3_msgs/srv/dqn__type_support.cpp.o[0m
[17.434s] [ 22%] [32mBuilding CXX object CMakeFiles/turtlebot3_msgs__rosidl_typesupport_cpp.dir/rosidl_typesupport_cpp/turtlebot3_msgs/action/patrol__type_support.cpp.o[0m
[18.285s] [ 23%] [32m[1mLinking CXX shared library libturtlebot3_msgs__rosidl_typesupport_cpp.so[0m
[18.803s] [ 23%] Built target turtlebot3_msgs__rosidl_typesupport_cpp
[18.877s] [ 25%] [34m[1mGenerating C type support for eProsima Fast-RTPS[0m
[20.861s] [ 26%] [32mBuilding CXX object CMakeFiles/turtlebot3_msgs__rosidl_typesupport_fastrtps_c.dir/rosidl_typesupport_fastrtps_c/turtlebot3_msgs/msg/detail/sensor_state__type_support_c.cpp.o[0m
[21.391s] [ 28%] [32mBuilding CXX object CMakeFiles/turtlebot3_msgs__rosidl_typesupport_fastrtps_c.dir/rosidl_typesupport_fastrtps_c/turtlebot3_msgs/msg/detail/sound__type_support_c.cpp.o[0m
[22.192s] [ 29%] [32mBuilding CXX object CMakeFiles/turtlebot3_msgs__rosidl_typesupport_fastrtps_c.dir/rosidl_typesupport_fastrtps_c/turtlebot3_msgs/msg/detail/version_info__type_support_c.cpp.o[0m
[22.739s] [ 30%] [32mBuilding CXX object CMakeFiles/turtlebot3_msgs__rosidl_typesupport_fastrtps_c.dir/rosidl_typesupport_fastrtps_c/turtlebot3_msgs/srv/detail/sound__type_support_c.cpp.o[0m
[23.376s] [ 32%] [32mBuilding CXX object CMakeFiles/turtlebot3_msgs__rosidl_typesupport_fastrtps_c.dir/rosidl_typesupport_fastrtps_c/turtlebot3_msgs/srv/detail/dqn__type_support_c.cpp.o[0m
[24.066s] [ 33%] [32mBuilding CXX object CMakeFiles/turtlebot3_msgs__rosidl_typesupport_fastrtps_c.dir/rosidl_typesupport_fastrtps_c/turtlebot3_msgs/action/detail/patrol__type_support_c.cpp.o[0m
[24.911s] [ 35%] [32m[1mLinking CXX shared library libturtlebot3_msgs__rosidl_typesupport_fastrtps_c.so[0m
[25.571s] [ 35%] Built target turtlebot3_msgs__rosidl_typesupport_fastrtps_c
[25.608s] [ 36%] [34m[1mGenerating C++ type support for eProsima Fast-RTPS[0m
[27.140s] [ 38%] [32mBuilding CXX object CMakeFiles/turtlebot3_msgs__rosidl_typesupport_fastrtps_cpp.dir/rosidl_typesupport_fastrtps_cpp/turtlebot3_msgs/msg/detail/dds_fastrtps/sensor_state__type_support.cpp.o[0m
[27.795s] [ 39%] [32mBuilding CXX object CMakeFiles/turtlebot3_msgs__rosidl_typesupport_fastrtps_cpp.dir/rosidl_typesupport_fastrtps_cpp/turtlebot3_msgs/msg/detail/dds_fastrtps/sound__type_support.cpp.o[0m
[28.470s] [ 40%] [32mBuilding CXX object CMakeFiles/turtlebot3_msgs__rosidl_typesupport_fastrtps_cpp.dir/rosidl_typesupport_fastrtps_cpp/turtlebot3_msgs/msg/detail/dds_fastrtps/version_info__type_support.cpp.o[0m
[29.128s] [ 42%] [32mBuilding CXX object CMakeFiles/turtlebot3_msgs__rosidl_typesupport_fastrtps_cpp.dir/rosidl_typesupport_fastrtps_cpp/turtlebot3_msgs/srv/detail/dds_fastrtps/sound__type_support.cpp.o[0m
[29.850s] [ 43%] [32mBuilding CXX object CMakeFiles/turtlebot3_msgs__rosidl_typesupport_fastrtps_cpp.dir/rosidl_typesupport_fastrtps_cpp/turtlebot3_msgs/srv/detail/dds_fastrtps/dqn__type_support.cpp.o[0m
[30.598s] [ 45%] [32mBuilding CXX object CMakeFiles/turtlebot3_msgs__rosidl_typesupport_fastrtps_cpp.dir/rosidl_typesupport_fastrtps_cpp/turtlebot3_msgs/action/detail/dds_fastrtps/patrol__type_support.cpp.o[0m
[31.845s] [ 46%] [32m[1mLinking CXX shared library libturtlebot3_msgs__rosidl_typesupport_fastrtps_cpp.so[0m
[32.129s] [ 46%] Built target turtlebot3_msgs__rosidl_typesupport_fastrtps_cpp
[32.164s] [ 47%] [34m[1mGenerating C introspection for ROS interfaces[0m
[33.652s] [ 49%] [32mBuilding C object CMakeFiles/turtlebot3_msgs__rosidl_typesupport_introspection_c.dir/rosidl_typesupport_introspection_c/turtlebot3_msgs/msg/detail/sensor_state__type_support.c.o[0m
[33.830s] [ 50%] [32mBuilding C object CMakeFiles/turtlebot3_msgs__rosidl_typesupport_introspection_c.dir/rosidl_typesupport_introspection_c/turtlebot3_msgs/msg/detail/sound__type_support.c.o[0m
[33.993s] [ 52%] [32mBuilding C object CMakeFiles/turtlebot3_msgs__rosidl_typesupport_introspection_c.dir/rosidl_typesupport_introspection_c/turtlebot3_msgs/msg/detail/version_info__type_support.c.o[0m
[34.110s] [ 53%] [32mBuilding C object CMakeFiles/turtlebot3_msgs__rosidl_typesupport_introspection_c.dir/rosidl_typesupport_introspection_c/turtlebot3_msgs/srv/detail/sound__type_support.c.o[0m
[34.235s] [ 54%] [32mBuilding C object CMakeFiles/turtlebot3_msgs__rosidl_typesupport_introspection_c.dir/rosidl_typesupport_introspection_c/turtlebot3_msgs/srv/detail/dqn__type_support.c.o[0m
[34.450s] [ 56%] [32mBuilding C object CMakeFiles/turtlebot3_msgs__rosidl_typesupport_introspection_c.dir/rosidl_typesupport_introspection_c/turtlebot3_msgs/action/detail/patrol__type_support.c.o[0m
[34.725s] [ 57%] [32m[1mLinking C shared library libturtlebot3_msgs__rosidl_typesupport_introspection_c.so[0m
[35.090s] [ 57%] Built target turtlebot3_msgs__rosidl_typesupport_introspection_c
[35.200s] [ 59%] [34m[1mGenerating C type support dispatch for ROS interfaces[0m
[37.984s] [ 60%] [32mBuilding CXX object CMakeFiles/turtlebot3_msgs__rosidl_typesupport_c.dir/rosidl_typesupport_c/turtlebot3_msgs/msg/sensor_state__type_support.cpp.o[0m
[38.283s] [ 61%] [32mBuilding CXX object CMakeFiles/turtlebot3_msgs__rosidl_typesupport_c.dir/rosidl_typesupport_c/turtlebot3_msgs/msg/sound__type_support.cpp.o[0m
[38.654s] [ 63%] [32mBuilding CXX object CMakeFiles/turtlebot3_msgs__rosidl_typesupport_c.dir/rosidl_typesupport_c/turtlebot3_msgs/msg/version_info__type_support.cpp.o[0m
[38.849s] [ 64%] [32mBuilding CXX object CMakeFiles/turtlebot3_msgs__rosidl_typesupport_c.dir/rosidl_typesupport_c/turtlebot3_msgs/srv/sound__type_support.cpp.o[0m
[39.183s] [ 66%] [32mBuilding CXX object CMakeFiles/turtlebot3_msgs__rosidl_typesupport_c.dir/rosidl_typesupport_c/turtlebot3_msgs/srv/dqn__type_support.cpp.o[0m
[39.378s] [ 67%] [32mBuilding CXX object CMakeFiles/turtlebot3_msgs__rosidl_typesupport_c.dir/rosidl_typesupport_c/turtlebot3_msgs/action/patrol__type_support.cpp.o[0m
[39.766s] [ 69%] [32m[1mLinking CXX shared library libturtlebot3_msgs__rosidl_typesupport_c.so[0m
[40.004s] [ 69%] Built target turtlebot3_msgs__rosidl_typesupport_c
[40.097s] [ 70%] [34m[1mGenerating C++ introspection for ROS interfaces[0m
[41.815s] [ 71%] [32mBuilding CXX object CMakeFiles/turtlebot3_msgs__rosidl_typesupport_introspection_cpp.dir/rosidl_typesupport_introspection_cpp/turtlebot3_msgs/msg/detail/sensor_state__type_support.cpp.o[0m
[42.569s] [ 73%] [32mBuilding CXX object CMakeFiles/turtlebot3_msgs__rosidl_typesupport_introspection_cpp.dir/rosidl_typesupport_introspection_cpp/turtlebot3_msgs/msg/detail/sound__type_support.cpp.o[0m
[43.459s] [ 74%] [32mBuilding CXX object CMakeFiles/turtlebot3_msgs__rosidl_typesupport_introspection_cpp.dir/rosidl_typesupport_introspection_cpp/turtlebot3_msgs/msg/detail/version_info__type_support.cpp.o[0m
[44.063s] [ 76%] [32mBuilding CXX object CMakeFiles/turtlebot3_msgs__rosidl_typesupport_introspection_cpp.dir/rosidl_typesupport_introspection_cpp/turtlebot3_msgs/srv/detail/sound__type_support.cpp.o[0m
[44.798s] [ 77%] [32mBuilding CXX object CMakeFiles/turtlebot3_msgs__rosidl_typesupport_introspection_cpp.dir/rosidl_typesupport_introspection_cpp/turtlebot3_msgs/srv/detail/dqn__type_support.cpp.o[0m
[45.636s] [ 78%] [32mBuilding CXX object CMakeFiles/turtlebot3_msgs__rosidl_typesupport_introspection_cpp.dir/rosidl_typesupport_introspection_cpp/turtlebot3_msgs/action/detail/patrol__type_support.cpp.o[0m
[46.796s] [ 80%] [32m[1mLinking CXX shared library libturtlebot3_msgs__rosidl_typesupport_introspection_cpp.so[0m
[47.047s] [ 80%] Built target turtlebot3_msgs__rosidl_typesupport_introspection_cpp
[47.641s] running egg_info
[47.641s] creating turtlebot3_msgs.egg-info
[47.641s] writing turtlebot3_msgs.egg-info/PKG-INFO
[47.647s] writing dependency_links to turtlebot3_msgs.egg-info/dependency_links.txt
[47.647s] writing top-level names to turtlebot3_msgs.egg-info/top_level.txt
[47.647s] writing manifest file 'turtlebot3_msgs.egg-info/SOURCES.txt'
[47.647s] reading manifest file 'turtlebot3_msgs.egg-info/SOURCES.txt'
[47.648s] writing manifest file 'turtlebot3_msgs.egg-info/SOURCES.txt'
[47.776s] [ 80%] Built target ament_cmake_python_build_turtlebot3_msgs_egg
[47.864s] [ 80%] Built target turtlebot3_msgs
[47.945s] [ 81%] [34m[1mGenerating Python code for ROS interfaces[0m
[51.336s] [ 81%] Built target turtlebot3_msgs__py
[51.448s] [ 83%] [32mBuilding C object CMakeFiles/turtlebot3_msgs__rosidl_generator_py.dir/rosidl_generator_py/turtlebot3_msgs/msg/_sensor_state_s.c.o[0m
[51.760s] [ 84%] [32mBuilding C object CMakeFiles/turtlebot3_msgs__rosidl_generator_py.dir/rosidl_generator_py/turtlebot3_msgs/msg/_sound_s.c.o[0m
[52.080s] [ 85%] [32mBuilding C object CMakeFiles/turtlebot3_msgs__rosidl_generator_py.dir/rosidl_generator_py/turtlebot3_msgs/msg/_version_info_s.c.o[0m
[52.315s] [ 87%] [32mBuilding C object CMakeFiles/turtlebot3_msgs__rosidl_generator_py.dir/rosidl_generator_py/turtlebot3_msgs/srv/_sound_s.c.o[0m
[52.528s] [ 88%] [32mBuilding C object CMakeFiles/turtlebot3_msgs__rosidl_generator_py.dir/rosidl_generator_py/turtlebot3_msgs/srv/_dqn_s.c.o[0m
[52.862s] [ 90%] [32mBuilding C object CMakeFiles/turtlebot3_msgs__rosidl_generator_py.dir/rosidl_generator_py/turtlebot3_msgs/action/_patrol_s.c.o[0m
[53.389s] [ 91%] [32m[1mLinking C shared library rosidl_generator_py/turtlebot3_msgs/libturtlebot3_msgs__rosidl_generator_py.so[0m
[53.784s] [ 91%] Built target turtlebot3_msgs__rosidl_generator_py
[54.247s] [ 92%] [32mBuilding C object CMakeFiles/turtlebot3_msgs__rosidl_typesupport_fastrtps_c__pyext.dir/rosidl_generator_py/turtlebot3_msgs/_turtlebot3_msgs_s.ep.rosidl_typesupport_fastrtps_c.c.o[0m
[56.346s] [ 94%] [32m[1mLinking C shared library rosidl_generator_py/turtlebot3_msgs/turtlebot3_msgs_s__rosidl_typesupport_fastrtps_c.cpython-310-x86_64-linux-gnu.so[0m
[56.854s] [ 94%] Built target turtlebot3_msgs__rosidl_typesupport_fastrtps_c__pyext
[57.189s] [ 95%] [32mBuilding C object CMakeFiles/turtlebot3_msgs__rosidl_typesupport_introspection_c__pyext.dir/rosidl_generator_py/turtlebot3_msgs/_turtlebot3_msgs_s.ep.rosidl_typesupport_introspection_c.c.o[0m
[58.240s] [ 97%] [32m[1mLinking C shared library rosidl_generator_py/turtlebot3_msgs/turtlebot3_msgs_s__rosidl_typesupport_introspection_c.cpython-310-x86_64-linux-gnu.so[0m
[58.398s] [ 97%] Built target turtlebot3_msgs__rosidl_typesupport_introspection_c__pyext
[59.043s] [ 98%] [32mBuilding C object CMakeFiles/turtlebot3_msgs__rosidl_typesupport_c__pyext.dir/rosidl_generator_py/turtlebot3_msgs/_turtlebot3_msgs_s.ep.rosidl_typesupport_c.c.o[0m
[59.305s] [100%] [32m[1mLinking C shared library rosidl_generator_py/turtlebot3_msgs/turtlebot3_msgs_s__rosidl_typesupport_c.cpython-310-x86_64-linux-gnu.so[0m
[59.695s] [100%] Built target turtlebot3_msgs__rosidl_typesupport_c__pyext
[59.753s] Invoked command in '/home/patrick/ENAE450_tb_ws/build/turtlebot3_msgs' returned '0': CMAKE_PREFIX_PATH=${CMAKE_PREFIX_PATH}:/home/patrick/turtlebot3_ws/install/turtlebot3_teleop:/home/patrick/turtlebot3_ws/install/turtlebot3_example:/home/patrick/turtlebot3_ws/install/turtlebot3_controller:/opt/ros/humble /usr/bin/cmake --build /home/patrick/ENAE450_tb_ws/build/turtlebot3_msgs -- -j2 -l2
[59.775s] Invoking command in '/home/patrick/ENAE450_tb_ws/build/turtlebot3_msgs': CMAKE_PREFIX_PATH=${CMAKE_PREFIX_PATH}:/home/patrick/turtlebot3_ws/install/turtlebot3_teleop:/home/patrick/turtlebot3_ws/install/turtlebot3_example:/home/patrick/turtlebot3_ws/install/turtlebot3_controller:/opt/ros/humble /usr/bin/cmake --install /home/patrick/ENAE450_tb_ws/build/turtlebot3_msgs
[59.849s] -- Install configuration: ""
[59.855s] -- Installing: /home/patrick/ENAE450_tb_ws/install/turtlebot3_msgs/share/ament_index/resource_index/rosidl_interfaces/turtlebot3_msgs
[59.859s] -- Installing: /home/patrick/ENAE450_tb_ws/install/turtlebot3_msgs/include/turtlebot3_msgs/turtlebot3_msgs
[59.862s] -- Installing: /home/patrick/ENAE450_tb_ws/install/turtlebot3_msgs/include/turtlebot3_msgs/turtlebot3_msgs/srv
[59.867s] -- Installing: /home/patrick/ENAE450_tb_ws/install/turtlebot3_msgs/include/turtlebot3_msgs/turtlebot3_msgs/srv/detail
[59.868s] -- Installing: /home/patrick/ENAE450_tb_ws/install/turtlebot3_msgs/include/turtlebot3_msgs/turtlebot3_msgs/srv/detail/sound__type_support.h
[59.868s] -- Installing: /home/patrick/ENAE450_tb_ws/install/turtlebot3_msgs/include/turtlebot3_msgs/turtlebot3_msgs/srv/detail/sound__functions.c
[59.873s] -- Installing: /home/patrick/ENAE450_tb_ws/install/turtlebot3_msgs/include/turtlebot3_msgs/turtlebot3_msgs/srv/detail/sound__struct.h
[59.875s] -- Installing: /home/patrick/ENAE450_tb_ws/install/turtlebot3_msgs/include/turtlebot3_msgs/turtlebot3_msgs/srv/detail/sound__functions.h
[59.881s] -- Installing: /home/patrick/ENAE450_tb_ws/install/turtlebot3_msgs/include/turtlebot3_msgs/turtlebot3_msgs/srv/detail/dqn__type_support.h
[59.883s] -- Installing: /home/patrick/ENAE450_tb_ws/install/turtlebot3_msgs/include/turtlebot3_msgs/turtlebot3_msgs/srv/detail/dqn__functions.c
[59.890s] -- Installing: /home/patrick/ENAE450_tb_ws/install/turtlebot3_msgs/include/turtlebot3_msgs/turtlebot3_msgs/srv/detail/dqn__functions.h
[59.890s] -- Installing: /home/patrick/ENAE450_tb_ws/install/turtlebot3_msgs/include/turtlebot3_msgs/turtlebot3_msgs/srv/detail/dqn__struct.h
[59.892s] -- Installing: /home/patrick/ENAE450_tb_ws/install/turtlebot3_msgs/include/turtlebot3_msgs/turtlebot3_msgs/srv/sound.h
[59.895s] -- Installing: /home/patrick/ENAE450_tb_ws/install/turtlebot3_msgs/include/turtlebot3_msgs/turtlebot3_msgs/srv/dqn.h
[59.898s] -- Installing: /home/patrick/ENAE450_tb_ws/install/turtlebot3_msgs/include/turtlebot3_msgs/turtlebot3_msgs/action
[59.899s] -- Installing: /home/patrick/ENAE450_tb_ws/install/turtlebot3_msgs/include/turtlebot3_msgs/turtlebot3_msgs/action/detail
[59.900s] -- Installing: /home/patrick/ENAE450_tb_ws/install/turtlebot3_msgs/include/turtlebot3_msgs/turtlebot3_msgs/action/detail/patrol__functions.h
[59.908s] -- Installing: /home/patrick/ENAE450_tb_ws/install/turtlebot3_msgs/include/turtlebot3_msgs/turtlebot3_msgs/action/detail/patrol__type_support.h
[59.935s] -- Installing: /home/patrick/ENAE450_tb_ws/install/turtlebot3_msgs/include/turtlebot3_msgs/turtlebot3_msgs/action/detail/patrol__struct.h
[59.935s] -- Installing: /home/patrick/ENAE450_tb_ws/install/turtlebot3_msgs/include/turtlebot3_msgs/turtlebot3_msgs/action/detail/patrol__functions.c
[59.936s] -- Installing: /home/patrick/ENAE450_tb_ws/install/turtlebot3_msgs/include/turtlebot3_msgs/turtlebot3_msgs/action/patrol.h
[59.937s] -- Installing: /home/patrick/ENAE450_tb_ws/install/turtlebot3_msgs/include/turtlebot3_msgs/turtlebot3_msgs/msg
[59.939s] -- Installing: /home/patrick/ENAE450_tb_ws/install/turtlebot3_msgs/include/turtlebot3_msgs/turtlebot3_msgs/msg/detail
[59.947s] -- Installing: /home/patrick/ENAE450_tb_ws/install/turtlebot3_msgs/include/turtlebot3_msgs/turtlebot3_msgs/msg/detail/sound__type_support.h
[59.951s] -- Installing: /home/patrick/ENAE450_tb_ws/install/turtlebot3_msgs/include/turtlebot3_msgs/turtlebot3_msgs/msg/detail/sound__functions.c
[59.952s] -- Installing: /home/patrick/ENAE450_tb_ws/install/turtlebot3_msgs/include/turtlebot3_msgs/turtlebot3_msgs/msg/detail/sound__struct.h
[59.954s] -- Installing: /home/patrick/ENAE450_tb_ws/install/turtlebot3_msgs/include/turtlebot3_msgs/turtlebot3_msgs/msg/detail/version_info__struct.h
[59.957s] -- Installing: /home/patrick/ENAE450_tb_ws/install/turtlebot3_msgs/include/turtlebot3_msgs/turtlebot3_msgs/msg/detail/sensor_state__functions.h
[59.958s] -- Installing: /home/patrick/ENAE450_tb_ws/install/turtlebot3_msgs/include/turtlebot3_msgs/turtlebot3_msgs/msg/detail/sound__functions.h
[59.958s] -- Installing: /home/patrick/ENAE450_tb_ws/install/turtlebot3_msgs/include/turtlebot3_msgs/turtlebot3_msgs/msg/detail/sensor_state__type_support.h
[59.958s] -- Installing: /home/patrick/ENAE450_tb_ws/install/turtlebot3_msgs/include/turtlebot3_msgs/turtlebot3_msgs/msg/detail/version_info__functions.h
[59.958s] -- Installing: /home/patrick/ENAE450_tb_ws/install/turtlebot3_msgs/include/turtlebot3_msgs/turtlebot3_msgs/msg/detail/sensor_state__functions.c
[59.958s] -- Installing: /home/patrick/ENAE450_tb_ws/install/turtlebot3_msgs/include/turtlebot3_msgs/turtlebot3_msgs/msg/detail/sensor_state__struct.h
[59.958s] -- Installing: /home/patrick/ENAE450_tb_ws/install/turtlebot3_msgs/include/turtlebot3_msgs/turtlebot3_msgs/msg/detail/version_info__type_support.h
[59.958s] -- Installing: /home/patrick/ENAE450_tb_ws/install/turtlebot3_msgs/include/turtlebot3_msgs/turtlebot3_msgs/msg/detail/version_info__functions.c
[59.958s] -- Installing: /home/patrick/ENAE450_tb_ws/install/turtlebot3_msgs/include/turtlebot3_msgs/turtlebot3_msgs/msg/rosidl_generator_c__visibility_control.h
[59.958s] -- Installing: /home/patrick/ENAE450_tb_ws/install/turtlebot3_msgs/include/turtlebot3_msgs/turtlebot3_msgs/msg/sound.h
[59.958s] -- Installing: /home/patrick/ENAE450_tb_ws/install/turtlebot3_msgs/include/turtlebot3_msgs/turtlebot3_msgs/msg/sensor_state.h
[60.034s] -- Installing: /home/patrick/ENAE450_tb_ws/install/turtlebot3_msgs/include/turtlebot3_msgs/turtlebot3_msgs/msg/version_info.h
[60.034s] -- Installing: /home/patrick/ENAE450_tb_ws/install/turtlebot3_msgs/share/turtlebot3_msgs/environment/library_path.sh
[60.035s] -- Installing: /home/patrick/ENAE450_tb_ws/install/turtlebot3_msgs/share/turtlebot3_msgs/environment/library_path.dsv
[60.035s] -- Installing: /home/patrick/ENAE450_tb_ws/install/turtlebot3_msgs/lib/libturtlebot3_msgs__rosidl_generator_c.so
[60.035s] -- Set runtime path of "/home/patrick/ENAE450_tb_ws/install/turtlebot3_msgs/lib/libturtlebot3_msgs__rosidl_generator_c.so" to ""
[60.035s] -- Up-to-date: /home/patrick/ENAE450_tb_ws/install/turtlebot3_msgs/include/turtlebot3_msgs/turtlebot3_msgs
[60.035s] -- Up-to-date: /home/patrick/ENAE450_tb_ws/install/turtlebot3_msgs/include/turtlebot3_msgs/turtlebot3_msgs/srv
[60.035s] -- Up-to-date: /home/patrick/ENAE450_tb_ws/install/turtlebot3_msgs/include/turtlebot3_msgs/turtlebot3_msgs/srv/detail
[60.036s] -- Installing: /home/patrick/ENAE450_tb_ws/install/turtlebot3_msgs/include/turtlebot3_msgs/turtlebot3_msgs/srv/detail/sound__rosidl_typesupport_fastrtps_c.h
[60.036s] -- Installing: /home/patrick/ENAE450_tb_ws/install/turtlebot3_msgs/include/turtlebot3_msgs/turtlebot3_msgs/srv/detail/dqn__rosidl_typesupport_fastrtps_c.h
[60.036s] -- Up-to-date: /home/patrick/ENAE450_tb_ws/install/turtlebot3_msgs/include/turtlebot3_msgs/turtlebot3_msgs/action
[60.036s] -- Up-to-date: /home/patrick/ENAE450_tb_ws/install/turtlebot3_msgs/include/turtlebot3_msgs/turtlebot3_msgs/action/detail
[60.036s] -- Installing: /home/patrick/ENAE450_tb_ws/install/turtlebot3_msgs/include/turtlebot3_msgs/turtlebot3_msgs/action/detail/patrol__rosidl_typesupport_fastrtps_c.h
[60.036s] -- Up-to-date: /home/patrick/ENAE450_tb_ws/install/turtlebot3_msgs/include/turtlebot3_msgs/turtlebot3_msgs/msg
[60.036s] -- Up-to-date: /home/patrick/ENAE450_tb_ws/install/turtlebot3_msgs/include/turtlebot3_msgs/turtlebot3_msgs/msg/detail
[60.036s] -- Installing: /home/patrick/ENAE450_tb_ws/install/turtlebot3_msgs/include/turtlebot3_msgs/turtlebot3_msgs/msg/detail/sound__rosidl_typesupport_fastrtps_c.h
[60.037s] -- Installing: /home/patrick/ENAE450_tb_ws/install/turtlebot3_msgs/include/turtlebot3_msgs/turtlebot3_msgs/msg/detail/sensor_state__rosidl_typesupport_fastrtps_c.h
[60.037s] -- Installing: /home/patrick/ENAE450_tb_ws/install/turtlebot3_msgs/include/turtlebot3_msgs/turtlebot3_msgs/msg/detail/version_info__rosidl_typesupport_fastrtps_c.h
[60.037s] -- Installing: /home/patrick/ENAE450_tb_ws/install/turtlebot3_msgs/include/turtlebot3_msgs/turtlebot3_msgs/msg/rosidl_typesupport_fastrtps_c__visibility_control.h
[60.037s] -- Installing: /home/patrick/ENAE450_tb_ws/install/turtlebot3_msgs/lib/libturtlebot3_msgs__rosidl_typesupport_fastrtps_c.so
[60.037s] -- Set runtime path of "/home/patrick/ENAE450_tb_ws/install/turtlebot3_msgs/lib/libturtlebot3_msgs__rosidl_typesupport_fastrtps_c.so" to ""
[60.037s] -- Up-to-date: /home/patrick/ENAE450_tb_ws/install/turtlebot3_msgs/include/turtlebot3_msgs/turtlebot3_msgs
[60.037s] -- Up-to-date: /home/patrick/ENAE450_tb_ws/install/turtlebot3_msgs/include/turtlebot3_msgs/turtlebot3_msgs/srv
[60.037s] -- Installing: /home/patrick/ENAE450_tb_ws/install/turtlebot3_msgs/include/turtlebot3_msgs/turtlebot3_msgs/srv/dqn.hpp
[60.037s] -- Up-to-date: /home/patrick/ENAE450_tb_ws/install/turtlebot3_msgs/include/turtlebot3_msgs/turtlebot3_msgs/srv/detail
[60.037s] -- Installing: /home/patrick/ENAE450_tb_ws/install/turtlebot3_msgs/include/turtlebot3_msgs/turtlebot3_msgs/srv/detail/sound__struct.hpp
[60.037s] -- Installing: /home/patrick/ENAE450_tb_ws/install/turtlebot3_msgs/include/turtlebot3_msgs/turtlebot3_msgs/srv/detail/sound__traits.hpp
[60.037s] -- Installing: /home/patrick/ENAE450_tb_ws/install/turtlebot3_msgs/include/turtlebot3_msgs/turtlebot3_msgs/srv/detail/dqn__type_support.hpp
[60.037s] -- Installing: /home/patrick/ENAE450_tb_ws/install/turtlebot3_msgs/include/turtlebot3_msgs/turtlebot3_msgs/srv/detail/sound__type_support.hpp
[60.037s] -- Installing: /home/patrick/ENAE450_tb_ws/install/turtlebot3_msgs/include/turtlebot3_msgs/turtlebot3_msgs/srv/detail/sound__builder.hpp
[60.038s] -- Installing: /home/patrick/ENAE450_tb_ws/install/turtlebot3_msgs/include/turtlebot3_msgs/turtlebot3_msgs/srv/detail/dqn__traits.hpp
[60.038s] -- Installing: /home/patrick/ENAE450_tb_ws/install/turtlebot3_msgs/include/turtlebot3_msgs/turtlebot3_msgs/srv/detail/dqn__struct.hpp
[60.038s] -- Installing: /home/patrick/ENAE450_tb_ws/install/turtlebot3_msgs/include/turtlebot3_msgs/turtlebot3_msgs/srv/detail/dqn__builder.hpp
[60.038s] -- Installing: /home/patrick/ENAE450_tb_ws/install/turtlebot3_msgs/include/turtlebot3_msgs/turtlebot3_msgs/srv/sound.hpp
[60.038s] -- Up-to-date: /home/patrick/ENAE450_tb_ws/install/turtlebot3_msgs/include/turtlebot3_msgs/turtlebot3_msgs/action
[60.039s] -- Up-to-date: /home/patrick/ENAE450_tb_ws/install/turtlebot3_msgs/include/turtlebot3_msgs/turtlebot3_msgs/action/detail
[60.039s] -- Installing: /home/patrick/ENAE450_tb_ws/install/turtlebot3_msgs/include/turtlebot3_msgs/turtlebot3_msgs/action/detail/patrol__type_support.hpp
[60.039s] -- Installing: /home/patrick/ENAE450_tb_ws/install/turtlebot3_msgs/include/turtlebot3_msgs/turtlebot3_msgs/action/detail/patrol__struct.hpp
[60.039s] -- Installing: /home/patrick/ENAE450_tb_ws/install/turtlebot3_msgs/include/turtlebot3_msgs/turtlebot3_msgs/action/detail/patrol__traits.hpp
[60.039s] -- Installing: /home/patrick/ENAE450_tb_ws/install/turtlebot3_msgs/include/turtlebot3_msgs/turtlebot3_msgs/action/detail/patrol__builder.hpp
[60.039s] -- Installing: /home/patrick/ENAE450_tb_ws/install/turtlebot3_msgs/include/turtlebot3_msgs/turtlebot3_msgs/action/patrol.hpp
[60.039s] -- Up-to-date: /home/patrick/ENAE450_tb_ws/install/turtlebot3_msgs/include/turtlebot3_msgs/turtlebot3_msgs/msg
[60.039s] -- Up-to-date: /home/patrick/ENAE450_tb_ws/install/turtlebot3_msgs/include/turtlebot3_msgs/turtlebot3_msgs/msg/detail
[60.039s] -- Installing: /home/patrick/ENAE450_tb_ws/install/turtlebot3_msgs/include/turtlebot3_msgs/turtlebot3_msgs/msg/detail/sensor_state__struct.hpp
[60.040s] -- Installing: /home/patrick/ENAE450_tb_ws/install/turtlebot3_msgs/include/turtlebot3_msgs/turtlebot3_msgs/msg/detail/sound__struct.hpp
[60.040s] -- Installing: /home/patrick/ENAE450_tb_ws/install/turtlebot3_msgs/include/turtlebot3_msgs/turtlebot3_msgs/msg/detail/version_info__traits.hpp
[60.040s] -- Installing: /home/patrick/ENAE450_tb_ws/install/turtlebot3_msgs/include/turtlebot3_msgs/turtlebot3_msgs/msg/detail/sound__traits.hpp
[60.040s] -- Installing: /home/patrick/ENAE450_tb_ws/install/turtlebot3_msgs/include/turtlebot3_msgs/turtlebot3_msgs/msg/detail/version_info__builder.hpp
[60.040s] -- Installing: /home/patrick/ENAE450_tb_ws/install/turtlebot3_msgs/include/turtlebot3_msgs/turtlebot3_msgs/msg/detail/sensor_state__traits.hpp
[60.040s] -- Installing: /home/patrick/ENAE450_tb_ws/install/turtlebot3_msgs/include/turtlebot3_msgs/turtlebot3_msgs/msg/detail/version_info__struct.hpp
[60.040s] -- Installing: /home/patrick/ENAE450_tb_ws/install/turtlebot3_msgs/include/turtlebot3_msgs/turtlebot3_msgs/msg/detail/sound__type_support.hpp
[60.040s] -- Installing: /home/patrick/ENAE450_tb_ws/install/turtlebot3_msgs/include/turtlebot3_msgs/turtlebot3_msgs/msg/detail/sound__builder.hpp
[60.040s] -- Installing: /home/patrick/ENAE450_tb_ws/install/turtlebot3_msgs/include/turtlebot3_msgs/turtlebot3_msgs/msg/detail/version_info__type_support.hpp
[60.040s] -- Installing: /home/patrick/ENAE450_tb_ws/install/turtlebot3_msgs/include/turtlebot3_msgs/turtlebot3_msgs/msg/detail/sensor_state__builder.hpp
[60.040s] -- Installing: /home/patrick/ENAE450_tb_ws/install/turtlebot3_msgs/include/turtlebot3_msgs/turtlebot3_msgs/msg/detail/sensor_state__type_support.hpp
[60.040s] -- Installing: /home/patrick/ENAE450_tb_ws/install/turtlebot3_msgs/include/turtlebot3_msgs/turtlebot3_msgs/msg/sound.hpp
[60.041s] -- Installing: /home/patrick/ENAE450_tb_ws/install/turtlebot3_msgs/include/turtlebot3_msgs/turtlebot3_msgs/msg/rosidl_generator_cpp__visibility_control.hpp
[60.041s] -- Installing: /home/patrick/ENAE450_tb_ws/install/turtlebot3_msgs/include/turtlebot3_msgs/turtlebot3_msgs/msg/version_info.hpp
[60.041s] -- Installing: /home/patrick/ENAE450_tb_ws/install/turtlebot3_msgs/include/turtlebot3_msgs/turtlebot3_msgs/msg/sensor_state.hpp
[60.041s] -- Up-to-date: /home/patrick/ENAE450_tb_ws/install/turtlebot3_msgs/include/turtlebot3_msgs/turtlebot3_msgs
[60.041s] -- Up-to-date: /home/patrick/ENAE450_tb_ws/install/turtlebot3_msgs/include/turtlebot3_msgs/turtlebot3_msgs/srv
[60.041s] -- Up-to-date: /home/patrick/ENAE450_tb_ws/install/turtlebot3_msgs/include/turtlebot3_msgs/turtlebot3_msgs/srv/detail
[60.041s] -- Installing: /home/patrick/ENAE450_tb_ws/install/turtlebot3_msgs/include/turtlebot3_msgs/turtlebot3_msgs/srv/detail/dqn__rosidl_typesupport_fastrtps_cpp.hpp
[60.041s] -- Installing: /home/patrick/ENAE450_tb_ws/install/turtlebot3_msgs/include/turtlebot3_msgs/turtlebot3_msgs/srv/detail/dds_fastrtps
[60.042s] -- Installing: /home/patrick/ENAE450_tb_ws/install/turtlebot3_msgs/include/turtlebot3_msgs/turtlebot3_msgs/srv/detail/sound__rosidl_typesupport_fastrtps_cpp.hpp
[60.042s] -- Up-to-date: /home/patrick/ENAE450_tb_ws/install/turtlebot3_msgs/include/turtlebot3_msgs/turtlebot3_msgs/action
[60.042s] -- Up-to-date: /home/patrick/ENAE450_tb_ws/install/turtlebot3_msgs/include/turtlebot3_msgs/turtlebot3_msgs/action/detail
[60.042s] -- Installing: /home/patrick/ENAE450_tb_ws/install/turtlebot3_msgs/include/turtlebot3_msgs/turtlebot3_msgs/action/detail/patrol__rosidl_typesupport_fastrtps_cpp.hpp
[60.043s] -- Installing: /home/patrick/ENAE450_tb_ws/install/turtlebot3_msgs/include/turtlebot3_msgs/turtlebot3_msgs/action/detail/dds_fastrtps
[60.043s] -- Up-to-date: /home/patrick/ENAE450_tb_ws/install/turtlebot3_msgs/include/turtlebot3_msgs/turtlebot3_msgs/msg
[60.043s] -- Up-to-date: /home/patrick/ENAE450_tb_ws/install/turtlebot3_msgs/include/turtlebot3_msgs/turtlebot3_msgs/msg/detail
[60.043s] -- Installing: /home/patrick/ENAE450_tb_ws/install/turtlebot3_msgs/include/turtlebot3_msgs/turtlebot3_msgs/msg/detail/version_info__rosidl_typesupport_fastrtps_cpp.hpp
[60.043s] -- Installing: /home/patrick/ENAE450_tb_ws/install/turtlebot3_msgs/include/turtlebot3_msgs/turtlebot3_msgs/msg/detail/dds_fastrtps
[60.044s] -- Installing: /home/patrick/ENAE450_tb_ws/install/turtlebot3_msgs/include/turtlebot3_msgs/turtlebot3_msgs/msg/detail/sound__rosidl_typesupport_fastrtps_cpp.hpp
[60.044s] -- Installing: /home/patrick/ENAE450_tb_ws/install/turtlebot3_msgs/include/turtlebot3_msgs/turtlebot3_msgs/msg/detail/sensor_state__rosidl_typesupport_fastrtps_cpp.hpp
[60.044s] -- Installing: /home/patrick/ENAE450_tb_ws/install/turtlebot3_msgs/include/turtlebot3_msgs/turtlebot3_msgs/msg/rosidl_typesupport_fastrtps_cpp__visibility_control.h
[60.044s] -- Installing: /home/patrick/ENAE450_tb_ws/install/turtlebot3_msgs/lib/libturtlebot3_msgs__rosidl_typesupport_fastrtps_cpp.so
[60.044s] -- Set runtime path of "/home/patrick/ENAE450_tb_ws/install/turtlebot3_msgs/lib/libturtlebot3_msgs__rosidl_typesupport_fastrtps_cpp.so" to ""
[60.044s] -- Up-to-date: /home/patrick/ENAE450_tb_ws/install/turtlebot3_msgs/include/turtlebot3_msgs/turtlebot3_msgs
[60.044s] -- Up-to-date: /home/patrick/ENAE450_tb_ws/install/turtlebot3_msgs/include/turtlebot3_msgs/turtlebot3_msgs/srv
[60.044s] -- Up-to-date: /home/patrick/ENAE450_tb_ws/install/turtlebot3_msgs/include/turtlebot3_msgs/turtlebot3_msgs/srv/detail
[60.044s] -- Installing: /home/patrick/ENAE450_tb_ws/install/turtlebot3_msgs/include/turtlebot3_msgs/turtlebot3_msgs/srv/detail/sound__rosidl_typesupport_introspection_c.h
[60.044s] -- Installing: /home/patrick/ENAE450_tb_ws/install/turtlebot3_msgs/include/turtlebot3_msgs/turtlebot3_msgs/srv/detail/sound__type_support.c
[60.044s] -- Installing: /home/patrick/ENAE450_tb_ws/install/turtlebot3_msgs/include/turtlebot3_msgs/turtlebot3_msgs/srv/detail/dqn__type_support.c
[60.044s] -- Installing: /home/patrick/ENAE450_tb_ws/install/turtlebot3_msgs/include/turtlebot3_msgs/turtlebot3_msgs/srv/detail/dqn__rosidl_typesupport_introspection_c.h
[60.044s] -- Up-to-date: /home/patrick/ENAE450_tb_ws/install/turtlebot3_msgs/include/turtlebot3_msgs/turtlebot3_msgs/action
[60.045s] -- Up-to-date: /home/patrick/ENAE450_tb_ws/install/turtlebot3_msgs/include/turtlebot3_msgs/turtlebot3_msgs/action/detail
[60.045s] -- Installing: /home/patrick/ENAE450_tb_ws/install/turtlebot3_msgs/include/turtlebot3_msgs/turtlebot3_msgs/action/detail/patrol__rosidl_typesupport_introspection_c.h
[60.045s] -- Installing: /home/patrick/ENAE450_tb_ws/install/turtlebot3_msgs/include/turtlebot3_msgs/turtlebot3_msgs/action/detail/patrol__type_support.c
[60.045s] -- Up-to-date: /home/patrick/ENAE450_tb_ws/install/turtlebot3_msgs/include/turtlebot3_msgs/turtlebot3_msgs/msg
[60.045s] -- Up-to-date: /home/patrick/ENAE450_tb_ws/install/turtlebot3_msgs/include/turtlebot3_msgs/turtlebot3_msgs/msg/detail
[60.046s] -- Installing: /home/patrick/ENAE450_tb_ws/install/turtlebot3_msgs/include/turtlebot3_msgs/turtlebot3_msgs/msg/detail/sound__rosidl_typesupport_introspection_c.h
[60.046s] -- Installing: /home/patrick/ENAE450_tb_ws/install/turtlebot3_msgs/include/turtlebot3_msgs/turtlebot3_msgs/msg/detail/sound__type_support.c
[60.046s] -- Installing: /home/patrick/ENAE450_tb_ws/install/turtlebot3_msgs/include/turtlebot3_msgs/turtlebot3_msgs/msg/detail/sensor_state__type_support.c
[60.046s] -- Installing: /home/patrick/ENAE450_tb_ws/install/turtlebot3_msgs/include/turtlebot3_msgs/turtlebot3_msgs/msg/detail/sensor_state__rosidl_typesupport_introspection_c.h
[60.046s] -- Installing: /home/patrick/ENAE450_tb_ws/install/turtlebot3_msgs/include/turtlebot3_msgs/turtlebot3_msgs/msg/detail/version_info__type_support.c
[60.046s] -- Installing: /home/patrick/ENAE450_tb_ws/install/turtlebot3_msgs/include/turtlebot3_msgs/turtlebot3_msgs/msg/detail/version_info__rosidl_typesupport_introspection_c.h
[60.046s] -- Installing: /home/patrick/ENAE450_tb_ws/install/turtlebot3_msgs/include/turtlebot3_msgs/turtlebot3_msgs/msg/rosidl_typesupport_introspection_c__visibility_control.h
[60.047s] -- Installing: /home/patrick/ENAE450_tb_ws/install/turtlebot3_msgs/lib/libturtlebot3_msgs__rosidl_typesupport_introspection_c.so
[60.047s] -- Set runtime path of "/home/patrick/ENAE450_tb_ws/install/turtlebot3_msgs/lib/libturtlebot3_msgs__rosidl_typesupport_introspection_c.so" to ""
[60.047s] -- Installing: /home/patrick/ENAE450_tb_ws/install/turtlebot3_msgs/lib/libturtlebot3_msgs__rosidl_typesupport_c.so
[60.047s] -- Set runtime path of "/home/patrick/ENAE450_tb_ws/install/turtlebot3_msgs/lib/libturtlebot3_msgs__rosidl_typesupport_c.so" to ""
[60.047s] -- Up-to-date: /home/patrick/ENAE450_tb_ws/install/turtlebot3_msgs/include/turtlebot3_msgs/turtlebot3_msgs
[60.047s] -- Up-to-date: /home/patrick/ENAE450_tb_ws/install/turtlebot3_msgs/include/turtlebot3_msgs/turtlebot3_msgs/srv
[60.047s] -- Up-to-date: /home/patrick/ENAE450_tb_ws/install/turtlebot3_msgs/include/turtlebot3_msgs/turtlebot3_msgs/srv/detail
[60.047s] -- Installing: /home/patrick/ENAE450_tb_ws/install/turtlebot3_msgs/include/turtlebot3_msgs/turtlebot3_msgs/srv/detail/sound__type_support.cpp
[60.047s] -- Installing: /home/patrick/ENAE450_tb_ws/install/turtlebot3_msgs/include/turtlebot3_msgs/turtlebot3_msgs/srv/detail/dqn__rosidl_typesupport_introspection_cpp.hpp
[60.047s] -- Installing: /home/patrick/ENAE450_tb_ws/install/turtlebot3_msgs/include/turtlebot3_msgs/turtlebot3_msgs/srv/detail/sound__rosidl_typesupport_introspection_cpp.hpp
[60.047s] -- Installing: /home/patrick/ENAE450_tb_ws/install/turtlebot3_msgs/include/turtlebot3_msgs/turtlebot3_msgs/srv/detail/dqn__type_support.cpp
[60.047s] -- Up-to-date: /home/patrick/ENAE450_tb_ws/install/turtlebot3_msgs/include/turtlebot3_msgs/turtlebot3_msgs/action
[60.047s] -- Up-to-date: /home/patrick/ENAE450_tb_ws/install/turtlebot3_msgs/include/turtlebot3_msgs/turtlebot3_msgs/action/detail
[60.048s] -- Installing: /home/patrick/ENAE450_tb_ws/install/turtlebot3_msgs/include/turtlebot3_msgs/turtlebot3_msgs/action/detail/patrol__rosidl_typesupport_introspection_cpp.hpp
[60.048s] -- Installing: /home/patrick/ENAE450_tb_ws/install/turtlebot3_msgs/include/turtlebot3_msgs/turtlebot3_msgs/action/detail/patrol__type_support.cpp
[60.048s] -- Up-to-date: /home/patrick/ENAE450_tb_ws/install/turtlebot3_msgs/include/turtlebot3_msgs/turtlebot3_msgs/msg
[60.049s] -- Up-to-date: /home/patrick/ENAE450_tb_ws/install/turtlebot3_msgs/include/turtlebot3_msgs/turtlebot3_msgs/msg/detail
[60.049s] -- Installing: /home/patrick/ENAE450_tb_ws/install/turtlebot3_msgs/include/turtlebot3_msgs/turtlebot3_msgs/msg/detail/sound__type_support.cpp
[60.049s] -- Installing: /home/patrick/ENAE450_tb_ws/install/turtlebot3_msgs/include/turtlebot3_msgs/turtlebot3_msgs/msg/detail/sensor_state__type_support.cpp
[60.049s] -- Installing: /home/patrick/ENAE450_tb_ws/install/turtlebot3_msgs/include/turtlebot3_msgs/turtlebot3_msgs/msg/detail/sound__rosidl_typesupport_introspection_cpp.hpp
[60.049s] -- Installing: /home/patrick/ENAE450_tb_ws/install/turtlebot3_msgs/include/turtlebot3_msgs/turtlebot3_msgs/msg/detail/version_info__type_support.cpp
[60.049s] -- Installing: /home/patrick/ENAE450_tb_ws/install/turtlebot3_msgs/include/turtlebot3_msgs/turtlebot3_msgs/msg/detail/sensor_state__rosidl_typesupport_introspection_cpp.hpp
[60.049s] -- Installing: /home/patrick/ENAE450_tb_ws/install/turtlebot3_msgs/include/turtlebot3_msgs/turtlebot3_msgs/msg/detail/version_info__rosidl_typesupport_introspection_cpp.hpp
[60.049s] -- Installing: /home/patrick/ENAE450_tb_ws/install/turtlebot3_msgs/lib/libturtlebot3_msgs__rosidl_typesupport_introspection_cpp.so
[60.049s] -- Set runtime path of "/home/patrick/ENAE450_tb_ws/install/turtlebot3_msgs/lib/libturtlebot3_msgs__rosidl_typesupport_introspection_cpp.so" to ""
[60.050s] -- Installing: /home/patrick/ENAE450_tb_ws/install/turtlebot3_msgs/lib/libturtlebot3_msgs__rosidl_typesupport_cpp.so
[60.050s] -- Set runtime path of "/home/patrick/ENAE450_tb_ws/install/turtlebot3_msgs/lib/libturtlebot3_msgs__rosidl_typesupport_cpp.so" to ""
[60.050s] -- Installing: /home/patrick/ENAE450_tb_ws/install/turtlebot3_msgs/share/turtlebot3_msgs/environment/pythonpath.sh
[60.050s] -- Installing: /home/patrick/ENAE450_tb_ws/install/turtlebot3_msgs/share/turtlebot3_msgs/environment/pythonpath.dsv
[60.050s] -- Installing: /home/patrick/ENAE450_tb_ws/install/turtlebot3_msgs/local/lib/python3.10/dist-packages/turtlebot3_msgs-2.3.0-py3.10.egg-info
[60.050s] -- Installing: /home/patrick/ENAE450_tb_ws/install/turtlebot3_msgs/local/lib/python3.10/dist-packages/turtlebot3_msgs-2.3.0-py3.10.egg-info/PKG-INFO
[60.050s] -- Installing: /home/patrick/ENAE450_tb_ws/install/turtlebot3_msgs/local/lib/python3.10/dist-packages/turtlebot3_msgs-2.3.0-py3.10.egg-info/top_level.txt
[60.109s] -- Installing: /home/patrick/ENAE450_tb_ws/install/turtlebot3_msgs/local/lib/python3.10/dist-packages/turtlebot3_msgs-2.3.0-py3.10.egg-info/dependency_links.txt
[60.170s] -- Installing: /home/patrick/ENAE450_tb_ws/install/turtlebot3_msgs/local/lib/python3.10/dist-packages/turtlebot3_msgs-2.3.0-py3.10.egg-info/SOURCES.txt
[60.170s] -- Installing: /home/patrick/ENAE450_tb_ws/install/turtlebot3_msgs/local/lib/python3.10/dist-packages/turtlebot3_msgs
[60.170s] -- Installing: /home/patrick/ENAE450_tb_ws/install/turtlebot3_msgs/local/lib/python3.10/dist-packages/turtlebot3_msgs/turtlebot3_msgs_s__rosidl_typesupport_fastrtps_c.cpython-310-x86_64-linux-gnu.so
[60.171s] -- Installing: /home/patrick/ENAE450_tb_ws/install/turtlebot3_msgs/local/lib/python3.10/dist-packages/turtlebot3_msgs/turtlebot3_msgs_s__rosidl_typesupport_introspection_c.cpython-310-x86_64-linux-gnu.so
[60.171s] -- Installing: /home/patrick/ENAE450_tb_ws/install/turtlebot3_msgs/local/lib/python3.10/dist-packages/turtlebot3_msgs/srv
[60.171s] -- Installing: /home/patrick/ENAE450_tb_ws/install/turtlebot3_msgs/local/lib/python3.10/dist-packages/turtlebot3_msgs/srv/_dqn_s.c
[60.171s] -- Installing: /home/patrick/ENAE450_tb_ws/install/turtlebot3_msgs/local/lib/python3.10/dist-packages/turtlebot3_msgs/srv/__init__.py
[60.172s] -- Installing: /home/patrick/ENAE450_tb_ws/install/turtlebot3_msgs/local/lib/python3.10/dist-packages/turtlebot3_msgs/srv/_sound_s.c
[60.172s] -- Installing: /home/patrick/ENAE450_tb_ws/install/turtlebot3_msgs/local/lib/python3.10/dist-packages/turtlebot3_msgs/srv/_sound.py
[60.172s] -- Installing: /home/patrick/ENAE450_tb_ws/install/turtlebot3_msgs/local/lib/python3.10/dist-packages/turtlebot3_msgs/srv/_dqn.py
[60.172s] -- Installing: /home/patrick/ENAE450_tb_ws/install/turtlebot3_msgs/local/lib/python3.10/dist-packages/turtlebot3_msgs/__init__.py
[60.172s] -- Installing: /home/patrick/ENAE450_tb_ws/install/turtlebot3_msgs/local/lib/python3.10/dist-packages/turtlebot3_msgs/turtlebot3_msgs_s__rosidl_typesupport_c.cpython-310-x86_64-linux-gnu.so
[60.172s] -- Installing: /home/patrick/ENAE450_tb_ws/install/turtlebot3_msgs/local/lib/python3.10/dist-packages/turtlebot3_msgs/_turtlebot3_msgs_s.ep.rosidl_typesupport_fastrtps_c.c
[60.172s] -- Installing: /home/patrick/ENAE450_tb_ws/install/turtlebot3_msgs/local/lib/python3.10/dist-packages/turtlebot3_msgs/_turtlebot3_msgs_s.ep.rosidl_typesupport_c.c
[60.172s] -- Installing: /home/patrick/ENAE450_tb_ws/install/turtlebot3_msgs/local/lib/python3.10/dist-packages/turtlebot3_msgs/_turtlebot3_msgs_s.ep.rosidl_typesupport_introspection_c.c
[60.172s] -- Installing: /home/patrick/ENAE450_tb_ws/install/turtlebot3_msgs/local/lib/python3.10/dist-packages/turtlebot3_msgs/libturtlebot3_msgs__rosidl_generator_py.so
[60.172s] -- Installing: /home/patrick/ENAE450_tb_ws/install/turtlebot3_msgs/local/lib/python3.10/dist-packages/turtlebot3_msgs/action
[60.173s] -- Installing: /home/patrick/ENAE450_tb_ws/install/turtlebot3_msgs/local/lib/python3.10/dist-packages/turtlebot3_msgs/action/__init__.py
[60.173s] -- Installing: /home/patrick/ENAE450_tb_ws/install/turtlebot3_msgs/local/lib/python3.10/dist-packages/turtlebot3_msgs/action/_patrol_s.c
[60.173s] -- Installing: /home/patrick/ENAE450_tb_ws/install/turtlebot3_msgs/local/lib/python3.10/dist-packages/turtlebot3_msgs/action/_patrol.py
[60.173s] -- Installing: /home/patrick/ENAE450_tb_ws/install/turtlebot3_msgs/local/lib/python3.10/dist-packages/turtlebot3_msgs/msg
[60.173s] -- Installing: /home/patrick/ENAE450_tb_ws/install/turtlebot3_msgs/local/lib/python3.10/dist-packages/turtlebot3_msgs/msg/_sensor_state_s.c
[60.174s] -- Installing: /home/patrick/ENAE450_tb_ws/install/turtlebot3_msgs/local/lib/python3.10/dist-packages/turtlebot3_msgs/msg/__init__.py
[60.174s] -- Installing: /home/patrick/ENAE450_tb_ws/install/turtlebot3_msgs/local/lib/python3.10/dist-packages/turtlebot3_msgs/msg/_sound_s.c
[60.174s] -- Installing: /home/patrick/ENAE450_tb_ws/install/turtlebot3_msgs/local/lib/python3.10/dist-packages/turtlebot3_msgs/msg/_sensor_state.py
[60.174s] -- Installing: /home/patrick/ENAE450_tb_ws/install/turtlebot3_msgs/local/lib/python3.10/dist-packages/turtlebot3_msgs/msg/_version_info.py
[60.174s] -- Installing: /home/patrick/ENAE450_tb_ws/install/turtlebot3_msgs/local/lib/python3.10/dist-packages/turtlebot3_msgs/msg/_version_info_s.c
[60.175s] -- Installing: /home/patrick/ENAE450_tb_ws/install/turtlebot3_msgs/local/lib/python3.10/dist-packages/turtlebot3_msgs/msg/_sound.py
[60.358s] Listing '/home/patrick/ENAE450_tb_ws/install/turtlebot3_msgs/local/lib/python3.10/dist-packages/turtlebot3_msgs'...
[60.359s] Compiling '/home/patrick/ENAE450_tb_ws/install/turtlebot3_msgs/local/lib/python3.10/dist-packages/turtlebot3_msgs/__init__.py'...
[60.359s] Listing '/home/patrick/ENAE450_tb_ws/install/turtlebot3_msgs/local/lib/python3.10/dist-packages/turtlebot3_msgs/action'...
[60.359s] Compiling '/home/patrick/ENAE450_tb_ws/install/turtlebot3_msgs/local/lib/python3.10/dist-packages/turtlebot3_msgs/action/__init__.py'...
[60.359s] Compiling '/home/patrick/ENAE450_tb_ws/install/turtlebot3_msgs/local/lib/python3.10/dist-packages/turtlebot3_msgs/action/_patrol.py'...
[60.360s] Listing '/home/patrick/ENAE450_tb_ws/install/turtlebot3_msgs/local/lib/python3.10/dist-packages/turtlebot3_msgs/msg'...
[60.360s] Compiling '/home/patrick/ENAE450_tb_ws/install/turtlebot3_msgs/local/lib/python3.10/dist-packages/turtlebot3_msgs/msg/__init__.py'...
[60.360s] Compiling '/home/patrick/ENAE450_tb_ws/install/turtlebot3_msgs/local/lib/python3.10/dist-packages/turtlebot3_msgs/msg/_sensor_state.py'...
[60.360s] Compiling '/home/patrick/ENAE450_tb_ws/install/turtlebot3_msgs/local/lib/python3.10/dist-packages/turtlebot3_msgs/msg/_sound.py'...
[60.360s] Compiling '/home/patrick/ENAE450_tb_ws/install/turtlebot3_msgs/local/lib/python3.10/dist-packages/turtlebot3_msgs/msg/_version_info.py'...
[60.360s] Listing '/home/patrick/ENAE450_tb_ws/install/turtlebot3_msgs/local/lib/python3.10/dist-packages/turtlebot3_msgs/srv'...
[60.360s] Compiling '/home/patrick/ENAE450_tb_ws/install/turtlebot3_msgs/local/lib/python3.10/dist-packages/turtlebot3_msgs/srv/__init__.py'...
[60.360s] Compiling '/home/patrick/ENAE450_tb_ws/install/turtlebot3_msgs/local/lib/python3.10/dist-packages/turtlebot3_msgs/srv/_dqn.py'...
[60.360s] Compiling '/home/patrick/ENAE450_tb_ws/install/turtlebot3_msgs/local/lib/python3.10/dist-packages/turtlebot3_msgs/srv/_sound.py'...
[60.387s] -- Installing: /home/patrick/ENAE450_tb_ws/install/turtlebot3_msgs/local/lib/python3.10/dist-packages/turtlebot3_msgs/turtlebot3_msgs_s__rosidl_typesupport_fastrtps_c.cpython-310-x86_64-linux-gnu.so
[60.389s] -- Set runtime path of "/home/patrick/ENAE450_tb_ws/install/turtlebot3_msgs/local/lib/python3.10/dist-packages/turtlebot3_msgs/turtlebot3_msgs_s__rosidl_typesupport_fastrtps_c.cpython-310-x86_64-linux-gnu.so" to ""
[60.400s] -- Installing: /home/patrick/ENAE450_tb_ws/install/turtlebot3_msgs/local/lib/python3.10/dist-packages/turtlebot3_msgs/turtlebot3_msgs_s__rosidl_typesupport_introspection_c.cpython-310-x86_64-linux-gnu.so
[60.402s] -- Set runtime path of "/home/patrick/ENAE450_tb_ws/install/turtlebot3_msgs/local/lib/python3.10/dist-packages/turtlebot3_msgs/turtlebot3_msgs_s__rosidl_typesupport_introspection_c.cpython-310-x86_64-linux-gnu.so" to ""
[60.413s] -- Installing: /home/patrick/ENAE450_tb_ws/install/turtlebot3_msgs/local/lib/python3.10/dist-packages/turtlebot3_msgs/turtlebot3_msgs_s__rosidl_typesupport_c.cpython-310-x86_64-linux-gnu.so
[60.438s] -- Set runtime path of "/home/patrick/ENAE450_tb_ws/install/turtlebot3_msgs/local/lib/python3.10/dist-packages/turtlebot3_msgs/turtlebot3_msgs_s__rosidl_typesupport_c.cpython-310-x86_64-linux-gnu.so" to ""
[60.439s] -- Installing: /home/patrick/ENAE450_tb_ws/install/turtlebot3_msgs/lib/libturtlebot3_msgs__rosidl_generator_py.so
[60.439s] -- Set runtime path of "/home/patrick/ENAE450_tb_ws/install/turtlebot3_msgs/lib/libturtlebot3_msgs__rosidl_generator_py.so" to ""
[60.439s] -- Installing: /home/patrick/ENAE450_tb_ws/install/turtlebot3_msgs/share/turtlebot3_msgs/msg/SensorState.idl
[60.439s] -- Installing: /home/patrick/ENAE450_tb_ws/install/turtlebot3_msgs/share/turtlebot3_msgs/msg/Sound.idl
[60.439s] -- Installing: /home/patrick/ENAE450_tb_ws/install/turtlebot3_msgs/share/turtlebot3_msgs/msg/VersionInfo.idl
[60.439s] -- Installing: /home/patrick/ENAE450_tb_ws/install/turtlebot3_msgs/share/turtlebot3_msgs/srv/Sound.idl
[60.439s] -- Installing: /home/patrick/ENAE450_tb_ws/install/turtlebot3_msgs/share/turtlebot3_msgs/srv/Dqn.idl
[60.439s] -- Installing: /home/patrick/ENAE450_tb_ws/install/turtlebot3_msgs/share/turtlebot3_msgs/action/Patrol.idl
[60.439s] -- Installing: /home/patrick/ENAE450_tb_ws/install/turtlebot3_msgs/share/turtlebot3_msgs/msg/SensorState.msg
[60.439s] -- Installing: /home/patrick/ENAE450_tb_ws/install/turtlebot3_msgs/share/turtlebot3_msgs/msg/Sound.msg
[60.439s] -- Installing: /home/patrick/ENAE450_tb_ws/install/turtlebot3_msgs/share/turtlebot3_msgs/msg/VersionInfo.msg
[60.439s] -- Installing: /home/patrick/ENAE450_tb_ws/install/turtlebot3_msgs/share/turtlebot3_msgs/srv/Sound.srv
[60.439s] -- Installing: /home/patrick/ENAE450_tb_ws/install/turtlebot3_msgs/share/turtlebot3_msgs/srv/Sound_Request.msg
[60.440s] -- Installing: /home/patrick/ENAE450_tb_ws/install/turtlebot3_msgs/share/turtlebot3_msgs/srv/Sound_Response.msg
[60.440s] -- Installing: /home/patrick/ENAE450_tb_ws/install/turtlebot3_msgs/share/turtlebot3_msgs/srv/Dqn.srv
[60.440s] -- Installing: /home/patrick/ENAE450_tb_ws/install/turtlebot3_msgs/share/turtlebot3_msgs/srv/Dqn_Request.msg
[60.440s] -- Installing: /home/patrick/ENAE450_tb_ws/install/turtlebot3_msgs/share/turtlebot3_msgs/srv/Dqn_Response.msg
[60.440s] -- Installing: /home/patrick/ENAE450_tb_ws/install/turtlebot3_msgs/share/turtlebot3_msgs/action/Patrol.action
[60.440s] -- Installing: /home/patrick/ENAE450_tb_ws/install/turtlebot3_msgs/share/ament_index/resource_index/package_run_dependencies/turtlebot3_msgs
[60.440s] -- Installing: /home/patrick/ENAE450_tb_ws/install/turtlebot3_msgs/share/ament_index/resource_index/parent_prefix_path/turtlebot3_msgs
[60.440s] -- Installing: /home/patrick/ENAE450_tb_ws/install/turtlebot3_msgs/share/turtlebot3_msgs/environment/ament_prefix_path.sh
[60.440s] -- Installing: /home/patrick/ENAE450_tb_ws/install/turtlebot3_msgs/share/turtlebot3_msgs/environment/ament_prefix_path.dsv
[60.440s] -- Installing: /home/patrick/ENAE450_tb_ws/install/turtlebot3_msgs/share/turtlebot3_msgs/environment/path.sh
[60.440s] -- Installing: /home/patrick/ENAE450_tb_ws/install/turtlebot3_msgs/share/turtlebot3_msgs/environment/path.dsv
[60.441s] -- Installing: /home/patrick/ENAE450_tb_ws/install/turtlebot3_msgs/share/turtlebot3_msgs/local_setup.bash
[60.441s] -- Installing: /home/patrick/ENAE450_tb_ws/install/turtlebot3_msgs/share/turtlebot3_msgs/local_setup.sh
[60.441s] -- Installing: /home/patrick/ENAE450_tb_ws/install/turtlebot3_msgs/share/turtlebot3_msgs/local_setup.zsh
[60.441s] -- Installing: /home/patrick/ENAE450_tb_ws/install/turtlebot3_msgs/share/turtlebot3_msgs/local_setup.dsv
[60.441s] -- Installing: /home/patrick/ENAE450_tb_ws/install/turtlebot3_msgs/share/turtlebot3_msgs/package.dsv
[60.441s] -- Installing: /home/patrick/ENAE450_tb_ws/install/turtlebot3_msgs/share/ament_index/resource_index/packages/turtlebot3_msgs
[60.441s] -- Installing: /home/patrick/ENAE450_tb_ws/install/turtlebot3_msgs/share/turtlebot3_msgs/cmake/export_turtlebot3_msgs__rosidl_generator_cExport.cmake
[60.441s] -- Installing: /home/patrick/ENAE450_tb_ws/install/turtlebot3_msgs/share/turtlebot3_msgs/cmake/export_turtlebot3_msgs__rosidl_generator_cExport-noconfig.cmake
[60.441s] -- Installing: /home/patrick/ENAE450_tb_ws/install/turtlebot3_msgs/share/turtlebot3_msgs/cmake/export_turtlebot3_msgs__rosidl_typesupport_fastrtps_cExport.cmake
[60.446s] -- Installing: /home/patrick/ENAE450_tb_ws/install/turtlebot3_msgs/share/turtlebot3_msgs/cmake/export_turtlebot3_msgs__rosidl_typesupport_fastrtps_cExport-noconfig.cmake
[60.446s] -- Installing: /home/patrick/ENAE450_tb_ws/install/turtlebot3_msgs/share/turtlebot3_msgs/cmake/export_turtlebot3_msgs__rosidl_generator_cppExport.cmake
[60.446s] -- Installing: /home/patrick/ENAE450_tb_ws/install/turtlebot3_msgs/share/turtlebot3_msgs/cmake/export_turtlebot3_msgs__rosidl_typesupport_fastrtps_cppExport.cmake
[60.446s] -- Installing: /home/patrick/ENAE450_tb_ws/install/turtlebot3_msgs/share/turtlebot3_msgs/cmake/export_turtlebot3_msgs__rosidl_typesupport_fastrtps_cppExport-noconfig.cmake
[60.447s] -- Installing: /home/patrick/ENAE450_tb_ws/install/turtlebot3_msgs/share/turtlebot3_msgs/cmake/turtlebot3_msgs__rosidl_typesupport_introspection_cExport.cmake
[60.447s] -- Installing: /home/patrick/ENAE450_tb_ws/install/turtlebot3_msgs/share/turtlebot3_msgs/cmake/turtlebot3_msgs__rosidl_typesupport_introspection_cExport-noconfig.cmake
[60.447s] -- Installing: /home/patrick/ENAE450_tb_ws/install/turtlebot3_msgs/share/turtlebot3_msgs/cmake/turtlebot3_msgs__rosidl_typesupport_cExport.cmake
[60.447s] -- Installing: /home/patrick/ENAE450_tb_ws/install/turtlebot3_msgs/share/turtlebot3_msgs/cmake/turtlebot3_msgs__rosidl_typesupport_cExport-noconfig.cmake
[60.447s] -- Installing: /home/patrick/ENAE450_tb_ws/install/turtlebot3_msgs/share/turtlebot3_msgs/cmake/turtlebot3_msgs__rosidl_typesupport_introspection_cppExport.cmake
[60.447s] -- Installing: /home/patrick/ENAE450_tb_ws/install/turtlebot3_msgs/share/turtlebot3_msgs/cmake/turtlebot3_msgs__rosidl_typesupport_introspection_cppExport-noconfig.cmake
[60.447s] -- Installing: /home/patrick/ENAE450_tb_ws/install/turtlebot3_msgs/share/turtlebot3_msgs/cmake/turtlebot3_msgs__rosidl_typesupport_cppExport.cmake
[60.447s] -- Installing: /home/patrick/ENAE450_tb_ws/install/turtlebot3_msgs/share/turtlebot3_msgs/cmake/turtlebot3_msgs__rosidl_typesupport_cppExport-noconfig.cmake
[60.447s] -- Installing: /home/patrick/ENAE450_tb_ws/install/turtlebot3_msgs/share/turtlebot3_msgs/cmake/export_turtlebot3_msgs__rosidl_generator_pyExport.cmake
[60.447s] -- Installing: /home/patrick/ENAE450_tb_ws/install/turtlebot3_msgs/share/turtlebot3_msgs/cmake/export_turtlebot3_msgs__rosidl_generator_pyExport-noconfig.cmake
[60.447s] -- Installing: /home/patrick/ENAE450_tb_ws/install/turtlebot3_msgs/share/turtlebot3_msgs/cmake/rosidl_cmake-extras.cmake
[60.447s] -- Installing: /home/patrick/ENAE450_tb_ws/install/turtlebot3_msgs/share/turtlebot3_msgs/cmake/ament_cmake_export_dependencies-extras.cmake
[60.448s] -- Installing: /home/patrick/ENAE450_tb_ws/install/turtlebot3_msgs/share/turtlebot3_msgs/cmake/ament_cmake_export_include_directories-extras.cmake
[60.448s] -- Installing: /home/patrick/ENAE450_tb_ws/install/turtlebot3_msgs/share/turtlebot3_msgs/cmake/ament_cmake_export_libraries-extras.cmake
[60.448s] -- Installing: /home/patrick/ENAE450_tb_ws/install/turtlebot3_msgs/share/turtlebot3_msgs/cmake/ament_cmake_export_targets-extras.cmake
[60.448s] -- Installing: /home/patrick/ENAE450_tb_ws/install/turtlebot3_msgs/share/turtlebot3_msgs/cmake/rosidl_cmake_export_typesupport_targets-extras.cmake
[60.448s] -- Installing: /home/patrick/ENAE450_tb_ws/install/turtlebot3_msgs/share/turtlebot3_msgs/cmake/rosidl_cmake_export_typesupport_libraries-extras.cmake
[60.448s] -- Installing: /home/patrick/ENAE450_tb_ws/install/turtlebot3_msgs/share/turtlebot3_msgs/cmake/turtlebot3_msgsConfig.cmake
[60.448s] -- Installing: /home/patrick/ENAE450_tb_ws/install/turtlebot3_msgs/share/turtlebot3_msgs/cmake/turtlebot3_msgsConfig-version.cmake
[60.448s] -- Installing: /home/patrick/ENAE450_tb_ws/install/turtlebot3_msgs/share/turtlebot3_msgs/package.xml
[60.474s] Invoked command in '/home/patrick/ENAE450_tb_ws/build/turtlebot3_msgs' returned '0': CMAKE_PREFIX_PATH=${CMAKE_PREFIX_PATH}:/home/patrick/turtlebot3_ws/install/turtlebot3_teleop:/home/patrick/turtlebot3_ws/install/turtlebot3_example:/home/patrick/turtlebot3_ws/install/turtlebot3_controller:/opt/ros/humble /usr/bin/cmake --install /home/patrick/ENAE450_tb_ws/build/turtlebot3_msgs
