[0.025s] Invoking command in '/home/mikolaj/ENAE450_tb_ws/build/turtlebot3_fake_node': AMENT_PREFIX_PATH=/home/mikolaj/ENAE450_tb_ws/install/turtlebot3_msgs:${AMENT_PREFIX_PATH} CMAKE_PREFIX_PATH=/home/mikolaj/ENAE450_tb_ws/install/turtlebot3_msgs:/opt/ros/humble LD_LIBRARY_PATH=/home/mikolaj/ENAE450_tb_ws/install/turtlebot3_msgs/lib:/usr/lib/x86_64-linux-gnu/gazebo-11/plugins:/opt/ros/humble/opt/rviz_ogre_vendor/lib:/opt/ros/humble/lib/x86_64-linux-gnu:/opt/ros/humble/lib:/usr/lib/x86_64-linux-gnu/gazebo-11/plugins PYTHONPATH=/home/mikolaj/ENAE450_tb_ws/install/turtlebot3_msgs/local/lib/python3.10/dist-packages:${PYTHONPATH} /usr/bin/cmake /home/mikolaj/ENAE450_tb_ws/src/turtlebot3_simulations/turtlebot3_fake_node -DCMAKE_INSTALL_PREFIX=/home/mikolaj/ENAE450_tb_ws/install/turtlebot3_fake_node
[0.145s] -- The C compiler identification is GNU 11.4.0
[0.222s] -- The CXX compiler identification is GNU 11.4.0
[0.242s] -- Detecting C compiler ABI info
[0.365s] -- Detecting C compiler ABI info - done
[0.378s] -- Check for working C compiler: /usr/bin/cc - skipped
[0.379s] -- Detecting C compile features
[0.381s] -- Detecting C compile features - done
[0.387s] -- Detecting CXX compiler ABI info
[0.630s] -- Detecting CXX compiler ABI info - done
[0.642s] -- Check for working CXX compiler: /usr/bin/c++ - skipped
[0.643s] -- Detecting CXX compile features
[0.644s] -- Detecting CXX compile features - done
[0.653s] -- Found ament_cmake: 1.3.11 (/opt/ros/humble/share/ament_cmake/cmake)
[0.863s] -- Found Python3: /usr/bin/python3 (found version "3.10.12") found components: Interpreter 
[0.976s] -- Found geometry_msgs: 4.2.4 (/opt/ros/humble/share/geometry_msgs/cmake)
[1.028s] -- Found rosidl_generator_c: 3.1.6 (/opt/ros/humble/share/rosidl_generator_c/cmake)
[1.033s] -- Found rosidl_adapter: 3.1.6 (/opt/ros/humble/share/rosidl_adapter/cmake)
[1.055s] -- Found rosidl_generator_cpp: 3.1.6 (/opt/ros/humble/share/rosidl_generator_cpp/cmake)
[1.072s] -- Using all available rosidl_typesupport_c: rosidl_typesupport_fastrtps_c;rosidl_typesupport_introspection_c
[1.099s] -- Using all available rosidl_typesupport_cpp: rosidl_typesupport_fastrtps_cpp;rosidl_typesupport_introspection_cpp
[1.156s] -- Found nav_msgs: 4.2.4 (/opt/ros/humble/share/nav_msgs/cmake)
[1.185s] -- Found rclcpp: 16.0.11 (/opt/ros/humble/share/rclcpp/cmake)
[1.233s] -- Found rmw_implementation_cmake: 6.1.2 (/opt/ros/humble/share/rmw_implementation_cmake/cmake)
[1.240s] -- Found rmw_fastrtps_cpp: 6.2.7 (/opt/ros/humble/share/rmw_fastrtps_cpp/cmake)
[1.354s] -- Found OpenSSL: /usr/lib/x86_64-linux-gnu/libcrypto.so (found version "3.0.2")  
[1.389s] -- Found FastRTPS: /opt/ros/humble/include  
[1.443s] -- Using RMW implementation 'rmw_fastrtps_cpp' as default
[1.456s] -- Looking for pthread.h
[1.577s] -- Looking for pthread.h - found
[1.579s] -- Performing Test CMAKE_HAVE_LIBC_PTHREAD
[1.701s] -- Performing Test CMAKE_HAVE_LIBC_PTHREAD - Success
[1.702s] -- Found Threads: TRUE  
[1.754s] -- Found sensor_msgs: 4.2.4 (/opt/ros/humble/share/sensor_msgs/cmake)
[1.780s] -- Found tf2: 0.25.11 (/opt/ros/humble/share/tf2/cmake)
[1.792s] -- Found tf2_msgs: 0.25.11 (/opt/ros/humble/share/tf2_msgs/cmake)
[1.855s] -- Found turtlebot3_msgs: 2.3.0 (/home/mikolaj/ENAE450_tb_ws/install/turtlebot3_msgs/share/turtlebot3_msgs/cmake)
[1.975s] -- Configuring done
[2.007s] -- Generating done
[2.016s] -- Build files have been written to: /home/mikolaj/ENAE450_tb_ws/build/turtlebot3_fake_node
[2.028s] Invoked command in '/home/mikolaj/ENAE450_tb_ws/build/turtlebot3_fake_node' returned '0': AMENT_PREFIX_PATH=/home/mikolaj/ENAE450_tb_ws/install/turtlebot3_msgs:${AMENT_PREFIX_PATH} CMAKE_PREFIX_PATH=/home/mikolaj/ENAE450_tb_ws/install/turtlebot3_msgs:/opt/ros/humble LD_LIBRARY_PATH=/home/mikolaj/ENAE450_tb_ws/install/turtlebot3_msgs/lib:/usr/lib/x86_64-linux-gnu/gazebo-11/plugins:/opt/ros/humble/opt/rviz_ogre_vendor/lib:/opt/ros/humble/lib/x86_64-linux-gnu:/opt/ros/humble/lib:/usr/lib/x86_64-linux-gnu/gazebo-11/plugins PYTHONPATH=/home/mikolaj/ENAE450_tb_ws/install/turtlebot3_msgs/local/lib/python3.10/dist-packages:${PYTHONPATH} /usr/bin/cmake /home/mikolaj/ENAE450_tb_ws/src/turtlebot3_simulations/turtlebot3_fake_node -DCMAKE_INSTALL_PREFIX=/home/mikolaj/ENAE450_tb_ws/install/turtlebot3_fake_node
[2.033s] Invoking command in '/home/mikolaj/ENAE450_tb_ws/build/turtlebot3_fake_node': AMENT_PREFIX_PATH=/home/mikolaj/ENAE450_tb_ws/install/turtlebot3_msgs:${AMENT_PREFIX_PATH} CMAKE_PREFIX_PATH=/home/mikolaj/ENAE450_tb_ws/install/turtlebot3_msgs:/opt/ros/humble LD_LIBRARY_PATH=/home/mikolaj/ENAE450_tb_ws/install/turtlebot3_msgs/lib:/usr/lib/x86_64-linux-gnu/gazebo-11/plugins:/opt/ros/humble/opt/rviz_ogre_vendor/lib:/opt/ros/humble/lib/x86_64-linux-gnu:/opt/ros/humble/lib:/usr/lib/x86_64-linux-gnu/gazebo-11/plugins PYTHONPATH=/home/mikolaj/ENAE450_tb_ws/install/turtlebot3_msgs/local/lib/python3.10/dist-packages:${PYTHONPATH} /usr/bin/cmake --build /home/mikolaj/ENAE450_tb_ws/build/turtlebot3_fake_node -- -j8 -l8
[2.098s] [ 50%] [32mBuilding CXX object CMakeFiles/turtlebot3_fake_node.dir/src/turtlebot3_fake_node.cpp.o[0m
[13.772s] [100%] [32m[1mLinking CXX executable turtlebot3_fake_node[0m
[14.253s] [100%] Built target turtlebot3_fake_node
[14.265s] Invoked command in '/home/mikolaj/ENAE450_tb_ws/build/turtlebot3_fake_node' returned '0': AMENT_PREFIX_PATH=/home/mikolaj/ENAE450_tb_ws/install/turtlebot3_msgs:${AMENT_PREFIX_PATH} CMAKE_PREFIX_PATH=/home/mikolaj/ENAE450_tb_ws/install/turtlebot3_msgs:/opt/ros/humble LD_LIBRARY_PATH=/home/mikolaj/ENAE450_tb_ws/install/turtlebot3_msgs/lib:/usr/lib/x86_64-linux-gnu/gazebo-11/plugins:/opt/ros/humble/opt/rviz_ogre_vendor/lib:/opt/ros/humble/lib/x86_64-linux-gnu:/opt/ros/humble/lib:/usr/lib/x86_64-linux-gnu/gazebo-11/plugins PYTHONPATH=/home/mikolaj/ENAE450_tb_ws/install/turtlebot3_msgs/local/lib/python3.10/dist-packages:${PYTHONPATH} /usr/bin/cmake --build /home/mikolaj/ENAE450_tb_ws/build/turtlebot3_fake_node -- -j8 -l8
[14.268s] Invoking command in '/home/mikolaj/ENAE450_tb_ws/build/turtlebot3_fake_node': AMENT_PREFIX_PATH=/home/mikolaj/ENAE450_tb_ws/install/turtlebot3_msgs:${AMENT_PREFIX_PATH} CMAKE_PREFIX_PATH=/home/mikolaj/ENAE450_tb_ws/install/turtlebot3_msgs:/opt/ros/humble LD_LIBRARY_PATH=/home/mikolaj/ENAE450_tb_ws/install/turtlebot3_msgs/lib:/usr/lib/x86_64-linux-gnu/gazebo-11/plugins:/opt/ros/humble/opt/rviz_ogre_vendor/lib:/opt/ros/humble/lib/x86_64-linux-gnu:/opt/ros/humble/lib:/usr/lib/x86_64-linux-gnu/gazebo-11/plugins PYTHONPATH=/home/mikolaj/ENAE450_tb_ws/install/turtlebot3_msgs/local/lib/python3.10/dist-packages:${PYTHONPATH} /usr/bin/cmake --install /home/mikolaj/ENAE450_tb_ws/build/turtlebot3_fake_node
[14.276s] -- Install configuration: ""
[14.276s] -- Installing: /home/mikolaj/ENAE450_tb_ws/install/turtlebot3_fake_node/lib/turtlebot3_fake_node/turtlebot3_fake_node
[14.280s] -- Set runtime path of "/home/mikolaj/ENAE450_tb_ws/install/turtlebot3_fake_node/lib/turtlebot3_fake_node/turtlebot3_fake_node" to ""
[14.280s] -- Installing: /home/mikolaj/ENAE450_tb_ws/install/turtlebot3_fake_node/share/turtlebot3_fake_node/launch
[14.280s] -- Installing: /home/mikolaj/ENAE450_tb_ws/install/turtlebot3_fake_node/share/turtlebot3_fake_node/launch/turtlebot3_fake_node.launch.py
[14.280s] -- Installing: /home/mikolaj/ENAE450_tb_ws/install/turtlebot3_fake_node/share/turtlebot3_fake_node/launch/rviz2.launch.py
[14.280s] -- Installing: /home/mikolaj/ENAE450_tb_ws/install/turtlebot3_fake_node/share/turtlebot3_fake_node/param
[14.280s] -- Installing: /home/mikolaj/ENAE450_tb_ws/install/turtlebot3_fake_node/share/turtlebot3_fake_node/param/waffle_pi.yaml
[14.281s] -- Installing: /home/mikolaj/ENAE450_tb_ws/install/turtlebot3_fake_node/share/turtlebot3_fake_node/param/waffle.yaml
[14.281s] -- Installing: /home/mikolaj/ENAE450_tb_ws/install/turtlebot3_fake_node/share/turtlebot3_fake_node/param/burger.yaml
[14.281s] -- Installing: /home/mikolaj/ENAE450_tb_ws/install/turtlebot3_fake_node/include/
[14.281s] -- Installing: /home/mikolaj/ENAE450_tb_ws/install/turtlebot3_fake_node/include//turtlebot3_fake_node
[14.281s] -- Installing: /home/mikolaj/ENAE450_tb_ws/install/turtlebot3_fake_node/include//turtlebot3_fake_node/turtlebot3_fake_node.hpp
[14.281s] -- Installing: /home/mikolaj/ENAE450_tb_ws/install/turtlebot3_fake_node/share/ament_index/resource_index/package_run_dependencies/turtlebot3_fake_node
[14.281s] -- Installing: /home/mikolaj/ENAE450_tb_ws/install/turtlebot3_fake_node/share/ament_index/resource_index/parent_prefix_path/turtlebot3_fake_node
[14.281s] -- Installing: /home/mikolaj/ENAE450_tb_ws/install/turtlebot3_fake_node/share/turtlebot3_fake_node/environment/ament_prefix_path.sh
[14.282s] -- Installing: /home/mikolaj/ENAE450_tb_ws/install/turtlebot3_fake_node/share/turtlebot3_fake_node/environment/ament_prefix_path.dsv
[14.282s] -- Installing: /home/mikolaj/ENAE450_tb_ws/install/turtlebot3_fake_node/share/turtlebot3_fake_node/environment/path.sh
[14.282s] -- Installing: /home/mikolaj/ENAE450_tb_ws/install/turtlebot3_fake_node/share/turtlebot3_fake_node/environment/path.dsv
[14.282s] -- Installing: /home/mikolaj/ENAE450_tb_ws/install/turtlebot3_fake_node/share/turtlebot3_fake_node/local_setup.bash
[14.282s] -- Installing: /home/mikolaj/ENAE450_tb_ws/install/turtlebot3_fake_node/share/turtlebot3_fake_node/local_setup.sh
[14.282s] -- Installing: /home/mikolaj/ENAE450_tb_ws/install/turtlebot3_fake_node/share/turtlebot3_fake_node/local_setup.zsh
[14.282s] -- Installing: /home/mikolaj/ENAE450_tb_ws/install/turtlebot3_fake_node/share/turtlebot3_fake_node/local_setup.dsv
[14.282s] -- Installing: /home/mikolaj/ENAE450_tb_ws/install/turtlebot3_fake_node/share/turtlebot3_fake_node/package.dsv
[14.282s] -- Installing: /home/mikolaj/ENAE450_tb_ws/install/turtlebot3_fake_node/share/ament_index/resource_index/packages/turtlebot3_fake_node
[14.283s] -- Installing: /home/mikolaj/ENAE450_tb_ws/install/turtlebot3_fake_node/share/turtlebot3_fake_node/cmake/ament_cmake_export_include_directories-extras.cmake
[14.283s] -- Installing: /home/mikolaj/ENAE450_tb_ws/install/turtlebot3_fake_node/share/turtlebot3_fake_node/cmake/ament_cmake_export_dependencies-extras.cmake
[14.283s] -- Installing: /home/mikolaj/ENAE450_tb_ws/install/turtlebot3_fake_node/share/turtlebot3_fake_node/cmake/turtlebot3_fake_nodeConfig.cmake
[14.283s] -- Installing: /home/mikolaj/ENAE450_tb_ws/install/turtlebot3_fake_node/share/turtlebot3_fake_node/cmake/turtlebot3_fake_nodeConfig-version.cmake
[14.283s] -- Installing: /home/mikolaj/ENAE450_tb_ws/install/turtlebot3_fake_node/share/turtlebot3_fake_node/package.xml
[14.286s] Invoked command in '/home/mikolaj/ENAE450_tb_ws/build/turtlebot3_fake_node' returned '0': AMENT_PREFIX_PATH=/home/mikolaj/ENAE450_tb_ws/install/turtlebot3_msgs:${AMENT_PREFIX_PATH} CMAKE_PREFIX_PATH=/home/mikolaj/ENAE450_tb_ws/install/turtlebot3_msgs:/opt/ros/humble LD_LIBRARY_PATH=/home/mikolaj/ENAE450_tb_ws/install/turtlebot3_msgs/lib:/usr/lib/x86_64-linux-gnu/gazebo-11/plugins:/opt/ros/humble/opt/rviz_ogre_vendor/lib:/opt/ros/humble/lib/x86_64-linux-gnu:/opt/ros/humble/lib:/usr/lib/x86_64-linux-gnu/gazebo-11/plugins PYTHONPATH=/home/mikolaj/ENAE450_tb_ws/install/turtlebot3_msgs/local/lib/python3.10/dist-packages:${PYTHONPATH} /usr/bin/cmake --install /home/mikolaj/ENAE450_tb_ws/build/turtlebot3_fake_node
