[0.044s] Invoking command in '/home/mikolaj/ENAE450_tb_ws/build/dynamixel_sdk_examples': AMENT_PREFIX_PATH=/home/mikolaj/ENAE450_tb_ws/install/dynamixel_sdk_custom_interfaces:/home/mikolaj/ENAE450_tb_ws/install/dynamixel_sdk:${AMENT_PREFIX_PATH} CMAKE_PREFIX_PATH=/home/mikolaj/ENAE450_tb_ws/install/dynamixel_sdk_custom_interfaces:/home/mikolaj/ENAE450_tb_ws/install/dynamixel_sdk:/home/mikolaj/ENAE450_tb_ws/install/turtlebot3_simulations:/home/mikolaj/ENAE450_tb_ws/install/turtlebot3_gazebo:/home/mikolaj/ENAE450_tb_ws/install/turtlebot3_fake_node:/home/mikolaj/ENAE450_tb_ws/install/turtlebot3_controller:/opt/ros/humble LD_LIBRARY_PATH=/home/mikolaj/ENAE450_tb_ws/install/dynamixel_sdk_custom_interfaces/lib:/home/mikolaj/ENAE450_tb_ws/install/dynamixel_sdk/lib:/usr/lib/x86_64-linux-gnu/gazebo-11/plugins:/opt/ros/humble/opt/rviz_ogre_vendor/lib:/opt/ros/humble/lib/x86_64-linux-gnu:/opt/ros/humble/lib:/usr/lib/x86_64-linux-gnu/gazebo-11/plugins PYTHONPATH=/home/mikolaj/ENAE450_tb_ws/install/dynamixel_sdk_custom_interfaces/local/lib/python3.10/dist-packages:/home/mikolaj/ENAE450_tb_ws/install/dynamixel_sdk/local/lib/python3.10/dist-packages:${PYTHONPATH} /usr/bin/cmake /home/mikolaj/ENAE450_tb_ws/src/DynamixelSDK/ros/dynamixel_sdk_examples -DCMAKE_INSTALL_PREFIX=/home/mikolaj/ENAE450_tb_ws/install/dynamixel_sdk_examples
[0.205s] -- The C compiler identification is GNU 11.4.0
[0.347s] -- The CXX compiler identification is GNU 11.4.0
[0.362s] -- Detecting C compiler ABI info
[0.587s] -- Detecting C compiler ABI info - done
[0.616s] -- Check for working C compiler: /usr/bin/cc - skipped
[0.616s] -- Detecting C compile features
[0.617s] -- Detecting C compile features - done
[0.627s] -- Detecting CXX compiler ABI info
[0.843s] -- Detecting CXX compiler ABI info - done
[0.869s] -- Check for working CXX compiler: /usr/bin/c++ - skipped
[0.869s] -- Detecting CXX compile features
[0.870s] -- Detecting CXX compile features - done
[0.876s] -- Found ament_cmake: 1.3.11 (/opt/ros/humble/share/ament_cmake/cmake)
[1.230s] -- Found Python3: /usr/bin/python3 (found version "3.10.12") found components: Interpreter 
[1.471s] -- Found dynamixel_sdk: 3.8.3 (/home/mikolaj/ENAE450_tb_ws/install/dynamixel_sdk/share/dynamixel_sdk/cmake)
[1.476s] -- Found dynamixel_sdk_custom_interfaces: 3.8.3 (/home/mikolaj/ENAE450_tb_ws/install/dynamixel_sdk_custom_interfaces/share/dynamixel_sdk_custom_interfaces/cmake)
[1.566s] -- Found rosidl_generator_c: 3.1.6 (/opt/ros/humble/share/rosidl_generator_c/cmake)
[1.574s] -- Found rosidl_adapter: 3.1.6 (/opt/ros/humble/share/rosidl_adapter/cmake)
[1.596s] -- Found rosidl_generator_cpp: 3.1.6 (/opt/ros/humble/share/rosidl_generator_cpp/cmake)
[1.632s] -- Using all available rosidl_typesupport_c: rosidl_typesupport_fastrtps_c;rosidl_typesupport_introspection_c
[1.679s] -- Using all available rosidl_typesupport_cpp: rosidl_typesupport_fastrtps_cpp;rosidl_typesupport_introspection_cpp
[1.755s] -- Found rclcpp: 16.0.11 (/opt/ros/humble/share/rclcpp/cmake)
[1.851s] -- Found rmw_implementation_cmake: 6.1.2 (/opt/ros/humble/share/rmw_implementation_cmake/cmake)
[1.856s] -- Found rmw_fastrtps_cpp: 6.2.7 (/opt/ros/humble/share/rmw_fastrtps_cpp/cmake)
[2.040s] -- Found OpenSSL: /usr/lib/x86_64-linux-gnu/libcrypto.so (found version "3.0.2")  
[2.075s] -- Found FastRTPS: /opt/ros/humble/include  
[2.117s] -- Using RMW implementation 'rmw_fastrtps_cpp' as default
[2.129s] -- Looking for pthread.h
[2.316s] -- Looking for pthread.h - found
[2.316s] -- Performing Test CMAKE_HAVE_LIBC_PTHREAD
[2.502s] -- Performing Test CMAKE_HAVE_LIBC_PTHREAD - Success
[2.503s] -- Found Threads: TRUE  
[2.656s] -- Found rclpy: 3.3.15 (/opt/ros/humble/share/rclpy/cmake)
[2.665s] -- Found ament_lint_auto: 0.12.11 (/opt/ros/humble/share/ament_lint_auto/cmake)
[2.792s] -- Added test 'copyright' to check source files copyright and LICENSE
[2.793s] -- Added test 'cppcheck' to perform static code analysis on C / C++ code
[2.794s] -- Configured cppcheck include dirs: /home/mikolaj/ENAE450_tb_ws/src/DynamixelSDK/ros/dynamixel_sdk_examples/include
[2.794s] -- Configured cppcheck exclude dirs and/or files: 
[2.796s] -- Added test 'cpplint' to check C / C++ code against the Google style
[2.797s] -- Configured cpplint exclude dirs and/or files: 
[2.797s] -- Added test 'flake8' to check Python code syntax and style conventions
[2.799s] -- Added test 'lint_cmake' to check CMake code style
[2.799s] -- Added test 'pep257' to check Python code against some of the docstring style conventions in PEP 257
[2.802s] -- Added test 'uncrustify' to check C / C++ code style
[2.803s] -- Configured uncrustify additional arguments: 
[2.803s] -- Added test 'xmllint' to check XML markup files
[2.808s] -- Configuring done
[2.833s] -- Generating done
[2.842s] -- Build files have been written to: /home/mikolaj/ENAE450_tb_ws/build/dynamixel_sdk_examples
[2.860s] Invoked command in '/home/mikolaj/ENAE450_tb_ws/build/dynamixel_sdk_examples' returned '0': AMENT_PREFIX_PATH=/home/mikolaj/ENAE450_tb_ws/install/dynamixel_sdk_custom_interfaces:/home/mikolaj/ENAE450_tb_ws/install/dynamixel_sdk:${AMENT_PREFIX_PATH} CMAKE_PREFIX_PATH=/home/mikolaj/ENAE450_tb_ws/install/dynamixel_sdk_custom_interfaces:/home/mikolaj/ENAE450_tb_ws/install/dynamixel_sdk:/home/mikolaj/ENAE450_tb_ws/install/turtlebot3_simulations:/home/mikolaj/ENAE450_tb_ws/install/turtlebot3_gazebo:/home/mikolaj/ENAE450_tb_ws/install/turtlebot3_fake_node:/home/mikolaj/ENAE450_tb_ws/install/turtlebot3_controller:/opt/ros/humble LD_LIBRARY_PATH=/home/mikolaj/ENAE450_tb_ws/install/dynamixel_sdk_custom_interfaces/lib:/home/mikolaj/ENAE450_tb_ws/install/dynamixel_sdk/lib:/usr/lib/x86_64-linux-gnu/gazebo-11/plugins:/opt/ros/humble/opt/rviz_ogre_vendor/lib:/opt/ros/humble/lib/x86_64-linux-gnu:/opt/ros/humble/lib:/usr/lib/x86_64-linux-gnu/gazebo-11/plugins PYTHONPATH=/home/mikolaj/ENAE450_tb_ws/install/dynamixel_sdk_custom_interfaces/local/lib/python3.10/dist-packages:/home/mikolaj/ENAE450_tb_ws/install/dynamixel_sdk/local/lib/python3.10/dist-packages:${PYTHONPATH} /usr/bin/cmake /home/mikolaj/ENAE450_tb_ws/src/DynamixelSDK/ros/dynamixel_sdk_examples -DCMAKE_INSTALL_PREFIX=/home/mikolaj/ENAE450_tb_ws/install/dynamixel_sdk_examples
[2.860s] Invoking command in '/home/mikolaj/ENAE450_tb_ws/build/dynamixel_sdk_examples': AMENT_PREFIX_PATH=/home/mikolaj/ENAE450_tb_ws/install/dynamixel_sdk_custom_interfaces:/home/mikolaj/ENAE450_tb_ws/install/dynamixel_sdk:${AMENT_PREFIX_PATH} CMAKE_PREFIX_PATH=/home/mikolaj/ENAE450_tb_ws/install/dynamixel_sdk_custom_interfaces:/home/mikolaj/ENAE450_tb_ws/install/dynamixel_sdk:/home/mikolaj/ENAE450_tb_ws/install/turtlebot3_simulations:/home/mikolaj/ENAE450_tb_ws/install/turtlebot3_gazebo:/home/mikolaj/ENAE450_tb_ws/install/turtlebot3_fake_node:/home/mikolaj/ENAE450_tb_ws/install/turtlebot3_controller:/opt/ros/humble LD_LIBRARY_PATH=/home/mikolaj/ENAE450_tb_ws/install/dynamixel_sdk_custom_interfaces/lib:/home/mikolaj/ENAE450_tb_ws/install/dynamixel_sdk/lib:/usr/lib/x86_64-linux-gnu/gazebo-11/plugins:/opt/ros/humble/opt/rviz_ogre_vendor/lib:/opt/ros/humble/lib/x86_64-linux-gnu:/opt/ros/humble/lib:/usr/lib/x86_64-linux-gnu/gazebo-11/plugins PYTHONPATH=/home/mikolaj/ENAE450_tb_ws/install/dynamixel_sdk_custom_interfaces/local/lib/python3.10/dist-packages:/home/mikolaj/ENAE450_tb_ws/install/dynamixel_sdk/local/lib/python3.10/dist-packages:${PYTHONPATH} /usr/bin/cmake --build /home/mikolaj/ENAE450_tb_ws/build/dynamixel_sdk_examples -- -j8 -l8
[2.975s] [ 50%] [32mBuilding CXX object CMakeFiles/read_write_node.dir/src/read_write_node.cpp.o[0m
[14.462s] [100%] [32m[1mLinking CXX executable read_write_node[0m
[14.927s] [100%] Built target read_write_node
[14.940s] Invoked command in '/home/mikolaj/ENAE450_tb_ws/build/dynamixel_sdk_examples' returned '0': AMENT_PREFIX_PATH=/home/mikolaj/ENAE450_tb_ws/install/dynamixel_sdk_custom_interfaces:/home/mikolaj/ENAE450_tb_ws/install/dynamixel_sdk:${AMENT_PREFIX_PATH} CMAKE_PREFIX_PATH=/home/mikolaj/ENAE450_tb_ws/install/dynamixel_sdk_custom_interfaces:/home/mikolaj/ENAE450_tb_ws/install/dynamixel_sdk:/home/mikolaj/ENAE450_tb_ws/install/turtlebot3_simulations:/home/mikolaj/ENAE450_tb_ws/install/turtlebot3_gazebo:/home/mikolaj/ENAE450_tb_ws/install/turtlebot3_fake_node:/home/mikolaj/ENAE450_tb_ws/install/turtlebot3_controller:/opt/ros/humble LD_LIBRARY_PATH=/home/mikolaj/ENAE450_tb_ws/install/dynamixel_sdk_custom_interfaces/lib:/home/mikolaj/ENAE450_tb_ws/install/dynamixel_sdk/lib:/usr/lib/x86_64-linux-gnu/gazebo-11/plugins:/opt/ros/humble/opt/rviz_ogre_vendor/lib:/opt/ros/humble/lib/x86_64-linux-gnu:/opt/ros/humble/lib:/usr/lib/x86_64-linux-gnu/gazebo-11/plugins PYTHONPATH=/home/mikolaj/ENAE450_tb_ws/install/dynamixel_sdk_custom_interfaces/local/lib/python3.10/dist-packages:/home/mikolaj/ENAE450_tb_ws/install/dynamixel_sdk/local/lib/python3.10/dist-packages:${PYTHONPATH} /usr/bin/cmake --build /home/mikolaj/ENAE450_tb_ws/build/dynamixel_sdk_examples -- -j8 -l8
[14.943s] Invoking command in '/home/mikolaj/ENAE450_tb_ws/build/dynamixel_sdk_examples': AMENT_PREFIX_PATH=/home/mikolaj/ENAE450_tb_ws/install/dynamixel_sdk_custom_interfaces:/home/mikolaj/ENAE450_tb_ws/install/dynamixel_sdk:${AMENT_PREFIX_PATH} CMAKE_PREFIX_PATH=/home/mikolaj/ENAE450_tb_ws/install/dynamixel_sdk_custom_interfaces:/home/mikolaj/ENAE450_tb_ws/install/dynamixel_sdk:/home/mikolaj/ENAE450_tb_ws/install/turtlebot3_simulations:/home/mikolaj/ENAE450_tb_ws/install/turtlebot3_gazebo:/home/mikolaj/ENAE450_tb_ws/install/turtlebot3_fake_node:/home/mikolaj/ENAE450_tb_ws/install/turtlebot3_controller:/opt/ros/humble LD_LIBRARY_PATH=/home/mikolaj/ENAE450_tb_ws/install/dynamixel_sdk_custom_interfaces/lib:/home/mikolaj/ENAE450_tb_ws/install/dynamixel_sdk/lib:/usr/lib/x86_64-linux-gnu/gazebo-11/plugins:/opt/ros/humble/opt/rviz_ogre_vendor/lib:/opt/ros/humble/lib/x86_64-linux-gnu:/opt/ros/humble/lib:/usr/lib/x86_64-linux-gnu/gazebo-11/plugins PYTHONPATH=/home/mikolaj/ENAE450_tb_ws/install/dynamixel_sdk_custom_interfaces/local/lib/python3.10/dist-packages:/home/mikolaj/ENAE450_tb_ws/install/dynamixel_sdk/local/lib/python3.10/dist-packages:${PYTHONPATH} /usr/bin/cmake --install /home/mikolaj/ENAE450_tb_ws/build/dynamixel_sdk_examples
[14.951s] -- Install configuration: ""
[14.951s] -- Installing: /home/mikolaj/ENAE450_tb_ws/install/dynamixel_sdk_examples/lib/dynamixel_sdk_examples/read_write_node
[14.955s] -- Set runtime path of "/home/mikolaj/ENAE450_tb_ws/install/dynamixel_sdk_examples/lib/dynamixel_sdk_examples/read_write_node" to ""
[14.955s] -- Installing: /home/mikolaj/ENAE450_tb_ws/install/dynamixel_sdk_examples/lib/dynamixel_sdk_examples/read_write_node.py
[14.955s] -- Installing: /home/mikolaj/ENAE450_tb_ws/install/dynamixel_sdk_examples/share/ament_index/resource_index/package_run_dependencies/dynamixel_sdk_examples
[14.955s] -- Installing: /home/mikolaj/ENAE450_tb_ws/install/dynamixel_sdk_examples/share/ament_index/resource_index/parent_prefix_path/dynamixel_sdk_examples
[14.955s] -- Installing: /home/mikolaj/ENAE450_tb_ws/install/dynamixel_sdk_examples/share/dynamixel_sdk_examples/environment/ament_prefix_path.sh
[14.956s] -- Installing: /home/mikolaj/ENAE450_tb_ws/install/dynamixel_sdk_examples/share/dynamixel_sdk_examples/environment/ament_prefix_path.dsv
[14.956s] -- Installing: /home/mikolaj/ENAE450_tb_ws/install/dynamixel_sdk_examples/share/dynamixel_sdk_examples/environment/path.sh
[14.956s] -- Installing: /home/mikolaj/ENAE450_tb_ws/install/dynamixel_sdk_examples/share/dynamixel_sdk_examples/environment/path.dsv
[14.956s] -- Installing: /home/mikolaj/ENAE450_tb_ws/install/dynamixel_sdk_examples/share/dynamixel_sdk_examples/local_setup.bash
[14.956s] -- Installing: /home/mikolaj/ENAE450_tb_ws/install/dynamixel_sdk_examples/share/dynamixel_sdk_examples/local_setup.sh
[14.956s] -- Installing: /home/mikolaj/ENAE450_tb_ws/install/dynamixel_sdk_examples/share/dynamixel_sdk_examples/local_setup.zsh
[14.957s] -- Installing: /home/mikolaj/ENAE450_tb_ws/install/dynamixel_sdk_examples/share/dynamixel_sdk_examples/local_setup.dsv
[14.957s] -- Installing: /home/mikolaj/ENAE450_tb_ws/install/dynamixel_sdk_examples/share/dynamixel_sdk_examples/package.dsv
[14.957s] -- Installing: /home/mikolaj/ENAE450_tb_ws/install/dynamixel_sdk_examples/share/ament_index/resource_index/packages/dynamixel_sdk_examples
[14.957s] -- Installing: /home/mikolaj/ENAE450_tb_ws/install/dynamixel_sdk_examples/share/dynamixel_sdk_examples/cmake/dynamixel_sdk_examplesConfig.cmake
[14.957s] -- Installing: /home/mikolaj/ENAE450_tb_ws/install/dynamixel_sdk_examples/share/dynamixel_sdk_examples/cmake/dynamixel_sdk_examplesConfig-version.cmake
[14.957s] -- Installing: /home/mikolaj/ENAE450_tb_ws/install/dynamixel_sdk_examples/share/dynamixel_sdk_examples/package.xml
[14.960s] Invoked command in '/home/mikolaj/ENAE450_tb_ws/build/dynamixel_sdk_examples' returned '0': AMENT_PREFIX_PATH=/home/mikolaj/ENAE450_tb_ws/install/dynamixel_sdk_custom_interfaces:/home/mikolaj/ENAE450_tb_ws/install/dynamixel_sdk:${AMENT_PREFIX_PATH} CMAKE_PREFIX_PATH=/home/mikolaj/ENAE450_tb_ws/install/dynamixel_sdk_custom_interfaces:/home/mikolaj/ENAE450_tb_ws/install/dynamixel_sdk:/home/mikolaj/ENAE450_tb_ws/install/turtlebot3_simulations:/home/mikolaj/ENAE450_tb_ws/install/turtlebot3_gazebo:/home/mikolaj/ENAE450_tb_ws/install/turtlebot3_fake_node:/home/mikolaj/ENAE450_tb_ws/install/turtlebot3_controller:/opt/ros/humble LD_LIBRARY_PATH=/home/mikolaj/ENAE450_tb_ws/install/dynamixel_sdk_custom_interfaces/lib:/home/mikolaj/ENAE450_tb_ws/install/dynamixel_sdk/lib:/usr/lib/x86_64-linux-gnu/gazebo-11/plugins:/opt/ros/humble/opt/rviz_ogre_vendor/lib:/opt/ros/humble/lib/x86_64-linux-gnu:/opt/ros/humble/lib:/usr/lib/x86_64-linux-gnu/gazebo-11/plugins PYTHONPATH=/home/mikolaj/ENAE450_tb_ws/install/dynamixel_sdk_custom_interfaces/local/lib/python3.10/dist-packages:/home/mikolaj/ENAE450_tb_ws/install/dynamixel_sdk/local/lib/python3.10/dist-packages:${PYTHONPATH} /usr/bin/cmake --install /home/mikolaj/ENAE450_tb_ws/build/dynamixel_sdk_examples
