[0.031s] Invoking command in '/home/patrick/ENAE450_tb_ws/build/turtlebot3_gazebo': CMAKE_PREFIX_PATH=/opt/ros/humble /usr/bin/cmake /home/patrick/ENAE450_tb_ws/src/turtlebot3_simulations/turtlebot3_gazebo -DCMAKE_INSTALL_PREFIX=/home/patrick/ENAE450_tb_ws/install/turtlebot3_gazebo
[0.135s] -- The C compiler identification is GNU 11.4.0
[0.270s] -- The CXX compiler identification is GNU 11.4.0
[0.283s] -- Detecting C compiler ABI info
[0.431s] -- Detecting C compiler ABI info - done
[0.441s] -- Check for working C compiler: /usr/bin/cc - skipped
[0.441s] -- Detecting C compile features
[0.443s] -- Detecting C compile features - done
[0.445s] -- Detecting CXX compiler ABI info
[0.588s] -- Detecting CXX compiler ABI info - done
[0.601s] -- Check for working CXX compiler: /usr/bin/c++ - skipped
[0.601s] -- Detecting CXX compile features
[0.601s] -- Detecting CXX compile features - done
[0.605s] -- Found ament_cmake: 1.3.11 (/opt/ros/humble/share/ament_cmake/cmake)
[0.804s] -- Found Python3: /usr/bin/python3 (found version "3.10.12") found components: Interpreter 
[0.933s] [33mCMake Warning (dev) at /usr/share/cmake-3.22/Modules/FindPackageHandleStandardArgs.cmake:438 (message):
[0.933s]   The package name passed to `find_package_handle_standard_args` (PkgConfig)
[0.933s]   does not match the name of the calling package (gazebo).  This can lead to
[0.933s]   problems in calling code that expects `find_package` result variables
[0.933s]   (e.g., `_FOUND`) to follow a certain pattern.
[0.933s] Call Stack (most recent call first):
[0.934s]   /usr/share/cmake-3.22/Modules/FindPkgConfig.cmake:99 (find_package_handle_standard_args)
[0.934s]   /usr/lib/x86_64-linux-gnu/cmake/gazebo/gazebo-config.cmake:72 (include)
[0.934s]   CMakeLists.txt:23 (find_package)
[0.934s] This warning is for project developers.  Use -Wno-dev to suppress it.
[0.934s] [0m
[0.934s] -- Found PkgConfig: /usr/bin/pkg-config (found version "0.29.2") 
[0.940s] -- Checking for module 'bullet>=2.82'
[0.969s] --   Found bullet, version 3.05
[1.160s] -- Found fcl: /usr/include (found suitable version "0.7.0", minimum required is "0.5.0") 
[1.249s] -- Found assimp: /usr/include (found version "5.2.0") 
[1.278s] -- Found DART: /usr/include (Required is at least version "6.6") found components: dart 
[1.578s] -- Found Boost: /usr/lib/x86_64-linux-gnu/cmake/Boost-1.74.0/BoostConfig.cmake (found suitable version "1.74.0", minimum required is "1.40.0") found components: thread system filesystem program_options regex iostreams date_time 
[1.601s] -- Found Protobuf: /usr/lib/x86_64-linux-gnu/libprotobuf.so (found version "3.12.4") 
[1.609s] -- Looking for ignition-math6 -- found version 6.15.1
[1.615s] -- Searching for dependencies of ignition-math6
[1.616s] -- Looking for OGRE...
[1.617s] -- OGRE_PREFIX_WATCH changed.
[1.632s] -- Checking for module 'OGRE'
[1.660s] --   Found OGRE, version 1.9.0
[1.845s] -- Found Ogre Ghadamon (1.9.0)
[1.864s] -- Found OGRE: optimized;/usr/lib/x86_64-linux-gnu/libOgreMain.so;debug;/usr/lib/x86_64-linux-gnu/libOgreMain.so
[1.864s] -- Looking for OGRE_Paging...
[1.864s] -- Found OGRE_Paging: optimized;/usr/lib/x86_64-linux-gnu/libOgrePaging.so;debug;/usr/lib/x86_64-linux-gnu/libOgrePaging.so
[1.864s] -- Looking for OGRE_Terrain...
[1.864s] -- Found OGRE_Terrain: optimized;/usr/lib/x86_64-linux-gnu/libOgreTerrain.so;debug;/usr/lib/x86_64-linux-gnu/libOgreTerrain.so
[1.864s] -- Looking for OGRE_Property...
[1.864s] -- Found OGRE_Property: optimized;/usr/lib/x86_64-linux-gnu/libOgreProperty.so;debug;/usr/lib/x86_64-linux-gnu/libOgreProperty.so
[1.864s] -- Looking for OGRE_RTShaderSystem...
[1.864s] -- Found OGRE_RTShaderSystem: optimized;/usr/lib/x86_64-linux-gnu/libOgreRTShaderSystem.so;debug;/usr/lib/x86_64-linux-gnu/libOgreRTShaderSystem.so
[1.864s] -- Looking for OGRE_Volume...
[1.864s] -- Found OGRE_Volume: optimized;/usr/lib/x86_64-linux-gnu/libOgreVolume.so;debug;/usr/lib/x86_64-linux-gnu/libOgreVolume.so
[1.864s] -- Looking for OGRE_Overlay...
[1.864s] -- Found OGRE_Overlay: optimized;/usr/lib/x86_64-linux-gnu/libOgreOverlay.so;debug;/usr/lib/x86_64-linux-gnu/libOgreOverlay.so
[1.940s] -- Looking for ignition-math6 -- found version 6.15.1
[1.943s] -- Looking for ignition-transport8 -- found version 8.2.1
[1.951s] -- Searching for dependencies of ignition-transport8
[1.986s] -- Found Protobuf: /usr/lib/x86_64-linux-gnu/libprotobuf.so (found suitable version "3.12.4", minimum required is "3") 
[2.001s] -- Config-file not installed for ZeroMQ -- checking for pkg-config
[2.011s] -- Checking for module 'libzmq >= 4'
[2.040s] --   Found libzmq , version 4.3.4
[2.911s] -- Found ZeroMQ: TRUE (Required is at least version "4") 
[2.928s] -- Checking for module 'uuid'
[3.044s] --   Found uuid, version 2.37.2
[3.122s] -- Found UUID: TRUE  
[3.122s] -- Looking for ignition-msgs5 -- found version 5.8.1
[3.122s] -- Searching for dependencies of ignition-msgs5
[3.152s] -- Looking for ignition-math6 -- found version 6.15.1
[3.161s] -- Checking for module 'tinyxml2'
[3.192s] --   Found tinyxml2, version 9.0.0
[3.251s] -- Looking for ignition-msgs5 -- found version 5.8.1
[3.251s] -- Looking for ignition-common3 -- found version 3.14.0
[3.257s] -- Searching for dependencies of ignition-common3
[3.257s] -- Looking for dlfcn.h - found
[3.259s] -- Looking for libdl - found
[3.261s] -- Found DL: TRUE  
[3.274s] -- Found tinyobjloader: /usr/lib/x86_64-linux-gnu/cmake/tinyobjloader/tinyobjloader-config.cmake (found version "2.0.0") 
[3.872s] -- Searching for <ignition-common3> component [graphics]
[3.873s] -- Looking for ignition-common3-graphics -- found version 3.14.0
[3.873s] -- Searching for dependencies of ignition-common3-graphics
[3.873s] -- Looking for ignition-math6 -- found version 6.15.1
[3.875s] -- Looking for ignition-fuel_tools4 -- found version 4.4.0
[3.875s] -- Searching for dependencies of ignition-fuel_tools4
[3.875s] -- Found CURL: /usr/lib/x86_64-linux-gnu/libcurl.so (found version "7.81.0")  
[3.875s] -- Checking for module 'jsoncpp'
[3.875s] --   Found jsoncpp, version 1.9.5
[3.875s] -- Found JSONCPP: TRUE  
[3.875s] -- Checking for module 'libzip'
[3.875s] --   Found libzip, version 1.7.3
[3.875s] -- Found ZIP: TRUE  
[3.875s] -- Looking for ignition-common3 -- found version 3.14.0
[3.875s] -- Looking for ignition-math6 -- found version 6.15.1
[3.875s] -- Looking for ignition-msgs5 -- found version 5.8.1
[3.875s] -- Found gazebo_ros_pkgs: 3.9.0 (/opt/ros/humble/share/gazebo_ros_pkgs/cmake)
[3.875s] -- Found geometry_msgs: 4.2.4 (/opt/ros/humble/share/geometry_msgs/cmake)
[3.875s] -- Found rosidl_generator_c: 3.1.6 (/opt/ros/humble/share/rosidl_generator_c/cmake)
[3.875s] -- Found rosidl_adapter: 3.1.6 (/opt/ros/humble/share/rosidl_adapter/cmake)
[3.875s] -- Found rosidl_generator_cpp: 3.1.6 (/opt/ros/humble/share/rosidl_generator_cpp/cmake)
[3.875s] -- Using all available rosidl_typesupport_c: rosidl_typesupport_fastrtps_c;rosidl_typesupport_introspection_c
[3.876s] -- Using all available rosidl_typesupport_cpp: rosidl_typesupport_fastrtps_cpp;rosidl_typesupport_introspection_cpp
[3.876s] -- Found nav_msgs: 4.2.4 (/opt/ros/humble/share/nav_msgs/cmake)
[3.876s] -- Found rclcpp: 16.0.11 (/opt/ros/humble/share/rclcpp/cmake)
[3.876s] -- Found rmw_implementation_cmake: 6.1.2 (/opt/ros/humble/share/rmw_implementation_cmake/cmake)
[3.876s] -- Found rmw_fastrtps_cpp: 6.2.7 (/opt/ros/humble/share/rmw_fastrtps_cpp/cmake)
[3.876s] -- Found OpenSSL: /usr/lib/x86_64-linux-gnu/libcrypto.so (found version "3.0.2")  
[3.876s] -- Found FastRTPS: /opt/ros/humble/include  
[4.048s] -- Using RMW implementation 'rmw_fastrtps_cpp' as default
[4.049s] -- Found Threads: TRUE  
[4.049s] -- Found sensor_msgs: 4.2.4 (/opt/ros/humble/share/sensor_msgs/cmake)
[4.049s] -- Found tf2: 0.25.12 (/opt/ros/humble/share/tf2/cmake)
[4.131s] -- Configuring done
[4.218s] -- Generating done
[4.253s] -- Build files have been written to: /home/patrick/ENAE450_tb_ws/build/turtlebot3_gazebo
[4.253s] Invoked command in '/home/patrick/ENAE450_tb_ws/build/turtlebot3_gazebo' returned '0': CMAKE_PREFIX_PATH=/opt/ros/humble /usr/bin/cmake /home/patrick/ENAE450_tb_ws/src/turtlebot3_simulations/turtlebot3_gazebo -DCMAKE_INSTALL_PREFIX=/home/patrick/ENAE450_tb_ws/install/turtlebot3_gazebo
[4.253s] Invoking command in '/home/patrick/ENAE450_tb_ws/build/turtlebot3_gazebo': CMAKE_PREFIX_PATH=/opt/ros/humble /usr/bin/cmake --build /home/patrick/ENAE450_tb_ws/build/turtlebot3_gazebo -- -j2 -l2
[4.369s] [  8%] [32mBuilding CXX object CMakeFiles/traffic_light_plugin.dir/src/traffic_light_plugin.cpp.o[0m
[4.876s] [ 16%] [32mBuilding CXX object CMakeFiles/turtlebot3_drive.dir/src/turtlebot3_drive.cpp.o[0m
[21.247s] [ 25%] [32m[1mLinking CXX shared library libtraffic_light_plugin.so[0m
[21.342s] [ 33%] [32m[1mLinking CXX executable turtlebot3_drive[0m
[21.578s] [ 33%] Built target traffic_light_plugin
[21.610s] [ 41%] [32mBuilding CXX object CMakeFiles/traffic_bar_plugin.dir/src/traffic_bar_plugin.cpp.o[0m
[21.946s] [ 41%] Built target turtlebot3_drive
[21.982s] [ 50%] [32mBuilding CXX object CMakeFiles/obstacle1.dir/src/obstacle1.cpp.o[0m
[32.941s] [ 58%] [32m[1mLinking CXX shared library libtraffic_bar_plugin.so[0m
[33.226s] [ 58%] Built target traffic_bar_plugin
[33.455s] [ 66%] [32m[1mLinking CXX shared library libobstacle1.so[0m
[33.724s] [ 66%] Built target obstacle1
[33.760s] [ 75%] [32mBuilding CXX object CMakeFiles/obstacle2.dir/src/obstacle2.cpp.o[0m
[44.958s] [ 83%] [32m[1mLinking CXX shared library libobstacle2.so[0m
[45.258s] [ 83%] Built target obstacle2
[45.299s] [ 91%] [32mBuilding CXX object CMakeFiles/obstacles.dir/src/obstacles.cpp.o[0m
[55.697s] [100%] [32m[1mLinking CXX shared library libobstacles.so[0m
[55.939s] [100%] Built target obstacles
[55.958s] Invoked command in '/home/patrick/ENAE450_tb_ws/build/turtlebot3_gazebo' returned '0': CMAKE_PREFIX_PATH=/opt/ros/humble /usr/bin/cmake --build /home/patrick/ENAE450_tb_ws/build/turtlebot3_gazebo -- -j2 -l2
[55.961s] Invoking command in '/home/patrick/ENAE450_tb_ws/build/turtlebot3_gazebo': CMAKE_PREFIX_PATH=/opt/ros/humble /usr/bin/cmake --install /home/patrick/ENAE450_tb_ws/build/turtlebot3_gazebo
[55.971s] -- Install configuration: ""
[55.971s] -- Installing: /home/patrick/ENAE450_tb_ws/install/turtlebot3_gazebo/lib/turtlebot3_gazebo/turtlebot3_drive
[55.978s] -- Set runtime path of "/home/patrick/ENAE450_tb_ws/install/turtlebot3_gazebo/lib/turtlebot3_gazebo/turtlebot3_drive" to ""
[55.979s] -- Installing: /home/patrick/ENAE450_tb_ws/install/turtlebot3_gazebo/share/turtlebot3_gazebo//launch
[55.979s] -- Installing: /home/patrick/ENAE450_tb_ws/install/turtlebot3_gazebo/share/turtlebot3_gazebo//launch/turtlebot3_dqn_stage4.launch.py
[55.979s] -- Installing: /home/patrick/ENAE450_tb_ws/install/turtlebot3_gazebo/share/turtlebot3_gazebo//launch/multi_robot.launch.py
[55.979s] -- Installing: /home/patrick/ENAE450_tb_ws/install/turtlebot3_gazebo/share/turtlebot3_gazebo//launch/turtlebot3_dqn_stage3.launch.py
[55.980s] -- Installing: /home/patrick/ENAE450_tb_ws/install/turtlebot3_gazebo/share/turtlebot3_gazebo//launch/multi_spawn_turtlebot3.launch.py
[55.980s] -- Installing: /home/patrick/ENAE450_tb_ws/install/turtlebot3_gazebo/share/turtlebot3_gazebo//launch/empty_world.launch.py
[55.980s] -- Installing: /home/patrick/ENAE450_tb_ws/install/turtlebot3_gazebo/share/turtlebot3_gazebo//launch/turtlebot3_autorace_2020.launch.py
[55.980s] -- Installing: /home/patrick/ENAE450_tb_ws/install/turtlebot3_gazebo/share/turtlebot3_gazebo//launch/spawn_turtlebot3.launch.py
[55.980s] -- Installing: /home/patrick/ENAE450_tb_ws/install/turtlebot3_gazebo/share/turtlebot3_gazebo//launch/robot_state_publisher.launch.py
[55.980s] -- Installing: /home/patrick/ENAE450_tb_ws/install/turtlebot3_gazebo/share/turtlebot3_gazebo//launch/turtlebot3_dqn_stage1.launch.py
[55.980s] -- Installing: /home/patrick/ENAE450_tb_ws/install/turtlebot3_gazebo/share/turtlebot3_gazebo//launch/turtlebot3_dqn_stage2.launch.py
[55.980s] -- Installing: /home/patrick/ENAE450_tb_ws/install/turtlebot3_gazebo/share/turtlebot3_gazebo//launch/turtlebot3_house.launch.py
[55.981s] -- Installing: /home/patrick/ENAE450_tb_ws/install/turtlebot3_gazebo/share/turtlebot3_gazebo//launch/turtlebot3_world.launch.py
[56.039s] -- Installing: /home/patrick/ENAE450_tb_ws/install/turtlebot3_gazebo/share/turtlebot3_gazebo//models
[56.040s] -- Installing: /home/patrick/ENAE450_tb_ws/install/turtlebot3_gazebo/share/turtlebot3_gazebo//models/turtlebot3_common
[56.040s] -- Installing: /home/patrick/ENAE450_tb_ws/install/turtlebot3_gazebo/share/turtlebot3_gazebo//models/turtlebot3_common/model.config
[56.041s] -- Installing: /home/patrick/ENAE450_tb_ws/install/turtlebot3_gazebo/share/turtlebot3_gazebo//models/turtlebot3_common/meshes
[56.041s] -- Installing: /home/patrick/ENAE450_tb_ws/install/turtlebot3_gazebo/share/turtlebot3_gazebo//models/turtlebot3_common/meshes/waffle_pi_base.dae
[56.041s] -- Installing: /home/patrick/ENAE450_tb_ws/install/turtlebot3_gazebo/share/turtlebot3_gazebo//models/turtlebot3_common/meshes/r200.dae
[56.042s] -- Installing: /home/patrick/ENAE450_tb_ws/install/turtlebot3_gazebo/share/turtlebot3_gazebo//models/turtlebot3_common/meshes/tire.dae
[56.042s] -- Installing: /home/patrick/ENAE450_tb_ws/install/turtlebot3_gazebo/share/turtlebot3_gazebo//models/turtlebot3_common/meshes/lds.dae
[56.042s] -- Installing: /home/patrick/ENAE450_tb_ws/install/turtlebot3_gazebo/share/turtlebot3_gazebo//models/turtlebot3_common/meshes/sensors
[56.042s] -- Installing: /home/patrick/ENAE450_tb_ws/install/turtlebot3_gazebo/share/turtlebot3_gazebo//models/turtlebot3_common/meshes/sensors/r200.dae
[56.042s] -- Installing: /home/patrick/ENAE450_tb_ws/install/turtlebot3_gazebo/share/turtlebot3_gazebo//models/turtlebot3_common/meshes/sensors/lds.stl
[56.042s] -- Installing: /home/patrick/ENAE450_tb_ws/install/turtlebot3_gazebo/share/turtlebot3_gazebo//models/turtlebot3_common/meshes/sensors/astra.jpg
[56.042s] -- Installing: /home/patrick/ENAE450_tb_ws/install/turtlebot3_gazebo/share/turtlebot3_gazebo//models/turtlebot3_common/meshes/sensors/r200.jpg
[56.042s] -- Installing: /home/patrick/ENAE450_tb_ws/install/turtlebot3_gazebo/share/turtlebot3_gazebo//models/turtlebot3_common/meshes/sensors/astra.dae
[56.042s] -- Installing: /home/patrick/ENAE450_tb_ws/install/turtlebot3_gazebo/share/turtlebot3_gazebo//models/turtlebot3_common/meshes/burger_base.dae
[56.042s] -- Installing: /home/patrick/ENAE450_tb_ws/install/turtlebot3_gazebo/share/turtlebot3_gazebo//models/turtlebot3_common/meshes/wheels
[56.042s] -- Installing: /home/patrick/ENAE450_tb_ws/install/turtlebot3_gazebo/share/turtlebot3_gazebo//models/turtlebot3_common/meshes/wheels/right_tire.stl
[56.042s] -- Installing: /home/patrick/ENAE450_tb_ws/install/turtlebot3_gazebo/share/turtlebot3_gazebo//models/turtlebot3_common/meshes/wheels/left_tire.stl
[56.043s] -- Installing: /home/patrick/ENAE450_tb_ws/install/turtlebot3_gazebo/share/turtlebot3_gazebo//models/turtlebot3_common/meshes/bases
[56.043s] -- Installing: /home/patrick/ENAE450_tb_ws/install/turtlebot3_gazebo/share/turtlebot3_gazebo//models/turtlebot3_common/meshes/bases/burger_base.stl
[56.043s] -- Installing: /home/patrick/ENAE450_tb_ws/install/turtlebot3_gazebo/share/turtlebot3_gazebo//models/turtlebot3_common/meshes/bases/waffle_base.stl
[56.043s] -- Installing: /home/patrick/ENAE450_tb_ws/install/turtlebot3_gazebo/share/turtlebot3_gazebo//models/turtlebot3_common/meshes/bases/waffle_pi_base.stl
[56.043s] -- Installing: /home/patrick/ENAE450_tb_ws/install/turtlebot3_gazebo/share/turtlebot3_gazebo//models/turtlebot3_common/meshes/waffle_base.dae
[56.043s] -- Installing: /home/patrick/ENAE450_tb_ws/install/turtlebot3_gazebo/share/turtlebot3_gazebo//models/turtlebot3_burger_cam
[56.043s] -- Installing: /home/patrick/ENAE450_tb_ws/install/turtlebot3_gazebo/share/turtlebot3_gazebo//models/turtlebot3_burger_cam/model.config
[56.043s] -- Installing: /home/patrick/ENAE450_tb_ws/install/turtlebot3_gazebo/share/turtlebot3_gazebo//models/turtlebot3_burger_cam/model-1_4.sdf
[56.043s] -- Installing: /home/patrick/ENAE450_tb_ws/install/turtlebot3_gazebo/share/turtlebot3_gazebo//models/turtlebot3_burger_cam/model.sdf
[56.043s] -- Installing: /home/patrick/ENAE450_tb_ws/install/turtlebot3_gazebo/share/turtlebot3_gazebo//models/turtlebot3_dqn_world
[56.043s] -- Installing: /home/patrick/ENAE450_tb_ws/install/turtlebot3_gazebo/share/turtlebot3_gazebo//models/turtlebot3_dqn_world/inner_walls
[56.043s] -- Installing: /home/patrick/ENAE450_tb_ws/install/turtlebot3_gazebo/share/turtlebot3_gazebo//models/turtlebot3_dqn_world/inner_walls/model.config
[56.043s] -- Installing: /home/patrick/ENAE450_tb_ws/install/turtlebot3_gazebo/share/turtlebot3_gazebo//models/turtlebot3_dqn_world/inner_walls/model.sdf
[56.043s] -- Installing: /home/patrick/ENAE450_tb_ws/install/turtlebot3_gazebo/share/turtlebot3_gazebo//models/turtlebot3_dqn_world/goal_box
[56.043s] -- Installing: /home/patrick/ENAE450_tb_ws/install/turtlebot3_gazebo/share/turtlebot3_gazebo//models/turtlebot3_dqn_world/goal_box/model.config
[56.043s] -- Installing: /home/patrick/ENAE450_tb_ws/install/turtlebot3_gazebo/share/turtlebot3_gazebo//models/turtlebot3_dqn_world/goal_box/model.sdf
[56.043s] -- Installing: /home/patrick/ENAE450_tb_ws/install/turtlebot3_gazebo/share/turtlebot3_gazebo//models/turtlebot3_dqn_world/model.config
[56.043s] -- Installing: /home/patrick/ENAE450_tb_ws/install/turtlebot3_gazebo/share/turtlebot3_gazebo//models/turtlebot3_dqn_world/obstacle1
[56.043s] -- Installing: /home/patrick/ENAE450_tb_ws/install/turtlebot3_gazebo/share/turtlebot3_gazebo//models/turtlebot3_dqn_world/obstacle1/model.config
[56.043s] -- Installing: /home/patrick/ENAE450_tb_ws/install/turtlebot3_gazebo/share/turtlebot3_gazebo//models/turtlebot3_dqn_world/obstacle1/model.sdf
[56.044s] -- Installing: /home/patrick/ENAE450_tb_ws/install/turtlebot3_gazebo/share/turtlebot3_gazebo//models/turtlebot3_dqn_world/obstacle2
[56.044s] -- Installing: /home/patrick/ENAE450_tb_ws/install/turtlebot3_gazebo/share/turtlebot3_gazebo//models/turtlebot3_dqn_world/obstacle2/model.config
[56.044s] -- Installing: /home/patrick/ENAE450_tb_ws/install/turtlebot3_gazebo/share/turtlebot3_gazebo//models/turtlebot3_dqn_world/obstacle2/model.sdf
[56.044s] -- Installing: /home/patrick/ENAE450_tb_ws/install/turtlebot3_gazebo/share/turtlebot3_gazebo//models/turtlebot3_dqn_world/obstacles
[56.045s] -- Installing: /home/patrick/ENAE450_tb_ws/install/turtlebot3_gazebo/share/turtlebot3_gazebo//models/turtlebot3_dqn_world/obstacles/model.config
[56.045s] -- Installing: /home/patrick/ENAE450_tb_ws/install/turtlebot3_gazebo/share/turtlebot3_gazebo//models/turtlebot3_dqn_world/obstacles/model.sdf
[56.045s] -- Installing: /home/patrick/ENAE450_tb_ws/install/turtlebot3_gazebo/share/turtlebot3_gazebo//models/turtlebot3_dqn_world/model.sdf
[56.045s] -- Installing: /home/patrick/ENAE450_tb_ws/install/turtlebot3_gazebo/share/turtlebot3_gazebo//models/turtlebot3_waffle
[56.045s] -- Installing: /home/patrick/ENAE450_tb_ws/install/turtlebot3_gazebo/share/turtlebot3_gazebo//models/turtlebot3_waffle/model.config
[56.045s] -- Installing: /home/patrick/ENAE450_tb_ws/install/turtlebot3_gazebo/share/turtlebot3_gazebo//models/turtlebot3_waffle/model-1_4.sdf
[56.045s] -- Installing: /home/patrick/ENAE450_tb_ws/install/turtlebot3_gazebo/share/turtlebot3_gazebo//models/turtlebot3_waffle/model.sdf
[56.045s] -- Installing: /home/patrick/ENAE450_tb_ws/install/turtlebot3_gazebo/share/turtlebot3_gazebo//models/turtlebot3_autorace_2020
[56.045s] -- Installing: /home/patrick/ENAE450_tb_ws/install/turtlebot3_gazebo/share/turtlebot3_gazebo//models/turtlebot3_autorace_2020/traffic_bar
[56.045s] -- Installing: /home/patrick/ENAE450_tb_ws/install/turtlebot3_gazebo/share/turtlebot3_gazebo//models/turtlebot3_autorace_2020/traffic_bar/model.config
[56.045s] -- Installing: /home/patrick/ENAE450_tb_ws/install/turtlebot3_gazebo/share/turtlebot3_gazebo//models/turtlebot3_autorace_2020/traffic_bar/materials
[56.045s] -- Installing: /home/patrick/ENAE450_tb_ws/install/turtlebot3_gazebo/share/turtlebot3_gazebo//models/turtlebot3_autorace_2020/traffic_bar/materials/scripts
[56.045s] -- Installing: /home/patrick/ENAE450_tb_ws/install/turtlebot3_gazebo/share/turtlebot3_gazebo//models/turtlebot3_autorace_2020/traffic_bar/materials/scripts/traffic_bar.material
[56.045s] -- Installing: /home/patrick/ENAE450_tb_ws/install/turtlebot3_gazebo/share/turtlebot3_gazebo//models/turtlebot3_autorace_2020/traffic_bar/materials/textures
[56.045s] -- Installing: /home/patrick/ENAE450_tb_ws/install/turtlebot3_gazebo/share/turtlebot3_gazebo//models/turtlebot3_autorace_2020/traffic_bar/materials/textures/traffic_bar.png
[56.045s] -- Installing: /home/patrick/ENAE450_tb_ws/install/turtlebot3_gazebo/share/turtlebot3_gazebo//models/turtlebot3_autorace_2020/traffic_bar/model.sdf
[56.045s] -- Installing: /home/patrick/ENAE450_tb_ws/install/turtlebot3_gazebo/share/turtlebot3_gazebo//models/turtlebot3_autorace_2020/traffic_right
[56.045s] -- Installing: /home/patrick/ENAE450_tb_ws/install/turtlebot3_gazebo/share/turtlebot3_gazebo//models/turtlebot3_autorace_2020/traffic_right/model.config
[56.045s] -- Installing: /home/patrick/ENAE450_tb_ws/install/turtlebot3_gazebo/share/turtlebot3_gazebo//models/turtlebot3_autorace_2020/traffic_right/materials
[56.045s] -- Installing: /home/patrick/ENAE450_tb_ws/install/turtlebot3_gazebo/share/turtlebot3_gazebo//models/turtlebot3_autorace_2020/traffic_right/materials/scripts
[56.045s] -- Installing: /home/patrick/ENAE450_tb_ws/install/turtlebot3_gazebo/share/turtlebot3_gazebo//models/turtlebot3_autorace_2020/traffic_right/materials/scripts/traffic_right.material
[56.045s] -- Installing: /home/patrick/ENAE450_tb_ws/install/turtlebot3_gazebo/share/turtlebot3_gazebo//models/turtlebot3_autorace_2020/traffic_right/materials/textures
[56.046s] -- Installing: /home/patrick/ENAE450_tb_ws/install/turtlebot3_gazebo/share/turtlebot3_gazebo//models/turtlebot3_autorace_2020/traffic_right/materials/textures/traffic_right.png
[56.046s] -- Installing: /home/patrick/ENAE450_tb_ws/install/turtlebot3_gazebo/share/turtlebot3_gazebo//models/turtlebot3_autorace_2020/traffic_right/model.sdf
[56.046s] -- Installing: /home/patrick/ENAE450_tb_ws/install/turtlebot3_gazebo/share/turtlebot3_gazebo//models/turtlebot3_autorace_2020/traffic_left
[56.046s] -- Installing: /home/patrick/ENAE450_tb_ws/install/turtlebot3_gazebo/share/turtlebot3_gazebo//models/turtlebot3_autorace_2020/traffic_left/model.config
[56.046s] -- Installing: /home/patrick/ENAE450_tb_ws/install/turtlebot3_gazebo/share/turtlebot3_gazebo//models/turtlebot3_autorace_2020/traffic_left/materials
[56.046s] -- Installing: /home/patrick/ENAE450_tb_ws/install/turtlebot3_gazebo/share/turtlebot3_gazebo//models/turtlebot3_autorace_2020/traffic_left/materials/scripts
[56.046s] -- Installing: /home/patrick/ENAE450_tb_ws/install/turtlebot3_gazebo/share/turtlebot3_gazebo//models/turtlebot3_autorace_2020/traffic_left/materials/scripts/traffic_is_left.material
[56.046s] -- Installing: /home/patrick/ENAE450_tb_ws/install/turtlebot3_gazebo/share/turtlebot3_gazebo//models/turtlebot3_autorace_2020/traffic_left/materials/textures
[56.046s] -- Installing: /home/patrick/ENAE450_tb_ws/install/turtlebot3_gazebo/share/turtlebot3_gazebo//models/turtlebot3_autorace_2020/traffic_left/materials/textures/traffic_left.png
[56.046s] -- Installing: /home/patrick/ENAE450_tb_ws/install/turtlebot3_gazebo/share/turtlebot3_gazebo//models/turtlebot3_autorace_2020/traffic_left/model.sdf
[56.046s] -- Installing: /home/patrick/ENAE450_tb_ws/install/turtlebot3_gazebo/share/turtlebot3_gazebo//models/turtlebot3_autorace_2020/traffic_pl_left
[56.046s] -- Installing: /home/patrick/ENAE450_tb_ws/install/turtlebot3_gazebo/share/turtlebot3_gazebo//models/turtlebot3_autorace_2020/traffic_pl_left/model.config
[56.046s] -- Installing: /home/patrick/ENAE450_tb_ws/install/turtlebot3_gazebo/share/turtlebot3_gazebo//models/turtlebot3_autorace_2020/traffic_pl_left/materials
[56.046s] -- Installing: /home/patrick/ENAE450_tb_ws/install/turtlebot3_gazebo/share/turtlebot3_gazebo//models/turtlebot3_autorace_2020/traffic_pl_left/materials/scripts
[56.046s] -- Installing: /home/patrick/ENAE450_tb_ws/install/turtlebot3_gazebo/share/turtlebot3_gazebo//models/turtlebot3_autorace_2020/traffic_pl_left/materials/scripts/traffic_pl_left.material
[56.046s] -- Installing: /home/patrick/ENAE450_tb_ws/install/turtlebot3_gazebo/share/turtlebot3_gazebo//models/turtlebot3_autorace_2020/traffic_pl_left/materials/textures
[56.046s] -- Installing: /home/patrick/ENAE450_tb_ws/install/turtlebot3_gazebo/share/turtlebot3_gazebo//models/turtlebot3_autorace_2020/traffic_pl_left/materials/textures/traffic_pl_left.png
[56.046s] -- Installing: /home/patrick/ENAE450_tb_ws/install/turtlebot3_gazebo/share/turtlebot3_gazebo//models/turtlebot3_autorace_2020/traffic_pl_left/model.sdf
[56.046s] -- Installing: /home/patrick/ENAE450_tb_ws/install/turtlebot3_gazebo/share/turtlebot3_gazebo//models/turtlebot3_autorace_2020/traffic_intersection
[56.046s] -- Installing: /home/patrick/ENAE450_tb_ws/install/turtlebot3_gazebo/share/turtlebot3_gazebo//models/turtlebot3_autorace_2020/traffic_intersection/model.config
[56.046s] -- Installing: /home/patrick/ENAE450_tb_ws/install/turtlebot3_gazebo/share/turtlebot3_gazebo//models/turtlebot3_autorace_2020/traffic_intersection/materials
[56.046s] -- Installing: /home/patrick/ENAE450_tb_ws/install/turtlebot3_gazebo/share/turtlebot3_gazebo//models/turtlebot3_autorace_2020/traffic_intersection/materials/scripts
[56.047s] -- Installing: /home/patrick/ENAE450_tb_ws/install/turtlebot3_gazebo/share/turtlebot3_gazebo//models/turtlebot3_autorace_2020/traffic_intersection/materials/scripts/traffic_intersection.material
[56.047s] -- Installing: /home/patrick/ENAE450_tb_ws/install/turtlebot3_gazebo/share/turtlebot3_gazebo//models/turtlebot3_autorace_2020/traffic_intersection/materials/textures
[56.047s] -- Installing: /home/patrick/ENAE450_tb_ws/install/turtlebot3_gazebo/share/turtlebot3_gazebo//models/turtlebot3_autorace_2020/traffic_intersection/materials/textures/traffic_intersection.png
[56.047s] -- Installing: /home/patrick/ENAE450_tb_ws/install/turtlebot3_gazebo/share/turtlebot3_gazebo//models/turtlebot3_autorace_2020/traffic_intersection/model.sdf
[56.047s] -- Installing: /home/patrick/ENAE450_tb_ws/install/turtlebot3_gazebo/share/turtlebot3_gazebo//models/turtlebot3_autorace_2020/traffic_stop
[56.047s] -- Installing: /home/patrick/ENAE450_tb_ws/install/turtlebot3_gazebo/share/turtlebot3_gazebo//models/turtlebot3_autorace_2020/traffic_stop/model.config
[56.047s] -- Installing: /home/patrick/ENAE450_tb_ws/install/turtlebot3_gazebo/share/turtlebot3_gazebo//models/turtlebot3_autorace_2020/traffic_stop/materials
[56.047s] -- Installing: /home/patrick/ENAE450_tb_ws/install/turtlebot3_gazebo/share/turtlebot3_gazebo//models/turtlebot3_autorace_2020/traffic_stop/materials/scripts
[56.047s] -- Installing: /home/patrick/ENAE450_tb_ws/install/turtlebot3_gazebo/share/turtlebot3_gazebo//models/turtlebot3_autorace_2020/traffic_stop/materials/scripts/traffic_stop.material
[56.047s] -- Installing: /home/patrick/ENAE450_tb_ws/install/turtlebot3_gazebo/share/turtlebot3_gazebo//models/turtlebot3_autorace_2020/traffic_stop/materials/textures
[56.047s] -- Installing: /home/patrick/ENAE450_tb_ws/install/turtlebot3_gazebo/share/turtlebot3_gazebo//models/turtlebot3_autorace_2020/traffic_stop/materials/textures/traffic_stop.png
[56.047s] -- Installing: /home/patrick/ENAE450_tb_ws/install/turtlebot3_gazebo/share/turtlebot3_gazebo//models/turtlebot3_autorace_2020/traffic_stop/model.sdf
[56.047s] -- Installing: /home/patrick/ENAE450_tb_ws/install/turtlebot3_gazebo/share/turtlebot3_gazebo//models/turtlebot3_autorace_2020/traffic_construction
[56.047s] -- Installing: /home/patrick/ENAE450_tb_ws/install/turtlebot3_gazebo/share/turtlebot3_gazebo//models/turtlebot3_autorace_2020/traffic_construction/model.config
[56.047s] -- Installing: /home/patrick/ENAE450_tb_ws/install/turtlebot3_gazebo/share/turtlebot3_gazebo//models/turtlebot3_autorace_2020/traffic_construction/materials
[56.047s] -- Installing: /home/patrick/ENAE450_tb_ws/install/turtlebot3_gazebo/share/turtlebot3_gazebo//models/turtlebot3_autorace_2020/traffic_construction/materials/scripts
[56.047s] -- Installing: /home/patrick/ENAE450_tb_ws/install/turtlebot3_gazebo/share/turtlebot3_gazebo//models/turtlebot3_autorace_2020/traffic_construction/materials/scripts/traffic_construction.material
[56.047s] -- Installing: /home/patrick/ENAE450_tb_ws/install/turtlebot3_gazebo/share/turtlebot3_gazebo//models/turtlebot3_autorace_2020/traffic_construction/materials/textures
[56.047s] -- Installing: /home/patrick/ENAE450_tb_ws/install/turtlebot3_gazebo/share/turtlebot3_gazebo//models/turtlebot3_autorace_2020/traffic_construction/materials/textures/traffic_construction.png
[56.047s] -- Installing: /home/patrick/ENAE450_tb_ws/install/turtlebot3_gazebo/share/turtlebot3_gazebo//models/turtlebot3_autorace_2020/traffic_construction/model.sdf
[56.047s] -- Installing: /home/patrick/ENAE450_tb_ws/install/turtlebot3_gazebo/share/turtlebot3_gazebo//models/turtlebot3_autorace_2020/checker
[56.047s] -- Installing: /home/patrick/ENAE450_tb_ws/install/turtlebot3_gazebo/share/turtlebot3_gazebo//models/turtlebot3_autorace_2020/checker/model.config
[56.049s] -- Installing: /home/patrick/ENAE450_tb_ws/install/turtlebot3_gazebo/share/turtlebot3_gazebo//models/turtlebot3_autorace_2020/checker/materials
[56.050s] -- Installing: /home/patrick/ENAE450_tb_ws/install/turtlebot3_gazebo/share/turtlebot3_gazebo//models/turtlebot3_autorace_2020/checker/materials/scripts
[56.050s] -- Installing: /home/patrick/ENAE450_tb_ws/install/turtlebot3_gazebo/share/turtlebot3_gazebo//models/turtlebot3_autorace_2020/checker/materials/scripts/checker.material
[56.050s] -- Installing: /home/patrick/ENAE450_tb_ws/install/turtlebot3_gazebo/share/turtlebot3_gazebo//models/turtlebot3_autorace_2020/checker/materials/textures
[56.051s] -- Installing: /home/patrick/ENAE450_tb_ws/install/turtlebot3_gazebo/share/turtlebot3_gazebo//models/turtlebot3_autorace_2020/checker/materials/textures/checker.png
[56.051s] -- Installing: /home/patrick/ENAE450_tb_ws/install/turtlebot3_gazebo/share/turtlebot3_gazebo//models/turtlebot3_autorace_2020/checker/materials/checker.png
[56.051s] -- Installing: /home/patrick/ENAE450_tb_ws/install/turtlebot3_gazebo/share/turtlebot3_gazebo//models/turtlebot3_autorace_2020/checker/model.sdf
[56.052s] -- Installing: /home/patrick/ENAE450_tb_ws/install/turtlebot3_gazebo/share/turtlebot3_gazebo//models/turtlebot3_autorace_2020/course
[56.052s] -- Installing: /home/patrick/ENAE450_tb_ws/install/turtlebot3_gazebo/share/turtlebot3_gazebo//models/turtlebot3_autorace_2020/course/model.config
[56.053s] -- Installing: /home/patrick/ENAE450_tb_ws/install/turtlebot3_gazebo/share/turtlebot3_gazebo//models/turtlebot3_autorace_2020/course/materials
[56.053s] -- Installing: /home/patrick/ENAE450_tb_ws/install/turtlebot3_gazebo/share/turtlebot3_gazebo//models/turtlebot3_autorace_2020/course/materials/scripts
[56.053s] -- Installing: /home/patrick/ENAE450_tb_ws/install/turtlebot3_gazebo/share/turtlebot3_gazebo//models/turtlebot3_autorace_2020/course/materials/scripts/course.material
[56.054s] -- Installing: /home/patrick/ENAE450_tb_ws/install/turtlebot3_gazebo/share/turtlebot3_gazebo//models/turtlebot3_autorace_2020/course/materials/textures
[56.054s] -- Installing: /home/patrick/ENAE450_tb_ws/install/turtlebot3_gazebo/share/turtlebot3_gazebo//models/turtlebot3_autorace_2020/course/materials/textures/course.png
[56.054s] -- Installing: /home/patrick/ENAE450_tb_ws/install/turtlebot3_gazebo/share/turtlebot3_gazebo//models/turtlebot3_autorace_2020/course/model.sdf
[56.054s] -- Installing: /home/patrick/ENAE450_tb_ws/install/turtlebot3_gazebo/share/turtlebot3_gazebo//models/turtlebot3_autorace_2020/traffic_noentry
[56.054s] -- Installing: /home/patrick/ENAE450_tb_ws/install/turtlebot3_gazebo/share/turtlebot3_gazebo//models/turtlebot3_autorace_2020/traffic_noentry/model.config
[56.055s] -- Installing: /home/patrick/ENAE450_tb_ws/install/turtlebot3_gazebo/share/turtlebot3_gazebo//models/turtlebot3_autorace_2020/traffic_noentry/materials
[56.055s] -- Installing: /home/patrick/ENAE450_tb_ws/install/turtlebot3_gazebo/share/turtlebot3_gazebo//models/turtlebot3_autorace_2020/traffic_noentry/materials/scripts
[56.056s] -- Installing: /home/patrick/ENAE450_tb_ws/install/turtlebot3_gazebo/share/turtlebot3_gazebo//models/turtlebot3_autorace_2020/traffic_noentry/materials/scripts/traffic_noentry.material
[56.056s] -- Installing: /home/patrick/ENAE450_tb_ws/install/turtlebot3_gazebo/share/turtlebot3_gazebo//models/turtlebot3_autorace_2020/traffic_noentry/materials/textures
[56.056s] -- Installing: /home/patrick/ENAE450_tb_ws/install/turtlebot3_gazebo/share/turtlebot3_gazebo//models/turtlebot3_autorace_2020/traffic_noentry/materials/textures/traffic_noentry.png
[56.056s] -- Installing: /home/patrick/ENAE450_tb_ws/install/turtlebot3_gazebo/share/turtlebot3_gazebo//models/turtlebot3_autorace_2020/traffic_noentry/model.sdf
[56.056s] -- Installing: /home/patrick/ENAE450_tb_ws/install/turtlebot3_gazebo/share/turtlebot3_gazebo//models/turtlebot3_autorace_2020/traffic_tunnel
[56.056s] -- Installing: /home/patrick/ENAE450_tb_ws/install/turtlebot3_gazebo/share/turtlebot3_gazebo//models/turtlebot3_autorace_2020/traffic_tunnel/model.config
[56.056s] -- Installing: /home/patrick/ENAE450_tb_ws/install/turtlebot3_gazebo/share/turtlebot3_gazebo//models/turtlebot3_autorace_2020/traffic_tunnel/materials
[56.056s] -- Installing: /home/patrick/ENAE450_tb_ws/install/turtlebot3_gazebo/share/turtlebot3_gazebo//models/turtlebot3_autorace_2020/traffic_tunnel/materials/scripts
[56.056s] -- Installing: /home/patrick/ENAE450_tb_ws/install/turtlebot3_gazebo/share/turtlebot3_gazebo//models/turtlebot3_autorace_2020/traffic_tunnel/materials/scripts/tunnel.material
[56.056s] -- Installing: /home/patrick/ENAE450_tb_ws/install/turtlebot3_gazebo/share/turtlebot3_gazebo//models/turtlebot3_autorace_2020/traffic_tunnel/materials/textures
[56.056s] -- Installing: /home/patrick/ENAE450_tb_ws/install/turtlebot3_gazebo/share/turtlebot3_gazebo//models/turtlebot3_autorace_2020/traffic_tunnel/materials/textures/tunnel.png
[56.056s] -- Installing: /home/patrick/ENAE450_tb_ws/install/turtlebot3_gazebo/share/turtlebot3_gazebo//models/turtlebot3_autorace_2020/traffic_tunnel/model.sdf
[56.056s] -- Installing: /home/patrick/ENAE450_tb_ws/install/turtlebot3_gazebo/share/turtlebot3_gazebo//models/turtlebot3_autorace_2020/traffic_light
[56.057s] -- Installing: /home/patrick/ENAE450_tb_ws/install/turtlebot3_gazebo/share/turtlebot3_gazebo//models/turtlebot3_autorace_2020/traffic_light/model.config
[56.057s] -- Installing: /home/patrick/ENAE450_tb_ws/install/turtlebot3_gazebo/share/turtlebot3_gazebo//models/turtlebot3_autorace_2020/traffic_light/materials
[56.057s] -- Installing: /home/patrick/ENAE450_tb_ws/install/turtlebot3_gazebo/share/turtlebot3_gazebo//models/turtlebot3_autorace_2020/traffic_light/materials/scripts
[56.057s] -- Installing: /home/patrick/ENAE450_tb_ws/install/turtlebot3_gazebo/share/turtlebot3_gazebo//models/turtlebot3_autorace_2020/traffic_light/materials/scripts/traffic_light.material
[56.057s] -- Installing: /home/patrick/ENAE450_tb_ws/install/turtlebot3_gazebo/share/turtlebot3_gazebo//models/turtlebot3_autorace_2020/traffic_light/materials/textures
[56.057s] -- Installing: /home/patrick/ENAE450_tb_ws/install/turtlebot3_gazebo/share/turtlebot3_gazebo//models/turtlebot3_autorace_2020/traffic_light/materials/textures/traffic_light_red.png
[56.057s] -- Installing: /home/patrick/ENAE450_tb_ws/install/turtlebot3_gazebo/share/turtlebot3_gazebo//models/turtlebot3_autorace_2020/traffic_light/materials/textures/traffic_light_yellow.png
[56.057s] -- Installing: /home/patrick/ENAE450_tb_ws/install/turtlebot3_gazebo/share/turtlebot3_gazebo//models/turtlebot3_autorace_2020/traffic_light/materials/textures/traffic_light.png
[56.057s] -- Installing: /home/patrick/ENAE450_tb_ws/install/turtlebot3_gazebo/share/turtlebot3_gazebo//models/turtlebot3_autorace_2020/traffic_light/materials/textures/traffic_light_green.png
[56.057s] -- Installing: /home/patrick/ENAE450_tb_ws/install/turtlebot3_gazebo/share/turtlebot3_gazebo//models/turtlebot3_autorace_2020/traffic_light/model.sdf
[56.057s] -- Installing: /home/patrick/ENAE450_tb_ws/install/turtlebot3_gazebo/share/turtlebot3_gazebo//models/turtlebot3_autorace_2020/traffic_parking
[56.057s] -- Installing: /home/patrick/ENAE450_tb_ws/install/turtlebot3_gazebo/share/turtlebot3_gazebo//models/turtlebot3_autorace_2020/traffic_parking/model.config
[56.057s] -- Installing: /home/patrick/ENAE450_tb_ws/install/turtlebot3_gazebo/share/turtlebot3_gazebo//models/turtlebot3_autorace_2020/traffic_parking/materials
[56.057s] -- Installing: /home/patrick/ENAE450_tb_ws/install/turtlebot3_gazebo/share/turtlebot3_gazebo//models/turtlebot3_autorace_2020/traffic_parking/materials/scripts
[56.057s] -- Installing: /home/patrick/ENAE450_tb_ws/install/turtlebot3_gazebo/share/turtlebot3_gazebo//models/turtlebot3_autorace_2020/traffic_parking/materials/scripts/traffic_parking.material
[56.057s] -- Installing: /home/patrick/ENAE450_tb_ws/install/turtlebot3_gazebo/share/turtlebot3_gazebo//models/turtlebot3_autorace_2020/traffic_parking/materials/textures
[56.057s] -- Installing: /home/patrick/ENAE450_tb_ws/install/turtlebot3_gazebo/share/turtlebot3_gazebo//models/turtlebot3_autorace_2020/traffic_parking/materials/textures/traffic_parking.png
[56.057s] -- Installing: /home/patrick/ENAE450_tb_ws/install/turtlebot3_gazebo/share/turtlebot3_gazebo//models/turtlebot3_autorace_2020/traffic_parking/model.sdf
[56.057s] -- Installing: /home/patrick/ENAE450_tb_ws/install/turtlebot3_gazebo/share/turtlebot3_gazebo//models/turtlebot3_waffle_pi
[56.057s] -- Installing: /home/patrick/ENAE450_tb_ws/install/turtlebot3_gazebo/share/turtlebot3_gazebo//models/turtlebot3_waffle_pi/model.config
[56.057s] -- Installing: /home/patrick/ENAE450_tb_ws/install/turtlebot3_gazebo/share/turtlebot3_gazebo//models/turtlebot3_waffle_pi/model-1_4_.sdf
[56.057s] -- Installing: /home/patrick/ENAE450_tb_ws/install/turtlebot3_gazebo/share/turtlebot3_gazebo//models/turtlebot3_waffle_pi/model.sdf
[56.057s] -- Installing: /home/patrick/ENAE450_tb_ws/install/turtlebot3_gazebo/share/turtlebot3_gazebo//models/turtlebot3_house
[56.058s] -- Installing: /home/patrick/ENAE450_tb_ws/install/turtlebot3_gazebo/share/turtlebot3_gazebo//models/turtlebot3_house/model.config
[56.058s] -- Installing: /home/patrick/ENAE450_tb_ws/install/turtlebot3_gazebo/share/turtlebot3_gazebo//models/turtlebot3_house/model.sdf
[56.058s] -- Installing: /home/patrick/ENAE450_tb_ws/install/turtlebot3_gazebo/share/turtlebot3_gazebo//models/turtlebot3_burger
[56.058s] -- Installing: /home/patrick/ENAE450_tb_ws/install/turtlebot3_gazebo/share/turtlebot3_gazebo//models/turtlebot3_burger/model.config
[56.058s] -- Installing: /home/patrick/ENAE450_tb_ws/install/turtlebot3_gazebo/share/turtlebot3_gazebo//models/turtlebot3_burger/model-1_4.sdf
[56.058s] -- Installing: /home/patrick/ENAE450_tb_ws/install/turtlebot3_gazebo/share/turtlebot3_gazebo//models/turtlebot3_burger/model.sdf
[56.058s] -- Installing: /home/patrick/ENAE450_tb_ws/install/turtlebot3_gazebo/share/turtlebot3_gazebo//models/turtlebot3_world
[56.058s] -- Installing: /home/patrick/ENAE450_tb_ws/install/turtlebot3_gazebo/share/turtlebot3_gazebo//models/turtlebot3_world/model.config
[56.058s] -- Installing: /home/patrick/ENAE450_tb_ws/install/turtlebot3_gazebo/share/turtlebot3_gazebo//models/turtlebot3_world/model-1_4.sdf
[56.058s] -- Installing: /home/patrick/ENAE450_tb_ws/install/turtlebot3_gazebo/share/turtlebot3_gazebo//models/turtlebot3_world/meshes
[56.058s] -- Installing: /home/patrick/ENAE450_tb_ws/install/turtlebot3_gazebo/share/turtlebot3_gazebo//models/turtlebot3_world/meshes/hexagon.dae
[56.058s] -- Installing: /home/patrick/ENAE450_tb_ws/install/turtlebot3_gazebo/share/turtlebot3_gazebo//models/turtlebot3_world/meshes/wall.dae
[56.058s] -- Installing: /home/patrick/ENAE450_tb_ws/install/turtlebot3_gazebo/share/turtlebot3_gazebo//models/turtlebot3_world/model.sdf
[56.058s] -- Installing: /home/patrick/ENAE450_tb_ws/install/turtlebot3_gazebo/share/turtlebot3_gazebo//rviz
[56.058s] -- Installing: /home/patrick/ENAE450_tb_ws/install/turtlebot3_gazebo/share/turtlebot3_gazebo//rviz/tb3_gazebo.rviz
[56.058s] -- Installing: /home/patrick/ENAE450_tb_ws/install/turtlebot3_gazebo/share/turtlebot3_gazebo//urdf
[56.058s] -- Installing: /home/patrick/ENAE450_tb_ws/install/turtlebot3_gazebo/share/turtlebot3_gazebo//urdf/turtlebot3_burger.urdf
[56.058s] -- Installing: /home/patrick/ENAE450_tb_ws/install/turtlebot3_gazebo/share/turtlebot3_gazebo//urdf/turtlebot3_waffle_pi.urdf
[56.058s] -- Installing: /home/patrick/ENAE450_tb_ws/install/turtlebot3_gazebo/share/turtlebot3_gazebo//urdf/turtlebot3_burger_cam.urdf
[56.058s] -- Installing: /home/patrick/ENAE450_tb_ws/install/turtlebot3_gazebo/share/turtlebot3_gazebo//urdf/common_properties.urdf
[56.058s] -- Installing: /home/patrick/ENAE450_tb_ws/install/turtlebot3_gazebo/share/turtlebot3_gazebo//urdf/turtlebot3_waffle.urdf
[56.058s] -- Installing: /home/patrick/ENAE450_tb_ws/install/turtlebot3_gazebo/share/turtlebot3_gazebo//worlds
[56.058s] -- Installing: /home/patrick/ENAE450_tb_ws/install/turtlebot3_gazebo/share/turtlebot3_gazebo//worlds/turtlebot3_dqn_stage4.world
[56.059s] -- Installing: /home/patrick/ENAE450_tb_ws/install/turtlebot3_gazebo/share/turtlebot3_gazebo//worlds/empty_world.world
[56.059s] -- Installing: /home/patrick/ENAE450_tb_ws/install/turtlebot3_gazebo/share/turtlebot3_gazebo//worlds/turtlebot3_autorace_2020.world
[56.059s] -- Installing: /home/patrick/ENAE450_tb_ws/install/turtlebot3_gazebo/share/turtlebot3_gazebo//worlds/turtlebot3_dqn_stage2.world
[56.059s] -- Installing: /home/patrick/ENAE450_tb_ws/install/turtlebot3_gazebo/share/turtlebot3_gazebo//worlds/turtlebot3_dqn_stage1.world
[56.059s] -- Installing: /home/patrick/ENAE450_tb_ws/install/turtlebot3_gazebo/share/turtlebot3_gazebo//worlds/turtlebot3_dqn_stage3.world
[56.059s] -- Installing: /home/patrick/ENAE450_tb_ws/install/turtlebot3_gazebo/share/turtlebot3_gazebo//worlds/turtlebot3_world.world
[56.059s] -- Installing: /home/patrick/ENAE450_tb_ws/install/turtlebot3_gazebo/share/turtlebot3_gazebo//worlds/turtlebot3_house.world
[56.060s] -- Installing: /home/patrick/ENAE450_tb_ws/install/turtlebot3_gazebo/include/
[56.060s] -- Installing: /home/patrick/ENAE450_tb_ws/install/turtlebot3_gazebo/include//turtlebot3_gazebo
[56.060s] -- Installing: /home/patrick/ENAE450_tb_ws/install/turtlebot3_gazebo/include//turtlebot3_gazebo/obstacle2.hpp
[56.060s] -- Installing: /home/patrick/ENAE450_tb_ws/install/turtlebot3_gazebo/include//turtlebot3_gazebo/traffic_bar_plugin.hpp
[56.060s] -- Installing: /home/patrick/ENAE450_tb_ws/install/turtlebot3_gazebo/include//turtlebot3_gazebo/obstacles.hpp
[56.061s] -- Installing: /home/patrick/ENAE450_tb_ws/install/turtlebot3_gazebo/include//turtlebot3_gazebo/obstacle1.hpp
[56.061s] -- Installing: /home/patrick/ENAE450_tb_ws/install/turtlebot3_gazebo/include//turtlebot3_gazebo/traffic_light_plugin.hpp
[56.061s] -- Installing: /home/patrick/ENAE450_tb_ws/install/turtlebot3_gazebo/include//turtlebot3_gazebo/turtlebot3_drive.hpp
[56.061s] -- Installing: /home/patrick/ENAE450_tb_ws/install/turtlebot3_gazebo/share/ament_index/resource_index/package_run_dependencies/turtlebot3_gazebo
[56.062s] -- Installing: /home/patrick/ENAE450_tb_ws/install/turtlebot3_gazebo/share/ament_index/resource_index/parent_prefix_path/turtlebot3_gazebo
[56.062s] -- Installing: /home/patrick/ENAE450_tb_ws/install/turtlebot3_gazebo/share/turtlebot3_gazebo/environment/ament_prefix_path.sh
[56.062s] -- Installing: /home/patrick/ENAE450_tb_ws/install/turtlebot3_gazebo/share/turtlebot3_gazebo/environment/ament_prefix_path.dsv
[56.062s] -- Installing: /home/patrick/ENAE450_tb_ws/install/turtlebot3_gazebo/share/turtlebot3_gazebo/environment/path.sh
[56.062s] -- Installing: /home/patrick/ENAE450_tb_ws/install/turtlebot3_gazebo/share/turtlebot3_gazebo/environment/path.dsv
[56.062s] -- Installing: /home/patrick/ENAE450_tb_ws/install/turtlebot3_gazebo/share/turtlebot3_gazebo/local_setup.bash
[56.062s] -- Installing: /home/patrick/ENAE450_tb_ws/install/turtlebot3_gazebo/share/turtlebot3_gazebo/local_setup.sh
[56.062s] -- Installing: /home/patrick/ENAE450_tb_ws/install/turtlebot3_gazebo/share/turtlebot3_gazebo/local_setup.zsh
[56.062s] -- Installing: /home/patrick/ENAE450_tb_ws/install/turtlebot3_gazebo/share/turtlebot3_gazebo/local_setup.dsv
[56.062s] -- Installing: /home/patrick/ENAE450_tb_ws/install/turtlebot3_gazebo/share/turtlebot3_gazebo/package.dsv
[56.062s] -- Installing: /home/patrick/ENAE450_tb_ws/install/turtlebot3_gazebo/share/ament_index/resource_index/packages/turtlebot3_gazebo
[56.062s] -- Installing: /home/patrick/ENAE450_tb_ws/install/turtlebot3_gazebo/share/turtlebot3_gazebo/cmake/ament_cmake_export_include_directories-extras.cmake
[56.062s] -- Installing: /home/patrick/ENAE450_tb_ws/install/turtlebot3_gazebo/share/turtlebot3_gazebo/cmake/ament_cmake_export_dependencies-extras.cmake
[56.062s] -- Installing: /home/patrick/ENAE450_tb_ws/install/turtlebot3_gazebo/share/turtlebot3_gazebo/cmake/turtlebot3_gazeboConfig.cmake
[56.062s] -- Installing: /home/patrick/ENAE450_tb_ws/install/turtlebot3_gazebo/share/turtlebot3_gazebo/cmake/turtlebot3_gazeboConfig-version.cmake
[56.062s] -- Installing: /home/patrick/ENAE450_tb_ws/install/turtlebot3_gazebo/share/turtlebot3_gazebo/package.xml
[56.066s] Invoked command in '/home/patrick/ENAE450_tb_ws/build/turtlebot3_gazebo' returned '0': CMAKE_PREFIX_PATH=/opt/ros/humble /usr/bin/cmake --install /home/patrick/ENAE450_tb_ws/build/turtlebot3_gazebo
