[0.130s] Invoking command in '/home/patrick/ENAE450_tb_ws/build/dynamixel_sdk_examples': CMAKE_PREFIX_PATH=/home/patrick/ENAE450_tb_ws/install/dynamixel_sdk_custom_interfaces:/home/patrick/ENAE450_tb_ws/install/dynamixel_sdk:/home/patrick/ENAE450_tb_ws/install/turtlebot3_simulations:/home/patrick/ENAE450_tb_ws/install/turtlebot3_fake_node:/home/patrick/ENAE450_tb_ws/install/turtlebot3_msgs:/home/patrick/ENAE450_tb_ws/install/turtlebot3_gazebo:/home/patrick/ENAE450_tb_ws/install/dynamixel_sdk_examples:/home/patrick/turtlebot3_ws/install/turtlebot3:/home/patrick/turtlebot3_ws/install/turtlebot3_simulations:/home/patrick/turtlebot3_ws/install/turtlebot3_bringup:/home/patrick/turtlebot3_ws/install/turtlebot3_node:/home/patrick/turtlebot3_ws/install/turtlebot3_navigation2:/home/patrick/turtlebot3_ws/install/turtlebot3_fake_node:/home/patrick/turtlebot3_ws/install/turtlebot3_msgs:/home/patrick/turtlebot3_ws/install/turtlebot3_gazebo:/home/patrick/turtlebot3_ws/install/turtlebot3_description:/home/patrick/turtlebot3_ws/install/turtlebot3_cartographer:/home/patrick/turtlebot3_ws/install/dynamixel_sdk_examples:/home/patrick/turtlebot3_ws/install/dynamixel_sdk_custom_interfaces:/home/patrick/turtlebot3_ws/install/dynamixel_sdk:/home/patrick/ENAE450_tb_ws/install/turtlebot3_controller:/home/patrick/turtlebot3_ws/install/turtlebot3_teleop:/home/patrick/turtlebot3_ws/install/turtlebot3_example:/home/patrick/turtlebot3_ws/install/turtlebot3_controller:/opt/ros/humble LD_LIBRARY_PATH=/home/patrick/ENAE450_tb_ws/install/dynamixel_sdk_custom_interfaces/lib:/home/patrick/ENAE450_tb_ws/install/dynamixel_sdk/lib:/home/patrick/ENAE450_tb_ws/install/turtlebot3_msgs/lib:/home/patrick/turtlebot3_ws/install/turtlebot3_msgs/lib:/home/patrick/turtlebot3_ws/install/dynamixel_sdk_custom_interfaces/lib:/home/patrick/turtlebot3_ws/install/dynamixel_sdk/lib:/usr/lib/x86_64-linux-gnu/gazebo-11/plugins:/opt/ros/humble/opt/rviz_ogre_vendor/lib:/opt/ros/humble/lib/x86_64-linux-gnu:/opt/ros/humble/lib:/usr/lib/x86_64-linux-gnu/gazebo-11/plugins:/usr/lib/x86_64-linux-gnu/gazebo-11/plugins:/usr/lib/x86_64-linux-gnu/gazebo-11/plugins:/usr/lib/x86_64-linux-gnu/gazebo-11/plugins:/usr/lib/x86_64-linux-gnu/gazebo-11/plugins:/usr/lib/x86_64-linux-gnu/gazebo-11/plugins /usr/bin/cmake --build /home/patrick/ENAE450_tb_ws/build/dynamixel_sdk_examples -- -j2 -l2
[0.168s] -- Found ament_cmake: 1.3.11 (/opt/ros/humble/share/ament_cmake/cmake)
[0.709s] -- Found dynamixel_sdk: 3.8.3 (/home/patrick/ENAE450_tb_ws/install/dynamixel_sdk/share/dynamixel_sdk/cmake)
[0.709s] -- Found dynamixel_sdk_custom_interfaces: 3.8.3 (/home/patrick/ENAE450_tb_ws/install/dynamixel_sdk_custom_interfaces/share/dynamixel_sdk_custom_interfaces/cmake)
[0.797s] -- Found rosidl_generator_c: 3.1.6 (/opt/ros/humble/share/rosidl_generator_c/cmake)
[0.804s] -- Found rosidl_adapter: 3.1.6 (/opt/ros/humble/share/rosidl_adapter/cmake)
[0.815s] -- Found rosidl_generator_cpp: 3.1.6 (/opt/ros/humble/share/rosidl_generator_cpp/cmake)
[0.831s] -- Using all available rosidl_typesupport_c: rosidl_typesupport_fastrtps_c;rosidl_typesupport_introspection_c
[0.870s] -- Using all available rosidl_typesupport_cpp: rosidl_typesupport_fastrtps_cpp;rosidl_typesupport_introspection_cpp
[0.937s] -- Found rclcpp: 16.0.12 (/opt/ros/humble/share/rclcpp/cmake)
[1.157s] -- Found rmw_implementation_cmake: 6.1.2 (/opt/ros/humble/share/rmw_implementation_cmake/cmake)
[1.188s] -- Found rmw_fastrtps_cpp: 6.2.7 (/opt/ros/humble/share/rmw_fastrtps_cpp/cmake)
[1.642s] -- Using RMW implementation 'rmw_fastrtps_cpp' as default
[1.942s] -- Found rclpy: 3.3.16 (/opt/ros/humble/share/rclpy/cmake)
[1.953s] -- Found ament_lint_auto: 0.12.12 (/opt/ros/humble/share/ament_lint_auto/cmake)
[2.565s] -- Added test 'copyright' to check source files copyright and LICENSE
[2.568s] -- Added test 'cppcheck' to perform static code analysis on C / C++ code
[2.568s] -- Configured cppcheck include dirs: /home/patrick/ENAE450_tb_ws/src/DynamixelSDK/ros/dynamixel_sdk_examples/include
[2.569s] -- Configured cppcheck exclude dirs and/or files: 
[2.581s] -- Added test 'cpplint' to check C / C++ code against the Google style
[2.581s] -- Configured cpplint exclude dirs and/or files: 
[2.590s] -- Added test 'flake8' to check Python code syntax and style conventions
[2.590s] -- Added test 'lint_cmake' to check CMake code style
[2.590s] -- Added test 'pep257' to check Python code against some of the docstring style conventions in PEP 257
[2.594s] -- Added test 'uncrustify' to check C / C++ code style
[2.595s] -- Configured uncrustify additional arguments: 
[2.651s] -- Added test 'xmllint' to check XML markup files
[2.652s] -- Configuring done
[2.949s] -- Generating done
[2.984s] -- Build files have been written to: /home/patrick/ENAE450_tb_ws/build/dynamixel_sdk_examples
[3.155s] [35m[1mConsolidate compiler generated dependencies of target read_write_node[0m
[3.324s] [ 50%] [32mBuilding CXX object CMakeFiles/read_write_node.dir/src/read_write_node.cpp.o[0m
[34.825s] [100%] [32m[1mLinking CXX executable read_write_node[0m
[36.133s] [100%] Built target read_write_node
[36.170s] Invoked command in '/home/patrick/ENAE450_tb_ws/build/dynamixel_sdk_examples' returned '0': CMAKE_PREFIX_PATH=/home/patrick/ENAE450_tb_ws/install/dynamixel_sdk_custom_interfaces:/home/patrick/ENAE450_tb_ws/install/dynamixel_sdk:/home/patrick/ENAE450_tb_ws/install/turtlebot3_simulations:/home/patrick/ENAE450_tb_ws/install/turtlebot3_fake_node:/home/patrick/ENAE450_tb_ws/install/turtlebot3_msgs:/home/patrick/ENAE450_tb_ws/install/turtlebot3_gazebo:/home/patrick/ENAE450_tb_ws/install/dynamixel_sdk_examples:/home/patrick/turtlebot3_ws/install/turtlebot3:/home/patrick/turtlebot3_ws/install/turtlebot3_simulations:/home/patrick/turtlebot3_ws/install/turtlebot3_bringup:/home/patrick/turtlebot3_ws/install/turtlebot3_node:/home/patrick/turtlebot3_ws/install/turtlebot3_navigation2:/home/patrick/turtlebot3_ws/install/turtlebot3_fake_node:/home/patrick/turtlebot3_ws/install/turtlebot3_msgs:/home/patrick/turtlebot3_ws/install/turtlebot3_gazebo:/home/patrick/turtlebot3_ws/install/turtlebot3_description:/home/patrick/turtlebot3_ws/install/turtlebot3_cartographer:/home/patrick/turtlebot3_ws/install/dynamixel_sdk_examples:/home/patrick/turtlebot3_ws/install/dynamixel_sdk_custom_interfaces:/home/patrick/turtlebot3_ws/install/dynamixel_sdk:/home/patrick/ENAE450_tb_ws/install/turtlebot3_controller:/home/patrick/turtlebot3_ws/install/turtlebot3_teleop:/home/patrick/turtlebot3_ws/install/turtlebot3_example:/home/patrick/turtlebot3_ws/install/turtlebot3_controller:/opt/ros/humble LD_LIBRARY_PATH=/home/patrick/ENAE450_tb_ws/install/dynamixel_sdk_custom_interfaces/lib:/home/patrick/ENAE450_tb_ws/install/dynamixel_sdk/lib:/home/patrick/ENAE450_tb_ws/install/turtlebot3_msgs/lib:/home/patrick/turtlebot3_ws/install/turtlebot3_msgs/lib:/home/patrick/turtlebot3_ws/install/dynamixel_sdk_custom_interfaces/lib:/home/patrick/turtlebot3_ws/install/dynamixel_sdk/lib:/usr/lib/x86_64-linux-gnu/gazebo-11/plugins:/opt/ros/humble/opt/rviz_ogre_vendor/lib:/opt/ros/humble/lib/x86_64-linux-gnu:/opt/ros/humble/lib:/usr/lib/x86_64-linux-gnu/gazebo-11/plugins:/usr/lib/x86_64-linux-gnu/gazebo-11/plugins:/usr/lib/x86_64-linux-gnu/gazebo-11/plugins:/usr/lib/x86_64-linux-gnu/gazebo-11/plugins:/usr/lib/x86_64-linux-gnu/gazebo-11/plugins:/usr/lib/x86_64-linux-gnu/gazebo-11/plugins /usr/bin/cmake --build /home/patrick/ENAE450_tb_ws/build/dynamixel_sdk_examples -- -j2 -l2
[36.184s] Invoking command in '/home/patrick/ENAE450_tb_ws/build/dynamixel_sdk_examples': CMAKE_PREFIX_PATH=/home/patrick/ENAE450_tb_ws/install/dynamixel_sdk_custom_interfaces:/home/patrick/ENAE450_tb_ws/install/dynamixel_sdk:/home/patrick/ENAE450_tb_ws/install/turtlebot3_simulations:/home/patrick/ENAE450_tb_ws/install/turtlebot3_fake_node:/home/patrick/ENAE450_tb_ws/install/turtlebot3_msgs:/home/patrick/ENAE450_tb_ws/install/turtlebot3_gazebo:/home/patrick/ENAE450_tb_ws/install/dynamixel_sdk_examples:/home/patrick/turtlebot3_ws/install/turtlebot3:/home/patrick/turtlebot3_ws/install/turtlebot3_simulations:/home/patrick/turtlebot3_ws/install/turtlebot3_bringup:/home/patrick/turtlebot3_ws/install/turtlebot3_node:/home/patrick/turtlebot3_ws/install/turtlebot3_navigation2:/home/patrick/turtlebot3_ws/install/turtlebot3_fake_node:/home/patrick/turtlebot3_ws/install/turtlebot3_msgs:/home/patrick/turtlebot3_ws/install/turtlebot3_gazebo:/home/patrick/turtlebot3_ws/install/turtlebot3_description:/home/patrick/turtlebot3_ws/install/turtlebot3_cartographer:/home/patrick/turtlebot3_ws/install/dynamixel_sdk_examples:/home/patrick/turtlebot3_ws/install/dynamixel_sdk_custom_interfaces:/home/patrick/turtlebot3_ws/install/dynamixel_sdk:/home/patrick/ENAE450_tb_ws/install/turtlebot3_controller:/home/patrick/turtlebot3_ws/install/turtlebot3_teleop:/home/patrick/turtlebot3_ws/install/turtlebot3_example:/home/patrick/turtlebot3_ws/install/turtlebot3_controller:/opt/ros/humble LD_LIBRARY_PATH=/home/patrick/ENAE450_tb_ws/install/dynamixel_sdk_custom_interfaces/lib:/home/patrick/ENAE450_tb_ws/install/dynamixel_sdk/lib:/home/patrick/ENAE450_tb_ws/install/turtlebot3_msgs/lib:/home/patrick/turtlebot3_ws/install/turtlebot3_msgs/lib:/home/patrick/turtlebot3_ws/install/dynamixel_sdk_custom_interfaces/lib:/home/patrick/turtlebot3_ws/install/dynamixel_sdk/lib:/usr/lib/x86_64-linux-gnu/gazebo-11/plugins:/opt/ros/humble/opt/rviz_ogre_vendor/lib:/opt/ros/humble/lib/x86_64-linux-gnu:/opt/ros/humble/lib:/usr/lib/x86_64-linux-gnu/gazebo-11/plugins:/usr/lib/x86_64-linux-gnu/gazebo-11/plugins:/usr/lib/x86_64-linux-gnu/gazebo-11/plugins:/usr/lib/x86_64-linux-gnu/gazebo-11/plugins:/usr/lib/x86_64-linux-gnu/gazebo-11/plugins:/usr/lib/x86_64-linux-gnu/gazebo-11/plugins /usr/bin/cmake --install /home/patrick/ENAE450_tb_ws/build/dynamixel_sdk_examples
[36.197s] -- Install configuration: ""
[36.202s] -- Installing: /home/patrick/ENAE450_tb_ws/install/dynamixel_sdk_examples/lib/dynamixel_sdk_examples/read_write_node
[36.213s] -- Set runtime path of "/home/patrick/ENAE450_tb_ws/install/dynamixel_sdk_examples/lib/dynamixel_sdk_examples/read_write_node" to ""
[36.217s] -- Installing: /home/patrick/ENAE450_tb_ws/install/dynamixel_sdk_examples/lib/dynamixel_sdk_examples/read_write_node.py
[36.225s] -- Up-to-date: /home/patrick/ENAE450_tb_ws/install/dynamixel_sdk_examples/share/ament_index/resource_index/package_run_dependencies/dynamixel_sdk_examples
[36.226s] -- Installing: /home/patrick/ENAE450_tb_ws/install/dynamixel_sdk_examples/share/ament_index/resource_index/parent_prefix_path/dynamixel_sdk_examples
[36.240s] -- Up-to-date: /home/patrick/ENAE450_tb_ws/install/dynamixel_sdk_examples/share/dynamixel_sdk_examples/environment/ament_prefix_path.sh
[36.242s] -- Installing: /home/patrick/ENAE450_tb_ws/install/dynamixel_sdk_examples/share/dynamixel_sdk_examples/environment/ament_prefix_path.dsv
[36.245s] -- Up-to-date: /home/patrick/ENAE450_tb_ws/install/dynamixel_sdk_examples/share/dynamixel_sdk_examples/environment/path.sh
[36.245s] -- Installing: /home/patrick/ENAE450_tb_ws/install/dynamixel_sdk_examples/share/dynamixel_sdk_examples/environment/path.dsv
[36.246s] -- Up-to-date: /home/patrick/ENAE450_tb_ws/install/dynamixel_sdk_examples/share/dynamixel_sdk_examples/local_setup.bash
[36.247s] -- Up-to-date: /home/patrick/ENAE450_tb_ws/install/dynamixel_sdk_examples/share/dynamixel_sdk_examples/local_setup.sh
[36.247s] -- Up-to-date: /home/patrick/ENAE450_tb_ws/install/dynamixel_sdk_examples/share/dynamixel_sdk_examples/local_setup.zsh
[36.247s] -- Installing: /home/patrick/ENAE450_tb_ws/install/dynamixel_sdk_examples/share/dynamixel_sdk_examples/local_setup.dsv
[36.248s] -- Installing: /home/patrick/ENAE450_tb_ws/install/dynamixel_sdk_examples/share/dynamixel_sdk_examples/package.dsv
[36.253s] -- Up-to-date: /home/patrick/ENAE450_tb_ws/install/dynamixel_sdk_examples/share/ament_index/resource_index/packages/dynamixel_sdk_examples
[36.256s] -- Up-to-date: /home/patrick/ENAE450_tb_ws/install/dynamixel_sdk_examples/share/dynamixel_sdk_examples/cmake/dynamixel_sdk_examplesConfig.cmake
[36.257s] -- Up-to-date: /home/patrick/ENAE450_tb_ws/install/dynamixel_sdk_examples/share/dynamixel_sdk_examples/cmake/dynamixel_sdk_examplesConfig-version.cmake
[36.257s] -- Installing: /home/patrick/ENAE450_tb_ws/install/dynamixel_sdk_examples/share/dynamixel_sdk_examples/package.xml
[36.265s] Invoked command in '/home/patrick/ENAE450_tb_ws/build/dynamixel_sdk_examples' returned '0': CMAKE_PREFIX_PATH=/home/patrick/ENAE450_tb_ws/install/dynamixel_sdk_custom_interfaces:/home/patrick/ENAE450_tb_ws/install/dynamixel_sdk:/home/patrick/ENAE450_tb_ws/install/turtlebot3_simulations:/home/patrick/ENAE450_tb_ws/install/turtlebot3_fake_node:/home/patrick/ENAE450_tb_ws/install/turtlebot3_msgs:/home/patrick/ENAE450_tb_ws/install/turtlebot3_gazebo:/home/patrick/ENAE450_tb_ws/install/dynamixel_sdk_examples:/home/patrick/turtlebot3_ws/install/turtlebot3:/home/patrick/turtlebot3_ws/install/turtlebot3_simulations:/home/patrick/turtlebot3_ws/install/turtlebot3_bringup:/home/patrick/turtlebot3_ws/install/turtlebot3_node:/home/patrick/turtlebot3_ws/install/turtlebot3_navigation2:/home/patrick/turtlebot3_ws/install/turtlebot3_fake_node:/home/patrick/turtlebot3_ws/install/turtlebot3_msgs:/home/patrick/turtlebot3_ws/install/turtlebot3_gazebo:/home/patrick/turtlebot3_ws/install/turtlebot3_description:/home/patrick/turtlebot3_ws/install/turtlebot3_cartographer:/home/patrick/turtlebot3_ws/install/dynamixel_sdk_examples:/home/patrick/turtlebot3_ws/install/dynamixel_sdk_custom_interfaces:/home/patrick/turtlebot3_ws/install/dynamixel_sdk:/home/patrick/ENAE450_tb_ws/install/turtlebot3_controller:/home/patrick/turtlebot3_ws/install/turtlebot3_teleop:/home/patrick/turtlebot3_ws/install/turtlebot3_example:/home/patrick/turtlebot3_ws/install/turtlebot3_controller:/opt/ros/humble LD_LIBRARY_PATH=/home/patrick/ENAE450_tb_ws/install/dynamixel_sdk_custom_interfaces/lib:/home/patrick/ENAE450_tb_ws/install/dynamixel_sdk/lib:/home/patrick/ENAE450_tb_ws/install/turtlebot3_msgs/lib:/home/patrick/turtlebot3_ws/install/turtlebot3_msgs/lib:/home/patrick/turtlebot3_ws/install/dynamixel_sdk_custom_interfaces/lib:/home/patrick/turtlebot3_ws/install/dynamixel_sdk/lib:/usr/lib/x86_64-linux-gnu/gazebo-11/plugins:/opt/ros/humble/opt/rviz_ogre_vendor/lib:/opt/ros/humble/lib/x86_64-linux-gnu:/opt/ros/humble/lib:/usr/lib/x86_64-linux-gnu/gazebo-11/plugins:/usr/lib/x86_64-linux-gnu/gazebo-11/plugins:/usr/lib/x86_64-linux-gnu/gazebo-11/plugins:/usr/lib/x86_64-linux-gnu/gazebo-11/plugins:/usr/lib/x86_64-linux-gnu/gazebo-11/plugins:/usr/lib/x86_64-linux-gnu/gazebo-11/plugins /usr/bin/cmake --install /home/patrick/ENAE450_tb_ws/build/dynamixel_sdk_examples
