[0.016s] Invoking command in '/home/patrick/ENAE450_tb_ws/build/turtlebot3_simulations': AMENT_PREFIX_PATH=/home/patrick/ENAE450_tb_ws/install/turtlebot3_gazebo:/home/patrick/ENAE450_tb_ws/install/turtlebot3_fake_node:${AMENT_PREFIX_PATH} CMAKE_PREFIX_PATH=/home/patrick/ENAE450_tb_ws/install/turtlebot3_gazebo:/home/patrick/ENAE450_tb_ws/install/turtlebot3_fake_node:/opt/ros/humble /usr/bin/cmake /home/patrick/ENAE450_tb_ws/src/turtlebot3_simulations/turtlebot3_simulations -DCMAKE_INSTALL_PREFIX=/home/patrick/ENAE450_tb_ws/install/turtlebot3_simulations
[0.097s] -- The C compiler identification is GNU 11.4.0
[0.172s] -- The CXX compiler identification is GNU 11.4.0
[0.182s] -- Detecting C compiler ABI info
[0.292s] -- Detecting C compiler ABI info - done
[0.301s] -- Check for working C compiler: /usr/bin/cc - skipped
[0.305s] -- Detecting C compile features
[0.305s] -- Detecting C compile features - done
[0.306s] -- Detecting CXX compiler ABI info
[0.427s] -- Detecting CXX compiler ABI info - done
[0.434s] -- Check for working CXX compiler: /usr/bin/c++ - skipped
[0.434s] -- Detecting CXX compile features
[0.435s] -- Detecting CXX compile features - done
[0.438s] -- Found ament_cmake: 1.3.11 (/opt/ros/humble/share/ament_cmake/cmake)
[0.601s] -- Found Python3: /usr/bin/python3 (found version "3.10.12") found components: Interpreter 
[0.763s] -- Configuring done
[0.766s] -- Generating done
[0.767s] -- Build files have been written to: /home/patrick/ENAE450_tb_ws/build/turtlebot3_simulations
[0.775s] Invoked command in '/home/patrick/ENAE450_tb_ws/build/turtlebot3_simulations' returned '0': AMENT_PREFIX_PATH=/home/patrick/ENAE450_tb_ws/install/turtlebot3_gazebo:/home/patrick/ENAE450_tb_ws/install/turtlebot3_fake_node:${AMENT_PREFIX_PATH} CMAKE_PREFIX_PATH=/home/patrick/ENAE450_tb_ws/install/turtlebot3_gazebo:/home/patrick/ENAE450_tb_ws/install/turtlebot3_fake_node:/opt/ros/humble /usr/bin/cmake /home/patrick/ENAE450_tb_ws/src/turtlebot3_simulations/turtlebot3_simulations -DCMAKE_INSTALL_PREFIX=/home/patrick/ENAE450_tb_ws/install/turtlebot3_simulations
[0.779s] Invoking command in '/home/patrick/ENAE450_tb_ws/build/turtlebot3_simulations': AMENT_PREFIX_PATH=/home/patrick/ENAE450_tb_ws/install/turtlebot3_gazebo:/home/patrick/ENAE450_tb_ws/install/turtlebot3_fake_node:${AMENT_PREFIX_PATH} CMAKE_PREFIX_PATH=/home/patrick/ENAE450_tb_ws/install/turtlebot3_gazebo:/home/patrick/ENAE450_tb_ws/install/turtlebot3_fake_node:/opt/ros/humble /usr/bin/cmake --build /home/patrick/ENAE450_tb_ws/build/turtlebot3_simulations -- -j2 -l2
[0.836s] Invoked command in '/home/patrick/ENAE450_tb_ws/build/turtlebot3_simulations' returned '0': AMENT_PREFIX_PATH=/home/patrick/ENAE450_tb_ws/install/turtlebot3_gazebo:/home/patrick/ENAE450_tb_ws/install/turtlebot3_fake_node:${AMENT_PREFIX_PATH} CMAKE_PREFIX_PATH=/home/patrick/ENAE450_tb_ws/install/turtlebot3_gazebo:/home/patrick/ENAE450_tb_ws/install/turtlebot3_fake_node:/opt/ros/humble /usr/bin/cmake --build /home/patrick/ENAE450_tb_ws/build/turtlebot3_simulations -- -j2 -l2
[0.839s] Invoking command in '/home/patrick/ENAE450_tb_ws/build/turtlebot3_simulations': AMENT_PREFIX_PATH=/home/patrick/ENAE450_tb_ws/install/turtlebot3_gazebo:/home/patrick/ENAE450_tb_ws/install/turtlebot3_fake_node:${AMENT_PREFIX_PATH} CMAKE_PREFIX_PATH=/home/patrick/ENAE450_tb_ws/install/turtlebot3_gazebo:/home/patrick/ENAE450_tb_ws/install/turtlebot3_fake_node:/opt/ros/humble /usr/bin/cmake --install /home/patrick/ENAE450_tb_ws/build/turtlebot3_simulations
[0.854s] -- Install configuration: ""
[0.855s] -- Installing: /home/patrick/ENAE450_tb_ws/install/turtlebot3_simulations/share/ament_index/resource_index/package_run_dependencies/turtlebot3_simulations
[0.855s] -- Installing: /home/patrick/ENAE450_tb_ws/install/turtlebot3_simulations/share/ament_index/resource_index/parent_prefix_path/turtlebot3_simulations
[0.855s] -- Installing: /home/patrick/ENAE450_tb_ws/install/turtlebot3_simulations/share/turtlebot3_simulations/environment/ament_prefix_path.sh
[0.855s] -- Installing: /home/patrick/ENAE450_tb_ws/install/turtlebot3_simulations/share/turtlebot3_simulations/environment/ament_prefix_path.dsv
[0.856s] -- Installing: /home/patrick/ENAE450_tb_ws/install/turtlebot3_simulations/share/turtlebot3_simulations/environment/path.sh
[0.856s] -- Installing: /home/patrick/ENAE450_tb_ws/install/turtlebot3_simulations/share/turtlebot3_simulations/environment/path.dsv
[0.856s] -- Installing: /home/patrick/ENAE450_tb_ws/install/turtlebot3_simulations/share/turtlebot3_simulations/local_setup.bash
[0.856s] -- Installing: /home/patrick/ENAE450_tb_ws/install/turtlebot3_simulations/share/turtlebot3_simulations/local_setup.sh
[0.857s] -- Installing: /home/patrick/ENAE450_tb_ws/install/turtlebot3_simulations/share/turtlebot3_simulations/local_setup.zsh
[0.857s] -- Installing: /home/patrick/ENAE450_tb_ws/install/turtlebot3_simulations/share/turtlebot3_simulations/local_setup.dsv
[0.858s] -- Installing: /home/patrick/ENAE450_tb_ws/install/turtlebot3_simulations/share/turtlebot3_simulations/package.dsv
[0.859s] -- Installing: /home/patrick/ENAE450_tb_ws/install/turtlebot3_simulations/share/ament_index/resource_index/packages/turtlebot3_simulations
[0.859s] -- Installing: /home/patrick/ENAE450_tb_ws/install/turtlebot3_simulations/share/turtlebot3_simulations/cmake/turtlebot3_simulationsConfig.cmake
[0.859s] -- Installing: /home/patrick/ENAE450_tb_ws/install/turtlebot3_simulations/share/turtlebot3_simulations/cmake/turtlebot3_simulationsConfig-version.cmake
[0.859s] -- Installing: /home/patrick/ENAE450_tb_ws/install/turtlebot3_simulations/share/turtlebot3_simulations/package.xml
[0.864s] Invoked command in '/home/patrick/ENAE450_tb_ws/build/turtlebot3_simulations' returned '0': AMENT_PREFIX_PATH=/home/patrick/ENAE450_tb_ws/install/turtlebot3_gazebo:/home/patrick/ENAE450_tb_ws/install/turtlebot3_fake_node:${AMENT_PREFIX_PATH} CMAKE_PREFIX_PATH=/home/patrick/ENAE450_tb_ws/install/turtlebot3_gazebo:/home/patrick/ENAE450_tb_ws/install/turtlebot3_fake_node:/opt/ros/humble /usr/bin/cmake --install /home/patrick/ENAE450_tb_ws/build/turtlebot3_simulations
