[0.027s] Invoking command in '/home/mikolaj/ENAE450_tb_ws/build/turtlebot3_gazebo': CMAKE_PREFIX_PATH=${CMAKE_PREFIX_PATH}:/home/mikolaj/ENAE450_tb_ws/install/turtlebot3_controller:/opt/ros/humble /usr/bin/cmake /home/mikolaj/ENAE450_tb_ws/src/turtlebot3_simulations/turtlebot3_gazebo -DCMAKE_INSTALL_PREFIX=/home/mikolaj/ENAE450_tb_ws/install/turtlebot3_gazebo
[0.151s] -- The C compiler identification is GNU 11.4.0
[0.277s] -- The CXX compiler identification is GNU 11.4.0
[0.294s] -- Detecting C compiler ABI info
[0.380s] -- Detecting C compiler ABI info - done
[0.388s] -- Check for working C compiler: /usr/bin/cc - skipped
[0.389s] -- Detecting C compile features
[0.391s] -- Detecting C compile features - done
[0.397s] -- Detecting CXX compiler ABI info
[0.489s] -- Detecting CXX compiler ABI info - done
[0.496s] -- Check for working CXX compiler: /usr/bin/c++ - skipped
[0.496s] -- Detecting CXX compile features
[0.497s] -- Detecting CXX compile features - done
[0.520s] -- Found ament_cmake: 1.3.11 (/opt/ros/humble/share/ament_cmake/cmake)
[0.680s] -- Found Python3: /usr/bin/python3 (found version "3.10.12") found components: Interpreter 
[0.814s] [33mCMake Warning (dev) at /usr/share/cmake-3.22/Modules/FindPackageHandleStandardArgs.cmake:438 (message):
[0.814s]   The package name passed to `find_package_handle_standard_args` (PkgConfig)
[0.814s]   does not match the name of the calling package (gazebo).  This can lead to
[0.814s]   problems in calling code that expects `find_package` result variables
[0.814s]   (e.g., `_FOUND`) to follow a certain pattern.
[0.814s] Call Stack (most recent call first):
[0.814s]   /usr/share/cmake-3.22/Modules/FindPkgConfig.cmake:99 (find_package_handle_standard_args)
[0.815s]   /usr/lib/x86_64-linux-gnu/cmake/gazebo/gazebo-config.cmake:72 (include)
[0.815s]   CMakeLists.txt:23 (find_package)
[0.815s] This warning is for project developers.  Use -Wno-dev to suppress it.
[0.815s] [0m
[0.815s] -- Found PkgConfig: /usr/bin/pkg-config (found version "0.29.2") 
[0.818s] -- Checking for module 'bullet>=2.82'
[0.836s] --   Found bullet, version 3.05
[0.969s] -- Found fcl: /usr/include (found suitable version "0.7.0", minimum required is "0.5.0") 
[1.028s] -- Found assimp: /usr/include (found version "5.2.0") 
[1.081s] -- Found DART: /usr/include (Required is at least version "6.6") found components: dart 
[1.523s] -- Found Boost: /usr/lib/x86_64-linux-gnu/cmake/Boost-1.74.0/BoostConfig.cmake (found suitable version "1.74.0", minimum required is "1.40.0") found components: thread system filesystem program_options regex iostreams date_time 
[1.559s] -- Found Protobuf: /usr/lib/x86_64-linux-gnu/libprotobuf.so (found version "3.12.4") 
[1.573s] -- Looking for ignition-math6 -- found version 6.15.1
[1.609s] -- Searching for dependencies of ignition-math6
[1.615s] -- Looking for OGRE...
[1.615s] -- OGRE_PREFIX_WATCH changed.
[1.622s] -- Checking for module 'OGRE'
[1.656s] --   Found OGRE, version 1.9.0
[1.714s] -- Found Ogre Ghadamon (1.9.0)
[1.727s] -- Found OGRE: optimized;/usr/lib/x86_64-linux-gnu/libOgreMain.so;debug;/usr/lib/x86_64-linux-gnu/libOgreMain.so
[1.737s] -- Looking for OGRE_Paging...
[1.743s] -- Found OGRE_Paging: optimized;/usr/lib/x86_64-linux-gnu/libOgrePaging.so;debug;/usr/lib/x86_64-linux-gnu/libOgrePaging.so
[1.743s] -- Looking for OGRE_Terrain...
[1.748s] -- Found OGRE_Terrain: optimized;/usr/lib/x86_64-linux-gnu/libOgreTerrain.so;debug;/usr/lib/x86_64-linux-gnu/libOgreTerrain.so
[1.748s] -- Looking for OGRE_Property...
[1.753s] -- Found OGRE_Property: optimized;/usr/lib/x86_64-linux-gnu/libOgreProperty.so;debug;/usr/lib/x86_64-linux-gnu/libOgreProperty.so
[1.753s] -- Looking for OGRE_RTShaderSystem...
[1.758s] -- Found OGRE_RTShaderSystem: optimized;/usr/lib/x86_64-linux-gnu/libOgreRTShaderSystem.so;debug;/usr/lib/x86_64-linux-gnu/libOgreRTShaderSystem.so
[1.758s] -- Looking for OGRE_Volume...
[1.763s] -- Found OGRE_Volume: optimized;/usr/lib/x86_64-linux-gnu/libOgreVolume.so;debug;/usr/lib/x86_64-linux-gnu/libOgreVolume.so
[1.763s] -- Looking for OGRE_Overlay...
[1.768s] -- Found OGRE_Overlay: optimized;/usr/lib/x86_64-linux-gnu/libOgreOverlay.so;debug;/usr/lib/x86_64-linux-gnu/libOgreOverlay.so
[1.869s] -- Looking for ignition-math6 -- found version 6.15.1
[1.872s] -- Looking for ignition-transport8 -- found version 8.2.1
[1.873s] -- Searching for dependencies of ignition-transport8
[1.890s] -- Found Protobuf: /usr/lib/x86_64-linux-gnu/libprotobuf.so (found suitable version "3.12.4", minimum required is "3") 
[1.901s] -- Config-file not installed for ZeroMQ -- checking for pkg-config
[1.906s] -- Checking for module 'libzmq >= 4'
[1.931s] --   Found libzmq , version 4.3.4
[1.973s] -- Found ZeroMQ: TRUE (Required is at least version "4") 
[1.980s] -- Checking for module 'uuid'
[1.994s] --   Found uuid, version 2.37.2
[2.034s] -- Found UUID: TRUE  
[2.037s] -- Looking for ignition-msgs5 -- found version 5.8.1
[2.038s] -- Searching for dependencies of ignition-msgs5
[2.056s] -- Looking for ignition-math6 -- found version 6.15.1
[2.062s] -- Checking for module 'tinyxml2'
[2.076s] --   Found tinyxml2, version 9.0.0
[2.111s] -- Looking for ignition-msgs5 -- found version 5.8.1
[2.115s] -- Looking for ignition-common3 -- found version 3.14.0
[2.115s] -- Searching for dependencies of ignition-common3
[2.116s] -- Looking for dlfcn.h - found
[2.117s] -- Looking for libdl - found
[2.118s] -- Found DL: TRUE  
[2.132s] -- Found tinyobjloader: /usr/lib/x86_64-linux-gnu/cmake/tinyobjloader/tinyobjloader-config.cmake (found version "2.0.0") 
[2.132s] -- Searching for <ignition-common3> component [graphics]
[2.136s] -- Looking for ignition-common3-graphics -- found version 3.14.0
[2.136s] -- Searching for dependencies of ignition-common3-graphics
[2.137s] -- Looking for ignition-math6 -- found version 6.15.1
[2.142s] -- Looking for ignition-fuel_tools4 -- found version 4.4.0
[2.142s] -- Searching for dependencies of ignition-fuel_tools4
[2.223s] -- Found CURL: /usr/lib/x86_64-linux-gnu/libcurl.so (found version "7.81.0")  
[2.240s] -- Checking for module 'jsoncpp'
[2.254s] --   Found jsoncpp, version 1.9.5
[2.290s] -- Found JSONCPP: TRUE  
[2.300s] -- Checking for module 'libzip'
[2.315s] --   Found libzip, version 1.7.3
[2.352s] -- Found ZIP: TRUE  
[2.353s] -- Looking for ignition-common3 -- found version 3.14.0
[2.353s] -- Looking for ignition-math6 -- found version 6.15.1
[2.354s] -- Looking for ignition-msgs5 -- found version 5.8.1
[2.363s] -- Found gazebo_ros_pkgs: 3.9.0 (/opt/ros/humble/share/gazebo_ros_pkgs/cmake)
[2.365s] -- Found geometry_msgs: 4.2.4 (/opt/ros/humble/share/geometry_msgs/cmake)
[2.393s] -- Found rosidl_generator_c: 3.1.6 (/opt/ros/humble/share/rosidl_generator_c/cmake)
[2.398s] -- Found rosidl_adapter: 3.1.6 (/opt/ros/humble/share/rosidl_adapter/cmake)
[2.406s] -- Found rosidl_generator_cpp: 3.1.6 (/opt/ros/humble/share/rosidl_generator_cpp/cmake)
[2.418s] -- Using all available rosidl_typesupport_c: rosidl_typesupport_fastrtps_c;rosidl_typesupport_introspection_c
[2.435s] -- Using all available rosidl_typesupport_cpp: rosidl_typesupport_fastrtps_cpp;rosidl_typesupport_introspection_cpp
[2.482s] -- Found nav_msgs: 4.2.4 (/opt/ros/humble/share/nav_msgs/cmake)
[2.535s] -- Found rclcpp: 16.0.11 (/opt/ros/humble/share/rclcpp/cmake)
[2.637s] -- Found rmw_implementation_cmake: 6.1.2 (/opt/ros/humble/share/rmw_implementation_cmake/cmake)
[2.646s] -- Found rmw_fastrtps_cpp: 6.2.7 (/opt/ros/humble/share/rmw_fastrtps_cpp/cmake)
[2.869s] -- Found OpenSSL: /usr/lib/x86_64-linux-gnu/libcrypto.so (found version "3.0.2")  
[2.904s] -- Found FastRTPS: /opt/ros/humble/include  
[2.987s] -- Using RMW implementation 'rmw_fastrtps_cpp' as default
[3.012s] -- Found Threads: TRUE  
[3.144s] -- Found sensor_msgs: 4.2.4 (/opt/ros/humble/share/sensor_msgs/cmake)
[3.195s] -- Found tf2: 0.25.11 (/opt/ros/humble/share/tf2/cmake)
[3.320s] -- Configuring done
[3.516s] -- Generating done
[3.539s] -- Build files have been written to: /home/mikolaj/ENAE450_tb_ws/build/turtlebot3_gazebo
[3.571s] Invoked command in '/home/mikolaj/ENAE450_tb_ws/build/turtlebot3_gazebo' returned '0': CMAKE_PREFIX_PATH=${CMAKE_PREFIX_PATH}:/home/mikolaj/ENAE450_tb_ws/install/turtlebot3_controller:/opt/ros/humble /usr/bin/cmake /home/mikolaj/ENAE450_tb_ws/src/turtlebot3_simulations/turtlebot3_gazebo -DCMAKE_INSTALL_PREFIX=/home/mikolaj/ENAE450_tb_ws/install/turtlebot3_gazebo
[3.579s] Invoking command in '/home/mikolaj/ENAE450_tb_ws/build/turtlebot3_gazebo': CMAKE_PREFIX_PATH=${CMAKE_PREFIX_PATH}:/home/mikolaj/ENAE450_tb_ws/install/turtlebot3_controller:/opt/ros/humble /usr/bin/cmake --build /home/mikolaj/ENAE450_tb_ws/build/turtlebot3_gazebo -- -j8 -l8
[3.697s] [  8%] [32mBuilding CXX object CMakeFiles/obstacle1.dir/src/obstacle1.cpp.o[0m
[3.697s] [ 16%] [32mBuilding CXX object CMakeFiles/turtlebot3_drive.dir/src/turtlebot3_drive.cpp.o[0m
[3.706s] [ 25%] [32mBuilding CXX object CMakeFiles/obstacle2.dir/src/obstacle2.cpp.o[0m
[3.707s] [ 41%] [32mBuilding CXX object CMakeFiles/traffic_light_plugin.dir/src/traffic_light_plugin.cpp.o[0m
[3.708s] [ 41%] [32mBuilding CXX object CMakeFiles/obstacles.dir/src/obstacles.cpp.o[0m
[3.710s] [ 50%] [32mBuilding CXX object CMakeFiles/traffic_bar_plugin.dir/src/traffic_bar_plugin.cpp.o[0m
[21.311s] [ 58%] [32m[1mLinking CXX executable turtlebot3_drive[0m
[22.489s] [ 58%] Built target turtlebot3_drive
[23.664s] [ 66%] [32m[1mLinking CXX shared library libobstacles.so[0m
[23.807s] [ 75%] [32m[1mLinking CXX shared library libobstacle2.so[0m
[23.814s] [ 83%] [32m[1mLinking CXX shared library libobstacle1.so[0m
[24.041s] [ 83%] Built target obstacles
[24.075s] [ 83%] Built target obstacle2
[24.079s] [ 83%] Built target obstacle1
[24.199s] [ 91%] [32m[1mLinking CXX shared library libtraffic_bar_plugin.so[0m
[24.274s] [100%] [32m[1mLinking CXX shared library libtraffic_light_plugin.so[0m
[24.453s] [100%] Built target traffic_bar_plugin
[24.573s] [100%] Built target traffic_light_plugin
[24.584s] Invoked command in '/home/mikolaj/ENAE450_tb_ws/build/turtlebot3_gazebo' returned '0': CMAKE_PREFIX_PATH=${CMAKE_PREFIX_PATH}:/home/mikolaj/ENAE450_tb_ws/install/turtlebot3_controller:/opt/ros/humble /usr/bin/cmake --build /home/mikolaj/ENAE450_tb_ws/build/turtlebot3_gazebo -- -j8 -l8
[24.586s] Invoking command in '/home/mikolaj/ENAE450_tb_ws/build/turtlebot3_gazebo': CMAKE_PREFIX_PATH=${CMAKE_PREFIX_PATH}:/home/mikolaj/ENAE450_tb_ws/install/turtlebot3_controller:/opt/ros/humble /usr/bin/cmake --install /home/mikolaj/ENAE450_tb_ws/build/turtlebot3_gazebo
[24.596s] -- Install configuration: ""
[24.597s] -- Installing: /home/mikolaj/ENAE450_tb_ws/install/turtlebot3_gazebo/lib/turtlebot3_gazebo/turtlebot3_drive
[24.602s] -- Set runtime path of "/home/mikolaj/ENAE450_tb_ws/install/turtlebot3_gazebo/lib/turtlebot3_gazebo/turtlebot3_drive" to ""
[24.602s] -- Installing: /home/mikolaj/ENAE450_tb_ws/install/turtlebot3_gazebo/share/turtlebot3_gazebo//launch
[24.603s] -- Installing: /home/mikolaj/ENAE450_tb_ws/install/turtlebot3_gazebo/share/turtlebot3_gazebo//launch/robot_state_publisher.launch.py
[24.603s] -- Installing: /home/mikolaj/ENAE450_tb_ws/install/turtlebot3_gazebo/share/turtlebot3_gazebo//launch/turtlebot3_dqn_stage3.launch.py
[24.603s] -- Installing: /home/mikolaj/ENAE450_tb_ws/install/turtlebot3_gazebo/share/turtlebot3_gazebo//launch/turtlebot3_dqn_stage4.launch.py
[24.603s] -- Installing: /home/mikolaj/ENAE450_tb_ws/install/turtlebot3_gazebo/share/turtlebot3_gazebo//launch/turtlebot3_house.launch.py
[24.605s] -- Installing: /home/mikolaj/ENAE450_tb_ws/install/turtlebot3_gazebo/share/turtlebot3_gazebo//launch/empty_world.launch.py
[24.605s] -- Installing: /home/mikolaj/ENAE450_tb_ws/install/turtlebot3_gazebo/share/turtlebot3_gazebo//launch/spawn_turtlebot3.launch.py
[24.605s] -- Installing: /home/mikolaj/ENAE450_tb_ws/install/turtlebot3_gazebo/share/turtlebot3_gazebo//launch/maze_2.launch.py
[24.605s] -- Installing: /home/mikolaj/ENAE450_tb_ws/install/turtlebot3_gazebo/share/turtlebot3_gazebo//launch/multi_spawn_turtlebot3.launch.py
[24.605s] -- Installing: /home/mikolaj/ENAE450_tb_ws/install/turtlebot3_gazebo/share/turtlebot3_gazebo//launch/maze_1.launch.py
[24.606s] -- Installing: /home/mikolaj/ENAE450_tb_ws/install/turtlebot3_gazebo/share/turtlebot3_gazebo//launch/turtlebot3_dqn_stage2.launch.py
[24.606s] -- Installing: /home/mikolaj/ENAE450_tb_ws/install/turtlebot3_gazebo/share/turtlebot3_gazebo//launch/maze_0.launch.py
[24.606s] -- Installing: /home/mikolaj/ENAE450_tb_ws/install/turtlebot3_gazebo/share/turtlebot3_gazebo//launch/turtlebot3_autorace_2020.launch.py
[24.606s] -- Installing: /home/mikolaj/ENAE450_tb_ws/install/turtlebot3_gazebo/share/turtlebot3_gazebo//launch/turtlebot3_dqn_stage1.launch.py
[24.606s] -- Installing: /home/mikolaj/ENAE450_tb_ws/install/turtlebot3_gazebo/share/turtlebot3_gazebo//launch/turtlebot3_world.launch.py
[24.606s] -- Installing: /home/mikolaj/ENAE450_tb_ws/install/turtlebot3_gazebo/share/turtlebot3_gazebo//launch/multi_robot.launch.py
[24.606s] -- Installing: /home/mikolaj/ENAE450_tb_ws/install/turtlebot3_gazebo/share/turtlebot3_gazebo//models
[24.607s] -- Installing: /home/mikolaj/ENAE450_tb_ws/install/turtlebot3_gazebo/share/turtlebot3_gazebo//models/maze_1
[24.607s] -- Installing: /home/mikolaj/ENAE450_tb_ws/install/turtlebot3_gazebo/share/turtlebot3_gazebo//models/maze_1/model.sdf
[24.607s] -- Installing: /home/mikolaj/ENAE450_tb_ws/install/turtlebot3_gazebo/share/turtlebot3_gazebo//models/maze_1/model.config
[24.607s] -- Installing: /home/mikolaj/ENAE450_tb_ws/install/turtlebot3_gazebo/share/turtlebot3_gazebo//models/turtlebot3_common
[24.607s] -- Installing: /home/mikolaj/ENAE450_tb_ws/install/turtlebot3_gazebo/share/turtlebot3_gazebo//models/turtlebot3_common/meshes
[24.607s] -- Installing: /home/mikolaj/ENAE450_tb_ws/install/turtlebot3_gazebo/share/turtlebot3_gazebo//models/turtlebot3_common/meshes/wheels
[24.607s] -- Installing: /home/mikolaj/ENAE450_tb_ws/install/turtlebot3_gazebo/share/turtlebot3_gazebo//models/turtlebot3_common/meshes/wheels/right_tire.stl
[24.608s] -- Installing: /home/mikolaj/ENAE450_tb_ws/install/turtlebot3_gazebo/share/turtlebot3_gazebo//models/turtlebot3_common/meshes/wheels/left_tire.stl
[24.609s] -- Installing: /home/mikolaj/ENAE450_tb_ws/install/turtlebot3_gazebo/share/turtlebot3_gazebo//models/turtlebot3_common/meshes/waffle_base.dae
[24.609s] -- Installing: /home/mikolaj/ENAE450_tb_ws/install/turtlebot3_gazebo/share/turtlebot3_gazebo//models/turtlebot3_common/meshes/burger_base.dae
[24.609s] -- Installing: /home/mikolaj/ENAE450_tb_ws/install/turtlebot3_gazebo/share/turtlebot3_gazebo//models/turtlebot3_common/meshes/sensors
[24.609s] -- Installing: /home/mikolaj/ENAE450_tb_ws/install/turtlebot3_gazebo/share/turtlebot3_gazebo//models/turtlebot3_common/meshes/sensors/astra.jpg
[24.609s] -- Installing: /home/mikolaj/ENAE450_tb_ws/install/turtlebot3_gazebo/share/turtlebot3_gazebo//models/turtlebot3_common/meshes/sensors/r200.jpg
[24.609s] -- Installing: /home/mikolaj/ENAE450_tb_ws/install/turtlebot3_gazebo/share/turtlebot3_gazebo//models/turtlebot3_common/meshes/sensors/astra.dae
[24.621s] -- Installing: /home/mikolaj/ENAE450_tb_ws/install/turtlebot3_gazebo/share/turtlebot3_gazebo//models/turtlebot3_common/meshes/sensors/lds.stl
[24.622s] -- Installing: /home/mikolaj/ENAE450_tb_ws/install/turtlebot3_gazebo/share/turtlebot3_gazebo//models/turtlebot3_common/meshes/sensors/r200.dae
[24.622s] -- Installing: /home/mikolaj/ENAE450_tb_ws/install/turtlebot3_gazebo/share/turtlebot3_gazebo//models/turtlebot3_common/meshes/lds.dae
[24.622s] -- Installing: /home/mikolaj/ENAE450_tb_ws/install/turtlebot3_gazebo/share/turtlebot3_gazebo//models/turtlebot3_common/meshes/tire.dae
[24.622s] -- Installing: /home/mikolaj/ENAE450_tb_ws/install/turtlebot3_gazebo/share/turtlebot3_gazebo//models/turtlebot3_common/meshes/r200.dae
[24.622s] -- Installing: /home/mikolaj/ENAE450_tb_ws/install/turtlebot3_gazebo/share/turtlebot3_gazebo//models/turtlebot3_common/meshes/waffle_pi_base.dae
[24.623s] -- Installing: /home/mikolaj/ENAE450_tb_ws/install/turtlebot3_gazebo/share/turtlebot3_gazebo//models/turtlebot3_common/meshes/bases
[24.623s] -- Installing: /home/mikolaj/ENAE450_tb_ws/install/turtlebot3_gazebo/share/turtlebot3_gazebo//models/turtlebot3_common/meshes/bases/burger_base.stl
[24.627s] -- Installing: /home/mikolaj/ENAE450_tb_ws/install/turtlebot3_gazebo/share/turtlebot3_gazebo//models/turtlebot3_common/meshes/bases/waffle_pi_base.stl
[24.633s] -- Installing: /home/mikolaj/ENAE450_tb_ws/install/turtlebot3_gazebo/share/turtlebot3_gazebo//models/turtlebot3_common/meshes/bases/waffle_base.stl
[24.647s] -- Installing: /home/mikolaj/ENAE450_tb_ws/install/turtlebot3_gazebo/share/turtlebot3_gazebo//models/turtlebot3_common/model.config
[24.648s] -- Installing: /home/mikolaj/ENAE450_tb_ws/install/turtlebot3_gazebo/share/turtlebot3_gazebo//models/turtlebot3_burger
[24.648s] -- Installing: /home/mikolaj/ENAE450_tb_ws/install/turtlebot3_gazebo/share/turtlebot3_gazebo//models/turtlebot3_burger/model.sdf
[24.648s] -- Installing: /home/mikolaj/ENAE450_tb_ws/install/turtlebot3_gazebo/share/turtlebot3_gazebo//models/turtlebot3_burger/model-1_4.sdf
[24.648s] -- Installing: /home/mikolaj/ENAE450_tb_ws/install/turtlebot3_gazebo/share/turtlebot3_gazebo//models/turtlebot3_burger/model.config
[24.648s] -- Installing: /home/mikolaj/ENAE450_tb_ws/install/turtlebot3_gazebo/share/turtlebot3_gazebo//models/turtlebot3_waffle
[24.648s] -- Installing: /home/mikolaj/ENAE450_tb_ws/install/turtlebot3_gazebo/share/turtlebot3_gazebo//models/turtlebot3_waffle/model.sdf
[24.648s] -- Installing: /home/mikolaj/ENAE450_tb_ws/install/turtlebot3_gazebo/share/turtlebot3_gazebo//models/turtlebot3_waffle/model-1_4.sdf
[24.648s] -- Installing: /home/mikolaj/ENAE450_tb_ws/install/turtlebot3_gazebo/share/turtlebot3_gazebo//models/turtlebot3_waffle/model.config
[24.649s] -- Installing: /home/mikolaj/ENAE450_tb_ws/install/turtlebot3_gazebo/share/turtlebot3_gazebo//models/turtlebot3_autorace_2020
[24.649s] -- Installing: /home/mikolaj/ENAE450_tb_ws/install/turtlebot3_gazebo/share/turtlebot3_gazebo//models/turtlebot3_autorace_2020/traffic_light
[24.649s] -- Installing: /home/mikolaj/ENAE450_tb_ws/install/turtlebot3_gazebo/share/turtlebot3_gazebo//models/turtlebot3_autorace_2020/traffic_light/model.sdf
[24.649s] -- Installing: /home/mikolaj/ENAE450_tb_ws/install/turtlebot3_gazebo/share/turtlebot3_gazebo//models/turtlebot3_autorace_2020/traffic_light/materials
[24.649s] -- Installing: /home/mikolaj/ENAE450_tb_ws/install/turtlebot3_gazebo/share/turtlebot3_gazebo//models/turtlebot3_autorace_2020/traffic_light/materials/scripts
[24.649s] -- Installing: /home/mikolaj/ENAE450_tb_ws/install/turtlebot3_gazebo/share/turtlebot3_gazebo//models/turtlebot3_autorace_2020/traffic_light/materials/scripts/traffic_light.material
[24.649s] -- Installing: /home/mikolaj/ENAE450_tb_ws/install/turtlebot3_gazebo/share/turtlebot3_gazebo//models/turtlebot3_autorace_2020/traffic_light/materials/textures
[24.649s] -- Installing: /home/mikolaj/ENAE450_tb_ws/install/turtlebot3_gazebo/share/turtlebot3_gazebo//models/turtlebot3_autorace_2020/traffic_light/materials/textures/traffic_light_green.png
[24.649s] -- Installing: /home/mikolaj/ENAE450_tb_ws/install/turtlebot3_gazebo/share/turtlebot3_gazebo//models/turtlebot3_autorace_2020/traffic_light/materials/textures/traffic_light_yellow.png
[24.649s] -- Installing: /home/mikolaj/ENAE450_tb_ws/install/turtlebot3_gazebo/share/turtlebot3_gazebo//models/turtlebot3_autorace_2020/traffic_light/materials/textures/traffic_light_red.png
[24.649s] -- Installing: /home/mikolaj/ENAE450_tb_ws/install/turtlebot3_gazebo/share/turtlebot3_gazebo//models/turtlebot3_autorace_2020/traffic_light/materials/textures/traffic_light.png
[24.650s] -- Installing: /home/mikolaj/ENAE450_tb_ws/install/turtlebot3_gazebo/share/turtlebot3_gazebo//models/turtlebot3_autorace_2020/traffic_light/model.config
[24.650s] -- Installing: /home/mikolaj/ENAE450_tb_ws/install/turtlebot3_gazebo/share/turtlebot3_gazebo//models/turtlebot3_autorace_2020/traffic_parking
[24.650s] -- Installing: /home/mikolaj/ENAE450_tb_ws/install/turtlebot3_gazebo/share/turtlebot3_gazebo//models/turtlebot3_autorace_2020/traffic_parking/model.sdf
[24.650s] -- Installing: /home/mikolaj/ENAE450_tb_ws/install/turtlebot3_gazebo/share/turtlebot3_gazebo//models/turtlebot3_autorace_2020/traffic_parking/materials
[24.650s] -- Installing: /home/mikolaj/ENAE450_tb_ws/install/turtlebot3_gazebo/share/turtlebot3_gazebo//models/turtlebot3_autorace_2020/traffic_parking/materials/scripts
[24.650s] -- Installing: /home/mikolaj/ENAE450_tb_ws/install/turtlebot3_gazebo/share/turtlebot3_gazebo//models/turtlebot3_autorace_2020/traffic_parking/materials/scripts/traffic_parking.material
[24.651s] -- Installing: /home/mikolaj/ENAE450_tb_ws/install/turtlebot3_gazebo/share/turtlebot3_gazebo//models/turtlebot3_autorace_2020/traffic_parking/materials/textures
[24.651s] -- Installing: /home/mikolaj/ENAE450_tb_ws/install/turtlebot3_gazebo/share/turtlebot3_gazebo//models/turtlebot3_autorace_2020/traffic_parking/materials/textures/traffic_parking.png
[24.651s] -- Installing: /home/mikolaj/ENAE450_tb_ws/install/turtlebot3_gazebo/share/turtlebot3_gazebo//models/turtlebot3_autorace_2020/traffic_parking/model.config
[24.651s] -- Installing: /home/mikolaj/ENAE450_tb_ws/install/turtlebot3_gazebo/share/turtlebot3_gazebo//models/turtlebot3_autorace_2020/checker
[24.651s] -- Installing: /home/mikolaj/ENAE450_tb_ws/install/turtlebot3_gazebo/share/turtlebot3_gazebo//models/turtlebot3_autorace_2020/checker/model.sdf
[24.651s] -- Installing: /home/mikolaj/ENAE450_tb_ws/install/turtlebot3_gazebo/share/turtlebot3_gazebo//models/turtlebot3_autorace_2020/checker/materials
[24.651s] -- Installing: /home/mikolaj/ENAE450_tb_ws/install/turtlebot3_gazebo/share/turtlebot3_gazebo//models/turtlebot3_autorace_2020/checker/materials/checker.png
[24.651s] -- Installing: /home/mikolaj/ENAE450_tb_ws/install/turtlebot3_gazebo/share/turtlebot3_gazebo//models/turtlebot3_autorace_2020/checker/materials/scripts
[24.651s] -- Installing: /home/mikolaj/ENAE450_tb_ws/install/turtlebot3_gazebo/share/turtlebot3_gazebo//models/turtlebot3_autorace_2020/checker/materials/scripts/checker.material
[24.651s] -- Installing: /home/mikolaj/ENAE450_tb_ws/install/turtlebot3_gazebo/share/turtlebot3_gazebo//models/turtlebot3_autorace_2020/checker/materials/textures
[24.651s] -- Installing: /home/mikolaj/ENAE450_tb_ws/install/turtlebot3_gazebo/share/turtlebot3_gazebo//models/turtlebot3_autorace_2020/checker/materials/textures/checker.png
[24.652s] -- Installing: /home/mikolaj/ENAE450_tb_ws/install/turtlebot3_gazebo/share/turtlebot3_gazebo//models/turtlebot3_autorace_2020/checker/model.config
[24.652s] -- Installing: /home/mikolaj/ENAE450_tb_ws/install/turtlebot3_gazebo/share/turtlebot3_gazebo//models/turtlebot3_autorace_2020/traffic_stop
[24.652s] -- Installing: /home/mikolaj/ENAE450_tb_ws/install/turtlebot3_gazebo/share/turtlebot3_gazebo//models/turtlebot3_autorace_2020/traffic_stop/model.sdf
[24.652s] -- Installing: /home/mikolaj/ENAE450_tb_ws/install/turtlebot3_gazebo/share/turtlebot3_gazebo//models/turtlebot3_autorace_2020/traffic_stop/materials
[24.652s] -- Installing: /home/mikolaj/ENAE450_tb_ws/install/turtlebot3_gazebo/share/turtlebot3_gazebo//models/turtlebot3_autorace_2020/traffic_stop/materials/scripts
[24.653s] -- Installing: /home/mikolaj/ENAE450_tb_ws/install/turtlebot3_gazebo/share/turtlebot3_gazebo//models/turtlebot3_autorace_2020/traffic_stop/materials/scripts/traffic_stop.material
[24.653s] -- Installing: /home/mikolaj/ENAE450_tb_ws/install/turtlebot3_gazebo/share/turtlebot3_gazebo//models/turtlebot3_autorace_2020/traffic_stop/materials/textures
[24.653s] -- Installing: /home/mikolaj/ENAE450_tb_ws/install/turtlebot3_gazebo/share/turtlebot3_gazebo//models/turtlebot3_autorace_2020/traffic_stop/materials/textures/traffic_stop.png
[24.653s] -- Installing: /home/mikolaj/ENAE450_tb_ws/install/turtlebot3_gazebo/share/turtlebot3_gazebo//models/turtlebot3_autorace_2020/traffic_stop/model.config
[24.653s] -- Installing: /home/mikolaj/ENAE450_tb_ws/install/turtlebot3_gazebo/share/turtlebot3_gazebo//models/turtlebot3_autorace_2020/course
[24.653s] -- Installing: /home/mikolaj/ENAE450_tb_ws/install/turtlebot3_gazebo/share/turtlebot3_gazebo//models/turtlebot3_autorace_2020/course/model.sdf
[24.653s] -- Installing: /home/mikolaj/ENAE450_tb_ws/install/turtlebot3_gazebo/share/turtlebot3_gazebo//models/turtlebot3_autorace_2020/course/materials
[24.653s] -- Installing: /home/mikolaj/ENAE450_tb_ws/install/turtlebot3_gazebo/share/turtlebot3_gazebo//models/turtlebot3_autorace_2020/course/materials/scripts
[24.653s] -- Installing: /home/mikolaj/ENAE450_tb_ws/install/turtlebot3_gazebo/share/turtlebot3_gazebo//models/turtlebot3_autorace_2020/course/materials/scripts/course.material
[24.653s] -- Installing: /home/mikolaj/ENAE450_tb_ws/install/turtlebot3_gazebo/share/turtlebot3_gazebo//models/turtlebot3_autorace_2020/course/materials/textures
[24.653s] -- Installing: /home/mikolaj/ENAE450_tb_ws/install/turtlebot3_gazebo/share/turtlebot3_gazebo//models/turtlebot3_autorace_2020/course/materials/textures/course.png
[24.654s] -- Installing: /home/mikolaj/ENAE450_tb_ws/install/turtlebot3_gazebo/share/turtlebot3_gazebo//models/turtlebot3_autorace_2020/course/model.config
[24.654s] -- Installing: /home/mikolaj/ENAE450_tb_ws/install/turtlebot3_gazebo/share/turtlebot3_gazebo//models/turtlebot3_autorace_2020/traffic_bar
[24.654s] -- Installing: /home/mikolaj/ENAE450_tb_ws/install/turtlebot3_gazebo/share/turtlebot3_gazebo//models/turtlebot3_autorace_2020/traffic_bar/model.sdf
[24.654s] -- Installing: /home/mikolaj/ENAE450_tb_ws/install/turtlebot3_gazebo/share/turtlebot3_gazebo//models/turtlebot3_autorace_2020/traffic_bar/materials
[24.654s] -- Installing: /home/mikolaj/ENAE450_tb_ws/install/turtlebot3_gazebo/share/turtlebot3_gazebo//models/turtlebot3_autorace_2020/traffic_bar/materials/scripts
[24.654s] -- Installing: /home/mikolaj/ENAE450_tb_ws/install/turtlebot3_gazebo/share/turtlebot3_gazebo//models/turtlebot3_autorace_2020/traffic_bar/materials/scripts/traffic_bar.material
[24.654s] -- Installing: /home/mikolaj/ENAE450_tb_ws/install/turtlebot3_gazebo/share/turtlebot3_gazebo//models/turtlebot3_autorace_2020/traffic_bar/materials/textures
[24.654s] -- Installing: /home/mikolaj/ENAE450_tb_ws/install/turtlebot3_gazebo/share/turtlebot3_gazebo//models/turtlebot3_autorace_2020/traffic_bar/materials/textures/traffic_bar.png
[24.654s] -- Installing: /home/mikolaj/ENAE450_tb_ws/install/turtlebot3_gazebo/share/turtlebot3_gazebo//models/turtlebot3_autorace_2020/traffic_bar/model.config
[24.654s] -- Installing: /home/mikolaj/ENAE450_tb_ws/install/turtlebot3_gazebo/share/turtlebot3_gazebo//models/turtlebot3_autorace_2020/traffic_pl_left
[24.654s] -- Installing: /home/mikolaj/ENAE450_tb_ws/install/turtlebot3_gazebo/share/turtlebot3_gazebo//models/turtlebot3_autorace_2020/traffic_pl_left/model.sdf
[24.654s] -- Installing: /home/mikolaj/ENAE450_tb_ws/install/turtlebot3_gazebo/share/turtlebot3_gazebo//models/turtlebot3_autorace_2020/traffic_pl_left/materials
[24.654s] -- Installing: /home/mikolaj/ENAE450_tb_ws/install/turtlebot3_gazebo/share/turtlebot3_gazebo//models/turtlebot3_autorace_2020/traffic_pl_left/materials/scripts
[24.654s] -- Installing: /home/mikolaj/ENAE450_tb_ws/install/turtlebot3_gazebo/share/turtlebot3_gazebo//models/turtlebot3_autorace_2020/traffic_pl_left/materials/scripts/traffic_pl_left.material
[24.654s] -- Installing: /home/mikolaj/ENAE450_tb_ws/install/turtlebot3_gazebo/share/turtlebot3_gazebo//models/turtlebot3_autorace_2020/traffic_pl_left/materials/textures
[24.654s] -- Installing: /home/mikolaj/ENAE450_tb_ws/install/turtlebot3_gazebo/share/turtlebot3_gazebo//models/turtlebot3_autorace_2020/traffic_pl_left/materials/textures/traffic_pl_left.png
[24.655s] -- Installing: /home/mikolaj/ENAE450_tb_ws/install/turtlebot3_gazebo/share/turtlebot3_gazebo//models/turtlebot3_autorace_2020/traffic_pl_left/model.config
[24.655s] -- Installing: /home/mikolaj/ENAE450_tb_ws/install/turtlebot3_gazebo/share/turtlebot3_gazebo//models/turtlebot3_autorace_2020/traffic_construction
[24.655s] -- Installing: /home/mikolaj/ENAE450_tb_ws/install/turtlebot3_gazebo/share/turtlebot3_gazebo//models/turtlebot3_autorace_2020/traffic_construction/model.sdf
[24.655s] -- Installing: /home/mikolaj/ENAE450_tb_ws/install/turtlebot3_gazebo/share/turtlebot3_gazebo//models/turtlebot3_autorace_2020/traffic_construction/materials
[24.655s] -- Installing: /home/mikolaj/ENAE450_tb_ws/install/turtlebot3_gazebo/share/turtlebot3_gazebo//models/turtlebot3_autorace_2020/traffic_construction/materials/scripts
[24.655s] -- Installing: /home/mikolaj/ENAE450_tb_ws/install/turtlebot3_gazebo/share/turtlebot3_gazebo//models/turtlebot3_autorace_2020/traffic_construction/materials/scripts/traffic_construction.material
[24.655s] -- Installing: /home/mikolaj/ENAE450_tb_ws/install/turtlebot3_gazebo/share/turtlebot3_gazebo//models/turtlebot3_autorace_2020/traffic_construction/materials/textures
[24.656s] -- Installing: /home/mikolaj/ENAE450_tb_ws/install/turtlebot3_gazebo/share/turtlebot3_gazebo//models/turtlebot3_autorace_2020/traffic_construction/materials/textures/traffic_construction.png
[24.656s] -- Installing: /home/mikolaj/ENAE450_tb_ws/install/turtlebot3_gazebo/share/turtlebot3_gazebo//models/turtlebot3_autorace_2020/traffic_construction/model.config
[24.656s] -- Installing: /home/mikolaj/ENAE450_tb_ws/install/turtlebot3_gazebo/share/turtlebot3_gazebo//models/turtlebot3_autorace_2020/traffic_left
[24.656s] -- Installing: /home/mikolaj/ENAE450_tb_ws/install/turtlebot3_gazebo/share/turtlebot3_gazebo//models/turtlebot3_autorace_2020/traffic_left/model.sdf
[24.656s] -- Installing: /home/mikolaj/ENAE450_tb_ws/install/turtlebot3_gazebo/share/turtlebot3_gazebo//models/turtlebot3_autorace_2020/traffic_left/materials
[24.656s] -- Installing: /home/mikolaj/ENAE450_tb_ws/install/turtlebot3_gazebo/share/turtlebot3_gazebo//models/turtlebot3_autorace_2020/traffic_left/materials/scripts
[24.656s] -- Installing: /home/mikolaj/ENAE450_tb_ws/install/turtlebot3_gazebo/share/turtlebot3_gazebo//models/turtlebot3_autorace_2020/traffic_left/materials/scripts/traffic_is_left.material
[24.656s] -- Installing: /home/mikolaj/ENAE450_tb_ws/install/turtlebot3_gazebo/share/turtlebot3_gazebo//models/turtlebot3_autorace_2020/traffic_left/materials/textures
[24.656s] -- Installing: /home/mikolaj/ENAE450_tb_ws/install/turtlebot3_gazebo/share/turtlebot3_gazebo//models/turtlebot3_autorace_2020/traffic_left/materials/textures/traffic_left.png
[24.656s] -- Installing: /home/mikolaj/ENAE450_tb_ws/install/turtlebot3_gazebo/share/turtlebot3_gazebo//models/turtlebot3_autorace_2020/traffic_left/model.config
[24.656s] -- Installing: /home/mikolaj/ENAE450_tb_ws/install/turtlebot3_gazebo/share/turtlebot3_gazebo//models/turtlebot3_autorace_2020/traffic_intersection
[24.656s] -- Installing: /home/mikolaj/ENAE450_tb_ws/install/turtlebot3_gazebo/share/turtlebot3_gazebo//models/turtlebot3_autorace_2020/traffic_intersection/model.sdf
[24.656s] -- Installing: /home/mikolaj/ENAE450_tb_ws/install/turtlebot3_gazebo/share/turtlebot3_gazebo//models/turtlebot3_autorace_2020/traffic_intersection/materials
[24.656s] -- Installing: /home/mikolaj/ENAE450_tb_ws/install/turtlebot3_gazebo/share/turtlebot3_gazebo//models/turtlebot3_autorace_2020/traffic_intersection/materials/scripts
[24.656s] -- Installing: /home/mikolaj/ENAE450_tb_ws/install/turtlebot3_gazebo/share/turtlebot3_gazebo//models/turtlebot3_autorace_2020/traffic_intersection/materials/scripts/traffic_intersection.material
[24.656s] -- Installing: /home/mikolaj/ENAE450_tb_ws/install/turtlebot3_gazebo/share/turtlebot3_gazebo//models/turtlebot3_autorace_2020/traffic_intersection/materials/textures
[24.657s] -- Installing: /home/mikolaj/ENAE450_tb_ws/install/turtlebot3_gazebo/share/turtlebot3_gazebo//models/turtlebot3_autorace_2020/traffic_intersection/materials/textures/traffic_intersection.png
[24.657s] -- Installing: /home/mikolaj/ENAE450_tb_ws/install/turtlebot3_gazebo/share/turtlebot3_gazebo//models/turtlebot3_autorace_2020/traffic_intersection/model.config
[24.657s] -- Installing: /home/mikolaj/ENAE450_tb_ws/install/turtlebot3_gazebo/share/turtlebot3_gazebo//models/turtlebot3_autorace_2020/traffic_right
[24.657s] -- Installing: /home/mikolaj/ENAE450_tb_ws/install/turtlebot3_gazebo/share/turtlebot3_gazebo//models/turtlebot3_autorace_2020/traffic_right/model.sdf
[24.657s] -- Installing: /home/mikolaj/ENAE450_tb_ws/install/turtlebot3_gazebo/share/turtlebot3_gazebo//models/turtlebot3_autorace_2020/traffic_right/materials
[24.657s] -- Installing: /home/mikolaj/ENAE450_tb_ws/install/turtlebot3_gazebo/share/turtlebot3_gazebo//models/turtlebot3_autorace_2020/traffic_right/materials/scripts
[24.657s] -- Installing: /home/mikolaj/ENAE450_tb_ws/install/turtlebot3_gazebo/share/turtlebot3_gazebo//models/turtlebot3_autorace_2020/traffic_right/materials/scripts/traffic_right.material
[24.657s] -- Installing: /home/mikolaj/ENAE450_tb_ws/install/turtlebot3_gazebo/share/turtlebot3_gazebo//models/turtlebot3_autorace_2020/traffic_right/materials/textures
[24.657s] -- Installing: /home/mikolaj/ENAE450_tb_ws/install/turtlebot3_gazebo/share/turtlebot3_gazebo//models/turtlebot3_autorace_2020/traffic_right/materials/textures/traffic_right.png
[24.657s] -- Installing: /home/mikolaj/ENAE450_tb_ws/install/turtlebot3_gazebo/share/turtlebot3_gazebo//models/turtlebot3_autorace_2020/traffic_right/model.config
[24.658s] -- Installing: /home/mikolaj/ENAE450_tb_ws/install/turtlebot3_gazebo/share/turtlebot3_gazebo//models/turtlebot3_autorace_2020/traffic_tunnel
[24.658s] -- Installing: /home/mikolaj/ENAE450_tb_ws/install/turtlebot3_gazebo/share/turtlebot3_gazebo//models/turtlebot3_autorace_2020/traffic_tunnel/model.sdf
[24.658s] -- Installing: /home/mikolaj/ENAE450_tb_ws/install/turtlebot3_gazebo/share/turtlebot3_gazebo//models/turtlebot3_autorace_2020/traffic_tunnel/materials
[24.658s] -- Installing: /home/mikolaj/ENAE450_tb_ws/install/turtlebot3_gazebo/share/turtlebot3_gazebo//models/turtlebot3_autorace_2020/traffic_tunnel/materials/scripts
[24.658s] -- Installing: /home/mikolaj/ENAE450_tb_ws/install/turtlebot3_gazebo/share/turtlebot3_gazebo//models/turtlebot3_autorace_2020/traffic_tunnel/materials/scripts/tunnel.material
[24.658s] -- Installing: /home/mikolaj/ENAE450_tb_ws/install/turtlebot3_gazebo/share/turtlebot3_gazebo//models/turtlebot3_autorace_2020/traffic_tunnel/materials/textures
[24.658s] -- Installing: /home/mikolaj/ENAE450_tb_ws/install/turtlebot3_gazebo/share/turtlebot3_gazebo//models/turtlebot3_autorace_2020/traffic_tunnel/materials/textures/tunnel.png
[24.658s] -- Installing: /home/mikolaj/ENAE450_tb_ws/install/turtlebot3_gazebo/share/turtlebot3_gazebo//models/turtlebot3_autorace_2020/traffic_tunnel/model.config
[24.658s] -- Installing: /home/mikolaj/ENAE450_tb_ws/install/turtlebot3_gazebo/share/turtlebot3_gazebo//models/turtlebot3_autorace_2020/traffic_noentry
[24.658s] -- Installing: /home/mikolaj/ENAE450_tb_ws/install/turtlebot3_gazebo/share/turtlebot3_gazebo//models/turtlebot3_autorace_2020/traffic_noentry/model.sdf
[24.658s] -- Installing: /home/mikolaj/ENAE450_tb_ws/install/turtlebot3_gazebo/share/turtlebot3_gazebo//models/turtlebot3_autorace_2020/traffic_noentry/materials
[24.659s] -- Installing: /home/mikolaj/ENAE450_tb_ws/install/turtlebot3_gazebo/share/turtlebot3_gazebo//models/turtlebot3_autorace_2020/traffic_noentry/materials/scripts
[24.659s] -- Installing: /home/mikolaj/ENAE450_tb_ws/install/turtlebot3_gazebo/share/turtlebot3_gazebo//models/turtlebot3_autorace_2020/traffic_noentry/materials/scripts/traffic_noentry.material
[24.659s] -- Installing: /home/mikolaj/ENAE450_tb_ws/install/turtlebot3_gazebo/share/turtlebot3_gazebo//models/turtlebot3_autorace_2020/traffic_noentry/materials/textures
[24.659s] -- Installing: /home/mikolaj/ENAE450_tb_ws/install/turtlebot3_gazebo/share/turtlebot3_gazebo//models/turtlebot3_autorace_2020/traffic_noentry/materials/textures/traffic_noentry.png
[24.659s] -- Installing: /home/mikolaj/ENAE450_tb_ws/install/turtlebot3_gazebo/share/turtlebot3_gazebo//models/turtlebot3_autorace_2020/traffic_noentry/model.config
[24.659s] -- Installing: /home/mikolaj/ENAE450_tb_ws/install/turtlebot3_gazebo/share/turtlebot3_gazebo//models/turtlebot3_dqn_world
[24.659s] -- Installing: /home/mikolaj/ENAE450_tb_ws/install/turtlebot3_gazebo/share/turtlebot3_gazebo//models/turtlebot3_dqn_world/obstacles
[24.659s] -- Installing: /home/mikolaj/ENAE450_tb_ws/install/turtlebot3_gazebo/share/turtlebot3_gazebo//models/turtlebot3_dqn_world/obstacles/model.sdf
[24.659s] -- Installing: /home/mikolaj/ENAE450_tb_ws/install/turtlebot3_gazebo/share/turtlebot3_gazebo//models/turtlebot3_dqn_world/obstacles/model.config
[24.659s] -- Installing: /home/mikolaj/ENAE450_tb_ws/install/turtlebot3_gazebo/share/turtlebot3_gazebo//models/turtlebot3_dqn_world/obstacle2
[24.659s] -- Installing: /home/mikolaj/ENAE450_tb_ws/install/turtlebot3_gazebo/share/turtlebot3_gazebo//models/turtlebot3_dqn_world/obstacle2/model.sdf
[24.660s] -- Installing: /home/mikolaj/ENAE450_tb_ws/install/turtlebot3_gazebo/share/turtlebot3_gazebo//models/turtlebot3_dqn_world/obstacle2/model.config
[24.660s] -- Installing: /home/mikolaj/ENAE450_tb_ws/install/turtlebot3_gazebo/share/turtlebot3_gazebo//models/turtlebot3_dqn_world/inner_walls
[24.660s] -- Installing: /home/mikolaj/ENAE450_tb_ws/install/turtlebot3_gazebo/share/turtlebot3_gazebo//models/turtlebot3_dqn_world/inner_walls/model.sdf
[24.660s] -- Installing: /home/mikolaj/ENAE450_tb_ws/install/turtlebot3_gazebo/share/turtlebot3_gazebo//models/turtlebot3_dqn_world/inner_walls/model.config
[24.660s] -- Installing: /home/mikolaj/ENAE450_tb_ws/install/turtlebot3_gazebo/share/turtlebot3_gazebo//models/turtlebot3_dqn_world/model.sdf
[24.660s] -- Installing: /home/mikolaj/ENAE450_tb_ws/install/turtlebot3_gazebo/share/turtlebot3_gazebo//models/turtlebot3_dqn_world/obstacle1
[24.660s] -- Installing: /home/mikolaj/ENAE450_tb_ws/install/turtlebot3_gazebo/share/turtlebot3_gazebo//models/turtlebot3_dqn_world/obstacle1/model.sdf
[24.660s] -- Installing: /home/mikolaj/ENAE450_tb_ws/install/turtlebot3_gazebo/share/turtlebot3_gazebo//models/turtlebot3_dqn_world/obstacle1/model.config
[24.660s] -- Installing: /home/mikolaj/ENAE450_tb_ws/install/turtlebot3_gazebo/share/turtlebot3_gazebo//models/turtlebot3_dqn_world/goal_box
[24.660s] -- Installing: /home/mikolaj/ENAE450_tb_ws/install/turtlebot3_gazebo/share/turtlebot3_gazebo//models/turtlebot3_dqn_world/goal_box/model.sdf
[24.660s] -- Installing: /home/mikolaj/ENAE450_tb_ws/install/turtlebot3_gazebo/share/turtlebot3_gazebo//models/turtlebot3_dqn_world/goal_box/model.config
[24.660s] -- Installing: /home/mikolaj/ENAE450_tb_ws/install/turtlebot3_gazebo/share/turtlebot3_gazebo//models/turtlebot3_dqn_world/model.config
[24.660s] -- Installing: /home/mikolaj/ENAE450_tb_ws/install/turtlebot3_gazebo/share/turtlebot3_gazebo//models/turtlebot3_waffle_pi
[24.660s] -- Installing: /home/mikolaj/ENAE450_tb_ws/install/turtlebot3_gazebo/share/turtlebot3_gazebo//models/turtlebot3_waffle_pi/model.sdf
[24.660s] -- Installing: /home/mikolaj/ENAE450_tb_ws/install/turtlebot3_gazebo/share/turtlebot3_gazebo//models/turtlebot3_waffle_pi/model-1_4_.sdf
[24.661s] -- Installing: /home/mikolaj/ENAE450_tb_ws/install/turtlebot3_gazebo/share/turtlebot3_gazebo//models/turtlebot3_waffle_pi/model.config
[24.661s] -- Installing: /home/mikolaj/ENAE450_tb_ws/install/turtlebot3_gazebo/share/turtlebot3_gazebo//models/maze_0
[24.661s] -- Installing: /home/mikolaj/ENAE450_tb_ws/install/turtlebot3_gazebo/share/turtlebot3_gazebo//models/maze_0/model.sdf
[24.661s] -- Installing: /home/mikolaj/ENAE450_tb_ws/install/turtlebot3_gazebo/share/turtlebot3_gazebo//models/maze_0/model.config
[24.661s] -- Installing: /home/mikolaj/ENAE450_tb_ws/install/turtlebot3_gazebo/share/turtlebot3_gazebo//models/turtlebot3_world
[24.661s] -- Installing: /home/mikolaj/ENAE450_tb_ws/install/turtlebot3_gazebo/share/turtlebot3_gazebo//models/turtlebot3_world/meshes
[24.661s] -- Installing: /home/mikolaj/ENAE450_tb_ws/install/turtlebot3_gazebo/share/turtlebot3_gazebo//models/turtlebot3_world/meshes/hexagon.dae
[24.661s] -- Installing: /home/mikolaj/ENAE450_tb_ws/install/turtlebot3_gazebo/share/turtlebot3_gazebo//models/turtlebot3_world/meshes/wall.dae
[24.661s] -- Installing: /home/mikolaj/ENAE450_tb_ws/install/turtlebot3_gazebo/share/turtlebot3_gazebo//models/turtlebot3_world/model.sdf
[24.661s] -- Installing: /home/mikolaj/ENAE450_tb_ws/install/turtlebot3_gazebo/share/turtlebot3_gazebo//models/turtlebot3_world/model-1_4.sdf
[24.661s] -- Installing: /home/mikolaj/ENAE450_tb_ws/install/turtlebot3_gazebo/share/turtlebot3_gazebo//models/turtlebot3_world/model.config
[24.661s] -- Installing: /home/mikolaj/ENAE450_tb_ws/install/turtlebot3_gazebo/share/turtlebot3_gazebo//models/maze_2
[24.661s] -- Installing: /home/mikolaj/ENAE450_tb_ws/install/turtlebot3_gazebo/share/turtlebot3_gazebo//models/maze_2/model.sdf
[24.661s] -- Installing: /home/mikolaj/ENAE450_tb_ws/install/turtlebot3_gazebo/share/turtlebot3_gazebo//models/maze_2/model.config
[24.662s] -- Installing: /home/mikolaj/ENAE450_tb_ws/install/turtlebot3_gazebo/share/turtlebot3_gazebo//models/turtlebot3_burger_cam
[24.662s] -- Installing: /home/mikolaj/ENAE450_tb_ws/install/turtlebot3_gazebo/share/turtlebot3_gazebo//models/turtlebot3_burger_cam/model.sdf
[24.662s] -- Installing: /home/mikolaj/ENAE450_tb_ws/install/turtlebot3_gazebo/share/turtlebot3_gazebo//models/turtlebot3_burger_cam/model-1_4.sdf
[24.662s] -- Installing: /home/mikolaj/ENAE450_tb_ws/install/turtlebot3_gazebo/share/turtlebot3_gazebo//models/turtlebot3_burger_cam/model.config
[24.662s] -- Installing: /home/mikolaj/ENAE450_tb_ws/install/turtlebot3_gazebo/share/turtlebot3_gazebo//models/turtlebot3_house
[24.662s] -- Installing: /home/mikolaj/ENAE450_tb_ws/install/turtlebot3_gazebo/share/turtlebot3_gazebo//models/turtlebot3_house/model.sdf
[24.662s] -- Installing: /home/mikolaj/ENAE450_tb_ws/install/turtlebot3_gazebo/share/turtlebot3_gazebo//models/turtlebot3_house/model.config
[24.662s] -- Installing: /home/mikolaj/ENAE450_tb_ws/install/turtlebot3_gazebo/share/turtlebot3_gazebo//rviz
[24.663s] -- Installing: /home/mikolaj/ENAE450_tb_ws/install/turtlebot3_gazebo/share/turtlebot3_gazebo//rviz/tb3_gazebo.rviz
[24.663s] -- Installing: /home/mikolaj/ENAE450_tb_ws/install/turtlebot3_gazebo/share/turtlebot3_gazebo//urdf
[24.663s] -- Installing: /home/mikolaj/ENAE450_tb_ws/install/turtlebot3_gazebo/share/turtlebot3_gazebo//urdf/turtlebot3_burger.urdf
[24.663s] -- Installing: /home/mikolaj/ENAE450_tb_ws/install/turtlebot3_gazebo/share/turtlebot3_gazebo//urdf/turtlebot3_burger_cam.urdf
[24.663s] -- Installing: /home/mikolaj/ENAE450_tb_ws/install/turtlebot3_gazebo/share/turtlebot3_gazebo//urdf/turtlebot3_waffle.urdf
[24.663s] -- Installing: /home/mikolaj/ENAE450_tb_ws/install/turtlebot3_gazebo/share/turtlebot3_gazebo//urdf/turtlebot3_waffle_pi.urdf
[24.663s] -- Installing: /home/mikolaj/ENAE450_tb_ws/install/turtlebot3_gazebo/share/turtlebot3_gazebo//urdf/common_properties.urdf
[24.663s] -- Installing: /home/mikolaj/ENAE450_tb_ws/install/turtlebot3_gazebo/share/turtlebot3_gazebo//worlds
[24.663s] -- Installing: /home/mikolaj/ENAE450_tb_ws/install/turtlebot3_gazebo/share/turtlebot3_gazebo//worlds/empty_world.world
[24.664s] -- Installing: /home/mikolaj/ENAE450_tb_ws/install/turtlebot3_gazebo/share/turtlebot3_gazebo//worlds/turtlebot3_house.world
[24.664s] -- Installing: /home/mikolaj/ENAE450_tb_ws/install/turtlebot3_gazebo/share/turtlebot3_gazebo//worlds/turtlebot3_dqn_stage4.world
[24.664s] -- Installing: /home/mikolaj/ENAE450_tb_ws/install/turtlebot3_gazebo/share/turtlebot3_gazebo//worlds/turtlebot3_dqn_stage1.world
[24.664s] -- Installing: /home/mikolaj/ENAE450_tb_ws/install/turtlebot3_gazebo/share/turtlebot3_gazebo//worlds/maze_1.world
[24.664s] -- Installing: /home/mikolaj/ENAE450_tb_ws/install/turtlebot3_gazebo/share/turtlebot3_gazebo//worlds/turtlebot3_autorace_2020.world
[24.664s] -- Installing: /home/mikolaj/ENAE450_tb_ws/install/turtlebot3_gazebo/share/turtlebot3_gazebo//worlds/maze_0.world
[24.664s] -- Installing: /home/mikolaj/ENAE450_tb_ws/install/turtlebot3_gazebo/share/turtlebot3_gazebo//worlds/turtlebot3_world.world
[24.664s] -- Installing: /home/mikolaj/ENAE450_tb_ws/install/turtlebot3_gazebo/share/turtlebot3_gazebo//worlds/maze_2.world
[24.664s] -- Installing: /home/mikolaj/ENAE450_tb_ws/install/turtlebot3_gazebo/share/turtlebot3_gazebo//worlds/turtlebot3_dqn_stage3.world
[24.665s] -- Installing: /home/mikolaj/ENAE450_tb_ws/install/turtlebot3_gazebo/share/turtlebot3_gazebo//worlds/turtlebot3_dqn_stage2.world
[24.665s] -- Installing: /home/mikolaj/ENAE450_tb_ws/install/turtlebot3_gazebo/include/
[24.665s] -- Installing: /home/mikolaj/ENAE450_tb_ws/install/turtlebot3_gazebo/include//turtlebot3_gazebo
[24.665s] -- Installing: /home/mikolaj/ENAE450_tb_ws/install/turtlebot3_gazebo/include//turtlebot3_gazebo/obstacle2.hpp
[24.665s] -- Installing: /home/mikolaj/ENAE450_tb_ws/install/turtlebot3_gazebo/include//turtlebot3_gazebo/traffic_bar_plugin.hpp
[24.665s] -- Installing: /home/mikolaj/ENAE450_tb_ws/install/turtlebot3_gazebo/include//turtlebot3_gazebo/turtlebot3_drive.hpp
[24.665s] -- Installing: /home/mikolaj/ENAE450_tb_ws/install/turtlebot3_gazebo/include//turtlebot3_gazebo/obstacles.hpp
[24.665s] -- Installing: /home/mikolaj/ENAE450_tb_ws/install/turtlebot3_gazebo/include//turtlebot3_gazebo/obstacle1.hpp
[24.666s] -- Installing: /home/mikolaj/ENAE450_tb_ws/install/turtlebot3_gazebo/include//turtlebot3_gazebo/traffic_light_plugin.hpp
[24.666s] -- Installing: /home/mikolaj/ENAE450_tb_ws/install/turtlebot3_gazebo/share/ament_index/resource_index/package_run_dependencies/turtlebot3_gazebo
[24.666s] -- Installing: /home/mikolaj/ENAE450_tb_ws/install/turtlebot3_gazebo/share/ament_index/resource_index/parent_prefix_path/turtlebot3_gazebo
[24.666s] -- Installing: /home/mikolaj/ENAE450_tb_ws/install/turtlebot3_gazebo/share/turtlebot3_gazebo/environment/ament_prefix_path.sh
[24.666s] -- Installing: /home/mikolaj/ENAE450_tb_ws/install/turtlebot3_gazebo/share/turtlebot3_gazebo/environment/ament_prefix_path.dsv
[24.666s] -- Installing: /home/mikolaj/ENAE450_tb_ws/install/turtlebot3_gazebo/share/turtlebot3_gazebo/environment/path.sh
[24.666s] -- Installing: /home/mikolaj/ENAE450_tb_ws/install/turtlebot3_gazebo/share/turtlebot3_gazebo/environment/path.dsv
[24.666s] -- Installing: /home/mikolaj/ENAE450_tb_ws/install/turtlebot3_gazebo/share/turtlebot3_gazebo/local_setup.bash
[24.666s] -- Installing: /home/mikolaj/ENAE450_tb_ws/install/turtlebot3_gazebo/share/turtlebot3_gazebo/local_setup.sh
[24.666s] -- Installing: /home/mikolaj/ENAE450_tb_ws/install/turtlebot3_gazebo/share/turtlebot3_gazebo/local_setup.zsh
[24.667s] -- Installing: /home/mikolaj/ENAE450_tb_ws/install/turtlebot3_gazebo/share/turtlebot3_gazebo/local_setup.dsv
[24.667s] -- Installing: /home/mikolaj/ENAE450_tb_ws/install/turtlebot3_gazebo/share/turtlebot3_gazebo/package.dsv
[24.667s] -- Installing: /home/mikolaj/ENAE450_tb_ws/install/turtlebot3_gazebo/share/ament_index/resource_index/packages/turtlebot3_gazebo
[24.667s] -- Installing: /home/mikolaj/ENAE450_tb_ws/install/turtlebot3_gazebo/share/turtlebot3_gazebo/cmake/ament_cmake_export_include_directories-extras.cmake
[24.667s] -- Installing: /home/mikolaj/ENAE450_tb_ws/install/turtlebot3_gazebo/share/turtlebot3_gazebo/cmake/ament_cmake_export_dependencies-extras.cmake
[24.667s] -- Installing: /home/mikolaj/ENAE450_tb_ws/install/turtlebot3_gazebo/share/turtlebot3_gazebo/cmake/turtlebot3_gazeboConfig.cmake
[24.667s] -- Installing: /home/mikolaj/ENAE450_tb_ws/install/turtlebot3_gazebo/share/turtlebot3_gazebo/cmake/turtlebot3_gazeboConfig-version.cmake
[24.667s] -- Installing: /home/mikolaj/ENAE450_tb_ws/install/turtlebot3_gazebo/share/turtlebot3_gazebo/package.xml
[24.669s] Invoked command in '/home/mikolaj/ENAE450_tb_ws/build/turtlebot3_gazebo' returned '0': CMAKE_PREFIX_PATH=${CMAKE_PREFIX_PATH}:/home/mikolaj/ENAE450_tb_ws/install/turtlebot3_controller:/opt/ros/humble /usr/bin/cmake --install /home/mikolaj/ENAE450_tb_ws/build/turtlebot3_gazebo
