[0.163s] Invoking command in '/home/patrick/ENAE450_tb_ws/build/turtlebot3_msgs': CMAKE_PREFIX_PATH=${CMAKE_PREFIX_PATH}:/home/patrick/ENAE450_tb_ws/install/turtlebot3_controller:/home/patrick/turtlebot3_ws/install/turtlebot3_teleop:/home/patrick/turtlebot3_ws/install/turtlebot3_example:/home/patrick/turtlebot3_ws/install/turtlebot3_controller:/opt/ros/humble /usr/bin/cmake --build /home/patrick/ENAE450_tb_ws/build/turtlebot3_msgs -- -j2 -l2
[0.587s] [  1%] Built target turtlebot3_msgs__cpp
[0.780s] [ 12%] Built target turtlebot3_msgs__rosidl_generator_c
[1.008s] [ 12%] Built target ament_cmake_python_copy_turtlebot3_msgs
[1.421s] [ 23%] Built target turtlebot3_msgs__rosidl_typesupport_cpp
[1.617s] [ 35%] Built target turtlebot3_msgs__rosidl_typesupport_fastrtps_c
[1.782s] [ 46%] Built target turtlebot3_msgs__rosidl_typesupport_fastrtps_cpp
[1.998s] [ 57%] Built target turtlebot3_msgs__rosidl_typesupport_introspection_c
[2.223s] [ 69%] Built target turtlebot3_msgs__rosidl_typesupport_c
[2.429s] [ 80%] Built target turtlebot3_msgs__rosidl_typesupport_introspection_cpp
[3.452s] running egg_info
[3.453s] writing turtlebot3_msgs.egg-info/PKG-INFO
[3.457s] writing dependency_links to turtlebot3_msgs.egg-info/dependency_links.txt
[3.457s] writing top-level names to turtlebot3_msgs.egg-info/top_level.txt
[3.467s] reading manifest file 'turtlebot3_msgs.egg-info/SOURCES.txt'
[3.500s] writing manifest file 'turtlebot3_msgs.egg-info/SOURCES.txt'
[3.739s] [ 80%] Built target ament_cmake_python_build_turtlebot3_msgs_egg
[4.116s] [ 80%] Built target turtlebot3_msgs
[4.298s] [ 81%] Built target turtlebot3_msgs__py
[4.642s] [ 91%] Built target turtlebot3_msgs__rosidl_generator_py
[4.883s] [ 94%] Built target turtlebot3_msgs__rosidl_typesupport_fastrtps_c__pyext
[5.176s] [ 97%] Built target turtlebot3_msgs__rosidl_typesupport_introspection_c__pyext
[5.412s] [100%] Built target turtlebot3_msgs__rosidl_typesupport_c__pyext
[5.486s] Invoked command in '/home/patrick/ENAE450_tb_ws/build/turtlebot3_msgs' returned '0': CMAKE_PREFIX_PATH=${CMAKE_PREFIX_PATH}:/home/patrick/ENAE450_tb_ws/install/turtlebot3_controller:/home/patrick/turtlebot3_ws/install/turtlebot3_teleop:/home/patrick/turtlebot3_ws/install/turtlebot3_example:/home/patrick/turtlebot3_ws/install/turtlebot3_controller:/opt/ros/humble /usr/bin/cmake --build /home/patrick/ENAE450_tb_ws/build/turtlebot3_msgs -- -j2 -l2
[5.502s] Invoking command in '/home/patrick/ENAE450_tb_ws/build/turtlebot3_msgs': CMAKE_PREFIX_PATH=${CMAKE_PREFIX_PATH}:/home/patrick/ENAE450_tb_ws/install/turtlebot3_controller:/home/patrick/turtlebot3_ws/install/turtlebot3_teleop:/home/patrick/turtlebot3_ws/install/turtlebot3_example:/home/patrick/turtlebot3_ws/install/turtlebot3_controller:/opt/ros/humble /usr/bin/cmake --install /home/patrick/ENAE450_tb_ws/build/turtlebot3_msgs
[5.581s] -- Install configuration: ""
[5.586s] -- Up-to-date: /home/patrick/ENAE450_tb_ws/install/turtlebot3_msgs/share/ament_index/resource_index/rosidl_interfaces/turtlebot3_msgs
[5.587s] -- Up-to-date: /home/patrick/ENAE450_tb_ws/install/turtlebot3_msgs/include/turtlebot3_msgs/turtlebot3_msgs
[5.587s] -- Up-to-date: /home/patrick/ENAE450_tb_ws/install/turtlebot3_msgs/include/turtlebot3_msgs/turtlebot3_msgs/srv
[5.590s] -- Up-to-date: /home/patrick/ENAE450_tb_ws/install/turtlebot3_msgs/include/turtlebot3_msgs/turtlebot3_msgs/srv/detail
[5.590s] -- Up-to-date: /home/patrick/ENAE450_tb_ws/install/turtlebot3_msgs/include/turtlebot3_msgs/turtlebot3_msgs/srv/detail/sound__type_support.h
[5.590s] -- Up-to-date: /home/patrick/ENAE450_tb_ws/install/turtlebot3_msgs/include/turtlebot3_msgs/turtlebot3_msgs/srv/detail/sound__functions.c
[5.590s] -- Up-to-date: /home/patrick/ENAE450_tb_ws/install/turtlebot3_msgs/include/turtlebot3_msgs/turtlebot3_msgs/srv/detail/sound__struct.h
[5.591s] -- Up-to-date: /home/patrick/ENAE450_tb_ws/install/turtlebot3_msgs/include/turtlebot3_msgs/turtlebot3_msgs/srv/detail/sound__functions.h
[5.591s] -- Up-to-date: /home/patrick/ENAE450_tb_ws/install/turtlebot3_msgs/include/turtlebot3_msgs/turtlebot3_msgs/srv/detail/dqn__type_support.h
[5.591s] -- Up-to-date: /home/patrick/ENAE450_tb_ws/install/turtlebot3_msgs/include/turtlebot3_msgs/turtlebot3_msgs/srv/detail/dqn__functions.c
[5.591s] -- Up-to-date: /home/patrick/ENAE450_tb_ws/install/turtlebot3_msgs/include/turtlebot3_msgs/turtlebot3_msgs/srv/detail/dqn__functions.h
[5.591s] -- Up-to-date: /home/patrick/ENAE450_tb_ws/install/turtlebot3_msgs/include/turtlebot3_msgs/turtlebot3_msgs/srv/detail/dqn__struct.h
[5.599s] -- Up-to-date: /home/patrick/ENAE450_tb_ws/install/turtlebot3_msgs/include/turtlebot3_msgs/turtlebot3_msgs/srv/sound.h
[5.599s] -- Up-to-date: /home/patrick/ENAE450_tb_ws/install/turtlebot3_msgs/include/turtlebot3_msgs/turtlebot3_msgs/srv/dqn.h
[5.599s] -- Up-to-date: /home/patrick/ENAE450_tb_ws/install/turtlebot3_msgs/include/turtlebot3_msgs/turtlebot3_msgs/action
[5.599s] -- Up-to-date: /home/patrick/ENAE450_tb_ws/install/turtlebot3_msgs/include/turtlebot3_msgs/turtlebot3_msgs/action/detail
[5.600s] -- Up-to-date: /home/patrick/ENAE450_tb_ws/install/turtlebot3_msgs/include/turtlebot3_msgs/turtlebot3_msgs/action/detail/patrol__functions.h
[5.600s] -- Up-to-date: /home/patrick/ENAE450_tb_ws/install/turtlebot3_msgs/include/turtlebot3_msgs/turtlebot3_msgs/action/detail/patrol__type_support.h
[5.600s] -- Up-to-date: /home/patrick/ENAE450_tb_ws/install/turtlebot3_msgs/include/turtlebot3_msgs/turtlebot3_msgs/action/detail/patrol__struct.h
[5.600s] -- Up-to-date: /home/patrick/ENAE450_tb_ws/install/turtlebot3_msgs/include/turtlebot3_msgs/turtlebot3_msgs/action/detail/patrol__functions.c
[5.600s] -- Up-to-date: /home/patrick/ENAE450_tb_ws/install/turtlebot3_msgs/include/turtlebot3_msgs/turtlebot3_msgs/action/patrol.h
[5.600s] -- Up-to-date: /home/patrick/ENAE450_tb_ws/install/turtlebot3_msgs/include/turtlebot3_msgs/turtlebot3_msgs/msg
[5.600s] -- Up-to-date: /home/patrick/ENAE450_tb_ws/install/turtlebot3_msgs/include/turtlebot3_msgs/turtlebot3_msgs/msg/detail
[5.600s] -- Up-to-date: /home/patrick/ENAE450_tb_ws/install/turtlebot3_msgs/include/turtlebot3_msgs/turtlebot3_msgs/msg/detail/sound__type_support.h
[5.600s] -- Up-to-date: /home/patrick/ENAE450_tb_ws/install/turtlebot3_msgs/include/turtlebot3_msgs/turtlebot3_msgs/msg/detail/sound__functions.c
[5.600s] -- Up-to-date: /home/patrick/ENAE450_tb_ws/install/turtlebot3_msgs/include/turtlebot3_msgs/turtlebot3_msgs/msg/detail/sound__struct.h
[5.600s] -- Up-to-date: /home/patrick/ENAE450_tb_ws/install/turtlebot3_msgs/include/turtlebot3_msgs/turtlebot3_msgs/msg/detail/version_info__struct.h
[5.600s] -- Up-to-date: /home/patrick/ENAE450_tb_ws/install/turtlebot3_msgs/include/turtlebot3_msgs/turtlebot3_msgs/msg/detail/sensor_state__functions.h
[5.601s] -- Up-to-date: /home/patrick/ENAE450_tb_ws/install/turtlebot3_msgs/include/turtlebot3_msgs/turtlebot3_msgs/msg/detail/sound__functions.h
[5.621s] -- Up-to-date: /home/patrick/ENAE450_tb_ws/install/turtlebot3_msgs/include/turtlebot3_msgs/turtlebot3_msgs/msg/detail/sensor_state__type_support.h
[5.622s] -- Up-to-date: /home/patrick/ENAE450_tb_ws/install/turtlebot3_msgs/include/turtlebot3_msgs/turtlebot3_msgs/msg/detail/version_info__functions.h
[5.622s] -- Up-to-date: /home/patrick/ENAE450_tb_ws/install/turtlebot3_msgs/include/turtlebot3_msgs/turtlebot3_msgs/msg/detail/sensor_state__functions.c
[5.623s] -- Up-to-date: /home/patrick/ENAE450_tb_ws/install/turtlebot3_msgs/include/turtlebot3_msgs/turtlebot3_msgs/msg/detail/sensor_state__struct.h
[5.623s] -- Up-to-date: /home/patrick/ENAE450_tb_ws/install/turtlebot3_msgs/include/turtlebot3_msgs/turtlebot3_msgs/msg/detail/version_info__type_support.h
[5.623s] -- Up-to-date: /home/patrick/ENAE450_tb_ws/install/turtlebot3_msgs/include/turtlebot3_msgs/turtlebot3_msgs/msg/detail/version_info__functions.c
[5.623s] -- Up-to-date: /home/patrick/ENAE450_tb_ws/install/turtlebot3_msgs/include/turtlebot3_msgs/turtlebot3_msgs/msg/rosidl_generator_c__visibility_control.h
[5.623s] -- Up-to-date: /home/patrick/ENAE450_tb_ws/install/turtlebot3_msgs/include/turtlebot3_msgs/turtlebot3_msgs/msg/sound.h
[5.623s] -- Up-to-date: /home/patrick/ENAE450_tb_ws/install/turtlebot3_msgs/include/turtlebot3_msgs/turtlebot3_msgs/msg/sensor_state.h
[5.623s] -- Up-to-date: /home/patrick/ENAE450_tb_ws/install/turtlebot3_msgs/include/turtlebot3_msgs/turtlebot3_msgs/msg/version_info.h
[5.623s] -- Up-to-date: /home/patrick/ENAE450_tb_ws/install/turtlebot3_msgs/share/turtlebot3_msgs/environment/library_path.sh
[5.623s] -- Up-to-date: /home/patrick/ENAE450_tb_ws/install/turtlebot3_msgs/share/turtlebot3_msgs/environment/library_path.dsv
[5.623s] -- Up-to-date: /home/patrick/ENAE450_tb_ws/install/turtlebot3_msgs/lib/libturtlebot3_msgs__rosidl_generator_c.so
[5.623s] -- Up-to-date: /home/patrick/ENAE450_tb_ws/install/turtlebot3_msgs/include/turtlebot3_msgs/turtlebot3_msgs
[5.623s] -- Up-to-date: /home/patrick/ENAE450_tb_ws/install/turtlebot3_msgs/include/turtlebot3_msgs/turtlebot3_msgs/srv
[5.624s] -- Up-to-date: /home/patrick/ENAE450_tb_ws/install/turtlebot3_msgs/include/turtlebot3_msgs/turtlebot3_msgs/srv/detail
[5.624s] -- Up-to-date: /home/patrick/ENAE450_tb_ws/install/turtlebot3_msgs/include/turtlebot3_msgs/turtlebot3_msgs/srv/detail/sound__rosidl_typesupport_fastrtps_c.h
[5.624s] -- Up-to-date: /home/patrick/ENAE450_tb_ws/install/turtlebot3_msgs/include/turtlebot3_msgs/turtlebot3_msgs/srv/detail/dqn__rosidl_typesupport_fastrtps_c.h
[5.624s] -- Up-to-date: /home/patrick/ENAE450_tb_ws/install/turtlebot3_msgs/include/turtlebot3_msgs/turtlebot3_msgs/action
[5.624s] -- Up-to-date: /home/patrick/ENAE450_tb_ws/install/turtlebot3_msgs/include/turtlebot3_msgs/turtlebot3_msgs/action/detail
[5.624s] -- Up-to-date: /home/patrick/ENAE450_tb_ws/install/turtlebot3_msgs/include/turtlebot3_msgs/turtlebot3_msgs/action/detail/patrol__rosidl_typesupport_fastrtps_c.h
[5.624s] -- Up-to-date: /home/patrick/ENAE450_tb_ws/install/turtlebot3_msgs/include/turtlebot3_msgs/turtlebot3_msgs/msg
[5.624s] -- Up-to-date: /home/patrick/ENAE450_tb_ws/install/turtlebot3_msgs/include/turtlebot3_msgs/turtlebot3_msgs/msg/detail
[5.624s] -- Up-to-date: /home/patrick/ENAE450_tb_ws/install/turtlebot3_msgs/include/turtlebot3_msgs/turtlebot3_msgs/msg/detail/sound__rosidl_typesupport_fastrtps_c.h
[5.624s] -- Up-to-date: /home/patrick/ENAE450_tb_ws/install/turtlebot3_msgs/include/turtlebot3_msgs/turtlebot3_msgs/msg/detail/sensor_state__rosidl_typesupport_fastrtps_c.h
[5.624s] -- Up-to-date: /home/patrick/ENAE450_tb_ws/install/turtlebot3_msgs/include/turtlebot3_msgs/turtlebot3_msgs/msg/detail/version_info__rosidl_typesupport_fastrtps_c.h
[5.624s] -- Up-to-date: /home/patrick/ENAE450_tb_ws/install/turtlebot3_msgs/include/turtlebot3_msgs/turtlebot3_msgs/msg/rosidl_typesupport_fastrtps_c__visibility_control.h
[5.624s] -- Up-to-date: /home/patrick/ENAE450_tb_ws/install/turtlebot3_msgs/lib/libturtlebot3_msgs__rosidl_typesupport_fastrtps_c.so
[5.625s] -- Up-to-date: /home/patrick/ENAE450_tb_ws/install/turtlebot3_msgs/include/turtlebot3_msgs/turtlebot3_msgs
[5.625s] -- Up-to-date: /home/patrick/ENAE450_tb_ws/install/turtlebot3_msgs/include/turtlebot3_msgs/turtlebot3_msgs/srv
[5.625s] -- Up-to-date: /home/patrick/ENAE450_tb_ws/install/turtlebot3_msgs/include/turtlebot3_msgs/turtlebot3_msgs/srv/dqn.hpp
[5.625s] -- Up-to-date: /home/patrick/ENAE450_tb_ws/install/turtlebot3_msgs/include/turtlebot3_msgs/turtlebot3_msgs/srv/detail
[5.625s] -- Up-to-date: /home/patrick/ENAE450_tb_ws/install/turtlebot3_msgs/include/turtlebot3_msgs/turtlebot3_msgs/srv/detail/sound__struct.hpp
[5.625s] -- Up-to-date: /home/patrick/ENAE450_tb_ws/install/turtlebot3_msgs/include/turtlebot3_msgs/turtlebot3_msgs/srv/detail/sound__traits.hpp
[5.625s] -- Up-to-date: /home/patrick/ENAE450_tb_ws/install/turtlebot3_msgs/include/turtlebot3_msgs/turtlebot3_msgs/srv/detail/dqn__type_support.hpp
[5.625s] -- Up-to-date: /home/patrick/ENAE450_tb_ws/install/turtlebot3_msgs/include/turtlebot3_msgs/turtlebot3_msgs/srv/detail/sound__type_support.hpp
[5.625s] -- Up-to-date: /home/patrick/ENAE450_tb_ws/install/turtlebot3_msgs/include/turtlebot3_msgs/turtlebot3_msgs/srv/detail/sound__builder.hpp
[5.625s] -- Up-to-date: /home/patrick/ENAE450_tb_ws/install/turtlebot3_msgs/include/turtlebot3_msgs/turtlebot3_msgs/srv/detail/dqn__traits.hpp
[5.625s] -- Up-to-date: /home/patrick/ENAE450_tb_ws/install/turtlebot3_msgs/include/turtlebot3_msgs/turtlebot3_msgs/srv/detail/dqn__struct.hpp
[5.626s] -- Up-to-date: /home/patrick/ENAE450_tb_ws/install/turtlebot3_msgs/include/turtlebot3_msgs/turtlebot3_msgs/srv/detail/dqn__builder.hpp
[5.626s] -- Up-to-date: /home/patrick/ENAE450_tb_ws/install/turtlebot3_msgs/include/turtlebot3_msgs/turtlebot3_msgs/srv/sound.hpp
[5.626s] -- Up-to-date: /home/patrick/ENAE450_tb_ws/install/turtlebot3_msgs/include/turtlebot3_msgs/turtlebot3_msgs/action
[5.626s] -- Up-to-date: /home/patrick/ENAE450_tb_ws/install/turtlebot3_msgs/include/turtlebot3_msgs/turtlebot3_msgs/action/detail
[5.626s] -- Up-to-date: /home/patrick/ENAE450_tb_ws/install/turtlebot3_msgs/include/turtlebot3_msgs/turtlebot3_msgs/action/detail/patrol__type_support.hpp
[5.626s] -- Up-to-date: /home/patrick/ENAE450_tb_ws/install/turtlebot3_msgs/include/turtlebot3_msgs/turtlebot3_msgs/action/detail/patrol__struct.hpp
[5.626s] -- Up-to-date: /home/patrick/ENAE450_tb_ws/install/turtlebot3_msgs/include/turtlebot3_msgs/turtlebot3_msgs/action/detail/patrol__traits.hpp
[5.626s] -- Up-to-date: /home/patrick/ENAE450_tb_ws/install/turtlebot3_msgs/include/turtlebot3_msgs/turtlebot3_msgs/action/detail/patrol__builder.hpp
[5.626s] -- Up-to-date: /home/patrick/ENAE450_tb_ws/install/turtlebot3_msgs/include/turtlebot3_msgs/turtlebot3_msgs/action/patrol.hpp
[5.626s] -- Up-to-date: /home/patrick/ENAE450_tb_ws/install/turtlebot3_msgs/include/turtlebot3_msgs/turtlebot3_msgs/msg
[5.626s] -- Up-to-date: /home/patrick/ENAE450_tb_ws/install/turtlebot3_msgs/include/turtlebot3_msgs/turtlebot3_msgs/msg/detail
[5.626s] -- Up-to-date: /home/patrick/ENAE450_tb_ws/install/turtlebot3_msgs/include/turtlebot3_msgs/turtlebot3_msgs/msg/detail/sensor_state__struct.hpp
[5.626s] -- Up-to-date: /home/patrick/ENAE450_tb_ws/install/turtlebot3_msgs/include/turtlebot3_msgs/turtlebot3_msgs/msg/detail/sound__struct.hpp
[5.627s] -- Up-to-date: /home/patrick/ENAE450_tb_ws/install/turtlebot3_msgs/include/turtlebot3_msgs/turtlebot3_msgs/msg/detail/version_info__traits.hpp
[5.627s] -- Up-to-date: /home/patrick/ENAE450_tb_ws/install/turtlebot3_msgs/include/turtlebot3_msgs/turtlebot3_msgs/msg/detail/sound__traits.hpp
[5.627s] -- Up-to-date: /home/patrick/ENAE450_tb_ws/install/turtlebot3_msgs/include/turtlebot3_msgs/turtlebot3_msgs/msg/detail/version_info__builder.hpp
[5.627s] -- Up-to-date: /home/patrick/ENAE450_tb_ws/install/turtlebot3_msgs/include/turtlebot3_msgs/turtlebot3_msgs/msg/detail/sensor_state__traits.hpp
[5.627s] -- Up-to-date: /home/patrick/ENAE450_tb_ws/install/turtlebot3_msgs/include/turtlebot3_msgs/turtlebot3_msgs/msg/detail/version_info__struct.hpp
[5.627s] -- Up-to-date: /home/patrick/ENAE450_tb_ws/install/turtlebot3_msgs/include/turtlebot3_msgs/turtlebot3_msgs/msg/detail/sound__type_support.hpp
[5.627s] -- Up-to-date: /home/patrick/ENAE450_tb_ws/install/turtlebot3_msgs/include/turtlebot3_msgs/turtlebot3_msgs/msg/detail/sound__builder.hpp
[5.627s] -- Up-to-date: /home/patrick/ENAE450_tb_ws/install/turtlebot3_msgs/include/turtlebot3_msgs/turtlebot3_msgs/msg/detail/version_info__type_support.hpp
[5.627s] -- Up-to-date: /home/patrick/ENAE450_tb_ws/install/turtlebot3_msgs/include/turtlebot3_msgs/turtlebot3_msgs/msg/detail/sensor_state__builder.hpp
[5.627s] -- Up-to-date: /home/patrick/ENAE450_tb_ws/install/turtlebot3_msgs/include/turtlebot3_msgs/turtlebot3_msgs/msg/detail/sensor_state__type_support.hpp
[5.627s] -- Up-to-date: /home/patrick/ENAE450_tb_ws/install/turtlebot3_msgs/include/turtlebot3_msgs/turtlebot3_msgs/msg/sound.hpp
[5.627s] -- Up-to-date: /home/patrick/ENAE450_tb_ws/install/turtlebot3_msgs/include/turtlebot3_msgs/turtlebot3_msgs/msg/rosidl_generator_cpp__visibility_control.hpp
[5.627s] -- Up-to-date: /home/patrick/ENAE450_tb_ws/install/turtlebot3_msgs/include/turtlebot3_msgs/turtlebot3_msgs/msg/version_info.hpp
[5.627s] -- Up-to-date: /home/patrick/ENAE450_tb_ws/install/turtlebot3_msgs/include/turtlebot3_msgs/turtlebot3_msgs/msg/sensor_state.hpp
[5.628s] -- Up-to-date: /home/patrick/ENAE450_tb_ws/install/turtlebot3_msgs/include/turtlebot3_msgs/turtlebot3_msgs
[5.628s] -- Up-to-date: /home/patrick/ENAE450_tb_ws/install/turtlebot3_msgs/include/turtlebot3_msgs/turtlebot3_msgs/srv
[5.628s] -- Up-to-date: /home/patrick/ENAE450_tb_ws/install/turtlebot3_msgs/include/turtlebot3_msgs/turtlebot3_msgs/srv/detail
[5.628s] -- Up-to-date: /home/patrick/ENAE450_tb_ws/install/turtlebot3_msgs/include/turtlebot3_msgs/turtlebot3_msgs/srv/detail/dqn__rosidl_typesupport_fastrtps_cpp.hpp
[5.628s] -- Up-to-date: /home/patrick/ENAE450_tb_ws/install/turtlebot3_msgs/include/turtlebot3_msgs/turtlebot3_msgs/srv/detail/dds_fastrtps
[5.628s] -- Up-to-date: /home/patrick/ENAE450_tb_ws/install/turtlebot3_msgs/include/turtlebot3_msgs/turtlebot3_msgs/srv/detail/sound__rosidl_typesupport_fastrtps_cpp.hpp
[5.628s] -- Up-to-date: /home/patrick/ENAE450_tb_ws/install/turtlebot3_msgs/include/turtlebot3_msgs/turtlebot3_msgs/action
[5.628s] -- Up-to-date: /home/patrick/ENAE450_tb_ws/install/turtlebot3_msgs/include/turtlebot3_msgs/turtlebot3_msgs/action/detail
[5.628s] -- Up-to-date: /home/patrick/ENAE450_tb_ws/install/turtlebot3_msgs/include/turtlebot3_msgs/turtlebot3_msgs/action/detail/patrol__rosidl_typesupport_fastrtps_cpp.hpp
[5.628s] -- Up-to-date: /home/patrick/ENAE450_tb_ws/install/turtlebot3_msgs/include/turtlebot3_msgs/turtlebot3_msgs/action/detail/dds_fastrtps
[5.628s] -- Up-to-date: /home/patrick/ENAE450_tb_ws/install/turtlebot3_msgs/include/turtlebot3_msgs/turtlebot3_msgs/msg
[5.628s] -- Up-to-date: /home/patrick/ENAE450_tb_ws/install/turtlebot3_msgs/include/turtlebot3_msgs/turtlebot3_msgs/msg/detail
[5.629s] -- Up-to-date: /home/patrick/ENAE450_tb_ws/install/turtlebot3_msgs/include/turtlebot3_msgs/turtlebot3_msgs/msg/detail/version_info__rosidl_typesupport_fastrtps_cpp.hpp
[5.629s] -- Up-to-date: /home/patrick/ENAE450_tb_ws/install/turtlebot3_msgs/include/turtlebot3_msgs/turtlebot3_msgs/msg/detail/dds_fastrtps
[5.629s] -- Up-to-date: /home/patrick/ENAE450_tb_ws/install/turtlebot3_msgs/include/turtlebot3_msgs/turtlebot3_msgs/msg/detail/sound__rosidl_typesupport_fastrtps_cpp.hpp
[5.629s] -- Up-to-date: /home/patrick/ENAE450_tb_ws/install/turtlebot3_msgs/include/turtlebot3_msgs/turtlebot3_msgs/msg/detail/sensor_state__rosidl_typesupport_fastrtps_cpp.hpp
[5.629s] -- Up-to-date: /home/patrick/ENAE450_tb_ws/install/turtlebot3_msgs/include/turtlebot3_msgs/turtlebot3_msgs/msg/rosidl_typesupport_fastrtps_cpp__visibility_control.h
[5.629s] -- Up-to-date: /home/patrick/ENAE450_tb_ws/install/turtlebot3_msgs/lib/libturtlebot3_msgs__rosidl_typesupport_fastrtps_cpp.so
[5.629s] -- Up-to-date: /home/patrick/ENAE450_tb_ws/install/turtlebot3_msgs/include/turtlebot3_msgs/turtlebot3_msgs
[5.629s] -- Up-to-date: /home/patrick/ENAE450_tb_ws/install/turtlebot3_msgs/include/turtlebot3_msgs/turtlebot3_msgs/srv
[5.629s] -- Up-to-date: /home/patrick/ENAE450_tb_ws/install/turtlebot3_msgs/include/turtlebot3_msgs/turtlebot3_msgs/srv/detail
[5.629s] -- Up-to-date: /home/patrick/ENAE450_tb_ws/install/turtlebot3_msgs/include/turtlebot3_msgs/turtlebot3_msgs/srv/detail/sound__rosidl_typesupport_introspection_c.h
[5.629s] -- Up-to-date: /home/patrick/ENAE450_tb_ws/install/turtlebot3_msgs/include/turtlebot3_msgs/turtlebot3_msgs/srv/detail/sound__type_support.c
[5.629s] -- Up-to-date: /home/patrick/ENAE450_tb_ws/install/turtlebot3_msgs/include/turtlebot3_msgs/turtlebot3_msgs/srv/detail/dqn__type_support.c
[5.629s] -- Up-to-date: /home/patrick/ENAE450_tb_ws/install/turtlebot3_msgs/include/turtlebot3_msgs/turtlebot3_msgs/srv/detail/dqn__rosidl_typesupport_introspection_c.h
[5.629s] -- Up-to-date: /home/patrick/ENAE450_tb_ws/install/turtlebot3_msgs/include/turtlebot3_msgs/turtlebot3_msgs/action
[5.630s] -- Up-to-date: /home/patrick/ENAE450_tb_ws/install/turtlebot3_msgs/include/turtlebot3_msgs/turtlebot3_msgs/action/detail
[5.630s] -- Up-to-date: /home/patrick/ENAE450_tb_ws/install/turtlebot3_msgs/include/turtlebot3_msgs/turtlebot3_msgs/action/detail/patrol__rosidl_typesupport_introspection_c.h
[5.630s] -- Up-to-date: /home/patrick/ENAE450_tb_ws/install/turtlebot3_msgs/include/turtlebot3_msgs/turtlebot3_msgs/action/detail/patrol__type_support.c
[5.630s] -- Up-to-date: /home/patrick/ENAE450_tb_ws/install/turtlebot3_msgs/include/turtlebot3_msgs/turtlebot3_msgs/msg
[5.630s] -- Up-to-date: /home/patrick/ENAE450_tb_ws/install/turtlebot3_msgs/include/turtlebot3_msgs/turtlebot3_msgs/msg/detail
[5.630s] -- Up-to-date: /home/patrick/ENAE450_tb_ws/install/turtlebot3_msgs/include/turtlebot3_msgs/turtlebot3_msgs/msg/detail/sound__rosidl_typesupport_introspection_c.h
[5.630s] -- Up-to-date: /home/patrick/ENAE450_tb_ws/install/turtlebot3_msgs/include/turtlebot3_msgs/turtlebot3_msgs/msg/detail/sound__type_support.c
[5.630s] -- Up-to-date: /home/patrick/ENAE450_tb_ws/install/turtlebot3_msgs/include/turtlebot3_msgs/turtlebot3_msgs/msg/detail/sensor_state__type_support.c
[5.630s] -- Up-to-date: /home/patrick/ENAE450_tb_ws/install/turtlebot3_msgs/include/turtlebot3_msgs/turtlebot3_msgs/msg/detail/sensor_state__rosidl_typesupport_introspection_c.h
[5.630s] -- Up-to-date: /home/patrick/ENAE450_tb_ws/install/turtlebot3_msgs/include/turtlebot3_msgs/turtlebot3_msgs/msg/detail/version_info__type_support.c
[5.630s] -- Up-to-date: /home/patrick/ENAE450_tb_ws/install/turtlebot3_msgs/include/turtlebot3_msgs/turtlebot3_msgs/msg/detail/version_info__rosidl_typesupport_introspection_c.h
[5.630s] -- Up-to-date: /home/patrick/ENAE450_tb_ws/install/turtlebot3_msgs/include/turtlebot3_msgs/turtlebot3_msgs/msg/rosidl_typesupport_introspection_c__visibility_control.h
[5.630s] -- Up-to-date: /home/patrick/ENAE450_tb_ws/install/turtlebot3_msgs/lib/libturtlebot3_msgs__rosidl_typesupport_introspection_c.so
[5.631s] -- Up-to-date: /home/patrick/ENAE450_tb_ws/install/turtlebot3_msgs/lib/libturtlebot3_msgs__rosidl_typesupport_c.so
[5.631s] -- Up-to-date: /home/patrick/ENAE450_tb_ws/install/turtlebot3_msgs/include/turtlebot3_msgs/turtlebot3_msgs
[5.631s] -- Up-to-date: /home/patrick/ENAE450_tb_ws/install/turtlebot3_msgs/include/turtlebot3_msgs/turtlebot3_msgs/srv
[5.631s] -- Up-to-date: /home/patrick/ENAE450_tb_ws/install/turtlebot3_msgs/include/turtlebot3_msgs/turtlebot3_msgs/srv/detail
[5.631s] -- Up-to-date: /home/patrick/ENAE450_tb_ws/install/turtlebot3_msgs/include/turtlebot3_msgs/turtlebot3_msgs/srv/detail/sound__type_support.cpp
[5.631s] -- Up-to-date: /home/patrick/ENAE450_tb_ws/install/turtlebot3_msgs/include/turtlebot3_msgs/turtlebot3_msgs/srv/detail/dqn__rosidl_typesupport_introspection_cpp.hpp
[5.631s] -- Up-to-date: /home/patrick/ENAE450_tb_ws/install/turtlebot3_msgs/include/turtlebot3_msgs/turtlebot3_msgs/srv/detail/sound__rosidl_typesupport_introspection_cpp.hpp
[5.740s] -- Up-to-date: /home/patrick/ENAE450_tb_ws/install/turtlebot3_msgs/include/turtlebot3_msgs/turtlebot3_msgs/srv/detail/dqn__type_support.cpp
[5.755s] -- Up-to-date: /home/patrick/ENAE450_tb_ws/install/turtlebot3_msgs/include/turtlebot3_msgs/turtlebot3_msgs/action
[5.755s] -- Up-to-date: /home/patrick/ENAE450_tb_ws/install/turtlebot3_msgs/include/turtlebot3_msgs/turtlebot3_msgs/action/detail
[5.755s] -- Up-to-date: /home/patrick/ENAE450_tb_ws/install/turtlebot3_msgs/include/turtlebot3_msgs/turtlebot3_msgs/action/detail/patrol__rosidl_typesupport_introspection_cpp.hpp
[5.755s] -- Up-to-date: /home/patrick/ENAE450_tb_ws/install/turtlebot3_msgs/include/turtlebot3_msgs/turtlebot3_msgs/action/detail/patrol__type_support.cpp
[5.755s] -- Up-to-date: /home/patrick/ENAE450_tb_ws/install/turtlebot3_msgs/include/turtlebot3_msgs/turtlebot3_msgs/msg
[5.755s] -- Up-to-date: /home/patrick/ENAE450_tb_ws/install/turtlebot3_msgs/include/turtlebot3_msgs/turtlebot3_msgs/msg/detail
[5.755s] -- Up-to-date: /home/patrick/ENAE450_tb_ws/install/turtlebot3_msgs/include/turtlebot3_msgs/turtlebot3_msgs/msg/detail/sound__type_support.cpp
[5.755s] -- Up-to-date: /home/patrick/ENAE450_tb_ws/install/turtlebot3_msgs/include/turtlebot3_msgs/turtlebot3_msgs/msg/detail/sensor_state__type_support.cpp
[5.756s] -- Up-to-date: /home/patrick/ENAE450_tb_ws/install/turtlebot3_msgs/include/turtlebot3_msgs/turtlebot3_msgs/msg/detail/sound__rosidl_typesupport_introspection_cpp.hpp
[5.756s] -- Up-to-date: /home/patrick/ENAE450_tb_ws/install/turtlebot3_msgs/include/turtlebot3_msgs/turtlebot3_msgs/msg/detail/version_info__type_support.cpp
[5.756s] -- Up-to-date: /home/patrick/ENAE450_tb_ws/install/turtlebot3_msgs/include/turtlebot3_msgs/turtlebot3_msgs/msg/detail/sensor_state__rosidl_typesupport_introspection_cpp.hpp
[5.756s] -- Up-to-date: /home/patrick/ENAE450_tb_ws/install/turtlebot3_msgs/include/turtlebot3_msgs/turtlebot3_msgs/msg/detail/version_info__rosidl_typesupport_introspection_cpp.hpp
[5.756s] -- Up-to-date: /home/patrick/ENAE450_tb_ws/install/turtlebot3_msgs/lib/libturtlebot3_msgs__rosidl_typesupport_introspection_cpp.so
[5.756s] -- Up-to-date: /home/patrick/ENAE450_tb_ws/install/turtlebot3_msgs/lib/libturtlebot3_msgs__rosidl_typesupport_cpp.so
[5.757s] -- Up-to-date: /home/patrick/ENAE450_tb_ws/install/turtlebot3_msgs/share/turtlebot3_msgs/environment/pythonpath.sh
[5.758s] -- Up-to-date: /home/patrick/ENAE450_tb_ws/install/turtlebot3_msgs/share/turtlebot3_msgs/environment/pythonpath.dsv
[5.758s] -- Up-to-date: /home/patrick/ENAE450_tb_ws/install/turtlebot3_msgs/local/lib/python3.10/dist-packages/turtlebot3_msgs-2.3.0-py3.10.egg-info
[5.758s] -- Installing: /home/patrick/ENAE450_tb_ws/install/turtlebot3_msgs/local/lib/python3.10/dist-packages/turtlebot3_msgs-2.3.0-py3.10.egg-info/PKG-INFO
[5.759s] -- Installing: /home/patrick/ENAE450_tb_ws/install/turtlebot3_msgs/local/lib/python3.10/dist-packages/turtlebot3_msgs-2.3.0-py3.10.egg-info/top_level.txt
[5.759s] -- Installing: /home/patrick/ENAE450_tb_ws/install/turtlebot3_msgs/local/lib/python3.10/dist-packages/turtlebot3_msgs-2.3.0-py3.10.egg-info/dependency_links.txt
[5.759s] -- Installing: /home/patrick/ENAE450_tb_ws/install/turtlebot3_msgs/local/lib/python3.10/dist-packages/turtlebot3_msgs-2.3.0-py3.10.egg-info/SOURCES.txt
[5.759s] -- Up-to-date: /home/patrick/ENAE450_tb_ws/install/turtlebot3_msgs/local/lib/python3.10/dist-packages/turtlebot3_msgs
[5.759s] -- Up-to-date: /home/patrick/ENAE450_tb_ws/install/turtlebot3_msgs/local/lib/python3.10/dist-packages/turtlebot3_msgs/turtlebot3_msgs_s__rosidl_typesupport_fastrtps_c.cpython-310-x86_64-linux-gnu.so
[5.772s] -- Up-to-date: /home/patrick/ENAE450_tb_ws/install/turtlebot3_msgs/local/lib/python3.10/dist-packages/turtlebot3_msgs/turtlebot3_msgs_s__rosidl_typesupport_introspection_c.cpython-310-x86_64-linux-gnu.so
[5.772s] -- Up-to-date: /home/patrick/ENAE450_tb_ws/install/turtlebot3_msgs/local/lib/python3.10/dist-packages/turtlebot3_msgs/srv
[5.773s] -- Up-to-date: /home/patrick/ENAE450_tb_ws/install/turtlebot3_msgs/local/lib/python3.10/dist-packages/turtlebot3_msgs/srv/_dqn_s.c
[5.787s] -- Up-to-date: /home/patrick/ENAE450_tb_ws/install/turtlebot3_msgs/local/lib/python3.10/dist-packages/turtlebot3_msgs/srv/__init__.py
[5.794s] -- Up-to-date: /home/patrick/ENAE450_tb_ws/install/turtlebot3_msgs/local/lib/python3.10/dist-packages/turtlebot3_msgs/srv/_sound_s.c
[5.794s] -- Up-to-date: /home/patrick/ENAE450_tb_ws/install/turtlebot3_msgs/local/lib/python3.10/dist-packages/turtlebot3_msgs/srv/_sound.py
[5.794s] -- Up-to-date: /home/patrick/ENAE450_tb_ws/install/turtlebot3_msgs/local/lib/python3.10/dist-packages/turtlebot3_msgs/srv/_dqn.py
[5.794s] -- Up-to-date: /home/patrick/ENAE450_tb_ws/install/turtlebot3_msgs/local/lib/python3.10/dist-packages/turtlebot3_msgs/__init__.py
[5.794s] -- Up-to-date: /home/patrick/ENAE450_tb_ws/install/turtlebot3_msgs/local/lib/python3.10/dist-packages/turtlebot3_msgs/turtlebot3_msgs_s__rosidl_typesupport_c.cpython-310-x86_64-linux-gnu.so
[5.795s] -- Up-to-date: /home/patrick/ENAE450_tb_ws/install/turtlebot3_msgs/local/lib/python3.10/dist-packages/turtlebot3_msgs/_turtlebot3_msgs_s.ep.rosidl_typesupport_fastrtps_c.c
[5.795s] -- Up-to-date: /home/patrick/ENAE450_tb_ws/install/turtlebot3_msgs/local/lib/python3.10/dist-packages/turtlebot3_msgs/_turtlebot3_msgs_s.ep.rosidl_typesupport_c.c
[5.795s] -- Up-to-date: /home/patrick/ENAE450_tb_ws/install/turtlebot3_msgs/local/lib/python3.10/dist-packages/turtlebot3_msgs/_turtlebot3_msgs_s.ep.rosidl_typesupport_introspection_c.c
[5.795s] -- Up-to-date: /home/patrick/ENAE450_tb_ws/install/turtlebot3_msgs/local/lib/python3.10/dist-packages/turtlebot3_msgs/libturtlebot3_msgs__rosidl_generator_py.so
[5.795s] -- Up-to-date: /home/patrick/ENAE450_tb_ws/install/turtlebot3_msgs/local/lib/python3.10/dist-packages/turtlebot3_msgs/action
[5.795s] -- Up-to-date: /home/patrick/ENAE450_tb_ws/install/turtlebot3_msgs/local/lib/python3.10/dist-packages/turtlebot3_msgs/action/__init__.py
[5.795s] -- Up-to-date: /home/patrick/ENAE450_tb_ws/install/turtlebot3_msgs/local/lib/python3.10/dist-packages/turtlebot3_msgs/action/_patrol_s.c
[5.795s] -- Up-to-date: /home/patrick/ENAE450_tb_ws/install/turtlebot3_msgs/local/lib/python3.10/dist-packages/turtlebot3_msgs/action/_patrol.py
[5.795s] -- Up-to-date: /home/patrick/ENAE450_tb_ws/install/turtlebot3_msgs/local/lib/python3.10/dist-packages/turtlebot3_msgs/msg
[5.795s] -- Up-to-date: /home/patrick/ENAE450_tb_ws/install/turtlebot3_msgs/local/lib/python3.10/dist-packages/turtlebot3_msgs/msg/_sensor_state_s.c
[5.795s] -- Up-to-date: /home/patrick/ENAE450_tb_ws/install/turtlebot3_msgs/local/lib/python3.10/dist-packages/turtlebot3_msgs/msg/__init__.py
[5.795s] -- Up-to-date: /home/patrick/ENAE450_tb_ws/install/turtlebot3_msgs/local/lib/python3.10/dist-packages/turtlebot3_msgs/msg/_sound_s.c
[5.795s] -- Up-to-date: /home/patrick/ENAE450_tb_ws/install/turtlebot3_msgs/local/lib/python3.10/dist-packages/turtlebot3_msgs/msg/_sensor_state.py
[5.796s] -- Up-to-date: /home/patrick/ENAE450_tb_ws/install/turtlebot3_msgs/local/lib/python3.10/dist-packages/turtlebot3_msgs/msg/_version_info.py
[5.796s] -- Up-to-date: /home/patrick/ENAE450_tb_ws/install/turtlebot3_msgs/local/lib/python3.10/dist-packages/turtlebot3_msgs/msg/_version_info_s.c
[5.796s] -- Up-to-date: /home/patrick/ENAE450_tb_ws/install/turtlebot3_msgs/local/lib/python3.10/dist-packages/turtlebot3_msgs/msg/_sound.py
[5.837s] Listing '/home/patrick/ENAE450_tb_ws/install/turtlebot3_msgs/local/lib/python3.10/dist-packages/turtlebot3_msgs'...
[5.838s] Listing '/home/patrick/ENAE450_tb_ws/install/turtlebot3_msgs/local/lib/python3.10/dist-packages/turtlebot3_msgs/action'...
[5.838s] Listing '/home/patrick/ENAE450_tb_ws/install/turtlebot3_msgs/local/lib/python3.10/dist-packages/turtlebot3_msgs/msg'...
[5.838s] Listing '/home/patrick/ENAE450_tb_ws/install/turtlebot3_msgs/local/lib/python3.10/dist-packages/turtlebot3_msgs/srv'...
[5.887s] -- Up-to-date: /home/patrick/ENAE450_tb_ws/install/turtlebot3_msgs/local/lib/python3.10/dist-packages/turtlebot3_msgs/turtlebot3_msgs_s__rosidl_typesupport_fastrtps_c.cpython-310-x86_64-linux-gnu.so
[5.887s] -- Up-to-date: /home/patrick/ENAE450_tb_ws/install/turtlebot3_msgs/local/lib/python3.10/dist-packages/turtlebot3_msgs/turtlebot3_msgs_s__rosidl_typesupport_introspection_c.cpython-310-x86_64-linux-gnu.so
[5.887s] -- Up-to-date: /home/patrick/ENAE450_tb_ws/install/turtlebot3_msgs/local/lib/python3.10/dist-packages/turtlebot3_msgs/turtlebot3_msgs_s__rosidl_typesupport_c.cpython-310-x86_64-linux-gnu.so
[5.887s] -- Up-to-date: /home/patrick/ENAE450_tb_ws/install/turtlebot3_msgs/lib/libturtlebot3_msgs__rosidl_generator_py.so
[5.942s] -- Up-to-date: /home/patrick/ENAE450_tb_ws/install/turtlebot3_msgs/share/turtlebot3_msgs/msg/SensorState.idl
[5.942s] -- Up-to-date: /home/patrick/ENAE450_tb_ws/install/turtlebot3_msgs/share/turtlebot3_msgs/msg/Sound.idl
[5.942s] -- Up-to-date: /home/patrick/ENAE450_tb_ws/install/turtlebot3_msgs/share/turtlebot3_msgs/msg/VersionInfo.idl
[5.942s] -- Up-to-date: /home/patrick/ENAE450_tb_ws/install/turtlebot3_msgs/share/turtlebot3_msgs/srv/Sound.idl
[5.943s] -- Up-to-date: /home/patrick/ENAE450_tb_ws/install/turtlebot3_msgs/share/turtlebot3_msgs/srv/Dqn.idl
[5.943s] -- Up-to-date: /home/patrick/ENAE450_tb_ws/install/turtlebot3_msgs/share/turtlebot3_msgs/action/Patrol.idl
[5.943s] -- Up-to-date: /home/patrick/ENAE450_tb_ws/install/turtlebot3_msgs/share/turtlebot3_msgs/msg/SensorState.msg
[5.943s] -- Up-to-date: /home/patrick/ENAE450_tb_ws/install/turtlebot3_msgs/share/turtlebot3_msgs/msg/Sound.msg
[5.943s] -- Up-to-date: /home/patrick/ENAE450_tb_ws/install/turtlebot3_msgs/share/turtlebot3_msgs/msg/VersionInfo.msg
[5.943s] -- Up-to-date: /home/patrick/ENAE450_tb_ws/install/turtlebot3_msgs/share/turtlebot3_msgs/srv/Sound.srv
[5.943s] -- Up-to-date: /home/patrick/ENAE450_tb_ws/install/turtlebot3_msgs/share/turtlebot3_msgs/srv/Sound_Request.msg
[5.943s] -- Up-to-date: /home/patrick/ENAE450_tb_ws/install/turtlebot3_msgs/share/turtlebot3_msgs/srv/Sound_Response.msg
[5.943s] -- Up-to-date: /home/patrick/ENAE450_tb_ws/install/turtlebot3_msgs/share/turtlebot3_msgs/srv/Dqn.srv
[5.943s] -- Up-to-date: /home/patrick/ENAE450_tb_ws/install/turtlebot3_msgs/share/turtlebot3_msgs/srv/Dqn_Request.msg
[5.943s] -- Up-to-date: /home/patrick/ENAE450_tb_ws/install/turtlebot3_msgs/share/turtlebot3_msgs/srv/Dqn_Response.msg
[5.943s] -- Up-to-date: /home/patrick/ENAE450_tb_ws/install/turtlebot3_msgs/share/turtlebot3_msgs/action/Patrol.action
[5.943s] -- Up-to-date: /home/patrick/ENAE450_tb_ws/install/turtlebot3_msgs/share/ament_index/resource_index/package_run_dependencies/turtlebot3_msgs
[5.944s] -- Up-to-date: /home/patrick/ENAE450_tb_ws/install/turtlebot3_msgs/share/ament_index/resource_index/parent_prefix_path/turtlebot3_msgs
[5.944s] -- Up-to-date: /home/patrick/ENAE450_tb_ws/install/turtlebot3_msgs/share/turtlebot3_msgs/environment/ament_prefix_path.sh
[5.944s] -- Up-to-date: /home/patrick/ENAE450_tb_ws/install/turtlebot3_msgs/share/turtlebot3_msgs/environment/ament_prefix_path.dsv
[5.944s] -- Up-to-date: /home/patrick/ENAE450_tb_ws/install/turtlebot3_msgs/share/turtlebot3_msgs/environment/path.sh
[5.944s] -- Up-to-date: /home/patrick/ENAE450_tb_ws/install/turtlebot3_msgs/share/turtlebot3_msgs/environment/path.dsv
[5.944s] -- Up-to-date: /home/patrick/ENAE450_tb_ws/install/turtlebot3_msgs/share/turtlebot3_msgs/local_setup.bash
[5.944s] -- Up-to-date: /home/patrick/ENAE450_tb_ws/install/turtlebot3_msgs/share/turtlebot3_msgs/local_setup.sh
[5.944s] -- Up-to-date: /home/patrick/ENAE450_tb_ws/install/turtlebot3_msgs/share/turtlebot3_msgs/local_setup.zsh
[5.944s] -- Up-to-date: /home/patrick/ENAE450_tb_ws/install/turtlebot3_msgs/share/turtlebot3_msgs/local_setup.dsv
[5.944s] -- Installing: /home/patrick/ENAE450_tb_ws/install/turtlebot3_msgs/share/turtlebot3_msgs/package.dsv
[5.944s] -- Up-to-date: /home/patrick/ENAE450_tb_ws/install/turtlebot3_msgs/share/ament_index/resource_index/packages/turtlebot3_msgs
[5.944s] -- Up-to-date: /home/patrick/ENAE450_tb_ws/install/turtlebot3_msgs/share/turtlebot3_msgs/cmake/export_turtlebot3_msgs__rosidl_generator_cExport.cmake
[5.944s] -- Up-to-date: /home/patrick/ENAE450_tb_ws/install/turtlebot3_msgs/share/turtlebot3_msgs/cmake/export_turtlebot3_msgs__rosidl_generator_cExport-noconfig.cmake
[5.945s] -- Up-to-date: /home/patrick/ENAE450_tb_ws/install/turtlebot3_msgs/share/turtlebot3_msgs/cmake/export_turtlebot3_msgs__rosidl_typesupport_fastrtps_cExport.cmake
[5.945s] -- Up-to-date: /home/patrick/ENAE450_tb_ws/install/turtlebot3_msgs/share/turtlebot3_msgs/cmake/export_turtlebot3_msgs__rosidl_typesupport_fastrtps_cExport-noconfig.cmake
[5.945s] -- Up-to-date: /home/patrick/ENAE450_tb_ws/install/turtlebot3_msgs/share/turtlebot3_msgs/cmake/export_turtlebot3_msgs__rosidl_generator_cppExport.cmake
[5.945s] -- Up-to-date: /home/patrick/ENAE450_tb_ws/install/turtlebot3_msgs/share/turtlebot3_msgs/cmake/export_turtlebot3_msgs__rosidl_typesupport_fastrtps_cppExport.cmake
[5.945s] -- Up-to-date: /home/patrick/ENAE450_tb_ws/install/turtlebot3_msgs/share/turtlebot3_msgs/cmake/export_turtlebot3_msgs__rosidl_typesupport_fastrtps_cppExport-noconfig.cmake
[5.971s] -- Up-to-date: /home/patrick/ENAE450_tb_ws/install/turtlebot3_msgs/share/turtlebot3_msgs/cmake/turtlebot3_msgs__rosidl_typesupport_introspection_cExport.cmake
[5.975s] -- Up-to-date: /home/patrick/ENAE450_tb_ws/install/turtlebot3_msgs/share/turtlebot3_msgs/cmake/turtlebot3_msgs__rosidl_typesupport_introspection_cExport-noconfig.cmake
[5.975s] -- Up-to-date: /home/patrick/ENAE450_tb_ws/install/turtlebot3_msgs/share/turtlebot3_msgs/cmake/turtlebot3_msgs__rosidl_typesupport_cExport.cmake
[5.975s] -- Up-to-date: /home/patrick/ENAE450_tb_ws/install/turtlebot3_msgs/share/turtlebot3_msgs/cmake/turtlebot3_msgs__rosidl_typesupport_cExport-noconfig.cmake
[5.975s] -- Up-to-date: /home/patrick/ENAE450_tb_ws/install/turtlebot3_msgs/share/turtlebot3_msgs/cmake/turtlebot3_msgs__rosidl_typesupport_introspection_cppExport.cmake
[5.976s] -- Up-to-date: /home/patrick/ENAE450_tb_ws/install/turtlebot3_msgs/share/turtlebot3_msgs/cmake/turtlebot3_msgs__rosidl_typesupport_introspection_cppExport-noconfig.cmake
[5.992s] -- Up-to-date: /home/patrick/ENAE450_tb_ws/install/turtlebot3_msgs/share/turtlebot3_msgs/cmake/turtlebot3_msgs__rosidl_typesupport_cppExport.cmake
[5.992s] -- Up-to-date: /home/patrick/ENAE450_tb_ws/install/turtlebot3_msgs/share/turtlebot3_msgs/cmake/turtlebot3_msgs__rosidl_typesupport_cppExport-noconfig.cmake
[5.992s] -- Up-to-date: /home/patrick/ENAE450_tb_ws/install/turtlebot3_msgs/share/turtlebot3_msgs/cmake/export_turtlebot3_msgs__rosidl_generator_pyExport.cmake
[5.992s] -- Up-to-date: /home/patrick/ENAE450_tb_ws/install/turtlebot3_msgs/share/turtlebot3_msgs/cmake/export_turtlebot3_msgs__rosidl_generator_pyExport-noconfig.cmake
[5.992s] -- Up-to-date: /home/patrick/ENAE450_tb_ws/install/turtlebot3_msgs/share/turtlebot3_msgs/cmake/rosidl_cmake-extras.cmake
[5.992s] -- Up-to-date: /home/patrick/ENAE450_tb_ws/install/turtlebot3_msgs/share/turtlebot3_msgs/cmake/ament_cmake_export_dependencies-extras.cmake
[5.993s] -- Up-to-date: /home/patrick/ENAE450_tb_ws/install/turtlebot3_msgs/share/turtlebot3_msgs/cmake/ament_cmake_export_include_directories-extras.cmake
[5.993s] -- Up-to-date: /home/patrick/ENAE450_tb_ws/install/turtlebot3_msgs/share/turtlebot3_msgs/cmake/ament_cmake_export_libraries-extras.cmake
[5.993s] -- Up-to-date: /home/patrick/ENAE450_tb_ws/install/turtlebot3_msgs/share/turtlebot3_msgs/cmake/ament_cmake_export_targets-extras.cmake
[6.039s] -- Up-to-date: /home/patrick/ENAE450_tb_ws/install/turtlebot3_msgs/share/turtlebot3_msgs/cmake/rosidl_cmake_export_typesupport_targets-extras.cmake
[6.039s] -- Up-to-date: /home/patrick/ENAE450_tb_ws/install/turtlebot3_msgs/share/turtlebot3_msgs/cmake/rosidl_cmake_export_typesupport_libraries-extras.cmake
[6.039s] -- Up-to-date: /home/patrick/ENAE450_tb_ws/install/turtlebot3_msgs/share/turtlebot3_msgs/cmake/turtlebot3_msgsConfig.cmake
[6.040s] -- Up-to-date: /home/patrick/ENAE450_tb_ws/install/turtlebot3_msgs/share/turtlebot3_msgs/cmake/turtlebot3_msgsConfig-version.cmake
[6.040s] -- Up-to-date: /home/patrick/ENAE450_tb_ws/install/turtlebot3_msgs/share/turtlebot3_msgs/package.xml
[6.040s] Invoked command in '/home/patrick/ENAE450_tb_ws/build/turtlebot3_msgs' returned '0': CMAKE_PREFIX_PATH=${CMAKE_PREFIX_PATH}:/home/patrick/ENAE450_tb_ws/install/turtlebot3_controller:/home/patrick/turtlebot3_ws/install/turtlebot3_teleop:/home/patrick/turtlebot3_ws/install/turtlebot3_example:/home/patrick/turtlebot3_ws/install/turtlebot3_controller:/opt/ros/humble /usr/bin/cmake --install /home/patrick/ENAE450_tb_ws/build/turtlebot3_msgs
