[0.068s] Invoking command in '/home/patrick/ENAE450_tb_ws/build/turtlebot3_gazebo': CMAKE_PREFIX_PATH=${CMAKE_PREFIX_PATH}:/home/patrick/ENAE450_tb_ws/install/turtlebot3_controller:/home/patrick/turtlebot3_ws/install/turtlebot3_teleop:/home/patrick/turtlebot3_ws/install/turtlebot3_example:/home/patrick/turtlebot3_ws/install/turtlebot3_controller:/opt/ros/humble /usr/bin/cmake --build /home/patrick/ENAE450_tb_ws/build/turtlebot3_gazebo -- -j2 -l2
[0.875s] [ 16%] Built target turtlebot3_drive
[1.613s] [ 33%] Built target traffic_light_plugin
[2.077s] [ 50%] Built target traffic_bar_plugin
[2.453s] [ 66%] Built target obstacle1
[2.820s] [ 83%] Built target obstacle2
[3.087s] [100%] Built target obstacles
[3.252s] Invoked command in '/home/patrick/ENAE450_tb_ws/build/turtlebot3_gazebo' returned '0': CMAKE_PREFIX_PATH=${CMAKE_PREFIX_PATH}:/home/patrick/ENAE450_tb_ws/install/turtlebot3_controller:/home/patrick/turtlebot3_ws/install/turtlebot3_teleop:/home/patrick/turtlebot3_ws/install/turtlebot3_example:/home/patrick/turtlebot3_ws/install/turtlebot3_controller:/opt/ros/humble /usr/bin/cmake --build /home/patrick/ENAE450_tb_ws/build/turtlebot3_gazebo -- -j2 -l2
[3.265s] Invoking command in '/home/patrick/ENAE450_tb_ws/build/turtlebot3_gazebo': CMAKE_PREFIX_PATH=${CMAKE_PREFIX_PATH}:/home/patrick/ENAE450_tb_ws/install/turtlebot3_controller:/home/patrick/turtlebot3_ws/install/turtlebot3_teleop:/home/patrick/turtlebot3_ws/install/turtlebot3_example:/home/patrick/turtlebot3_ws/install/turtlebot3_controller:/opt/ros/humble /usr/bin/cmake --install /home/patrick/ENAE450_tb_ws/build/turtlebot3_gazebo
[3.312s] -- Install configuration: ""
[3.315s] -- Up-to-date: /home/patrick/ENAE450_tb_ws/install/turtlebot3_gazebo/lib/turtlebot3_gazebo/turtlebot3_drive
[3.320s] -- Up-to-date: /home/patrick/ENAE450_tb_ws/install/turtlebot3_gazebo/share/turtlebot3_gazebo//launch
[3.321s] -- Up-to-date: /home/patrick/ENAE450_tb_ws/install/turtlebot3_gazebo/share/turtlebot3_gazebo//launch/turtlebot3_dqn_stage4.launch.py
[3.340s] -- Up-to-date: /home/patrick/ENAE450_tb_ws/install/turtlebot3_gazebo/share/turtlebot3_gazebo//launch/multi_robot.launch.py
[3.340s] -- Up-to-date: /home/patrick/ENAE450_tb_ws/install/turtlebot3_gazebo/share/turtlebot3_gazebo//launch/multi_spawn_turtlebot3.launch.py
[3.341s] -- Installing: /home/patrick/ENAE450_tb_ws/install/turtlebot3_gazebo/share/turtlebot3_gazebo//launch/maze_0.launch.py
[3.341s] -- Up-to-date: /home/patrick/ENAE450_tb_ws/install/turtlebot3_gazebo/share/turtlebot3_gazebo//launch/turtlebot3_dqn_stage1.launch.py
[3.341s] -- Up-to-date: /home/patrick/ENAE450_tb_ws/install/turtlebot3_gazebo/share/turtlebot3_gazebo//launch/turtlebot3_house.launch.py
[3.341s] -- Up-to-date: /home/patrick/ENAE450_tb_ws/install/turtlebot3_gazebo/share/turtlebot3_gazebo//launch/turtlebot3_world.launch.py
[3.341s] -- Up-to-date: /home/patrick/ENAE450_tb_ws/install/turtlebot3_gazebo/share/turtlebot3_gazebo//launch/robot_state_publisher.launch.py
[3.344s] -- Up-to-date: /home/patrick/ENAE450_tb_ws/install/turtlebot3_gazebo/share/turtlebot3_gazebo//launch/empty_world.launch.py
[3.344s] -- Installing: /home/patrick/ENAE450_tb_ws/install/turtlebot3_gazebo/share/turtlebot3_gazebo//launch/maze_2.launch.py
[3.344s] -- Up-to-date: /home/patrick/ENAE450_tb_ws/install/turtlebot3_gazebo/share/turtlebot3_gazebo//launch/turtlebot3_dqn_stage2.launch.py
[3.344s] -- Installing: /home/patrick/ENAE450_tb_ws/install/turtlebot3_gazebo/share/turtlebot3_gazebo//launch/maze_1.launch.py
[3.344s] -- Up-to-date: /home/patrick/ENAE450_tb_ws/install/turtlebot3_gazebo/share/turtlebot3_gazebo//launch/spawn_turtlebot3.launch.py
[3.344s] -- Up-to-date: /home/patrick/ENAE450_tb_ws/install/turtlebot3_gazebo/share/turtlebot3_gazebo//launch/turtlebot3_autorace_2020.launch.py
[3.344s] -- Up-to-date: /home/patrick/ENAE450_tb_ws/install/turtlebot3_gazebo/share/turtlebot3_gazebo//launch/turtlebot3_dqn_stage3.launch.py
[3.349s] -- Up-to-date: /home/patrick/ENAE450_tb_ws/install/turtlebot3_gazebo/share/turtlebot3_gazebo//models
[3.350s] -- Up-to-date: /home/patrick/ENAE450_tb_ws/install/turtlebot3_gazebo/share/turtlebot3_gazebo//models/maze_2
[3.350s] -- Up-to-date: /home/patrick/ENAE450_tb_ws/install/turtlebot3_gazebo/share/turtlebot3_gazebo//models/maze_2/model.config
[3.350s] -- Up-to-date: /home/patrick/ENAE450_tb_ws/install/turtlebot3_gazebo/share/turtlebot3_gazebo//models/maze_2/model.sdf
[3.350s] -- Up-to-date: /home/patrick/ENAE450_tb_ws/install/turtlebot3_gazebo/share/turtlebot3_gazebo//models/turtlebot3_world
[3.350s] -- Up-to-date: /home/patrick/ENAE450_tb_ws/install/turtlebot3_gazebo/share/turtlebot3_gazebo//models/turtlebot3_world/model-1_4.sdf
[3.350s] -- Up-to-date: /home/patrick/ENAE450_tb_ws/install/turtlebot3_gazebo/share/turtlebot3_gazebo//models/turtlebot3_world/model.config
[3.350s] -- Up-to-date: /home/patrick/ENAE450_tb_ws/install/turtlebot3_gazebo/share/turtlebot3_gazebo//models/turtlebot3_world/model.sdf
[3.350s] -- Up-to-date: /home/patrick/ENAE450_tb_ws/install/turtlebot3_gazebo/share/turtlebot3_gazebo//models/turtlebot3_world/meshes
[3.350s] -- Up-to-date: /home/patrick/ENAE450_tb_ws/install/turtlebot3_gazebo/share/turtlebot3_gazebo//models/turtlebot3_world/meshes/hexagon.dae
[3.350s] -- Up-to-date: /home/patrick/ENAE450_tb_ws/install/turtlebot3_gazebo/share/turtlebot3_gazebo//models/turtlebot3_world/meshes/wall.dae
[3.358s] -- Up-to-date: /home/patrick/ENAE450_tb_ws/install/turtlebot3_gazebo/share/turtlebot3_gazebo//models/turtlebot3_waffle
[3.359s] -- Up-to-date: /home/patrick/ENAE450_tb_ws/install/turtlebot3_gazebo/share/turtlebot3_gazebo//models/turtlebot3_waffle/model-1_4.sdf
[3.359s] -- Up-to-date: /home/patrick/ENAE450_tb_ws/install/turtlebot3_gazebo/share/turtlebot3_gazebo//models/turtlebot3_waffle/model.config
[3.359s] -- Up-to-date: /home/patrick/ENAE450_tb_ws/install/turtlebot3_gazebo/share/turtlebot3_gazebo//models/turtlebot3_waffle/model.sdf
[3.359s] -- Up-to-date: /home/patrick/ENAE450_tb_ws/install/turtlebot3_gazebo/share/turtlebot3_gazebo//models/turtlebot3_burger
[3.359s] -- Up-to-date: /home/patrick/ENAE450_tb_ws/install/turtlebot3_gazebo/share/turtlebot3_gazebo//models/turtlebot3_burger/model-1_4.sdf
[3.359s] -- Up-to-date: /home/patrick/ENAE450_tb_ws/install/turtlebot3_gazebo/share/turtlebot3_gazebo//models/turtlebot3_burger/model.config
[3.359s] -- Up-to-date: /home/patrick/ENAE450_tb_ws/install/turtlebot3_gazebo/share/turtlebot3_gazebo//models/turtlebot3_burger/model.sdf
[3.359s] -- Up-to-date: /home/patrick/ENAE450_tb_ws/install/turtlebot3_gazebo/share/turtlebot3_gazebo//models/turtlebot3_waffle_pi
[3.359s] -- Up-to-date: /home/patrick/ENAE450_tb_ws/install/turtlebot3_gazebo/share/turtlebot3_gazebo//models/turtlebot3_waffle_pi/model-1_4_.sdf
[3.359s] -- Up-to-date: /home/patrick/ENAE450_tb_ws/install/turtlebot3_gazebo/share/turtlebot3_gazebo//models/turtlebot3_waffle_pi/model.config
[3.359s] -- Up-to-date: /home/patrick/ENAE450_tb_ws/install/turtlebot3_gazebo/share/turtlebot3_gazebo//models/turtlebot3_waffle_pi/model.sdf
[3.360s] -- Up-to-date: /home/patrick/ENAE450_tb_ws/install/turtlebot3_gazebo/share/turtlebot3_gazebo//models/turtlebot3_dqn_world
[3.360s] -- Up-to-date: /home/patrick/ENAE450_tb_ws/install/turtlebot3_gazebo/share/turtlebot3_gazebo//models/turtlebot3_dqn_world/goal_box
[3.360s] -- Up-to-date: /home/patrick/ENAE450_tb_ws/install/turtlebot3_gazebo/share/turtlebot3_gazebo//models/turtlebot3_dqn_world/goal_box/model.config
[3.360s] -- Up-to-date: /home/patrick/ENAE450_tb_ws/install/turtlebot3_gazebo/share/turtlebot3_gazebo//models/turtlebot3_dqn_world/goal_box/model.sdf
[3.360s] -- Up-to-date: /home/patrick/ENAE450_tb_ws/install/turtlebot3_gazebo/share/turtlebot3_gazebo//models/turtlebot3_dqn_world/model.config
[3.360s] -- Up-to-date: /home/patrick/ENAE450_tb_ws/install/turtlebot3_gazebo/share/turtlebot3_gazebo//models/turtlebot3_dqn_world/model.sdf
[3.360s] -- Up-to-date: /home/patrick/ENAE450_tb_ws/install/turtlebot3_gazebo/share/turtlebot3_gazebo//models/turtlebot3_dqn_world/inner_walls
[3.360s] -- Up-to-date: /home/patrick/ENAE450_tb_ws/install/turtlebot3_gazebo/share/turtlebot3_gazebo//models/turtlebot3_dqn_world/inner_walls/model.config
[3.360s] -- Up-to-date: /home/patrick/ENAE450_tb_ws/install/turtlebot3_gazebo/share/turtlebot3_gazebo//models/turtlebot3_dqn_world/inner_walls/model.sdf
[3.360s] -- Up-to-date: /home/patrick/ENAE450_tb_ws/install/turtlebot3_gazebo/share/turtlebot3_gazebo//models/turtlebot3_dqn_world/obstacle2
[3.360s] -- Up-to-date: /home/patrick/ENAE450_tb_ws/install/turtlebot3_gazebo/share/turtlebot3_gazebo//models/turtlebot3_dqn_world/obstacle2/model.config
[3.360s] -- Up-to-date: /home/patrick/ENAE450_tb_ws/install/turtlebot3_gazebo/share/turtlebot3_gazebo//models/turtlebot3_dqn_world/obstacle2/model.sdf
[3.360s] -- Up-to-date: /home/patrick/ENAE450_tb_ws/install/turtlebot3_gazebo/share/turtlebot3_gazebo//models/turtlebot3_dqn_world/obstacle1
[3.361s] -- Up-to-date: /home/patrick/ENAE450_tb_ws/install/turtlebot3_gazebo/share/turtlebot3_gazebo//models/turtlebot3_dqn_world/obstacle1/model.config
[3.361s] -- Up-to-date: /home/patrick/ENAE450_tb_ws/install/turtlebot3_gazebo/share/turtlebot3_gazebo//models/turtlebot3_dqn_world/obstacle1/model.sdf
[3.361s] -- Up-to-date: /home/patrick/ENAE450_tb_ws/install/turtlebot3_gazebo/share/turtlebot3_gazebo//models/turtlebot3_dqn_world/obstacles
[3.361s] -- Up-to-date: /home/patrick/ENAE450_tb_ws/install/turtlebot3_gazebo/share/turtlebot3_gazebo//models/turtlebot3_dqn_world/obstacles/model.config
[3.361s] -- Up-to-date: /home/patrick/ENAE450_tb_ws/install/turtlebot3_gazebo/share/turtlebot3_gazebo//models/turtlebot3_dqn_world/obstacles/model.sdf
[3.361s] -- Up-to-date: /home/patrick/ENAE450_tb_ws/install/turtlebot3_gazebo/share/turtlebot3_gazebo//models/maze_0
[3.361s] -- Up-to-date: /home/patrick/ENAE450_tb_ws/install/turtlebot3_gazebo/share/turtlebot3_gazebo//models/maze_0/model.config
[3.361s] -- Up-to-date: /home/patrick/ENAE450_tb_ws/install/turtlebot3_gazebo/share/turtlebot3_gazebo//models/maze_0/model.sdf
[3.361s] -- Up-to-date: /home/patrick/ENAE450_tb_ws/install/turtlebot3_gazebo/share/turtlebot3_gazebo//models/maze_1
[3.361s] -- Up-to-date: /home/patrick/ENAE450_tb_ws/install/turtlebot3_gazebo/share/turtlebot3_gazebo//models/maze_1/model.config
[3.361s] -- Up-to-date: /home/patrick/ENAE450_tb_ws/install/turtlebot3_gazebo/share/turtlebot3_gazebo//models/maze_1/model.sdf
[3.361s] -- Up-to-date: /home/patrick/ENAE450_tb_ws/install/turtlebot3_gazebo/share/turtlebot3_gazebo//models/turtlebot3_autorace_2020
[3.361s] -- Up-to-date: /home/patrick/ENAE450_tb_ws/install/turtlebot3_gazebo/share/turtlebot3_gazebo//models/turtlebot3_autorace_2020/traffic_right
[3.362s] -- Up-to-date: /home/patrick/ENAE450_tb_ws/install/turtlebot3_gazebo/share/turtlebot3_gazebo//models/turtlebot3_autorace_2020/traffic_right/model.config
[3.362s] -- Up-to-date: /home/patrick/ENAE450_tb_ws/install/turtlebot3_gazebo/share/turtlebot3_gazebo//models/turtlebot3_autorace_2020/traffic_right/model.sdf
[3.362s] -- Up-to-date: /home/patrick/ENAE450_tb_ws/install/turtlebot3_gazebo/share/turtlebot3_gazebo//models/turtlebot3_autorace_2020/traffic_right/materials
[3.362s] -- Up-to-date: /home/patrick/ENAE450_tb_ws/install/turtlebot3_gazebo/share/turtlebot3_gazebo//models/turtlebot3_autorace_2020/traffic_right/materials/textures
[3.362s] -- Up-to-date: /home/patrick/ENAE450_tb_ws/install/turtlebot3_gazebo/share/turtlebot3_gazebo//models/turtlebot3_autorace_2020/traffic_right/materials/textures/traffic_right.png
[3.382s] -- Up-to-date: /home/patrick/ENAE450_tb_ws/install/turtlebot3_gazebo/share/turtlebot3_gazebo//models/turtlebot3_autorace_2020/traffic_right/materials/scripts
[3.383s] -- Up-to-date: /home/patrick/ENAE450_tb_ws/install/turtlebot3_gazebo/share/turtlebot3_gazebo//models/turtlebot3_autorace_2020/traffic_right/materials/scripts/traffic_right.material
[3.383s] -- Up-to-date: /home/patrick/ENAE450_tb_ws/install/turtlebot3_gazebo/share/turtlebot3_gazebo//models/turtlebot3_autorace_2020/traffic_light
[3.383s] -- Up-to-date: /home/patrick/ENAE450_tb_ws/install/turtlebot3_gazebo/share/turtlebot3_gazebo//models/turtlebot3_autorace_2020/traffic_light/model.config
[3.383s] -- Up-to-date: /home/patrick/ENAE450_tb_ws/install/turtlebot3_gazebo/share/turtlebot3_gazebo//models/turtlebot3_autorace_2020/traffic_light/model.sdf
[3.384s] -- Up-to-date: /home/patrick/ENAE450_tb_ws/install/turtlebot3_gazebo/share/turtlebot3_gazebo//models/turtlebot3_autorace_2020/traffic_light/materials
[3.384s] -- Up-to-date: /home/patrick/ENAE450_tb_ws/install/turtlebot3_gazebo/share/turtlebot3_gazebo//models/turtlebot3_autorace_2020/traffic_light/materials/textures
[3.384s] -- Up-to-date: /home/patrick/ENAE450_tb_ws/install/turtlebot3_gazebo/share/turtlebot3_gazebo//models/turtlebot3_autorace_2020/traffic_light/materials/textures/traffic_light.png
[3.384s] -- Up-to-date: /home/patrick/ENAE450_tb_ws/install/turtlebot3_gazebo/share/turtlebot3_gazebo//models/turtlebot3_autorace_2020/traffic_light/materials/textures/traffic_light_red.png
[3.384s] -- Up-to-date: /home/patrick/ENAE450_tb_ws/install/turtlebot3_gazebo/share/turtlebot3_gazebo//models/turtlebot3_autorace_2020/traffic_light/materials/textures/traffic_light_yellow.png
[3.384s] -- Up-to-date: /home/patrick/ENAE450_tb_ws/install/turtlebot3_gazebo/share/turtlebot3_gazebo//models/turtlebot3_autorace_2020/traffic_light/materials/textures/traffic_light_green.png
[3.384s] -- Up-to-date: /home/patrick/ENAE450_tb_ws/install/turtlebot3_gazebo/share/turtlebot3_gazebo//models/turtlebot3_autorace_2020/traffic_light/materials/scripts
[3.384s] -- Up-to-date: /home/patrick/ENAE450_tb_ws/install/turtlebot3_gazebo/share/turtlebot3_gazebo//models/turtlebot3_autorace_2020/traffic_light/materials/scripts/traffic_light.material
[3.384s] -- Up-to-date: /home/patrick/ENAE450_tb_ws/install/turtlebot3_gazebo/share/turtlebot3_gazebo//models/turtlebot3_autorace_2020/checker
[3.399s] -- Up-to-date: /home/patrick/ENAE450_tb_ws/install/turtlebot3_gazebo/share/turtlebot3_gazebo//models/turtlebot3_autorace_2020/checker/model.config
[3.400s] -- Up-to-date: /home/patrick/ENAE450_tb_ws/install/turtlebot3_gazebo/share/turtlebot3_gazebo//models/turtlebot3_autorace_2020/checker/model.sdf
[3.400s] -- Up-to-date: /home/patrick/ENAE450_tb_ws/install/turtlebot3_gazebo/share/turtlebot3_gazebo//models/turtlebot3_autorace_2020/checker/materials
[3.400s] -- Up-to-date: /home/patrick/ENAE450_tb_ws/install/turtlebot3_gazebo/share/turtlebot3_gazebo//models/turtlebot3_autorace_2020/checker/materials/textures
[3.400s] -- Up-to-date: /home/patrick/ENAE450_tb_ws/install/turtlebot3_gazebo/share/turtlebot3_gazebo//models/turtlebot3_autorace_2020/checker/materials/textures/checker.png
[3.400s] -- Up-to-date: /home/patrick/ENAE450_tb_ws/install/turtlebot3_gazebo/share/turtlebot3_gazebo//models/turtlebot3_autorace_2020/checker/materials/checker.png
[3.400s] -- Up-to-date: /home/patrick/ENAE450_tb_ws/install/turtlebot3_gazebo/share/turtlebot3_gazebo//models/turtlebot3_autorace_2020/checker/materials/scripts
[3.400s] -- Up-to-date: /home/patrick/ENAE450_tb_ws/install/turtlebot3_gazebo/share/turtlebot3_gazebo//models/turtlebot3_autorace_2020/checker/materials/scripts/checker.material
[3.400s] -- Up-to-date: /home/patrick/ENAE450_tb_ws/install/turtlebot3_gazebo/share/turtlebot3_gazebo//models/turtlebot3_autorace_2020/traffic_tunnel
[3.400s] -- Up-to-date: /home/patrick/ENAE450_tb_ws/install/turtlebot3_gazebo/share/turtlebot3_gazebo//models/turtlebot3_autorace_2020/traffic_tunnel/model.config
[3.400s] -- Up-to-date: /home/patrick/ENAE450_tb_ws/install/turtlebot3_gazebo/share/turtlebot3_gazebo//models/turtlebot3_autorace_2020/traffic_tunnel/model.sdf
[3.400s] -- Up-to-date: /home/patrick/ENAE450_tb_ws/install/turtlebot3_gazebo/share/turtlebot3_gazebo//models/turtlebot3_autorace_2020/traffic_tunnel/materials
[3.400s] -- Up-to-date: /home/patrick/ENAE450_tb_ws/install/turtlebot3_gazebo/share/turtlebot3_gazebo//models/turtlebot3_autorace_2020/traffic_tunnel/materials/textures
[3.401s] -- Up-to-date: /home/patrick/ENAE450_tb_ws/install/turtlebot3_gazebo/share/turtlebot3_gazebo//models/turtlebot3_autorace_2020/traffic_tunnel/materials/textures/tunnel.png
[3.401s] -- Up-to-date: /home/patrick/ENAE450_tb_ws/install/turtlebot3_gazebo/share/turtlebot3_gazebo//models/turtlebot3_autorace_2020/traffic_tunnel/materials/scripts
[3.401s] -- Up-to-date: /home/patrick/ENAE450_tb_ws/install/turtlebot3_gazebo/share/turtlebot3_gazebo//models/turtlebot3_autorace_2020/traffic_tunnel/materials/scripts/tunnel.material
[3.401s] -- Up-to-date: /home/patrick/ENAE450_tb_ws/install/turtlebot3_gazebo/share/turtlebot3_gazebo//models/turtlebot3_autorace_2020/traffic_intersection
[3.401s] -- Up-to-date: /home/patrick/ENAE450_tb_ws/install/turtlebot3_gazebo/share/turtlebot3_gazebo//models/turtlebot3_autorace_2020/traffic_intersection/model.config
[3.401s] -- Up-to-date: /home/patrick/ENAE450_tb_ws/install/turtlebot3_gazebo/share/turtlebot3_gazebo//models/turtlebot3_autorace_2020/traffic_intersection/model.sdf
[3.401s] -- Up-to-date: /home/patrick/ENAE450_tb_ws/install/turtlebot3_gazebo/share/turtlebot3_gazebo//models/turtlebot3_autorace_2020/traffic_intersection/materials
[3.401s] -- Up-to-date: /home/patrick/ENAE450_tb_ws/install/turtlebot3_gazebo/share/turtlebot3_gazebo//models/turtlebot3_autorace_2020/traffic_intersection/materials/textures
[3.401s] -- Up-to-date: /home/patrick/ENAE450_tb_ws/install/turtlebot3_gazebo/share/turtlebot3_gazebo//models/turtlebot3_autorace_2020/traffic_intersection/materials/textures/traffic_intersection.png
[3.401s] -- Up-to-date: /home/patrick/ENAE450_tb_ws/install/turtlebot3_gazebo/share/turtlebot3_gazebo//models/turtlebot3_autorace_2020/traffic_intersection/materials/scripts
[3.401s] -- Up-to-date: /home/patrick/ENAE450_tb_ws/install/turtlebot3_gazebo/share/turtlebot3_gazebo//models/turtlebot3_autorace_2020/traffic_intersection/materials/scripts/traffic_intersection.material
[3.401s] -- Up-to-date: /home/patrick/ENAE450_tb_ws/install/turtlebot3_gazebo/share/turtlebot3_gazebo//models/turtlebot3_autorace_2020/traffic_stop
[3.401s] -- Up-to-date: /home/patrick/ENAE450_tb_ws/install/turtlebot3_gazebo/share/turtlebot3_gazebo//models/turtlebot3_autorace_2020/traffic_stop/model.config
[3.401s] -- Up-to-date: /home/patrick/ENAE450_tb_ws/install/turtlebot3_gazebo/share/turtlebot3_gazebo//models/turtlebot3_autorace_2020/traffic_stop/model.sdf
[3.402s] -- Up-to-date: /home/patrick/ENAE450_tb_ws/install/turtlebot3_gazebo/share/turtlebot3_gazebo//models/turtlebot3_autorace_2020/traffic_stop/materials
[3.402s] -- Up-to-date: /home/patrick/ENAE450_tb_ws/install/turtlebot3_gazebo/share/turtlebot3_gazebo//models/turtlebot3_autorace_2020/traffic_stop/materials/textures
[3.402s] -- Up-to-date: /home/patrick/ENAE450_tb_ws/install/turtlebot3_gazebo/share/turtlebot3_gazebo//models/turtlebot3_autorace_2020/traffic_stop/materials/textures/traffic_stop.png
[3.402s] -- Up-to-date: /home/patrick/ENAE450_tb_ws/install/turtlebot3_gazebo/share/turtlebot3_gazebo//models/turtlebot3_autorace_2020/traffic_stop/materials/scripts
[3.402s] -- Up-to-date: /home/patrick/ENAE450_tb_ws/install/turtlebot3_gazebo/share/turtlebot3_gazebo//models/turtlebot3_autorace_2020/traffic_stop/materials/scripts/traffic_stop.material
[3.402s] -- Up-to-date: /home/patrick/ENAE450_tb_ws/install/turtlebot3_gazebo/share/turtlebot3_gazebo//models/turtlebot3_autorace_2020/traffic_noentry
[3.402s] -- Up-to-date: /home/patrick/ENAE450_tb_ws/install/turtlebot3_gazebo/share/turtlebot3_gazebo//models/turtlebot3_autorace_2020/traffic_noentry/model.config
[3.402s] -- Up-to-date: /home/patrick/ENAE450_tb_ws/install/turtlebot3_gazebo/share/turtlebot3_gazebo//models/turtlebot3_autorace_2020/traffic_noentry/model.sdf
[3.402s] -- Up-to-date: /home/patrick/ENAE450_tb_ws/install/turtlebot3_gazebo/share/turtlebot3_gazebo//models/turtlebot3_autorace_2020/traffic_noentry/materials
[3.402s] -- Up-to-date: /home/patrick/ENAE450_tb_ws/install/turtlebot3_gazebo/share/turtlebot3_gazebo//models/turtlebot3_autorace_2020/traffic_noentry/materials/textures
[3.402s] -- Up-to-date: /home/patrick/ENAE450_tb_ws/install/turtlebot3_gazebo/share/turtlebot3_gazebo//models/turtlebot3_autorace_2020/traffic_noentry/materials/textures/traffic_noentry.png
[3.402s] -- Up-to-date: /home/patrick/ENAE450_tb_ws/install/turtlebot3_gazebo/share/turtlebot3_gazebo//models/turtlebot3_autorace_2020/traffic_noentry/materials/scripts
[3.402s] -- Up-to-date: /home/patrick/ENAE450_tb_ws/install/turtlebot3_gazebo/share/turtlebot3_gazebo//models/turtlebot3_autorace_2020/traffic_noentry/materials/scripts/traffic_noentry.material
[3.403s] -- Up-to-date: /home/patrick/ENAE450_tb_ws/install/turtlebot3_gazebo/share/turtlebot3_gazebo//models/turtlebot3_autorace_2020/traffic_construction
[3.403s] -- Up-to-date: /home/patrick/ENAE450_tb_ws/install/turtlebot3_gazebo/share/turtlebot3_gazebo//models/turtlebot3_autorace_2020/traffic_construction/model.config
[3.403s] -- Up-to-date: /home/patrick/ENAE450_tb_ws/install/turtlebot3_gazebo/share/turtlebot3_gazebo//models/turtlebot3_autorace_2020/traffic_construction/model.sdf
[3.403s] -- Up-to-date: /home/patrick/ENAE450_tb_ws/install/turtlebot3_gazebo/share/turtlebot3_gazebo//models/turtlebot3_autorace_2020/traffic_construction/materials
[3.403s] -- Up-to-date: /home/patrick/ENAE450_tb_ws/install/turtlebot3_gazebo/share/turtlebot3_gazebo//models/turtlebot3_autorace_2020/traffic_construction/materials/textures
[3.403s] -- Up-to-date: /home/patrick/ENAE450_tb_ws/install/turtlebot3_gazebo/share/turtlebot3_gazebo//models/turtlebot3_autorace_2020/traffic_construction/materials/textures/traffic_construction.png
[3.403s] -- Up-to-date: /home/patrick/ENAE450_tb_ws/install/turtlebot3_gazebo/share/turtlebot3_gazebo//models/turtlebot3_autorace_2020/traffic_construction/materials/scripts
[3.403s] -- Up-to-date: /home/patrick/ENAE450_tb_ws/install/turtlebot3_gazebo/share/turtlebot3_gazebo//models/turtlebot3_autorace_2020/traffic_construction/materials/scripts/traffic_construction.material
[3.403s] -- Up-to-date: /home/patrick/ENAE450_tb_ws/install/turtlebot3_gazebo/share/turtlebot3_gazebo//models/turtlebot3_autorace_2020/course
[3.403s] -- Up-to-date: /home/patrick/ENAE450_tb_ws/install/turtlebot3_gazebo/share/turtlebot3_gazebo//models/turtlebot3_autorace_2020/course/model.config
[3.403s] -- Up-to-date: /home/patrick/ENAE450_tb_ws/install/turtlebot3_gazebo/share/turtlebot3_gazebo//models/turtlebot3_autorace_2020/course/model.sdf
[3.403s] -- Up-to-date: /home/patrick/ENAE450_tb_ws/install/turtlebot3_gazebo/share/turtlebot3_gazebo//models/turtlebot3_autorace_2020/course/materials
[3.403s] -- Up-to-date: /home/patrick/ENAE450_tb_ws/install/turtlebot3_gazebo/share/turtlebot3_gazebo//models/turtlebot3_autorace_2020/course/materials/textures
[3.403s] -- Up-to-date: /home/patrick/ENAE450_tb_ws/install/turtlebot3_gazebo/share/turtlebot3_gazebo//models/turtlebot3_autorace_2020/course/materials/textures/course.png
[3.403s] -- Up-to-date: /home/patrick/ENAE450_tb_ws/install/turtlebot3_gazebo/share/turtlebot3_gazebo//models/turtlebot3_autorace_2020/course/materials/scripts
[3.404s] -- Up-to-date: /home/patrick/ENAE450_tb_ws/install/turtlebot3_gazebo/share/turtlebot3_gazebo//models/turtlebot3_autorace_2020/course/materials/scripts/course.material
[3.404s] -- Up-to-date: /home/patrick/ENAE450_tb_ws/install/turtlebot3_gazebo/share/turtlebot3_gazebo//models/turtlebot3_autorace_2020/traffic_parking
[3.404s] -- Up-to-date: /home/patrick/ENAE450_tb_ws/install/turtlebot3_gazebo/share/turtlebot3_gazebo//models/turtlebot3_autorace_2020/traffic_parking/model.config
[3.427s] -- Up-to-date: /home/patrick/ENAE450_tb_ws/install/turtlebot3_gazebo/share/turtlebot3_gazebo//models/turtlebot3_autorace_2020/traffic_parking/model.sdf
[3.438s] -- Up-to-date: /home/patrick/ENAE450_tb_ws/install/turtlebot3_gazebo/share/turtlebot3_gazebo//models/turtlebot3_autorace_2020/traffic_parking/materials
[3.438s] -- Up-to-date: /home/patrick/ENAE450_tb_ws/install/turtlebot3_gazebo/share/turtlebot3_gazebo//models/turtlebot3_autorace_2020/traffic_parking/materials/textures
[3.439s] -- Up-to-date: /home/patrick/ENAE450_tb_ws/install/turtlebot3_gazebo/share/turtlebot3_gazebo//models/turtlebot3_autorace_2020/traffic_parking/materials/textures/traffic_parking.png
[3.439s] -- Up-to-date: /home/patrick/ENAE450_tb_ws/install/turtlebot3_gazebo/share/turtlebot3_gazebo//models/turtlebot3_autorace_2020/traffic_parking/materials/scripts
[3.439s] -- Up-to-date: /home/patrick/ENAE450_tb_ws/install/turtlebot3_gazebo/share/turtlebot3_gazebo//models/turtlebot3_autorace_2020/traffic_parking/materials/scripts/traffic_parking.material
[3.439s] -- Up-to-date: /home/patrick/ENAE450_tb_ws/install/turtlebot3_gazebo/share/turtlebot3_gazebo//models/turtlebot3_autorace_2020/traffic_bar
[3.439s] -- Up-to-date: /home/patrick/ENAE450_tb_ws/install/turtlebot3_gazebo/share/turtlebot3_gazebo//models/turtlebot3_autorace_2020/traffic_bar/model.config
[3.439s] -- Up-to-date: /home/patrick/ENAE450_tb_ws/install/turtlebot3_gazebo/share/turtlebot3_gazebo//models/turtlebot3_autorace_2020/traffic_bar/model.sdf
[3.440s] -- Up-to-date: /home/patrick/ENAE450_tb_ws/install/turtlebot3_gazebo/share/turtlebot3_gazebo//models/turtlebot3_autorace_2020/traffic_bar/materials
[3.440s] -- Up-to-date: /home/patrick/ENAE450_tb_ws/install/turtlebot3_gazebo/share/turtlebot3_gazebo//models/turtlebot3_autorace_2020/traffic_bar/materials/textures
[3.440s] -- Up-to-date: /home/patrick/ENAE450_tb_ws/install/turtlebot3_gazebo/share/turtlebot3_gazebo//models/turtlebot3_autorace_2020/traffic_bar/materials/textures/traffic_bar.png
[3.440s] -- Up-to-date: /home/patrick/ENAE450_tb_ws/install/turtlebot3_gazebo/share/turtlebot3_gazebo//models/turtlebot3_autorace_2020/traffic_bar/materials/scripts
[3.440s] -- Up-to-date: /home/patrick/ENAE450_tb_ws/install/turtlebot3_gazebo/share/turtlebot3_gazebo//models/turtlebot3_autorace_2020/traffic_bar/materials/scripts/traffic_bar.material
[3.440s] -- Up-to-date: /home/patrick/ENAE450_tb_ws/install/turtlebot3_gazebo/share/turtlebot3_gazebo//models/turtlebot3_autorace_2020/traffic_left
[3.440s] -- Up-to-date: /home/patrick/ENAE450_tb_ws/install/turtlebot3_gazebo/share/turtlebot3_gazebo//models/turtlebot3_autorace_2020/traffic_left/model.config
[3.440s] -- Up-to-date: /home/patrick/ENAE450_tb_ws/install/turtlebot3_gazebo/share/turtlebot3_gazebo//models/turtlebot3_autorace_2020/traffic_left/model.sdf
[3.440s] -- Up-to-date: /home/patrick/ENAE450_tb_ws/install/turtlebot3_gazebo/share/turtlebot3_gazebo//models/turtlebot3_autorace_2020/traffic_left/materials
[3.440s] -- Up-to-date: /home/patrick/ENAE450_tb_ws/install/turtlebot3_gazebo/share/turtlebot3_gazebo//models/turtlebot3_autorace_2020/traffic_left/materials/textures
[3.447s] -- Up-to-date: /home/patrick/ENAE450_tb_ws/install/turtlebot3_gazebo/share/turtlebot3_gazebo//models/turtlebot3_autorace_2020/traffic_left/materials/textures/traffic_left.png
[3.447s] -- Up-to-date: /home/patrick/ENAE450_tb_ws/install/turtlebot3_gazebo/share/turtlebot3_gazebo//models/turtlebot3_autorace_2020/traffic_left/materials/scripts
[3.448s] -- Up-to-date: /home/patrick/ENAE450_tb_ws/install/turtlebot3_gazebo/share/turtlebot3_gazebo//models/turtlebot3_autorace_2020/traffic_left/materials/scripts/traffic_is_left.material
[3.448s] -- Up-to-date: /home/patrick/ENAE450_tb_ws/install/turtlebot3_gazebo/share/turtlebot3_gazebo//models/turtlebot3_autorace_2020/traffic_pl_left
[3.448s] -- Up-to-date: /home/patrick/ENAE450_tb_ws/install/turtlebot3_gazebo/share/turtlebot3_gazebo//models/turtlebot3_autorace_2020/traffic_pl_left/model.config
[3.448s] -- Up-to-date: /home/patrick/ENAE450_tb_ws/install/turtlebot3_gazebo/share/turtlebot3_gazebo//models/turtlebot3_autorace_2020/traffic_pl_left/model.sdf
[3.448s] -- Up-to-date: /home/patrick/ENAE450_tb_ws/install/turtlebot3_gazebo/share/turtlebot3_gazebo//models/turtlebot3_autorace_2020/traffic_pl_left/materials
[3.448s] -- Up-to-date: /home/patrick/ENAE450_tb_ws/install/turtlebot3_gazebo/share/turtlebot3_gazebo//models/turtlebot3_autorace_2020/traffic_pl_left/materials/textures
[3.461s] -- Up-to-date: /home/patrick/ENAE450_tb_ws/install/turtlebot3_gazebo/share/turtlebot3_gazebo//models/turtlebot3_autorace_2020/traffic_pl_left/materials/textures/traffic_pl_left.png
[3.467s] -- Up-to-date: /home/patrick/ENAE450_tb_ws/install/turtlebot3_gazebo/share/turtlebot3_gazebo//models/turtlebot3_autorace_2020/traffic_pl_left/materials/scripts
[3.467s] -- Up-to-date: /home/patrick/ENAE450_tb_ws/install/turtlebot3_gazebo/share/turtlebot3_gazebo//models/turtlebot3_autorace_2020/traffic_pl_left/materials/scripts/traffic_pl_left.material
[3.467s] -- Up-to-date: /home/patrick/ENAE450_tb_ws/install/turtlebot3_gazebo/share/turtlebot3_gazebo//models/turtlebot3_house
[3.467s] -- Up-to-date: /home/patrick/ENAE450_tb_ws/install/turtlebot3_gazebo/share/turtlebot3_gazebo//models/turtlebot3_house/model.config
[3.467s] -- Up-to-date: /home/patrick/ENAE450_tb_ws/install/turtlebot3_gazebo/share/turtlebot3_gazebo//models/turtlebot3_house/model.sdf
[3.467s] -- Up-to-date: /home/patrick/ENAE450_tb_ws/install/turtlebot3_gazebo/share/turtlebot3_gazebo//models/turtlebot3_common
[3.467s] -- Up-to-date: /home/patrick/ENAE450_tb_ws/install/turtlebot3_gazebo/share/turtlebot3_gazebo//models/turtlebot3_common/model.config
[3.467s] -- Up-to-date: /home/patrick/ENAE450_tb_ws/install/turtlebot3_gazebo/share/turtlebot3_gazebo//models/turtlebot3_common/meshes
[3.467s] -- Up-to-date: /home/patrick/ENAE450_tb_ws/install/turtlebot3_gazebo/share/turtlebot3_gazebo//models/turtlebot3_common/meshes/r200.dae
[3.467s] -- Up-to-date: /home/patrick/ENAE450_tb_ws/install/turtlebot3_gazebo/share/turtlebot3_gazebo//models/turtlebot3_common/meshes/sensors
[3.467s] -- Up-to-date: /home/patrick/ENAE450_tb_ws/install/turtlebot3_gazebo/share/turtlebot3_gazebo//models/turtlebot3_common/meshes/sensors/r200.dae
[3.467s] -- Up-to-date: /home/patrick/ENAE450_tb_ws/install/turtlebot3_gazebo/share/turtlebot3_gazebo//models/turtlebot3_common/meshes/sensors/astra.jpg
[3.467s] -- Up-to-date: /home/patrick/ENAE450_tb_ws/install/turtlebot3_gazebo/share/turtlebot3_gazebo//models/turtlebot3_common/meshes/sensors/lds.stl
[3.468s] -- Up-to-date: /home/patrick/ENAE450_tb_ws/install/turtlebot3_gazebo/share/turtlebot3_gazebo//models/turtlebot3_common/meshes/sensors/astra.dae
[3.468s] -- Up-to-date: /home/patrick/ENAE450_tb_ws/install/turtlebot3_gazebo/share/turtlebot3_gazebo//models/turtlebot3_common/meshes/sensors/r200.jpg
[3.468s] -- Up-to-date: /home/patrick/ENAE450_tb_ws/install/turtlebot3_gazebo/share/turtlebot3_gazebo//models/turtlebot3_common/meshes/waffle_base.dae
[3.468s] -- Up-to-date: /home/patrick/ENAE450_tb_ws/install/turtlebot3_gazebo/share/turtlebot3_gazebo//models/turtlebot3_common/meshes/bases
[3.468s] -- Up-to-date: /home/patrick/ENAE450_tb_ws/install/turtlebot3_gazebo/share/turtlebot3_gazebo//models/turtlebot3_common/meshes/bases/waffle_base.stl
[3.468s] -- Up-to-date: /home/patrick/ENAE450_tb_ws/install/turtlebot3_gazebo/share/turtlebot3_gazebo//models/turtlebot3_common/meshes/bases/waffle_pi_base.stl
[3.468s] -- Up-to-date: /home/patrick/ENAE450_tb_ws/install/turtlebot3_gazebo/share/turtlebot3_gazebo//models/turtlebot3_common/meshes/bases/burger_base.stl
[3.468s] -- Up-to-date: /home/patrick/ENAE450_tb_ws/install/turtlebot3_gazebo/share/turtlebot3_gazebo//models/turtlebot3_common/meshes/lds.dae
[3.468s] -- Up-to-date: /home/patrick/ENAE450_tb_ws/install/turtlebot3_gazebo/share/turtlebot3_gazebo//models/turtlebot3_common/meshes/burger_base.dae
[3.468s] -- Up-to-date: /home/patrick/ENAE450_tb_ws/install/turtlebot3_gazebo/share/turtlebot3_gazebo//models/turtlebot3_common/meshes/wheels
[3.469s] -- Up-to-date: /home/patrick/ENAE450_tb_ws/install/turtlebot3_gazebo/share/turtlebot3_gazebo//models/turtlebot3_common/meshes/wheels/right_tire.stl
[3.469s] -- Up-to-date: /home/patrick/ENAE450_tb_ws/install/turtlebot3_gazebo/share/turtlebot3_gazebo//models/turtlebot3_common/meshes/wheels/left_tire.stl
[3.469s] -- Up-to-date: /home/patrick/ENAE450_tb_ws/install/turtlebot3_gazebo/share/turtlebot3_gazebo//models/turtlebot3_common/meshes/tire.dae
[3.469s] -- Up-to-date: /home/patrick/ENAE450_tb_ws/install/turtlebot3_gazebo/share/turtlebot3_gazebo//models/turtlebot3_common/meshes/waffle_pi_base.dae
[3.469s] -- Up-to-date: /home/patrick/ENAE450_tb_ws/install/turtlebot3_gazebo/share/turtlebot3_gazebo//models/turtlebot3_burger_cam
[3.470s] -- Up-to-date: /home/patrick/ENAE450_tb_ws/install/turtlebot3_gazebo/share/turtlebot3_gazebo//models/turtlebot3_burger_cam/model-1_4.sdf
[3.470s] -- Up-to-date: /home/patrick/ENAE450_tb_ws/install/turtlebot3_gazebo/share/turtlebot3_gazebo//models/turtlebot3_burger_cam/model.config
[3.470s] -- Up-to-date: /home/patrick/ENAE450_tb_ws/install/turtlebot3_gazebo/share/turtlebot3_gazebo//models/turtlebot3_burger_cam/model.sdf
[3.470s] -- Up-to-date: /home/patrick/ENAE450_tb_ws/install/turtlebot3_gazebo/share/turtlebot3_gazebo//rviz
[3.470s] -- Up-to-date: /home/patrick/ENAE450_tb_ws/install/turtlebot3_gazebo/share/turtlebot3_gazebo//rviz/tb3_gazebo.rviz
[3.470s] -- Up-to-date: /home/patrick/ENAE450_tb_ws/install/turtlebot3_gazebo/share/turtlebot3_gazebo//urdf
[3.470s] -- Up-to-date: /home/patrick/ENAE450_tb_ws/install/turtlebot3_gazebo/share/turtlebot3_gazebo//urdf/turtlebot3_burger_cam.urdf
[3.470s] -- Up-to-date: /home/patrick/ENAE450_tb_ws/install/turtlebot3_gazebo/share/turtlebot3_gazebo//urdf/turtlebot3_burger.urdf
[3.470s] -- Up-to-date: /home/patrick/ENAE450_tb_ws/install/turtlebot3_gazebo/share/turtlebot3_gazebo//urdf/turtlebot3_waffle_pi.urdf
[3.470s] -- Up-to-date: /home/patrick/ENAE450_tb_ws/install/turtlebot3_gazebo/share/turtlebot3_gazebo//urdf/turtlebot3_waffle.urdf
[3.470s] -- Up-to-date: /home/patrick/ENAE450_tb_ws/install/turtlebot3_gazebo/share/turtlebot3_gazebo//urdf/common_properties.urdf
[3.470s] -- Up-to-date: /home/patrick/ENAE450_tb_ws/install/turtlebot3_gazebo/share/turtlebot3_gazebo//worlds
[3.470s] -- Up-to-date: /home/patrick/ENAE450_tb_ws/install/turtlebot3_gazebo/share/turtlebot3_gazebo//worlds/turtlebot3_dqn_stage1.world
[3.471s] -- Up-to-date: /home/patrick/ENAE450_tb_ws/install/turtlebot3_gazebo/share/turtlebot3_gazebo//worlds/turtlebot3_dqn_stage4.world
[3.471s] -- Up-to-date: /home/patrick/ENAE450_tb_ws/install/turtlebot3_gazebo/share/turtlebot3_gazebo//worlds/turtlebot3_dqn_stage2.world
[3.471s] -- Up-to-date: /home/patrick/ENAE450_tb_ws/install/turtlebot3_gazebo/share/turtlebot3_gazebo//worlds/turtlebot3_dqn_stage3.world
[3.471s] -- Up-to-date: /home/patrick/ENAE450_tb_ws/install/turtlebot3_gazebo/share/turtlebot3_gazebo//worlds/turtlebot3_house.world
[3.471s] -- Up-to-date: /home/patrick/ENAE450_tb_ws/install/turtlebot3_gazebo/share/turtlebot3_gazebo//worlds/maze_0.world
[3.471s] -- Up-to-date: /home/patrick/ENAE450_tb_ws/install/turtlebot3_gazebo/share/turtlebot3_gazebo//worlds/turtlebot3_world.world
[3.471s] -- Up-to-date: /home/patrick/ENAE450_tb_ws/install/turtlebot3_gazebo/share/turtlebot3_gazebo//worlds/turtlebot3_autorace_2020.world
[3.471s] -- Up-to-date: /home/patrick/ENAE450_tb_ws/install/turtlebot3_gazebo/share/turtlebot3_gazebo//worlds/empty_world.world
[3.471s] -- Up-to-date: /home/patrick/ENAE450_tb_ws/install/turtlebot3_gazebo/share/turtlebot3_gazebo//worlds/maze_2.world
[3.471s] -- Up-to-date: /home/patrick/ENAE450_tb_ws/install/turtlebot3_gazebo/share/turtlebot3_gazebo//worlds/maze_1.world
[3.471s] -- Up-to-date: /home/patrick/ENAE450_tb_ws/install/turtlebot3_gazebo/include/
[3.471s] -- Up-to-date: /home/patrick/ENAE450_tb_ws/install/turtlebot3_gazebo/include//turtlebot3_gazebo
[3.471s] -- Up-to-date: /home/patrick/ENAE450_tb_ws/install/turtlebot3_gazebo/include//turtlebot3_gazebo/obstacles.hpp
[3.472s] -- Up-to-date: /home/patrick/ENAE450_tb_ws/install/turtlebot3_gazebo/include//turtlebot3_gazebo/traffic_bar_plugin.hpp
[3.472s] -- Up-to-date: /home/patrick/ENAE450_tb_ws/install/turtlebot3_gazebo/include//turtlebot3_gazebo/traffic_light_plugin.hpp
[3.472s] -- Up-to-date: /home/patrick/ENAE450_tb_ws/install/turtlebot3_gazebo/include//turtlebot3_gazebo/obstacle2.hpp
[3.472s] -- Up-to-date: /home/patrick/ENAE450_tb_ws/install/turtlebot3_gazebo/include//turtlebot3_gazebo/obstacle1.hpp
[3.472s] -- Up-to-date: /home/patrick/ENAE450_tb_ws/install/turtlebot3_gazebo/include//turtlebot3_gazebo/turtlebot3_drive.hpp
[3.472s] -- Up-to-date: /home/patrick/ENAE450_tb_ws/install/turtlebot3_gazebo/share/ament_index/resource_index/package_run_dependencies/turtlebot3_gazebo
[3.472s] -- Up-to-date: /home/patrick/ENAE450_tb_ws/install/turtlebot3_gazebo/share/ament_index/resource_index/parent_prefix_path/turtlebot3_gazebo
[3.472s] -- Up-to-date: /home/patrick/ENAE450_tb_ws/install/turtlebot3_gazebo/share/turtlebot3_gazebo/environment/ament_prefix_path.sh
[3.472s] -- Up-to-date: /home/patrick/ENAE450_tb_ws/install/turtlebot3_gazebo/share/turtlebot3_gazebo/environment/ament_prefix_path.dsv
[3.472s] -- Up-to-date: /home/patrick/ENAE450_tb_ws/install/turtlebot3_gazebo/share/turtlebot3_gazebo/environment/path.sh
[3.472s] -- Up-to-date: /home/patrick/ENAE450_tb_ws/install/turtlebot3_gazebo/share/turtlebot3_gazebo/environment/path.dsv
[3.472s] -- Up-to-date: /home/patrick/ENAE450_tb_ws/install/turtlebot3_gazebo/share/turtlebot3_gazebo/local_setup.bash
[3.472s] -- Up-to-date: /home/patrick/ENAE450_tb_ws/install/turtlebot3_gazebo/share/turtlebot3_gazebo/local_setup.sh
[3.473s] -- Up-to-date: /home/patrick/ENAE450_tb_ws/install/turtlebot3_gazebo/share/turtlebot3_gazebo/local_setup.zsh
[3.473s] -- Up-to-date: /home/patrick/ENAE450_tb_ws/install/turtlebot3_gazebo/share/turtlebot3_gazebo/local_setup.dsv
[3.473s] -- Installing: /home/patrick/ENAE450_tb_ws/install/turtlebot3_gazebo/share/turtlebot3_gazebo/package.dsv
[3.473s] -- Up-to-date: /home/patrick/ENAE450_tb_ws/install/turtlebot3_gazebo/share/ament_index/resource_index/packages/turtlebot3_gazebo
[3.473s] -- Up-to-date: /home/patrick/ENAE450_tb_ws/install/turtlebot3_gazebo/share/turtlebot3_gazebo/cmake/ament_cmake_export_include_directories-extras.cmake
[3.473s] -- Up-to-date: /home/patrick/ENAE450_tb_ws/install/turtlebot3_gazebo/share/turtlebot3_gazebo/cmake/ament_cmake_export_dependencies-extras.cmake
[3.473s] -- Up-to-date: /home/patrick/ENAE450_tb_ws/install/turtlebot3_gazebo/share/turtlebot3_gazebo/cmake/turtlebot3_gazeboConfig.cmake
[3.473s] -- Up-to-date: /home/patrick/ENAE450_tb_ws/install/turtlebot3_gazebo/share/turtlebot3_gazebo/cmake/turtlebot3_gazeboConfig-version.cmake
[3.473s] -- Up-to-date: /home/patrick/ENAE450_tb_ws/install/turtlebot3_gazebo/share/turtlebot3_gazebo/package.xml
[3.473s] Invoked command in '/home/patrick/ENAE450_tb_ws/build/turtlebot3_gazebo' returned '0': CMAKE_PREFIX_PATH=${CMAKE_PREFIX_PATH}:/home/patrick/ENAE450_tb_ws/install/turtlebot3_controller:/home/patrick/turtlebot3_ws/install/turtlebot3_teleop:/home/patrick/turtlebot3_ws/install/turtlebot3_example:/home/patrick/turtlebot3_ws/install/turtlebot3_controller:/opt/ros/humble /usr/bin/cmake --install /home/patrick/ENAE450_tb_ws/build/turtlebot3_gazebo
