[0.160s] Invoking command in '/home/patrick/ENAE450_tb_ws/build/dynamixel_sdk_examples': AMENT_PREFIX_PATH=/home/patrick/ENAE450_tb_ws/install/dynamixel_sdk_custom_interfaces:/home/patrick/ENAE450_tb_ws/install/dynamixel_sdk:${AMENT_PREFIX_PATH} CMAKE_PREFIX_PATH=/home/patrick/ENAE450_tb_ws/install/dynamixel_sdk_custom_interfaces:/home/patrick/ENAE450_tb_ws/install/dynamixel_sdk:/home/patrick/turtlebot3_ws/install/turtlebot3:/home/patrick/turtlebot3_ws/install/turtlebot3_simulations:/home/patrick/turtlebot3_ws/install/turtlebot3_bringup:/home/patrick/turtlebot3_ws/install/turtlebot3_node:/home/patrick/turtlebot3_ws/install/turtlebot3_navigation2:/home/patrick/turtlebot3_ws/install/turtlebot3_fake_node:/home/patrick/turtlebot3_ws/install/turtlebot3_msgs:/home/patrick/turtlebot3_ws/install/turtlebot3_gazebo:/home/patrick/turtlebot3_ws/install/turtlebot3_description:/home/patrick/turtlebot3_ws/install/turtlebot3_cartographer:/home/patrick/turtlebot3_ws/install/dynamixel_sdk_examples:/home/patrick/turtlebot3_ws/install/dynamixel_sdk_custom_interfaces:/home/patrick/turtlebot3_ws/install/dynamixel_sdk:/home/patrick/turtlebot3_ws/install/turtlebot3_teleop:/home/patrick/turtlebot3_ws/install/turtlebot3_example:/home/patrick/turtlebot3_ws/install/turtlebot3_controller:/opt/ros/humble LD_LIBRARY_PATH=/home/patrick/ENAE450_tb_ws/install/dynamixel_sdk_custom_interfaces/lib:/home/patrick/ENAE450_tb_ws/install/dynamixel_sdk/lib:/home/patrick/turtlebot3_ws/install/turtlebot3_msgs/lib:/home/patrick/turtlebot3_ws/install/dynamixel_sdk_custom_interfaces/lib:/home/patrick/turtlebot3_ws/install/dynamixel_sdk/lib:/usr/lib/x86_64-linux-gnu/gazebo-11/plugins:/opt/ros/humble/opt/rviz_ogre_vendor/lib:/opt/ros/humble/lib/x86_64-linux-gnu:/opt/ros/humble/lib:/usr/lib/x86_64-linux-gnu/gazebo-11/plugins:/usr/lib/x86_64-linux-gnu/gazebo-11/plugins:/usr/lib/x86_64-linux-gnu/gazebo-11/plugins:/usr/lib/x86_64-linux-gnu/gazebo-11/plugins:/usr/lib/x86_64-linux-gnu/gazebo-11/plugins:/usr/lib/x86_64-linux-gnu/gazebo-11/plugins PYTHONPATH=/home/patrick/ENAE450_tb_ws/install/dynamixel_sdk_custom_interfaces/local/lib/python3.10/dist-packages:/home/patrick/ENAE450_tb_ws/install/dynamixel_sdk/local/lib/python3.10/dist-packages:${PYTHONPATH} /usr/bin/cmake /home/patrick/ENAE450_tb_ws/src/DynamixelSDK/ros/dynamixel_sdk_examples -DCMAKE_INSTALL_PREFIX=/home/patrick/ENAE450_tb_ws/install/dynamixel_sdk_examples
[0.913s] -- The C compiler identification is GNU 11.4.0
[1.264s] -- The CXX compiler identification is GNU 11.4.0
[1.313s] -- Detecting C compiler ABI info
[1.801s] -- Detecting C compiler ABI info - done
[1.801s] -- Check for working C compiler: /usr/bin/cc - skipped
[1.801s] -- Detecting C compile features
[1.801s] -- Detecting C compile features - done
[1.816s] -- Detecting CXX compiler ABI info
[2.243s] -- Detecting CXX compiler ABI info - done
[2.245s] -- Check for working CXX compiler: /usr/bin/c++ - skipped
[2.245s] -- Detecting CXX compile features
[2.245s] -- Detecting CXX compile features - done
[2.340s] -- Found ament_cmake: 1.3.11 (/opt/ros/humble/share/ament_cmake/cmake)
[2.662s] -- Found Python3: /usr/bin/python3 (found version "3.10.12") found components: Interpreter 
[3.682s] -- Found dynamixel_sdk: 3.8.3 (/home/patrick/ENAE450_tb_ws/install/dynamixel_sdk/share/dynamixel_sdk/cmake)
[3.699s] -- Found dynamixel_sdk_custom_interfaces: 3.8.3 (/home/patrick/ENAE450_tb_ws/install/dynamixel_sdk_custom_interfaces/share/dynamixel_sdk_custom_interfaces/cmake)
[4.968s] -- Found rosidl_generator_c: 3.1.6 (/opt/ros/humble/share/rosidl_generator_c/cmake)
[5.015s] -- Found rosidl_adapter: 3.1.6 (/opt/ros/humble/share/rosidl_adapter/cmake)
[5.375s] -- Found rosidl_generator_cpp: 3.1.6 (/opt/ros/humble/share/rosidl_generator_cpp/cmake)
[5.489s] -- Using all available rosidl_typesupport_c: rosidl_typesupport_fastrtps_c;rosidl_typesupport_introspection_c
[5.828s] -- Using all available rosidl_typesupport_cpp: rosidl_typesupport_fastrtps_cpp;rosidl_typesupport_introspection_cpp
[6.015s] -- Found rclcpp: 16.0.12 (/opt/ros/humble/share/rclcpp/cmake)
[6.291s] -- Found rmw_implementation_cmake: 6.1.2 (/opt/ros/humble/share/rmw_implementation_cmake/cmake)
[6.308s] -- Found rmw_fastrtps_cpp: 6.2.7 (/opt/ros/humble/share/rmw_fastrtps_cpp/cmake)
[6.744s] -- Found OpenSSL: /usr/lib/x86_64-linux-gnu/libcrypto.so (found version "3.0.2")  
[6.817s] -- Found FastRTPS: /opt/ros/humble/include  
[6.919s] -- Using RMW implementation 'rmw_fastrtps_cpp' as default
[6.979s] -- Looking for pthread.h
[7.196s] -- Looking for pthread.h - found
[7.196s] -- Performing Test CMAKE_HAVE_LIBC_PTHREAD
[7.976s] -- Performing Test CMAKE_HAVE_LIBC_PTHREAD - Success
[7.979s] -- Found Threads: TRUE  
[8.301s] -- Found rclpy: 3.3.16 (/opt/ros/humble/share/rclpy/cmake)
[8.325s] -- Found ament_lint_auto: 0.12.12 (/opt/ros/humble/share/ament_lint_auto/cmake)
[10.102s] -- Added test 'copyright' to check source files copyright and LICENSE
[10.107s] -- Added test 'cppcheck' to perform static code analysis on C / C++ code
[10.108s] -- Configured cppcheck include dirs: /home/patrick/ENAE450_tb_ws/src/DynamixelSDK/ros/dynamixel_sdk_examples/include
[10.120s] -- Configured cppcheck exclude dirs and/or files: 
[10.129s] -- Added test 'cpplint' to check C / C++ code against the Google style
[10.129s] -- Configured cpplint exclude dirs and/or files: 
[10.164s] -- Added test 'flake8' to check Python code syntax and style conventions
[10.173s] -- Added test 'lint_cmake' to check CMake code style
[10.178s] -- Added test 'pep257' to check Python code against some of the docstring style conventions in PEP 257
[10.183s] -- Added test 'uncrustify' to check C / C++ code style
[10.183s] -- Configured uncrustify additional arguments: 
[10.183s] -- Added test 'xmllint' to check XML markup files
[10.199s] -- Configuring done
[10.518s] -- Generating done
[10.785s] -- Build files have been written to: /home/patrick/ENAE450_tb_ws/build/dynamixel_sdk_examples
[10.786s] Invoked command in '/home/patrick/ENAE450_tb_ws/build/dynamixel_sdk_examples' returned '0': AMENT_PREFIX_PATH=/home/patrick/ENAE450_tb_ws/install/dynamixel_sdk_custom_interfaces:/home/patrick/ENAE450_tb_ws/install/dynamixel_sdk:${AMENT_PREFIX_PATH} CMAKE_PREFIX_PATH=/home/patrick/ENAE450_tb_ws/install/dynamixel_sdk_custom_interfaces:/home/patrick/ENAE450_tb_ws/install/dynamixel_sdk:/home/patrick/turtlebot3_ws/install/turtlebot3:/home/patrick/turtlebot3_ws/install/turtlebot3_simulations:/home/patrick/turtlebot3_ws/install/turtlebot3_bringup:/home/patrick/turtlebot3_ws/install/turtlebot3_node:/home/patrick/turtlebot3_ws/install/turtlebot3_navigation2:/home/patrick/turtlebot3_ws/install/turtlebot3_fake_node:/home/patrick/turtlebot3_ws/install/turtlebot3_msgs:/home/patrick/turtlebot3_ws/install/turtlebot3_gazebo:/home/patrick/turtlebot3_ws/install/turtlebot3_description:/home/patrick/turtlebot3_ws/install/turtlebot3_cartographer:/home/patrick/turtlebot3_ws/install/dynamixel_sdk_examples:/home/patrick/turtlebot3_ws/install/dynamixel_sdk_custom_interfaces:/home/patrick/turtlebot3_ws/install/dynamixel_sdk:/home/patrick/turtlebot3_ws/install/turtlebot3_teleop:/home/patrick/turtlebot3_ws/install/turtlebot3_example:/home/patrick/turtlebot3_ws/install/turtlebot3_controller:/opt/ros/humble LD_LIBRARY_PATH=/home/patrick/ENAE450_tb_ws/install/dynamixel_sdk_custom_interfaces/lib:/home/patrick/ENAE450_tb_ws/install/dynamixel_sdk/lib:/home/patrick/turtlebot3_ws/install/turtlebot3_msgs/lib:/home/patrick/turtlebot3_ws/install/dynamixel_sdk_custom_interfaces/lib:/home/patrick/turtlebot3_ws/install/dynamixel_sdk/lib:/usr/lib/x86_64-linux-gnu/gazebo-11/plugins:/opt/ros/humble/opt/rviz_ogre_vendor/lib:/opt/ros/humble/lib/x86_64-linux-gnu:/opt/ros/humble/lib:/usr/lib/x86_64-linux-gnu/gazebo-11/plugins:/usr/lib/x86_64-linux-gnu/gazebo-11/plugins:/usr/lib/x86_64-linux-gnu/gazebo-11/plugins:/usr/lib/x86_64-linux-gnu/gazebo-11/plugins:/usr/lib/x86_64-linux-gnu/gazebo-11/plugins:/usr/lib/x86_64-linux-gnu/gazebo-11/plugins PYTHONPATH=/home/patrick/ENAE450_tb_ws/install/dynamixel_sdk_custom_interfaces/local/lib/python3.10/dist-packages:/home/patrick/ENAE450_tb_ws/install/dynamixel_sdk/local/lib/python3.10/dist-packages:${PYTHONPATH} /usr/bin/cmake /home/patrick/ENAE450_tb_ws/src/DynamixelSDK/ros/dynamixel_sdk_examples -DCMAKE_INSTALL_PREFIX=/home/patrick/ENAE450_tb_ws/install/dynamixel_sdk_examples
[10.787s] Invoking command in '/home/patrick/ENAE450_tb_ws/build/dynamixel_sdk_examples': AMENT_PREFIX_PATH=/home/patrick/ENAE450_tb_ws/install/dynamixel_sdk_custom_interfaces:/home/patrick/ENAE450_tb_ws/install/dynamixel_sdk:${AMENT_PREFIX_PATH} CMAKE_PREFIX_PATH=/home/patrick/ENAE450_tb_ws/install/dynamixel_sdk_custom_interfaces:/home/patrick/ENAE450_tb_ws/install/dynamixel_sdk:/home/patrick/turtlebot3_ws/install/turtlebot3:/home/patrick/turtlebot3_ws/install/turtlebot3_simulations:/home/patrick/turtlebot3_ws/install/turtlebot3_bringup:/home/patrick/turtlebot3_ws/install/turtlebot3_node:/home/patrick/turtlebot3_ws/install/turtlebot3_navigation2:/home/patrick/turtlebot3_ws/install/turtlebot3_fake_node:/home/patrick/turtlebot3_ws/install/turtlebot3_msgs:/home/patrick/turtlebot3_ws/install/turtlebot3_gazebo:/home/patrick/turtlebot3_ws/install/turtlebot3_description:/home/patrick/turtlebot3_ws/install/turtlebot3_cartographer:/home/patrick/turtlebot3_ws/install/dynamixel_sdk_examples:/home/patrick/turtlebot3_ws/install/dynamixel_sdk_custom_interfaces:/home/patrick/turtlebot3_ws/install/dynamixel_sdk:/home/patrick/turtlebot3_ws/install/turtlebot3_teleop:/home/patrick/turtlebot3_ws/install/turtlebot3_example:/home/patrick/turtlebot3_ws/install/turtlebot3_controller:/opt/ros/humble LD_LIBRARY_PATH=/home/patrick/ENAE450_tb_ws/install/dynamixel_sdk_custom_interfaces/lib:/home/patrick/ENAE450_tb_ws/install/dynamixel_sdk/lib:/home/patrick/turtlebot3_ws/install/turtlebot3_msgs/lib:/home/patrick/turtlebot3_ws/install/dynamixel_sdk_custom_interfaces/lib:/home/patrick/turtlebot3_ws/install/dynamixel_sdk/lib:/usr/lib/x86_64-linux-gnu/gazebo-11/plugins:/opt/ros/humble/opt/rviz_ogre_vendor/lib:/opt/ros/humble/lib/x86_64-linux-gnu:/opt/ros/humble/lib:/usr/lib/x86_64-linux-gnu/gazebo-11/plugins:/usr/lib/x86_64-linux-gnu/gazebo-11/plugins:/usr/lib/x86_64-linux-gnu/gazebo-11/plugins:/usr/lib/x86_64-linux-gnu/gazebo-11/plugins:/usr/lib/x86_64-linux-gnu/gazebo-11/plugins:/usr/lib/x86_64-linux-gnu/gazebo-11/plugins PYTHONPATH=/home/patrick/ENAE450_tb_ws/install/dynamixel_sdk_custom_interfaces/local/lib/python3.10/dist-packages:/home/patrick/ENAE450_tb_ws/install/dynamixel_sdk/local/lib/python3.10/dist-packages:${PYTHONPATH} /usr/bin/cmake --build /home/patrick/ENAE450_tb_ws/build/dynamixel_sdk_examples -- -j2 -l2
[10.977s] [ 50%] [32mBuilding CXX object CMakeFiles/read_write_node.dir/src/read_write_node.cpp.o[0m
[31.498s] [100%] [32m[1mLinking CXX executable read_write_node[0m
[32.829s] [100%] Built target read_write_node
[32.892s] Invoked command in '/home/patrick/ENAE450_tb_ws/build/dynamixel_sdk_examples' returned '0': AMENT_PREFIX_PATH=/home/patrick/ENAE450_tb_ws/install/dynamixel_sdk_custom_interfaces:/home/patrick/ENAE450_tb_ws/install/dynamixel_sdk:${AMENT_PREFIX_PATH} CMAKE_PREFIX_PATH=/home/patrick/ENAE450_tb_ws/install/dynamixel_sdk_custom_interfaces:/home/patrick/ENAE450_tb_ws/install/dynamixel_sdk:/home/patrick/turtlebot3_ws/install/turtlebot3:/home/patrick/turtlebot3_ws/install/turtlebot3_simulations:/home/patrick/turtlebot3_ws/install/turtlebot3_bringup:/home/patrick/turtlebot3_ws/install/turtlebot3_node:/home/patrick/turtlebot3_ws/install/turtlebot3_navigation2:/home/patrick/turtlebot3_ws/install/turtlebot3_fake_node:/home/patrick/turtlebot3_ws/install/turtlebot3_msgs:/home/patrick/turtlebot3_ws/install/turtlebot3_gazebo:/home/patrick/turtlebot3_ws/install/turtlebot3_description:/home/patrick/turtlebot3_ws/install/turtlebot3_cartographer:/home/patrick/turtlebot3_ws/install/dynamixel_sdk_examples:/home/patrick/turtlebot3_ws/install/dynamixel_sdk_custom_interfaces:/home/patrick/turtlebot3_ws/install/dynamixel_sdk:/home/patrick/turtlebot3_ws/install/turtlebot3_teleop:/home/patrick/turtlebot3_ws/install/turtlebot3_example:/home/patrick/turtlebot3_ws/install/turtlebot3_controller:/opt/ros/humble LD_LIBRARY_PATH=/home/patrick/ENAE450_tb_ws/install/dynamixel_sdk_custom_interfaces/lib:/home/patrick/ENAE450_tb_ws/install/dynamixel_sdk/lib:/home/patrick/turtlebot3_ws/install/turtlebot3_msgs/lib:/home/patrick/turtlebot3_ws/install/dynamixel_sdk_custom_interfaces/lib:/home/patrick/turtlebot3_ws/install/dynamixel_sdk/lib:/usr/lib/x86_64-linux-gnu/gazebo-11/plugins:/opt/ros/humble/opt/rviz_ogre_vendor/lib:/opt/ros/humble/lib/x86_64-linux-gnu:/opt/ros/humble/lib:/usr/lib/x86_64-linux-gnu/gazebo-11/plugins:/usr/lib/x86_64-linux-gnu/gazebo-11/plugins:/usr/lib/x86_64-linux-gnu/gazebo-11/plugins:/usr/lib/x86_64-linux-gnu/gazebo-11/plugins:/usr/lib/x86_64-linux-gnu/gazebo-11/plugins:/usr/lib/x86_64-linux-gnu/gazebo-11/plugins PYTHONPATH=/home/patrick/ENAE450_tb_ws/install/dynamixel_sdk_custom_interfaces/local/lib/python3.10/dist-packages:/home/patrick/ENAE450_tb_ws/install/dynamixel_sdk/local/lib/python3.10/dist-packages:${PYTHONPATH} /usr/bin/cmake --build /home/patrick/ENAE450_tb_ws/build/dynamixel_sdk_examples -- -j2 -l2
[32.911s] Invoking command in '/home/patrick/ENAE450_tb_ws/build/dynamixel_sdk_examples': AMENT_PREFIX_PATH=/home/patrick/ENAE450_tb_ws/install/dynamixel_sdk_custom_interfaces:/home/patrick/ENAE450_tb_ws/install/dynamixel_sdk:${AMENT_PREFIX_PATH} CMAKE_PREFIX_PATH=/home/patrick/ENAE450_tb_ws/install/dynamixel_sdk_custom_interfaces:/home/patrick/ENAE450_tb_ws/install/dynamixel_sdk:/home/patrick/turtlebot3_ws/install/turtlebot3:/home/patrick/turtlebot3_ws/install/turtlebot3_simulations:/home/patrick/turtlebot3_ws/install/turtlebot3_bringup:/home/patrick/turtlebot3_ws/install/turtlebot3_node:/home/patrick/turtlebot3_ws/install/turtlebot3_navigation2:/home/patrick/turtlebot3_ws/install/turtlebot3_fake_node:/home/patrick/turtlebot3_ws/install/turtlebot3_msgs:/home/patrick/turtlebot3_ws/install/turtlebot3_gazebo:/home/patrick/turtlebot3_ws/install/turtlebot3_description:/home/patrick/turtlebot3_ws/install/turtlebot3_cartographer:/home/patrick/turtlebot3_ws/install/dynamixel_sdk_examples:/home/patrick/turtlebot3_ws/install/dynamixel_sdk_custom_interfaces:/home/patrick/turtlebot3_ws/install/dynamixel_sdk:/home/patrick/turtlebot3_ws/install/turtlebot3_teleop:/home/patrick/turtlebot3_ws/install/turtlebot3_example:/home/patrick/turtlebot3_ws/install/turtlebot3_controller:/opt/ros/humble LD_LIBRARY_PATH=/home/patrick/ENAE450_tb_ws/install/dynamixel_sdk_custom_interfaces/lib:/home/patrick/ENAE450_tb_ws/install/dynamixel_sdk/lib:/home/patrick/turtlebot3_ws/install/turtlebot3_msgs/lib:/home/patrick/turtlebot3_ws/install/dynamixel_sdk_custom_interfaces/lib:/home/patrick/turtlebot3_ws/install/dynamixel_sdk/lib:/usr/lib/x86_64-linux-gnu/gazebo-11/plugins:/opt/ros/humble/opt/rviz_ogre_vendor/lib:/opt/ros/humble/lib/x86_64-linux-gnu:/opt/ros/humble/lib:/usr/lib/x86_64-linux-gnu/gazebo-11/plugins:/usr/lib/x86_64-linux-gnu/gazebo-11/plugins:/usr/lib/x86_64-linux-gnu/gazebo-11/plugins:/usr/lib/x86_64-linux-gnu/gazebo-11/plugins:/usr/lib/x86_64-linux-gnu/gazebo-11/plugins:/usr/lib/x86_64-linux-gnu/gazebo-11/plugins PYTHONPATH=/home/patrick/ENAE450_tb_ws/install/dynamixel_sdk_custom_interfaces/local/lib/python3.10/dist-packages:/home/patrick/ENAE450_tb_ws/install/dynamixel_sdk/local/lib/python3.10/dist-packages:${PYTHONPATH} /usr/bin/cmake --install /home/patrick/ENAE450_tb_ws/build/dynamixel_sdk_examples
[32.917s] -- Install configuration: ""
[32.935s] -- Installing: /home/patrick/ENAE450_tb_ws/install/dynamixel_sdk_examples/lib/dynamixel_sdk_examples/read_write_node
[32.935s] -- Set runtime path of "/home/patrick/ENAE450_tb_ws/install/dynamixel_sdk_examples/lib/dynamixel_sdk_examples/read_write_node" to ""
[32.935s] -- Installing: /home/patrick/ENAE450_tb_ws/install/dynamixel_sdk_examples/lib/dynamixel_sdk_examples/read_write_node.py
[32.935s] -- Installing: /home/patrick/ENAE450_tb_ws/install/dynamixel_sdk_examples/share/ament_index/resource_index/package_run_dependencies/dynamixel_sdk_examples
[32.939s] -- Installing: /home/patrick/ENAE450_tb_ws/install/dynamixel_sdk_examples/share/ament_index/resource_index/parent_prefix_path/dynamixel_sdk_examples
[32.945s] -- Installing: /home/patrick/ENAE450_tb_ws/install/dynamixel_sdk_examples/share/dynamixel_sdk_examples/environment/ament_prefix_path.sh
[32.962s] -- Installing: /home/patrick/ENAE450_tb_ws/install/dynamixel_sdk_examples/share/dynamixel_sdk_examples/environment/ament_prefix_path.dsv
[32.962s] -- Installing: /home/patrick/ENAE450_tb_ws/install/dynamixel_sdk_examples/share/dynamixel_sdk_examples/environment/path.sh
[32.962s] -- Installing: /home/patrick/ENAE450_tb_ws/install/dynamixel_sdk_examples/share/dynamixel_sdk_examples/environment/path.dsv
[32.962s] -- Installing: /home/patrick/ENAE450_tb_ws/install/dynamixel_sdk_examples/share/dynamixel_sdk_examples/local_setup.bash
[32.962s] -- Installing: /home/patrick/ENAE450_tb_ws/install/dynamixel_sdk_examples/share/dynamixel_sdk_examples/local_setup.sh
[32.962s] -- Installing: /home/patrick/ENAE450_tb_ws/install/dynamixel_sdk_examples/share/dynamixel_sdk_examples/local_setup.zsh
[32.962s] -- Installing: /home/patrick/ENAE450_tb_ws/install/dynamixel_sdk_examples/share/dynamixel_sdk_examples/local_setup.dsv
[32.962s] -- Installing: /home/patrick/ENAE450_tb_ws/install/dynamixel_sdk_examples/share/dynamixel_sdk_examples/package.dsv
[32.962s] -- Installing: /home/patrick/ENAE450_tb_ws/install/dynamixel_sdk_examples/share/ament_index/resource_index/packages/dynamixel_sdk_examples
[32.962s] -- Installing: /home/patrick/ENAE450_tb_ws/install/dynamixel_sdk_examples/share/dynamixel_sdk_examples/cmake/dynamixel_sdk_examplesConfig.cmake
[32.963s] -- Installing: /home/patrick/ENAE450_tb_ws/install/dynamixel_sdk_examples/share/dynamixel_sdk_examples/cmake/dynamixel_sdk_examplesConfig-version.cmake
[32.963s] -- Installing: /home/patrick/ENAE450_tb_ws/install/dynamixel_sdk_examples/share/dynamixel_sdk_examples/package.xml
[32.984s] Invoked command in '/home/patrick/ENAE450_tb_ws/build/dynamixel_sdk_examples' returned '0': AMENT_PREFIX_PATH=/home/patrick/ENAE450_tb_ws/install/dynamixel_sdk_custom_interfaces:/home/patrick/ENAE450_tb_ws/install/dynamixel_sdk:${AMENT_PREFIX_PATH} CMAKE_PREFIX_PATH=/home/patrick/ENAE450_tb_ws/install/dynamixel_sdk_custom_interfaces:/home/patrick/ENAE450_tb_ws/install/dynamixel_sdk:/home/patrick/turtlebot3_ws/install/turtlebot3:/home/patrick/turtlebot3_ws/install/turtlebot3_simulations:/home/patrick/turtlebot3_ws/install/turtlebot3_bringup:/home/patrick/turtlebot3_ws/install/turtlebot3_node:/home/patrick/turtlebot3_ws/install/turtlebot3_navigation2:/home/patrick/turtlebot3_ws/install/turtlebot3_fake_node:/home/patrick/turtlebot3_ws/install/turtlebot3_msgs:/home/patrick/turtlebot3_ws/install/turtlebot3_gazebo:/home/patrick/turtlebot3_ws/install/turtlebot3_description:/home/patrick/turtlebot3_ws/install/turtlebot3_cartographer:/home/patrick/turtlebot3_ws/install/dynamixel_sdk_examples:/home/patrick/turtlebot3_ws/install/dynamixel_sdk_custom_interfaces:/home/patrick/turtlebot3_ws/install/dynamixel_sdk:/home/patrick/turtlebot3_ws/install/turtlebot3_teleop:/home/patrick/turtlebot3_ws/install/turtlebot3_example:/home/patrick/turtlebot3_ws/install/turtlebot3_controller:/opt/ros/humble LD_LIBRARY_PATH=/home/patrick/ENAE450_tb_ws/install/dynamixel_sdk_custom_interfaces/lib:/home/patrick/ENAE450_tb_ws/install/dynamixel_sdk/lib:/home/patrick/turtlebot3_ws/install/turtlebot3_msgs/lib:/home/patrick/turtlebot3_ws/install/dynamixel_sdk_custom_interfaces/lib:/home/patrick/turtlebot3_ws/install/dynamixel_sdk/lib:/usr/lib/x86_64-linux-gnu/gazebo-11/plugins:/opt/ros/humble/opt/rviz_ogre_vendor/lib:/opt/ros/humble/lib/x86_64-linux-gnu:/opt/ros/humble/lib:/usr/lib/x86_64-linux-gnu/gazebo-11/plugins:/usr/lib/x86_64-linux-gnu/gazebo-11/plugins:/usr/lib/x86_64-linux-gnu/gazebo-11/plugins:/usr/lib/x86_64-linux-gnu/gazebo-11/plugins:/usr/lib/x86_64-linux-gnu/gazebo-11/plugins:/usr/lib/x86_64-linux-gnu/gazebo-11/plugins PYTHONPATH=/home/patrick/ENAE450_tb_ws/install/dynamixel_sdk_custom_interfaces/local/lib/python3.10/dist-packages:/home/patrick/ENAE450_tb_ws/install/dynamixel_sdk/local/lib/python3.10/dist-packages:${PYTHONPATH} /usr/bin/cmake --install /home/patrick/ENAE450_tb_ws/build/dynamixel_sdk_examples
