[0.108s] Invoking command in '/home/patrick/ENAE450_tb_ws/build/dynamixel_sdk': CMAKE_PREFIX_PATH=${CMAKE_PREFIX_PATH}:/home/patrick/turtlebot3_ws/install/turtlebot3_teleop:/home/patrick/turtlebot3_ws/install/turtlebot3_example:/home/patrick/turtlebot3_ws/install/turtlebot3_controller:/opt/ros/humble /usr/bin/cmake /home/patrick/ENAE450_tb_ws/src/DynamixelSDK/ros/dynamixel_sdk -DCMAKE_INSTALL_PREFIX=/home/patrick/ENAE450_tb_ws/install/dynamixel_sdk
[0.295s] -- The C compiler identification is GNU 11.4.0
[0.464s] -- The CXX compiler identification is GNU 11.4.0
[0.482s] -- Detecting C compiler ABI info
[0.914s] -- Detecting C compiler ABI info - done
[0.924s] -- Check for working C compiler: /usr/bin/cc - skipped
[0.925s] -- Detecting C compile features
[0.926s] -- Detecting C compile features - done
[0.946s] -- Detecting CXX compiler ABI info
[1.218s] -- Detecting CXX compiler ABI info - done
[1.233s] -- Check for working CXX compiler: /usr/bin/c++ - skipped
[1.242s] -- Detecting CXX compile features
[1.245s] -- Detecting CXX compile features - done
[1.259s] -- Found ament_cmake: 1.3.11 (/opt/ros/humble/share/ament_cmake/cmake)
[1.618s] -- Found Python3: /usr/bin/python3 (found version "3.10.12") found components: Interpreter 
[2.192s] -- Configuring done
[2.222s] -- Generating done
[2.239s] -- Build files have been written to: /home/patrick/ENAE450_tb_ws/build/dynamixel_sdk
[2.242s] Invoked command in '/home/patrick/ENAE450_tb_ws/build/dynamixel_sdk' returned '0': CMAKE_PREFIX_PATH=${CMAKE_PREFIX_PATH}:/home/patrick/turtlebot3_ws/install/turtlebot3_teleop:/home/patrick/turtlebot3_ws/install/turtlebot3_example:/home/patrick/turtlebot3_ws/install/turtlebot3_controller:/opt/ros/humble /usr/bin/cmake /home/patrick/ENAE450_tb_ws/src/DynamixelSDK/ros/dynamixel_sdk -DCMAKE_INSTALL_PREFIX=/home/patrick/ENAE450_tb_ws/install/dynamixel_sdk
[2.243s] Invoking command in '/home/patrick/ENAE450_tb_ws/build/dynamixel_sdk': CMAKE_PREFIX_PATH=${CMAKE_PREFIX_PATH}:/home/patrick/turtlebot3_ws/install/turtlebot3_teleop:/home/patrick/turtlebot3_ws/install/turtlebot3_example:/home/patrick/turtlebot3_ws/install/turtlebot3_controller:/opt/ros/humble /usr/bin/cmake --build /home/patrick/ENAE450_tb_ws/build/dynamixel_sdk -- -j2 -l2
[2.433s] [  7%] [32mBuilding CXX object CMakeFiles/dynamixel_sdk.dir/src/dynamixel_sdk/packet_handler.cpp.o[0m
[2.635s] [ 15%] [32mBuilding CXX object CMakeFiles/dynamixel_sdk.dir/src/dynamixel_sdk/protocol1_packet_handler.cpp.o[0m
[2.914s] [ 23%] [32mBuilding CXX object CMakeFiles/dynamixel_sdk.dir/src/dynamixel_sdk/protocol2_packet_handler.cpp.o[0m
[3.286s] [ 30%] [32mBuilding CXX object CMakeFiles/dynamixel_sdk.dir/src/dynamixel_sdk/group_sync_read.cpp.o[0m
[3.916s] [ 38%] [32mBuilding CXX object CMakeFiles/dynamixel_sdk.dir/src/dynamixel_sdk/group_sync_write.cpp.o[0m
[4.623s] [ 46%] [32mBuilding CXX object CMakeFiles/dynamixel_sdk.dir/src/dynamixel_sdk/group_bulk_read.cpp.o[0m
[5.513s] [ 53%] [32mBuilding CXX object CMakeFiles/dynamixel_sdk.dir/src/dynamixel_sdk/group_bulk_write.cpp.o[0m
[6.347s] [ 61%] [32mBuilding CXX object CMakeFiles/dynamixel_sdk.dir/src/dynamixel_sdk/group_fast_bulk_read.cpp.o[0m
[6.918s] [ 69%] [32mBuilding CXX object CMakeFiles/dynamixel_sdk.dir/src/dynamixel_sdk/group_fast_sync_read.cpp.o[0m
[7.487s] [ 76%] [32mBuilding CXX object CMakeFiles/dynamixel_sdk.dir/src/dynamixel_sdk/group_handler.cpp.o[0m
[8.034s] [ 84%] [32mBuilding CXX object CMakeFiles/dynamixel_sdk.dir/src/dynamixel_sdk/port_handler.cpp.o[0m
[8.815s] [ 92%] [32mBuilding CXX object CMakeFiles/dynamixel_sdk.dir/src/dynamixel_sdk/port_handler_linux.cpp.o[0m
[9.038s] [100%] [32m[1mLinking CXX shared library libdynamixel_sdk.so[0m
[9.291s] [100%] Built target dynamixel_sdk
[9.392s] [100%] Built target ament_cmake_python_copy_dynamixel_sdk
[9.922s] running egg_info
[9.925s] creating dynamixel_sdk.egg-info
[9.925s] writing dynamixel_sdk.egg-info/PKG-INFO
[9.925s] writing dependency_links to dynamixel_sdk.egg-info/dependency_links.txt
[9.925s] writing top-level names to dynamixel_sdk.egg-info/top_level.txt
[9.925s] writing manifest file 'dynamixel_sdk.egg-info/SOURCES.txt'
[9.926s] reading manifest file 'dynamixel_sdk.egg-info/SOURCES.txt'
[9.926s] writing manifest file 'dynamixel_sdk.egg-info/SOURCES.txt'
[10.001s] [100%] Built target ament_cmake_python_build_dynamixel_sdk_egg
[10.049s] Invoked command in '/home/patrick/ENAE450_tb_ws/build/dynamixel_sdk' returned '0': CMAKE_PREFIX_PATH=${CMAKE_PREFIX_PATH}:/home/patrick/turtlebot3_ws/install/turtlebot3_teleop:/home/patrick/turtlebot3_ws/install/turtlebot3_example:/home/patrick/turtlebot3_ws/install/turtlebot3_controller:/opt/ros/humble /usr/bin/cmake --build /home/patrick/ENAE450_tb_ws/build/dynamixel_sdk -- -j2 -l2
[10.078s] Invoking command in '/home/patrick/ENAE450_tb_ws/build/dynamixel_sdk': CMAKE_PREFIX_PATH=${CMAKE_PREFIX_PATH}:/home/patrick/turtlebot3_ws/install/turtlebot3_teleop:/home/patrick/turtlebot3_ws/install/turtlebot3_example:/home/patrick/turtlebot3_ws/install/turtlebot3_controller:/opt/ros/humble /usr/bin/cmake --install /home/patrick/ENAE450_tb_ws/build/dynamixel_sdk
[10.131s] -- Install configuration: ""
[10.132s] -- Installing: /home/patrick/ENAE450_tb_ws/install/dynamixel_sdk/include/
[10.132s] -- Installing: /home/patrick/ENAE450_tb_ws/install/dynamixel_sdk/include//dynamixel_sdk
[10.132s] -- Installing: /home/patrick/ENAE450_tb_ws/install/dynamixel_sdk/include//dynamixel_sdk/group_handler.h
[10.132s] -- Installing: /home/patrick/ENAE450_tb_ws/install/dynamixel_sdk/include//dynamixel_sdk/port_handler_arduino.h
[10.134s] -- Installing: /home/patrick/ENAE450_tb_ws/install/dynamixel_sdk/include//dynamixel_sdk/protocol2_packet_handler.h
[10.134s] -- Installing: /home/patrick/ENAE450_tb_ws/install/dynamixel_sdk/include//dynamixel_sdk/group_sync_read.h
[10.134s] -- Installing: /home/patrick/ENAE450_tb_ws/install/dynamixel_sdk/include//dynamixel_sdk/protocol1_packet_handler.h
[10.134s] -- Installing: /home/patrick/ENAE450_tb_ws/install/dynamixel_sdk/include//dynamixel_sdk/group_bulk_read.h
[10.134s] -- Installing: /home/patrick/ENAE450_tb_ws/install/dynamixel_sdk/include//dynamixel_sdk/dynamixel_sdk.h
[10.134s] -- Installing: /home/patrick/ENAE450_tb_ws/install/dynamixel_sdk/include//dynamixel_sdk/port_handler_mac.h
[10.134s] -- Installing: /home/patrick/ENAE450_tb_ws/install/dynamixel_sdk/include//dynamixel_sdk/group_bulk_write.h
[10.135s] -- Installing: /home/patrick/ENAE450_tb_ws/install/dynamixel_sdk/include//dynamixel_sdk/packet_handler.h
[10.135s] -- Installing: /home/patrick/ENAE450_tb_ws/install/dynamixel_sdk/include//dynamixel_sdk/port_handler_linux.h
[10.135s] -- Installing: /home/patrick/ENAE450_tb_ws/install/dynamixel_sdk/include//dynamixel_sdk/group_fast_sync_read.h
[10.135s] -- Installing: /home/patrick/ENAE450_tb_ws/install/dynamixel_sdk/include//dynamixel_sdk/group_sync_write.h
[10.135s] -- Installing: /home/patrick/ENAE450_tb_ws/install/dynamixel_sdk/include//dynamixel_sdk/group_fast_bulk_read.h
[10.135s] -- Installing: /home/patrick/ENAE450_tb_ws/install/dynamixel_sdk/include//dynamixel_sdk/port_handler.h
[10.135s] -- Installing: /home/patrick/ENAE450_tb_ws/install/dynamixel_sdk/include//dynamixel_sdk/port_handler_windows.h
[10.135s] -- Installing: /home/patrick/ENAE450_tb_ws/install/dynamixel_sdk/lib/libdynamixel_sdk.so
[10.135s] -- Installing: /home/patrick/ENAE450_tb_ws/install/dynamixel_sdk/share/dynamixel_sdk/environment/pythonpath.sh
[10.135s] -- Installing: /home/patrick/ENAE450_tb_ws/install/dynamixel_sdk/share/dynamixel_sdk/environment/pythonpath.dsv
[10.135s] -- Installing: /home/patrick/ENAE450_tb_ws/install/dynamixel_sdk/local/lib/python3.10/dist-packages/dynamixel_sdk-3.8.3-py3.10.egg-info
[10.135s] -- Installing: /home/patrick/ENAE450_tb_ws/install/dynamixel_sdk/local/lib/python3.10/dist-packages/dynamixel_sdk-3.8.3-py3.10.egg-info/PKG-INFO
[10.136s] -- Installing: /home/patrick/ENAE450_tb_ws/install/dynamixel_sdk/local/lib/python3.10/dist-packages/dynamixel_sdk-3.8.3-py3.10.egg-info/top_level.txt
[10.136s] -- Installing: /home/patrick/ENAE450_tb_ws/install/dynamixel_sdk/local/lib/python3.10/dist-packages/dynamixel_sdk-3.8.3-py3.10.egg-info/dependency_links.txt
[10.136s] -- Installing: /home/patrick/ENAE450_tb_ws/install/dynamixel_sdk/local/lib/python3.10/dist-packages/dynamixel_sdk-3.8.3-py3.10.egg-info/SOURCES.txt
[10.136s] -- Installing: /home/patrick/ENAE450_tb_ws/install/dynamixel_sdk/local/lib/python3.10/dist-packages/dynamixel_sdk
[10.136s] -- Installing: /home/patrick/ENAE450_tb_ws/install/dynamixel_sdk/local/lib/python3.10/dist-packages/dynamixel_sdk/port_handler_linux.cpp
[10.160s] -- Installing: /home/patrick/ENAE450_tb_ws/install/dynamixel_sdk/local/lib/python3.10/dist-packages/dynamixel_sdk/group_bulk_write.cpp
[10.160s] -- Installing: /home/patrick/ENAE450_tb_ws/install/dynamixel_sdk/local/lib/python3.10/dist-packages/dynamixel_sdk/group_sync_read.py
[10.160s] -- Installing: /home/patrick/ENAE450_tb_ws/install/dynamixel_sdk/local/lib/python3.10/dist-packages/dynamixel_sdk/protocol2_packet_handler.cpp
[10.160s] -- Installing: /home/patrick/ENAE450_tb_ws/install/dynamixel_sdk/local/lib/python3.10/dist-packages/dynamixel_sdk/packet_handler.cpp
[10.160s] -- Installing: /home/patrick/ENAE450_tb_ws/install/dynamixel_sdk/local/lib/python3.10/dist-packages/dynamixel_sdk/port_handler_windows.cpp
[10.160s] -- Installing: /home/patrick/ENAE450_tb_ws/install/dynamixel_sdk/local/lib/python3.10/dist-packages/dynamixel_sdk/group_sync_read.cpp
[10.168s] -- Installing: /home/patrick/ENAE450_tb_ws/install/dynamixel_sdk/local/lib/python3.10/dist-packages/dynamixel_sdk/group_bulk_read.cpp
[10.168s] -- Installing: /home/patrick/ENAE450_tb_ws/install/dynamixel_sdk/local/lib/python3.10/dist-packages/dynamixel_sdk/protocol1_packet_handler.cpp
[10.168s] -- Installing: /home/patrick/ENAE450_tb_ws/install/dynamixel_sdk/local/lib/python3.10/dist-packages/dynamixel_sdk/port_handler.cpp
[10.168s] -- Installing: /home/patrick/ENAE450_tb_ws/install/dynamixel_sdk/local/lib/python3.10/dist-packages/dynamixel_sdk/__init__.py
[10.183s] -- Installing: /home/patrick/ENAE450_tb_ws/install/dynamixel_sdk/local/lib/python3.10/dist-packages/dynamixel_sdk/port_handler_mac.cpp
[10.183s] -- Installing: /home/patrick/ENAE450_tb_ws/install/dynamixel_sdk/local/lib/python3.10/dist-packages/dynamixel_sdk/group_fast_bulk_read.cpp
[10.184s] -- Installing: /home/patrick/ENAE450_tb_ws/install/dynamixel_sdk/local/lib/python3.10/dist-packages/dynamixel_sdk/group_sync_write.cpp
[10.184s] -- Installing: /home/patrick/ENAE450_tb_ws/install/dynamixel_sdk/local/lib/python3.10/dist-packages/dynamixel_sdk/group_bulk_read.py
[10.184s] -- Installing: /home/patrick/ENAE450_tb_ws/install/dynamixel_sdk/local/lib/python3.10/dist-packages/dynamixel_sdk/group_sync_write.py
[10.184s] -- Installing: /home/patrick/ENAE450_tb_ws/install/dynamixel_sdk/local/lib/python3.10/dist-packages/dynamixel_sdk/group_handler.cpp
[10.184s] -- Installing: /home/patrick/ENAE450_tb_ws/install/dynamixel_sdk/local/lib/python3.10/dist-packages/dynamixel_sdk/protocol1_packet_handler.py
[10.184s] -- Installing: /home/patrick/ENAE450_tb_ws/install/dynamixel_sdk/local/lib/python3.10/dist-packages/dynamixel_sdk/packet_handler.py
[10.184s] -- Installing: /home/patrick/ENAE450_tb_ws/install/dynamixel_sdk/local/lib/python3.10/dist-packages/dynamixel_sdk/protocol2_packet_handler.py
[10.199s] -- Installing: /home/patrick/ENAE450_tb_ws/install/dynamixel_sdk/local/lib/python3.10/dist-packages/dynamixel_sdk/group_fast_sync_read.cpp
[10.199s] -- Installing: /home/patrick/ENAE450_tb_ws/install/dynamixel_sdk/local/lib/python3.10/dist-packages/dynamixel_sdk/port_handler.py
[10.199s] -- Installing: /home/patrick/ENAE450_tb_ws/install/dynamixel_sdk/local/lib/python3.10/dist-packages/dynamixel_sdk/group_bulk_write.py
[10.199s] -- Installing: /home/patrick/ENAE450_tb_ws/install/dynamixel_sdk/local/lib/python3.10/dist-packages/dynamixel_sdk/robotis_def.py
[10.199s] -- Installing: /home/patrick/ENAE450_tb_ws/install/dynamixel_sdk/local/lib/python3.10/dist-packages/dynamixel_sdk/port_handler_arduino.cpp
[10.328s] Listing '/home/patrick/ENAE450_tb_ws/install/dynamixel_sdk/local/lib/python3.10/dist-packages/dynamixel_sdk'...
[10.328s] Compiling '/home/patrick/ENAE450_tb_ws/install/dynamixel_sdk/local/lib/python3.10/dist-packages/dynamixel_sdk/__init__.py'...
[10.328s] Compiling '/home/patrick/ENAE450_tb_ws/install/dynamixel_sdk/local/lib/python3.10/dist-packages/dynamixel_sdk/group_bulk_read.py'...
[10.328s] Compiling '/home/patrick/ENAE450_tb_ws/install/dynamixel_sdk/local/lib/python3.10/dist-packages/dynamixel_sdk/group_bulk_write.py'...
[10.328s] Compiling '/home/patrick/ENAE450_tb_ws/install/dynamixel_sdk/local/lib/python3.10/dist-packages/dynamixel_sdk/group_sync_read.py'...
[10.328s] Compiling '/home/patrick/ENAE450_tb_ws/install/dynamixel_sdk/local/lib/python3.10/dist-packages/dynamixel_sdk/group_sync_write.py'...
[10.328s] Compiling '/home/patrick/ENAE450_tb_ws/install/dynamixel_sdk/local/lib/python3.10/dist-packages/dynamixel_sdk/packet_handler.py'...
[10.328s] Compiling '/home/patrick/ENAE450_tb_ws/install/dynamixel_sdk/local/lib/python3.10/dist-packages/dynamixel_sdk/port_handler.py'...
[10.328s] Compiling '/home/patrick/ENAE450_tb_ws/install/dynamixel_sdk/local/lib/python3.10/dist-packages/dynamixel_sdk/protocol1_packet_handler.py'...
[10.328s] Compiling '/home/patrick/ENAE450_tb_ws/install/dynamixel_sdk/local/lib/python3.10/dist-packages/dynamixel_sdk/protocol2_packet_handler.py'...
[10.331s] Compiling '/home/patrick/ENAE450_tb_ws/install/dynamixel_sdk/local/lib/python3.10/dist-packages/dynamixel_sdk/robotis_def.py'...
[10.347s] -- Installing: /home/patrick/ENAE450_tb_ws/install/dynamixel_sdk/share/dynamixel_sdk/environment/library_path.sh
[10.348s] -- Installing: /home/patrick/ENAE450_tb_ws/install/dynamixel_sdk/share/dynamixel_sdk/environment/library_path.dsv
[10.348s] -- Installing: /home/patrick/ENAE450_tb_ws/install/dynamixel_sdk/share/ament_index/resource_index/package_run_dependencies/dynamixel_sdk
[10.348s] -- Installing: /home/patrick/ENAE450_tb_ws/install/dynamixel_sdk/share/ament_index/resource_index/parent_prefix_path/dynamixel_sdk
[10.362s] -- Installing: /home/patrick/ENAE450_tb_ws/install/dynamixel_sdk/share/dynamixel_sdk/environment/ament_prefix_path.sh
[10.362s] -- Installing: /home/patrick/ENAE450_tb_ws/install/dynamixel_sdk/share/dynamixel_sdk/environment/ament_prefix_path.dsv
[10.362s] -- Installing: /home/patrick/ENAE450_tb_ws/install/dynamixel_sdk/share/dynamixel_sdk/environment/path.sh
[10.363s] -- Installing: /home/patrick/ENAE450_tb_ws/install/dynamixel_sdk/share/dynamixel_sdk/environment/path.dsv
[10.363s] -- Installing: /home/patrick/ENAE450_tb_ws/install/dynamixel_sdk/share/dynamixel_sdk/local_setup.bash
[10.363s] -- Installing: /home/patrick/ENAE450_tb_ws/install/dynamixel_sdk/share/dynamixel_sdk/local_setup.sh
[10.363s] -- Installing: /home/patrick/ENAE450_tb_ws/install/dynamixel_sdk/share/dynamixel_sdk/local_setup.zsh
[10.363s] -- Installing: /home/patrick/ENAE450_tb_ws/install/dynamixel_sdk/share/dynamixel_sdk/local_setup.dsv
[10.363s] -- Installing: /home/patrick/ENAE450_tb_ws/install/dynamixel_sdk/share/dynamixel_sdk/package.dsv
[10.363s] -- Installing: /home/patrick/ENAE450_tb_ws/install/dynamixel_sdk/share/ament_index/resource_index/packages/dynamixel_sdk
[10.363s] -- Installing: /home/patrick/ENAE450_tb_ws/install/dynamixel_sdk/share/dynamixel_sdk/cmake/ament_cmake_export_include_directories-extras.cmake
[10.363s] -- Installing: /home/patrick/ENAE450_tb_ws/install/dynamixel_sdk/share/dynamixel_sdk/cmake/ament_cmake_export_libraries-extras.cmake
[10.363s] -- Installing: /home/patrick/ENAE450_tb_ws/install/dynamixel_sdk/share/dynamixel_sdk/cmake/dynamixel_sdkConfig.cmake
[10.363s] -- Installing: /home/patrick/ENAE450_tb_ws/install/dynamixel_sdk/share/dynamixel_sdk/cmake/dynamixel_sdkConfig-version.cmake
[10.363s] -- Installing: /home/patrick/ENAE450_tb_ws/install/dynamixel_sdk/share/dynamixel_sdk/package.xml
[10.377s] Invoked command in '/home/patrick/ENAE450_tb_ws/build/dynamixel_sdk' returned '0': CMAKE_PREFIX_PATH=${CMAKE_PREFIX_PATH}:/home/patrick/turtlebot3_ws/install/turtlebot3_teleop:/home/patrick/turtlebot3_ws/install/turtlebot3_example:/home/patrick/turtlebot3_ws/install/turtlebot3_controller:/opt/ros/humble /usr/bin/cmake --install /home/patrick/ENAE450_tb_ws/build/dynamixel_sdk
