[0.057s] Invoking command in '/home/mikolaj/ENAE450_tb_ws/build/dynamixel_sdk_examples': AMENT_PREFIX_PATH=/home/mikolaj/ENAE450_tb_ws/install/dynamixel_sdk_custom_interfaces:/home/mikolaj/ENAE450_tb_ws/install/dynamixel_sdk:${AMENT_PREFIX_PATH} CMAKE_PREFIX_PATH=/home/mikolaj/ENAE450_tb_ws/install/dynamixel_sdk_custom_interfaces:/home/mikolaj/ENAE450_tb_ws/install/dynamixel_sdk:/opt/ros/humble LD_LIBRARY_PATH=/home/mikolaj/ENAE450_tb_ws/install/dynamixel_sdk_custom_interfaces/lib:/home/mikolaj/ENAE450_tb_ws/install/dynamixel_sdk/lib:/usr/lib/x86_64-linux-gnu/gazebo-11/plugins:/opt/ros/humble/opt/rviz_ogre_vendor/lib:/opt/ros/humble/lib/x86_64-linux-gnu:/opt/ros/humble/lib:/usr/lib/x86_64-linux-gnu/gazebo-11/plugins PYTHONPATH=/home/mikolaj/ENAE450_tb_ws/install/dynamixel_sdk_custom_interfaces/local/lib/python3.10/dist-packages:/home/mikolaj/ENAE450_tb_ws/install/dynamixel_sdk/local/lib/python3.10/dist-packages:${PYTHONPATH} /usr/bin/cmake /home/mikolaj/ENAE450_tb_ws/src/DynamixelSDK/ros/dynamixel_sdk_examples -DCMAKE_INSTALL_PREFIX=/home/mikolaj/ENAE450_tb_ws/install/dynamixel_sdk_examples
[0.214s] -- The C compiler identification is GNU 11.4.0
[0.384s] -- The CXX compiler identification is GNU 11.4.0
[0.400s] -- Detecting C compiler ABI info
[0.605s] -- Detecting C compiler ABI info - done
[0.626s] -- Check for working C compiler: /usr/bin/cc - skipped
[0.626s] -- Detecting C compile features
[0.626s] -- Detecting C compile features - done
[0.634s] -- Detecting CXX compiler ABI info
[0.889s] -- Detecting CXX compiler ABI info - done
[0.910s] -- Check for working CXX compiler: /usr/bin/c++ - skipped
[0.910s] -- Detecting CXX compile features
[0.911s] -- Detecting CXX compile features - done
[0.918s] -- Found ament_cmake: 1.3.11 (/opt/ros/humble/share/ament_cmake/cmake)
[1.336s] -- Found Python3: /usr/bin/python3 (found version "3.10.12") found components: Interpreter 
[1.554s] -- Found dynamixel_sdk: 3.8.3 (/home/mikolaj/ENAE450_tb_ws/install/dynamixel_sdk/share/dynamixel_sdk/cmake)
[1.556s] -- Found dynamixel_sdk_custom_interfaces: 3.8.3 (/home/mikolaj/ENAE450_tb_ws/install/dynamixel_sdk_custom_interfaces/share/dynamixel_sdk_custom_interfaces/cmake)
[1.641s] -- Found rosidl_generator_c: 3.1.6 (/opt/ros/humble/share/rosidl_generator_c/cmake)
[1.650s] -- Found rosidl_adapter: 3.1.6 (/opt/ros/humble/share/rosidl_adapter/cmake)
[1.673s] -- Found rosidl_generator_cpp: 3.1.6 (/opt/ros/humble/share/rosidl_generator_cpp/cmake)
[1.710s] -- Using all available rosidl_typesupport_c: rosidl_typesupport_fastrtps_c;rosidl_typesupport_introspection_c
[1.749s] -- Using all available rosidl_typesupport_cpp: rosidl_typesupport_fastrtps_cpp;rosidl_typesupport_introspection_cpp
[1.832s] -- Found rclcpp: 16.0.11 (/opt/ros/humble/share/rclcpp/cmake)
[1.942s] -- Found rmw_implementation_cmake: 6.1.2 (/opt/ros/humble/share/rmw_implementation_cmake/cmake)
[1.947s] -- Found rmw_fastrtps_cpp: 6.2.7 (/opt/ros/humble/share/rmw_fastrtps_cpp/cmake)
[2.174s] -- Found OpenSSL: /usr/lib/x86_64-linux-gnu/libcrypto.so (found version "3.0.2")  
[2.229s] -- Found FastRTPS: /opt/ros/humble/include  
[2.307s] -- Using RMW implementation 'rmw_fastrtps_cpp' as default
[2.328s] -- Looking for pthread.h
[2.504s] -- Looking for pthread.h - found
[2.504s] -- Performing Test CMAKE_HAVE_LIBC_PTHREAD
[2.678s] -- Performing Test CMAKE_HAVE_LIBC_PTHREAD - Success
[2.680s] -- Found Threads: TRUE  
[2.816s] -- Found rclpy: 3.3.15 (/opt/ros/humble/share/rclpy/cmake)
[2.824s] -- Found ament_lint_auto: 0.12.11 (/opt/ros/humble/share/ament_lint_auto/cmake)
[2.998s] -- Added test 'copyright' to check source files copyright and LICENSE
[2.999s] -- Added test 'cppcheck' to perform static code analysis on C / C++ code
[3.000s] -- Configured cppcheck include dirs: /home/mikolaj/ENAE450_tb_ws/src/DynamixelSDK/ros/dynamixel_sdk_examples/include
[3.000s] -- Configured cppcheck exclude dirs and/or files: 
[3.002s] -- Added test 'cpplint' to check C / C++ code against the Google style
[3.003s] -- Configured cpplint exclude dirs and/or files: 
[3.004s] -- Added test 'flake8' to check Python code syntax and style conventions
[3.006s] -- Added test 'lint_cmake' to check CMake code style
[3.009s] -- Added test 'pep257' to check Python code against some of the docstring style conventions in PEP 257
[3.010s] -- Added test 'uncrustify' to check C / C++ code style
[3.011s] -- Configured uncrustify additional arguments: 
[3.013s] -- Added test 'xmllint' to check XML markup files
[3.022s] -- Configuring done
[3.044s] -- Generating done
[3.050s] -- Build files have been written to: /home/mikolaj/ENAE450_tb_ws/build/dynamixel_sdk_examples
[3.073s] Invoked command in '/home/mikolaj/ENAE450_tb_ws/build/dynamixel_sdk_examples' returned '0': AMENT_PREFIX_PATH=/home/mikolaj/ENAE450_tb_ws/install/dynamixel_sdk_custom_interfaces:/home/mikolaj/ENAE450_tb_ws/install/dynamixel_sdk:${AMENT_PREFIX_PATH} CMAKE_PREFIX_PATH=/home/mikolaj/ENAE450_tb_ws/install/dynamixel_sdk_custom_interfaces:/home/mikolaj/ENAE450_tb_ws/install/dynamixel_sdk:/opt/ros/humble LD_LIBRARY_PATH=/home/mikolaj/ENAE450_tb_ws/install/dynamixel_sdk_custom_interfaces/lib:/home/mikolaj/ENAE450_tb_ws/install/dynamixel_sdk/lib:/usr/lib/x86_64-linux-gnu/gazebo-11/plugins:/opt/ros/humble/opt/rviz_ogre_vendor/lib:/opt/ros/humble/lib/x86_64-linux-gnu:/opt/ros/humble/lib:/usr/lib/x86_64-linux-gnu/gazebo-11/plugins PYTHONPATH=/home/mikolaj/ENAE450_tb_ws/install/dynamixel_sdk_custom_interfaces/local/lib/python3.10/dist-packages:/home/mikolaj/ENAE450_tb_ws/install/dynamixel_sdk/local/lib/python3.10/dist-packages:${PYTHONPATH} /usr/bin/cmake /home/mikolaj/ENAE450_tb_ws/src/DynamixelSDK/ros/dynamixel_sdk_examples -DCMAKE_INSTALL_PREFIX=/home/mikolaj/ENAE450_tb_ws/install/dynamixel_sdk_examples
[3.073s] Invoking command in '/home/mikolaj/ENAE450_tb_ws/build/dynamixel_sdk_examples': AMENT_PREFIX_PATH=/home/mikolaj/ENAE450_tb_ws/install/dynamixel_sdk_custom_interfaces:/home/mikolaj/ENAE450_tb_ws/install/dynamixel_sdk:${AMENT_PREFIX_PATH} CMAKE_PREFIX_PATH=/home/mikolaj/ENAE450_tb_ws/install/dynamixel_sdk_custom_interfaces:/home/mikolaj/ENAE450_tb_ws/install/dynamixel_sdk:/opt/ros/humble LD_LIBRARY_PATH=/home/mikolaj/ENAE450_tb_ws/install/dynamixel_sdk_custom_interfaces/lib:/home/mikolaj/ENAE450_tb_ws/install/dynamixel_sdk/lib:/usr/lib/x86_64-linux-gnu/gazebo-11/plugins:/opt/ros/humble/opt/rviz_ogre_vendor/lib:/opt/ros/humble/lib/x86_64-linux-gnu:/opt/ros/humble/lib:/usr/lib/x86_64-linux-gnu/gazebo-11/plugins PYTHONPATH=/home/mikolaj/ENAE450_tb_ws/install/dynamixel_sdk_custom_interfaces/local/lib/python3.10/dist-packages:/home/mikolaj/ENAE450_tb_ws/install/dynamixel_sdk/local/lib/python3.10/dist-packages:${PYTHONPATH} /usr/bin/cmake --build /home/mikolaj/ENAE450_tb_ws/build/dynamixel_sdk_examples -- -j8 -l8
[3.187s] [ 50%] [32mBuilding CXX object CMakeFiles/read_write_node.dir/src/read_write_node.cpp.o[0m
[14.933s] [100%] [32m[1mLinking CXX executable read_write_node[0m
[15.441s] [100%] Built target read_write_node
[15.456s] Invoked command in '/home/mikolaj/ENAE450_tb_ws/build/dynamixel_sdk_examples' returned '0': AMENT_PREFIX_PATH=/home/mikolaj/ENAE450_tb_ws/install/dynamixel_sdk_custom_interfaces:/home/mikolaj/ENAE450_tb_ws/install/dynamixel_sdk:${AMENT_PREFIX_PATH} CMAKE_PREFIX_PATH=/home/mikolaj/ENAE450_tb_ws/install/dynamixel_sdk_custom_interfaces:/home/mikolaj/ENAE450_tb_ws/install/dynamixel_sdk:/opt/ros/humble LD_LIBRARY_PATH=/home/mikolaj/ENAE450_tb_ws/install/dynamixel_sdk_custom_interfaces/lib:/home/mikolaj/ENAE450_tb_ws/install/dynamixel_sdk/lib:/usr/lib/x86_64-linux-gnu/gazebo-11/plugins:/opt/ros/humble/opt/rviz_ogre_vendor/lib:/opt/ros/humble/lib/x86_64-linux-gnu:/opt/ros/humble/lib:/usr/lib/x86_64-linux-gnu/gazebo-11/plugins PYTHONPATH=/home/mikolaj/ENAE450_tb_ws/install/dynamixel_sdk_custom_interfaces/local/lib/python3.10/dist-packages:/home/mikolaj/ENAE450_tb_ws/install/dynamixel_sdk/local/lib/python3.10/dist-packages:${PYTHONPATH} /usr/bin/cmake --build /home/mikolaj/ENAE450_tb_ws/build/dynamixel_sdk_examples -- -j8 -l8
[15.458s] Invoking command in '/home/mikolaj/ENAE450_tb_ws/build/dynamixel_sdk_examples': AMENT_PREFIX_PATH=/home/mikolaj/ENAE450_tb_ws/install/dynamixel_sdk_custom_interfaces:/home/mikolaj/ENAE450_tb_ws/install/dynamixel_sdk:${AMENT_PREFIX_PATH} CMAKE_PREFIX_PATH=/home/mikolaj/ENAE450_tb_ws/install/dynamixel_sdk_custom_interfaces:/home/mikolaj/ENAE450_tb_ws/install/dynamixel_sdk:/opt/ros/humble LD_LIBRARY_PATH=/home/mikolaj/ENAE450_tb_ws/install/dynamixel_sdk_custom_interfaces/lib:/home/mikolaj/ENAE450_tb_ws/install/dynamixel_sdk/lib:/usr/lib/x86_64-linux-gnu/gazebo-11/plugins:/opt/ros/humble/opt/rviz_ogre_vendor/lib:/opt/ros/humble/lib/x86_64-linux-gnu:/opt/ros/humble/lib:/usr/lib/x86_64-linux-gnu/gazebo-11/plugins PYTHONPATH=/home/mikolaj/ENAE450_tb_ws/install/dynamixel_sdk_custom_interfaces/local/lib/python3.10/dist-packages:/home/mikolaj/ENAE450_tb_ws/install/dynamixel_sdk/local/lib/python3.10/dist-packages:${PYTHONPATH} /usr/bin/cmake --install /home/mikolaj/ENAE450_tb_ws/build/dynamixel_sdk_examples
[15.468s] -- Install configuration: ""
[15.469s] -- Installing: /home/mikolaj/ENAE450_tb_ws/install/dynamixel_sdk_examples/lib/dynamixel_sdk_examples/read_write_node
[15.484s] -- Set runtime path of "/home/mikolaj/ENAE450_tb_ws/install/dynamixel_sdk_examples/lib/dynamixel_sdk_examples/read_write_node" to ""
[15.486s] -- Installing: /home/mikolaj/ENAE450_tb_ws/install/dynamixel_sdk_examples/lib/dynamixel_sdk_examples/read_write_node.py
[15.487s] -- Installing: /home/mikolaj/ENAE450_tb_ws/install/dynamixel_sdk_examples/share/ament_index/resource_index/package_run_dependencies/dynamixel_sdk_examples
[15.489s] -- Installing: /home/mikolaj/ENAE450_tb_ws/install/dynamixel_sdk_examples/share/ament_index/resource_index/parent_prefix_path/dynamixel_sdk_examples
[15.491s] -- Installing: /home/mikolaj/ENAE450_tb_ws/install/dynamixel_sdk_examples/share/dynamixel_sdk_examples/environment/ament_prefix_path.sh
[15.492s] -- Installing: /home/mikolaj/ENAE450_tb_ws/install/dynamixel_sdk_examples/share/dynamixel_sdk_examples/environment/ament_prefix_path.dsv
[15.494s] -- Installing: /home/mikolaj/ENAE450_tb_ws/install/dynamixel_sdk_examples/share/dynamixel_sdk_examples/environment/path.sh
[15.497s] -- Installing: /home/mikolaj/ENAE450_tb_ws/install/dynamixel_sdk_examples/share/dynamixel_sdk_examples/environment/path.dsv
[15.497s] -- Installing: /home/mikolaj/ENAE450_tb_ws/install/dynamixel_sdk_examples/share/dynamixel_sdk_examples/local_setup.bash
[15.497s] -- Installing: /home/mikolaj/ENAE450_tb_ws/install/dynamixel_sdk_examples/share/dynamixel_sdk_examples/local_setup.sh
[15.497s] -- Installing: /home/mikolaj/ENAE450_tb_ws/install/dynamixel_sdk_examples/share/dynamixel_sdk_examples/local_setup.zsh
[15.497s] -- Installing: /home/mikolaj/ENAE450_tb_ws/install/dynamixel_sdk_examples/share/dynamixel_sdk_examples/local_setup.dsv
[15.497s] -- Installing: /home/mikolaj/ENAE450_tb_ws/install/dynamixel_sdk_examples/share/dynamixel_sdk_examples/package.dsv
[15.497s] -- Installing: /home/mikolaj/ENAE450_tb_ws/install/dynamixel_sdk_examples/share/ament_index/resource_index/packages/dynamixel_sdk_examples
[15.498s] -- Installing: /home/mikolaj/ENAE450_tb_ws/install/dynamixel_sdk_examples/share/dynamixel_sdk_examples/cmake/dynamixel_sdk_examplesConfig.cmake
[15.498s] -- Installing: /home/mikolaj/ENAE450_tb_ws/install/dynamixel_sdk_examples/share/dynamixel_sdk_examples/cmake/dynamixel_sdk_examplesConfig-version.cmake
[15.498s] -- Installing: /home/mikolaj/ENAE450_tb_ws/install/dynamixel_sdk_examples/share/dynamixel_sdk_examples/package.xml
[15.505s] Invoked command in '/home/mikolaj/ENAE450_tb_ws/build/dynamixel_sdk_examples' returned '0': AMENT_PREFIX_PATH=/home/mikolaj/ENAE450_tb_ws/install/dynamixel_sdk_custom_interfaces:/home/mikolaj/ENAE450_tb_ws/install/dynamixel_sdk:${AMENT_PREFIX_PATH} CMAKE_PREFIX_PATH=/home/mikolaj/ENAE450_tb_ws/install/dynamixel_sdk_custom_interfaces:/home/mikolaj/ENAE450_tb_ws/install/dynamixel_sdk:/opt/ros/humble LD_LIBRARY_PATH=/home/mikolaj/ENAE450_tb_ws/install/dynamixel_sdk_custom_interfaces/lib:/home/mikolaj/ENAE450_tb_ws/install/dynamixel_sdk/lib:/usr/lib/x86_64-linux-gnu/gazebo-11/plugins:/opt/ros/humble/opt/rviz_ogre_vendor/lib:/opt/ros/humble/lib/x86_64-linux-gnu:/opt/ros/humble/lib:/usr/lib/x86_64-linux-gnu/gazebo-11/plugins PYTHONPATH=/home/mikolaj/ENAE450_tb_ws/install/dynamixel_sdk_custom_interfaces/local/lib/python3.10/dist-packages:/home/mikolaj/ENAE450_tb_ws/install/dynamixel_sdk/local/lib/python3.10/dist-packages:${PYTHONPATH} /usr/bin/cmake --install /home/mikolaj/ENAE450_tb_ws/build/dynamixel_sdk_examples
