[3.606s] Invoking command in '/home/patrick/ENAE450_tb_ws/src/turtlebot3_controller': PYTHONPATH=/home/patrick/ENAE450_tb_ws/build/turtlebot3_controller/prefix_override:/usr/lib/python3/dist-packages/colcon_core/task/python/colcon_distutils_commands:/home/patrick/ENAE450_tb_ws/install/turtlebot3_controller/lib/python3.10/site-packages:${PYTHONPATH} /usr/bin/python3 -W ignore:setup.py install is deprecated -W ignore:easy_install command is deprecated setup.py egg_info --egg-base ../../build/turtlebot3_controller build --build-base /home/patrick/ENAE450_tb_ws/build/turtlebot3_controller/build install --record /home/patrick/ENAE450_tb_ws/build/turtlebot3_controller/install.log --single-version-externally-managed install_data
[3.990s] running egg_info
[3.991s] writing ../../build/turtlebot3_controller/turtlebot3_controller.egg-info/PKG-INFO
[3.991s] writing dependency_links to ../../build/turtlebot3_controller/turtlebot3_controller.egg-info/dependency_links.txt
[3.991s] writing entry points to ../../build/turtlebot3_controller/turtlebot3_controller.egg-info/entry_points.txt
[3.995s] writing requirements to ../../build/turtlebot3_controller/turtlebot3_controller.egg-info/requires.txt
[3.995s] writing top-level names to ../../build/turtlebot3_controller/turtlebot3_controller.egg-info/top_level.txt
[3.995s] reading manifest file '../../build/turtlebot3_controller/turtlebot3_controller.egg-info/SOURCES.txt'
[4.036s] adding license file 'LICENSE'
[4.054s] writing manifest file '../../build/turtlebot3_controller/turtlebot3_controller.egg-info/SOURCES.txt'
[4.071s] running build
[4.072s] running build_py
[4.072s] running install
[4.075s] running install_lib
[4.090s] running install_data
[4.090s] running install_egg_info
[4.104s] removing '/home/patrick/ENAE450_tb_ws/install/turtlebot3_controller/lib/python3.10/site-packages/turtlebot3_controller-0.0.0-py3.10.egg-info' (and everything under it)
[4.104s] Copying ../../build/turtlebot3_controller/turtlebot3_controller.egg-info to /home/patrick/ENAE450_tb_ws/install/turtlebot3_controller/lib/python3.10/site-packages/turtlebot3_controller-0.0.0-py3.10.egg-info
[4.121s] running install_scripts
[4.159s] Installing drive_forward script to /home/patrick/ENAE450_tb_ws/install/turtlebot3_controller/lib/turtlebot3_controller
[4.166s] writing list of installed files to '/home/patrick/ENAE450_tb_ws/build/turtlebot3_controller/install.log'
[4.236s] Invoked command in '/home/patrick/ENAE450_tb_ws/src/turtlebot3_controller' returned '0': PYTHONPATH=/home/patrick/ENAE450_tb_ws/build/turtlebot3_controller/prefix_override:/usr/lib/python3/dist-packages/colcon_core/task/python/colcon_distutils_commands:/home/patrick/ENAE450_tb_ws/install/turtlebot3_controller/lib/python3.10/site-packages:${PYTHONPATH} /usr/bin/python3 -W ignore:setup.py install is deprecated -W ignore:easy_install command is deprecated setup.py egg_info --egg-base ../../build/turtlebot3_controller build --build-base /home/patrick/ENAE450_tb_ws/build/turtlebot3_controller/build install --record /home/patrick/ENAE450_tb_ws/build/turtlebot3_controller/install.log --single-version-externally-managed install_data
