running egg_info
creating ../../build/turtlebot3_controller/turtlebot3_controller.egg-info
writing ../../build/turtlebot3_controller/turtlebot3_controller.egg-info/PKG-INFO
writing dependency_links to ../../build/turtlebot3_controller/turtlebot3_controller.egg-info/dependency_links.txt
writing entry points to ../../build/turtlebot3_controller/turtlebot3_controller.egg-info/entry_points.txt
writing requirements to ../../build/turtlebot3_controller/turtlebot3_controller.egg-info/requires.txt
writing top-level names to ../../build/turtlebot3_controller/turtlebot3_controller.egg-info/top_level.txt
writing manifest file '../../build/turtlebot3_controller/turtlebot3_controller.egg-info/SOURCES.txt'
reading manifest file '../../build/turtlebot3_controller/turtlebot3_controller.egg-info/SOURCES.txt'
adding license file 'LICENSE'
writing manifest file '../../build/turtlebot3_controller/turtlebot3_controller.egg-info/SOURCES.txt'
running build
running build_py
creating /home/mikolaj/ENAE450_tb_ws/build/turtlebot3_controller/build
creating /home/mikolaj/ENAE450_tb_ws/build/turtlebot3_controller/build/lib
creating /home/mikolaj/ENAE450_tb_ws/build/turtlebot3_controller/build/lib/turtlebot3_controller
copying turtlebot3_controller/maze_solver.py -> /home/mikolaj/ENAE450_tb_ws/build/turtlebot3_controller/build/lib/turtlebot3_controller
copying turtlebot3_controller/drive_forward.py -> /home/mikolaj/ENAE450_tb_ws/build/turtlebot3_controller/build/lib/turtlebot3_controller
copying turtlebot3_controller/__init__.py -> /home/mikolaj/ENAE450_tb_ws/build/turtlebot3_controller/build/lib/turtlebot3_controller
copying turtlebot3_controller/wall_following.py -> /home/mikolaj/ENAE450_tb_ws/build/turtlebot3_controller/build/lib/turtlebot3_controller
running install
running install_lib
creating /home/mikolaj/ENAE450_tb_ws/install/turtlebot3_controller/lib/python3.10/site-packages/turtlebot3_controller
copying /home/mikolaj/ENAE450_tb_ws/build/turtlebot3_controller/build/lib/turtlebot3_controller/maze_solver.py -> /home/mikolaj/ENAE450_tb_ws/install/turtlebot3_controller/lib/python3.10/site-packages/turtlebot3_controller
copying /home/mikolaj/ENAE450_tb_ws/build/turtlebot3_controller/build/lib/turtlebot3_controller/drive_forward.py -> /home/mikolaj/ENAE450_tb_ws/install/turtlebot3_controller/lib/python3.10/site-packages/turtlebot3_controller
copying /home/mikolaj/ENAE450_tb_ws/build/turtlebot3_controller/build/lib/turtlebot3_controller/__init__.py -> /home/mikolaj/ENAE450_tb_ws/install/turtlebot3_controller/lib/python3.10/site-packages/turtlebot3_controller
copying /home/mikolaj/ENAE450_tb_ws/build/turtlebot3_controller/build/lib/turtlebot3_controller/wall_following.py -> /home/mikolaj/ENAE450_tb_ws/install/turtlebot3_controller/lib/python3.10/site-packages/turtlebot3_controller
byte-compiling /home/mikolaj/ENAE450_tb_ws/install/turtlebot3_controller/lib/python3.10/site-packages/turtlebot3_controller/maze_solver.py to maze_solver.cpython-310.pyc
byte-compiling /home/mikolaj/ENAE450_tb_ws/install/turtlebot3_controller/lib/python3.10/site-packages/turtlebot3_controller/drive_forward.py to drive_forward.cpython-310.pyc
byte-compiling /home/mikolaj/ENAE450_tb_ws/install/turtlebot3_controller/lib/python3.10/site-packages/turtlebot3_controller/__init__.py to __init__.cpython-310.pyc
byte-compiling /home/mikolaj/ENAE450_tb_ws/install/turtlebot3_controller/lib/python3.10/site-packages/turtlebot3_controller/wall_following.py to wall_following.cpython-310.pyc
running install_data
creating /home/mikolaj/ENAE450_tb_ws/install/turtlebot3_controller/share/ament_index
creating /home/mikolaj/ENAE450_tb_ws/install/turtlebot3_controller/share/ament_index/resource_index
creating /home/mikolaj/ENAE450_tb_ws/install/turtlebot3_controller/share/ament_index/resource_index/packages
copying resource/turtlebot3_controller -> /home/mikolaj/ENAE450_tb_ws/install/turtlebot3_controller/share/ament_index/resource_index/packages
copying package.xml -> /home/mikolaj/ENAE450_tb_ws/install/turtlebot3_controller/share/turtlebot3_controller
running install_egg_info
Copying ../../build/turtlebot3_controller/turtlebot3_controller.egg-info to /home/mikolaj/ENAE450_tb_ws/install/turtlebot3_controller/lib/python3.10/site-packages/turtlebot3_controller-0.0.0-py3.10.egg-info
running install_scripts
Installing drive_forward script to /home/mikolaj/ENAE450_tb_ws/install/turtlebot3_controller/lib/turtlebot3_controller
writing list of installed files to '/home/mikolaj/ENAE450_tb_ws/build/turtlebot3_controller/install.log'
