[0.012s] Invoking command in '/home/mikolaj/ENAE450_tb_ws/build/turtlebot3_simulations': AMENT_PREFIX_PATH=/home/mikolaj/ENAE450_tb_ws/install/turtlebot3_fake_node:/home/mikolaj/ENAE450_tb_ws/install/turtlebot3_msgs:/home/mikolaj/ENAE450_tb_ws/install/turtlebot3_gazebo:${AMENT_PREFIX_PATH} CMAKE_PREFIX_PATH=/home/mikolaj/ENAE450_tb_ws/install/turtlebot3_fake_node:/home/mikolaj/ENAE450_tb_ws/install/turtlebot3_msgs:/home/mikolaj/ENAE450_tb_ws/install/turtlebot3_gazebo:/opt/ros/humble LD_LIBRARY_PATH=/home/mikolaj/ENAE450_tb_ws/install/turtlebot3_msgs/lib:/usr/lib/x86_64-linux-gnu/gazebo-11/plugins:/opt/ros/humble/opt/rviz_ogre_vendor/lib:/opt/ros/humble/lib/x86_64-linux-gnu:/opt/ros/humble/lib:/usr/lib/x86_64-linux-gnu/gazebo-11/plugins PYTHONPATH=/home/mikolaj/ENAE450_tb_ws/install/turtlebot3_msgs/local/lib/python3.10/dist-packages:${PYTHONPATH} /usr/bin/cmake /home/mikolaj/ENAE450_tb_ws/src/turtlebot3_simulations/turtlebot3_simulations -DCMAKE_INSTALL_PREFIX=/home/mikolaj/ENAE450_tb_ws/install/turtlebot3_simulations
[0.067s] -- The C compiler identification is GNU 11.4.0
[0.124s] -- The CXX compiler identification is GNU 11.4.0
[0.131s] -- Detecting C compiler ABI info
[0.203s] -- Detecting C compiler ABI info - done
[0.211s] -- Check for working C compiler: /usr/bin/cc - skipped
[0.211s] -- Detecting C compile features
[0.211s] -- Detecting C compile features - done
[0.214s] -- Detecting CXX compiler ABI info
[0.298s] -- Detecting CXX compiler ABI info - done
[0.306s] -- Check for working CXX compiler: /usr/bin/c++ - skipped
[0.306s] -- Detecting CXX compile features
[0.307s] -- Detecting CXX compile features - done
[0.309s] -- Found ament_cmake: 1.3.11 (/opt/ros/humble/share/ament_cmake/cmake)
[0.458s] -- Found Python3: /usr/bin/python3 (found version "3.10.12") found components: Interpreter 
[0.621s] -- Configuring done
[0.621s] -- Generating done
[0.623s] -- Build files have been written to: /home/mikolaj/ENAE450_tb_ws/build/turtlebot3_simulations
[0.627s] Invoked command in '/home/mikolaj/ENAE450_tb_ws/build/turtlebot3_simulations' returned '0': AMENT_PREFIX_PATH=/home/mikolaj/ENAE450_tb_ws/install/turtlebot3_fake_node:/home/mikolaj/ENAE450_tb_ws/install/turtlebot3_msgs:/home/mikolaj/ENAE450_tb_ws/install/turtlebot3_gazebo:${AMENT_PREFIX_PATH} CMAKE_PREFIX_PATH=/home/mikolaj/ENAE450_tb_ws/install/turtlebot3_fake_node:/home/mikolaj/ENAE450_tb_ws/install/turtlebot3_msgs:/home/mikolaj/ENAE450_tb_ws/install/turtlebot3_gazebo:/opt/ros/humble LD_LIBRARY_PATH=/home/mikolaj/ENAE450_tb_ws/install/turtlebot3_msgs/lib:/usr/lib/x86_64-linux-gnu/gazebo-11/plugins:/opt/ros/humble/opt/rviz_ogre_vendor/lib:/opt/ros/humble/lib/x86_64-linux-gnu:/opt/ros/humble/lib:/usr/lib/x86_64-linux-gnu/gazebo-11/plugins PYTHONPATH=/home/mikolaj/ENAE450_tb_ws/install/turtlebot3_msgs/local/lib/python3.10/dist-packages:${PYTHONPATH} /usr/bin/cmake /home/mikolaj/ENAE450_tb_ws/src/turtlebot3_simulations/turtlebot3_simulations -DCMAKE_INSTALL_PREFIX=/home/mikolaj/ENAE450_tb_ws/install/turtlebot3_simulations
[0.630s] Invoking command in '/home/mikolaj/ENAE450_tb_ws/build/turtlebot3_simulations': AMENT_PREFIX_PATH=/home/mikolaj/ENAE450_tb_ws/install/turtlebot3_fake_node:/home/mikolaj/ENAE450_tb_ws/install/turtlebot3_msgs:/home/mikolaj/ENAE450_tb_ws/install/turtlebot3_gazebo:${AMENT_PREFIX_PATH} CMAKE_PREFIX_PATH=/home/mikolaj/ENAE450_tb_ws/install/turtlebot3_fake_node:/home/mikolaj/ENAE450_tb_ws/install/turtlebot3_msgs:/home/mikolaj/ENAE450_tb_ws/install/turtlebot3_gazebo:/opt/ros/humble LD_LIBRARY_PATH=/home/mikolaj/ENAE450_tb_ws/install/turtlebot3_msgs/lib:/usr/lib/x86_64-linux-gnu/gazebo-11/plugins:/opt/ros/humble/opt/rviz_ogre_vendor/lib:/opt/ros/humble/lib/x86_64-linux-gnu:/opt/ros/humble/lib:/usr/lib/x86_64-linux-gnu/gazebo-11/plugins PYTHONPATH=/home/mikolaj/ENAE450_tb_ws/install/turtlebot3_msgs/local/lib/python3.10/dist-packages:${PYTHONPATH} /usr/bin/cmake --build /home/mikolaj/ENAE450_tb_ws/build/turtlebot3_simulations -- -j8 -l8
[0.672s] Invoked command in '/home/mikolaj/ENAE450_tb_ws/build/turtlebot3_simulations' returned '0': AMENT_PREFIX_PATH=/home/mikolaj/ENAE450_tb_ws/install/turtlebot3_fake_node:/home/mikolaj/ENAE450_tb_ws/install/turtlebot3_msgs:/home/mikolaj/ENAE450_tb_ws/install/turtlebot3_gazebo:${AMENT_PREFIX_PATH} CMAKE_PREFIX_PATH=/home/mikolaj/ENAE450_tb_ws/install/turtlebot3_fake_node:/home/mikolaj/ENAE450_tb_ws/install/turtlebot3_msgs:/home/mikolaj/ENAE450_tb_ws/install/turtlebot3_gazebo:/opt/ros/humble LD_LIBRARY_PATH=/home/mikolaj/ENAE450_tb_ws/install/turtlebot3_msgs/lib:/usr/lib/x86_64-linux-gnu/gazebo-11/plugins:/opt/ros/humble/opt/rviz_ogre_vendor/lib:/opt/ros/humble/lib/x86_64-linux-gnu:/opt/ros/humble/lib:/usr/lib/x86_64-linux-gnu/gazebo-11/plugins PYTHONPATH=/home/mikolaj/ENAE450_tb_ws/install/turtlebot3_msgs/local/lib/python3.10/dist-packages:${PYTHONPATH} /usr/bin/cmake --build /home/mikolaj/ENAE450_tb_ws/build/turtlebot3_simulations -- -j8 -l8
[0.677s] Invoking command in '/home/mikolaj/ENAE450_tb_ws/build/turtlebot3_simulations': AMENT_PREFIX_PATH=/home/mikolaj/ENAE450_tb_ws/install/turtlebot3_fake_node:/home/mikolaj/ENAE450_tb_ws/install/turtlebot3_msgs:/home/mikolaj/ENAE450_tb_ws/install/turtlebot3_gazebo:${AMENT_PREFIX_PATH} CMAKE_PREFIX_PATH=/home/mikolaj/ENAE450_tb_ws/install/turtlebot3_fake_node:/home/mikolaj/ENAE450_tb_ws/install/turtlebot3_msgs:/home/mikolaj/ENAE450_tb_ws/install/turtlebot3_gazebo:/opt/ros/humble LD_LIBRARY_PATH=/home/mikolaj/ENAE450_tb_ws/install/turtlebot3_msgs/lib:/usr/lib/x86_64-linux-gnu/gazebo-11/plugins:/opt/ros/humble/opt/rviz_ogre_vendor/lib:/opt/ros/humble/lib/x86_64-linux-gnu:/opt/ros/humble/lib:/usr/lib/x86_64-linux-gnu/gazebo-11/plugins PYTHONPATH=/home/mikolaj/ENAE450_tb_ws/install/turtlebot3_msgs/local/lib/python3.10/dist-packages:${PYTHONPATH} /usr/bin/cmake --install /home/mikolaj/ENAE450_tb_ws/build/turtlebot3_simulations
[0.682s] -- Install configuration: ""
[0.683s] -- Installing: /home/mikolaj/ENAE450_tb_ws/install/turtlebot3_simulations/share/ament_index/resource_index/package_run_dependencies/turtlebot3_simulations
[0.683s] -- Installing: /home/mikolaj/ENAE450_tb_ws/install/turtlebot3_simulations/share/ament_index/resource_index/parent_prefix_path/turtlebot3_simulations
[0.683s] -- Installing: /home/mikolaj/ENAE450_tb_ws/install/turtlebot3_simulations/share/turtlebot3_simulations/environment/ament_prefix_path.sh
[0.683s] -- Installing: /home/mikolaj/ENAE450_tb_ws/install/turtlebot3_simulations/share/turtlebot3_simulations/environment/ament_prefix_path.dsv
[0.684s] -- Installing: /home/mikolaj/ENAE450_tb_ws/install/turtlebot3_simulations/share/turtlebot3_simulations/environment/path.sh
[0.684s] -- Installing: /home/mikolaj/ENAE450_tb_ws/install/turtlebot3_simulations/share/turtlebot3_simulations/environment/path.dsv
[0.684s] -- Installing: /home/mikolaj/ENAE450_tb_ws/install/turtlebot3_simulations/share/turtlebot3_simulations/local_setup.bash
[0.684s] -- Installing: /home/mikolaj/ENAE450_tb_ws/install/turtlebot3_simulations/share/turtlebot3_simulations/local_setup.sh
[0.684s] -- Installing: /home/mikolaj/ENAE450_tb_ws/install/turtlebot3_simulations/share/turtlebot3_simulations/local_setup.zsh
[0.684s] -- Installing: /home/mikolaj/ENAE450_tb_ws/install/turtlebot3_simulations/share/turtlebot3_simulations/local_setup.dsv
[0.685s] -- Installing: /home/mikolaj/ENAE450_tb_ws/install/turtlebot3_simulations/share/turtlebot3_simulations/package.dsv
[0.685s] -- Installing: /home/mikolaj/ENAE450_tb_ws/install/turtlebot3_simulations/share/ament_index/resource_index/packages/turtlebot3_simulations
[0.685s] -- Installing: /home/mikolaj/ENAE450_tb_ws/install/turtlebot3_simulations/share/turtlebot3_simulations/cmake/turtlebot3_simulationsConfig.cmake
[0.685s] -- Installing: /home/mikolaj/ENAE450_tb_ws/install/turtlebot3_simulations/share/turtlebot3_simulations/cmake/turtlebot3_simulationsConfig-version.cmake
[0.685s] -- Installing: /home/mikolaj/ENAE450_tb_ws/install/turtlebot3_simulations/share/turtlebot3_simulations/package.xml
[0.688s] Invoked command in '/home/mikolaj/ENAE450_tb_ws/build/turtlebot3_simulations' returned '0': AMENT_PREFIX_PATH=/home/mikolaj/ENAE450_tb_ws/install/turtlebot3_fake_node:/home/mikolaj/ENAE450_tb_ws/install/turtlebot3_msgs:/home/mikolaj/ENAE450_tb_ws/install/turtlebot3_gazebo:${AMENT_PREFIX_PATH} CMAKE_PREFIX_PATH=/home/mikolaj/ENAE450_tb_ws/install/turtlebot3_fake_node:/home/mikolaj/ENAE450_tb_ws/install/turtlebot3_msgs:/home/mikolaj/ENAE450_tb_ws/install/turtlebot3_gazebo:/opt/ros/humble LD_LIBRARY_PATH=/home/mikolaj/ENAE450_tb_ws/install/turtlebot3_msgs/lib:/usr/lib/x86_64-linux-gnu/gazebo-11/plugins:/opt/ros/humble/opt/rviz_ogre_vendor/lib:/opt/ros/humble/lib/x86_64-linux-gnu:/opt/ros/humble/lib:/usr/lib/x86_64-linux-gnu/gazebo-11/plugins PYTHONPATH=/home/mikolaj/ENAE450_tb_ws/install/turtlebot3_msgs/local/lib/python3.10/dist-packages:${PYTHONPATH} /usr/bin/cmake --install /home/mikolaj/ENAE450_tb_ws/build/turtlebot3_simulations
