[0.122s] DEBUG:colcon:Command line arguments: ['/usr/bin/colcon', 'build']
[0.122s] DEBUG:colcon:Parsed command line arguments: Namespace(log_base=None, log_level=None, verb_name='build', build_base='build', install_base='install', merge_install=False, symlink_install=False, test_result_base=None, continue_on_error=False, executor='parallel', parallel_workers=2, event_handlers=None, ignore_user_meta=False, metas=['./colcon.meta'], base_paths=['.'], packages_ignore=None, packages_ignore_regex=None, paths=None, packages_up_to=None, packages_up_to_regex=None, packages_above=None, packages_above_and_dependencies=None, packages_above_depth=None, packages_select_by_dep=None, packages_skip_by_dep=None, packages_skip_up_to=None, packages_select_build_failed=False, packages_skip_build_finished=False, packages_select_test_failures=False, packages_skip_test_passed=False, packages_select=None, packages_skip=None, packages_select_regex=None, packages_skip_regex=None, packages_start=None, packages_end=None, allow_overriding=[], cmake_args=None, cmake_target=None, cmake_target_skip_unavailable=False, cmake_clean_cache=False, cmake_clean_first=False, cmake_force_configure=False, ament_cmake_args=None, catkin_cmake_args=None, catkin_skip_building_tests=False, mixin_files=None, mixin=None, verb_parser=<colcon_mixin.mixin.mixin_argument.MixinArgumentDecorator object at 0x7591504615a0>, verb_extension=<colcon_core.verb.build.BuildVerb object at 0x759150460fa0>, main=<bound method BuildVerb.main of <colcon_core.verb.build.BuildVerb object at 0x759150460fa0>>, mixin_verb=('build',))
[0.280s] Level 1:colcon.colcon_core.package_discovery:discover_packages(colcon_meta) check parameters
[0.280s] Level 1:colcon.colcon_core.package_discovery:discover_packages(recursive) check parameters
[0.280s] Level 1:colcon.colcon_core.package_discovery:discover_packages(ignore) check parameters
[0.280s] Level 1:colcon.colcon_core.package_discovery:discover_packages(path) check parameters
[0.280s] Level 1:colcon.colcon_core.package_discovery:discover_packages(colcon_meta) discover
[0.281s] Level 1:colcon.colcon_core.package_discovery:discover_packages(recursive) discover
[0.281s] INFO:colcon.colcon_core.package_discovery:Crawling recursively for packages in '/home/patrick/ENAE450_tb_ws'
[0.281s] Level 1:colcon.colcon_core.package_identification:_identify(.) by extensions ['ignore', 'ignore_ament_install']
[0.281s] Level 1:colcon.colcon_core.package_identification:_identify(.) by extension 'ignore'
[0.281s] Level 1:colcon.colcon_core.package_identification:_identify(.) by extension 'ignore_ament_install'
[0.281s] Level 1:colcon.colcon_core.package_identification:_identify(.) by extensions ['colcon_pkg']
[0.281s] Level 1:colcon.colcon_core.package_identification:_identify(.) by extension 'colcon_pkg'
[0.281s] Level 1:colcon.colcon_core.package_identification:_identify(.) by extensions ['colcon_meta']
[0.281s] Level 1:colcon.colcon_core.package_identification:_identify(.) by extension 'colcon_meta'
[0.281s] Level 1:colcon.colcon_core.package_identification:_identify(.) by extensions ['ros']
[0.281s] Level 1:colcon.colcon_core.package_identification:_identify(.) by extension 'ros'
[0.290s] Level 1:colcon.colcon_core.package_identification:_identify(.) by extensions ['cmake', 'python']
[0.290s] Level 1:colcon.colcon_core.package_identification:_identify(.) by extension 'cmake'
[0.290s] Level 1:colcon.colcon_core.package_identification:_identify(.) by extension 'python'
[0.290s] Level 1:colcon.colcon_core.package_identification:_identify(.) by extensions ['python_setup_py']
[0.290s] Level 1:colcon.colcon_core.package_identification:_identify(.) by extension 'python_setup_py'
[0.290s] Level 1:colcon.colcon_core.package_identification:_identify(build) by extensions ['ignore', 'ignore_ament_install']
[0.290s] Level 1:colcon.colcon_core.package_identification:_identify(build) by extension 'ignore'
[0.290s] Level 1:colcon.colcon_core.package_identification:_identify(build) ignored
[0.290s] Level 1:colcon.colcon_core.package_identification:_identify(install) by extensions ['ignore', 'ignore_ament_install']
[0.290s] Level 1:colcon.colcon_core.package_identification:_identify(install) by extension 'ignore'
[0.290s] Level 1:colcon.colcon_core.package_identification:_identify(install) ignored
[0.290s] Level 1:colcon.colcon_core.package_identification:_identify(log) by extensions ['ignore', 'ignore_ament_install']
[0.290s] Level 1:colcon.colcon_core.package_identification:_identify(log) by extension 'ignore'
[0.290s] Level 1:colcon.colcon_core.package_identification:_identify(log) ignored
[0.290s] Level 1:colcon.colcon_core.package_identification:_identify(src) by extensions ['ignore', 'ignore_ament_install']
[0.290s] Level 1:colcon.colcon_core.package_identification:_identify(src) by extension 'ignore'
[0.290s] Level 1:colcon.colcon_core.package_identification:_identify(src) by extension 'ignore_ament_install'
[0.291s] Level 1:colcon.colcon_core.package_identification:_identify(src) by extensions ['colcon_pkg']
[0.291s] Level 1:colcon.colcon_core.package_identification:_identify(src) by extension 'colcon_pkg'
[0.291s] Level 1:colcon.colcon_core.package_identification:_identify(src) by extensions ['colcon_meta']
[0.291s] Level 1:colcon.colcon_core.package_identification:_identify(src) by extension 'colcon_meta'
[0.291s] Level 1:colcon.colcon_core.package_identification:_identify(src) by extensions ['ros']
[0.291s] Level 1:colcon.colcon_core.package_identification:_identify(src) by extension 'ros'
[0.291s] Level 1:colcon.colcon_core.package_identification:_identify(src) by extensions ['cmake', 'python']
[0.291s] Level 1:colcon.colcon_core.package_identification:_identify(src) by extension 'cmake'
[0.291s] Level 1:colcon.colcon_core.package_identification:_identify(src) by extension 'python'
[0.291s] Level 1:colcon.colcon_core.package_identification:_identify(src) by extensions ['python_setup_py']
[0.291s] Level 1:colcon.colcon_core.package_identification:_identify(src) by extension 'python_setup_py'
[0.291s] Level 1:colcon.colcon_core.package_identification:_identify(src/DynamixelSDK) by extensions ['ignore', 'ignore_ament_install']
[0.291s] Level 1:colcon.colcon_core.package_identification:_identify(src/DynamixelSDK) by extension 'ignore'
[0.291s] Level 1:colcon.colcon_core.package_identification:_identify(src/DynamixelSDK) by extension 'ignore_ament_install'
[0.291s] Level 1:colcon.colcon_core.package_identification:_identify(src/DynamixelSDK) by extensions ['colcon_pkg']
[0.291s] Level 1:colcon.colcon_core.package_identification:_identify(src/DynamixelSDK) by extension 'colcon_pkg'
[0.291s] Level 1:colcon.colcon_core.package_identification:_identify(src/DynamixelSDK) by extensions ['colcon_meta']
[0.291s] Level 1:colcon.colcon_core.package_identification:_identify(src/DynamixelSDK) by extension 'colcon_meta'
[0.291s] Level 1:colcon.colcon_core.package_identification:_identify(src/DynamixelSDK) by extensions ['ros']
[0.291s] Level 1:colcon.colcon_core.package_identification:_identify(src/DynamixelSDK) by extension 'ros'
[0.291s] Level 1:colcon.colcon_core.package_identification:_identify(src/DynamixelSDK) by extensions ['cmake', 'python']
[0.291s] Level 1:colcon.colcon_core.package_identification:_identify(src/DynamixelSDK) by extension 'cmake'
[0.291s] Level 1:colcon.colcon_core.package_identification:_identify(src/DynamixelSDK) by extension 'python'
[0.291s] Level 1:colcon.colcon_core.package_identification:_identify(src/DynamixelSDK) by extensions ['python_setup_py']
[0.291s] Level 1:colcon.colcon_core.package_identification:_identify(src/DynamixelSDK) by extension 'python_setup_py'
[0.291s] Level 1:colcon.colcon_core.package_identification:_identify(src/turtlebot3) by extensions ['ignore', 'ignore_ament_install']
[0.291s] Level 1:colcon.colcon_core.package_identification:_identify(src/turtlebot3) by extension 'ignore'
[0.291s] Level 1:colcon.colcon_core.package_identification:_identify(src/turtlebot3) by extension 'ignore_ament_install'
[0.291s] Level 1:colcon.colcon_core.package_identification:_identify(src/turtlebot3) by extensions ['colcon_pkg']
[0.292s] Level 1:colcon.colcon_core.package_identification:_identify(src/turtlebot3) by extension 'colcon_pkg'
[0.292s] Level 1:colcon.colcon_core.package_identification:_identify(src/turtlebot3) by extensions ['colcon_meta']
[0.292s] Level 1:colcon.colcon_core.package_identification:_identify(src/turtlebot3) by extension 'colcon_meta'
[0.292s] Level 1:colcon.colcon_core.package_identification:_identify(src/turtlebot3) by extensions ['ros']
[0.292s] Level 1:colcon.colcon_core.package_identification:_identify(src/turtlebot3) by extension 'ros'
[0.292s] Level 1:colcon.colcon_core.package_identification:_identify(src/turtlebot3) by extensions ['cmake', 'python']
[0.292s] Level 1:colcon.colcon_core.package_identification:_identify(src/turtlebot3) by extension 'cmake'
[0.292s] Level 1:colcon.colcon_core.package_identification:_identify(src/turtlebot3) by extension 'python'
[0.292s] Level 1:colcon.colcon_core.package_identification:_identify(src/turtlebot3) by extensions ['python_setup_py']
[0.292s] Level 1:colcon.colcon_core.package_identification:_identify(src/turtlebot3) by extension 'python_setup_py'
[0.292s] Level 1:colcon.colcon_core.package_identification:_identify(src/turtlebot3_controller) by extensions ['ignore', 'ignore_ament_install']
[0.292s] Level 1:colcon.colcon_core.package_identification:_identify(src/turtlebot3_controller) by extension 'ignore'
[0.292s] Level 1:colcon.colcon_core.package_identification:_identify(src/turtlebot3_controller) by extension 'ignore_ament_install'
[0.292s] Level 1:colcon.colcon_core.package_identification:_identify(src/turtlebot3_controller) by extensions ['colcon_pkg']
[0.292s] Level 1:colcon.colcon_core.package_identification:_identify(src/turtlebot3_controller) by extension 'colcon_pkg'
[0.292s] Level 1:colcon.colcon_core.package_identification:_identify(src/turtlebot3_controller) by extensions ['colcon_meta']
[0.292s] Level 1:colcon.colcon_core.package_identification:_identify(src/turtlebot3_controller) by extension 'colcon_meta'
[0.292s] Level 1:colcon.colcon_core.package_identification:_identify(src/turtlebot3_controller) by extensions ['ros']
[0.292s] Level 1:colcon.colcon_core.package_identification:_identify(src/turtlebot3_controller) by extension 'ros'
[0.294s] DEBUG:colcon.colcon_core.package_identification:Package 'src/turtlebot3_controller' with type 'ros.ament_python' and name 'turtlebot3_controller'
[0.294s] Level 1:colcon.colcon_core.package_identification:_identify(src/turtlebot3_msgs) by extensions ['ignore', 'ignore_ament_install']
[0.294s] Level 1:colcon.colcon_core.package_identification:_identify(src/turtlebot3_msgs) by extension 'ignore'
[0.294s] Level 1:colcon.colcon_core.package_identification:_identify(src/turtlebot3_msgs) by extension 'ignore_ament_install'
[0.294s] Level 1:colcon.colcon_core.package_identification:_identify(src/turtlebot3_msgs) by extensions ['colcon_pkg']
[0.294s] Level 1:colcon.colcon_core.package_identification:_identify(src/turtlebot3_msgs) by extension 'colcon_pkg'
[0.294s] Level 1:colcon.colcon_core.package_identification:_identify(src/turtlebot3_msgs) by extensions ['colcon_meta']
[0.294s] Level 1:colcon.colcon_core.package_identification:_identify(src/turtlebot3_msgs) by extension 'colcon_meta'
[0.294s] Level 1:colcon.colcon_core.package_identification:_identify(src/turtlebot3_msgs) by extensions ['ros']
[0.294s] Level 1:colcon.colcon_core.package_identification:_identify(src/turtlebot3_msgs) by extension 'ros'
[0.294s] Level 1:colcon.colcon_core.package_identification:_identify(src/turtlebot3_msgs) by extensions ['cmake', 'python']
[0.294s] Level 1:colcon.colcon_core.package_identification:_identify(src/turtlebot3_msgs) by extension 'cmake'
[0.294s] Level 1:colcon.colcon_core.package_identification:_identify(src/turtlebot3_msgs) by extension 'python'
[0.294s] Level 1:colcon.colcon_core.package_identification:_identify(src/turtlebot3_msgs) by extensions ['python_setup_py']
[0.295s] Level 1:colcon.colcon_core.package_identification:_identify(src/turtlebot3_msgs) by extension 'python_setup_py'
[0.295s] Level 1:colcon.colcon_core.package_identification:_identify(src/turtlebot3_simulations) by extensions ['ignore', 'ignore_ament_install']
[0.295s] Level 1:colcon.colcon_core.package_identification:_identify(src/turtlebot3_simulations) by extension 'ignore'
[0.295s] Level 1:colcon.colcon_core.package_identification:_identify(src/turtlebot3_simulations) by extension 'ignore_ament_install'
[0.295s] Level 1:colcon.colcon_core.package_identification:_identify(src/turtlebot3_simulations) by extensions ['colcon_pkg']
[0.295s] Level 1:colcon.colcon_core.package_identification:_identify(src/turtlebot3_simulations) by extension 'colcon_pkg'
[0.295s] Level 1:colcon.colcon_core.package_identification:_identify(src/turtlebot3_simulations) by extensions ['colcon_meta']
[0.295s] Level 1:colcon.colcon_core.package_identification:_identify(src/turtlebot3_simulations) by extension 'colcon_meta'
[0.295s] Level 1:colcon.colcon_core.package_identification:_identify(src/turtlebot3_simulations) by extensions ['ros']
[0.295s] Level 1:colcon.colcon_core.package_identification:_identify(src/turtlebot3_simulations) by extension 'ros'
[0.295s] Level 1:colcon.colcon_core.package_identification:_identify(src/turtlebot3_simulations) by extensions ['cmake', 'python']
[0.295s] Level 1:colcon.colcon_core.package_identification:_identify(src/turtlebot3_simulations) by extension 'cmake'
[0.295s] Level 1:colcon.colcon_core.package_identification:_identify(src/turtlebot3_simulations) by extension 'python'
[0.295s] Level 1:colcon.colcon_core.package_identification:_identify(src/turtlebot3_simulations) by extensions ['python_setup_py']
[0.295s] Level 1:colcon.colcon_core.package_identification:_identify(src/turtlebot3_simulations) by extension 'python_setup_py'
[0.295s] Level 1:colcon.colcon_core.package_identification:_identify(src/turtlebot3_simulations/turtlebot3_fake_node) by extensions ['ignore', 'ignore_ament_install']
[0.295s] Level 1:colcon.colcon_core.package_identification:_identify(src/turtlebot3_simulations/turtlebot3_fake_node) by extension 'ignore'
[0.295s] Level 1:colcon.colcon_core.package_identification:_identify(src/turtlebot3_simulations/turtlebot3_fake_node) by extension 'ignore_ament_install'
[0.295s] Level 1:colcon.colcon_core.package_identification:_identify(src/turtlebot3_simulations/turtlebot3_fake_node) by extensions ['colcon_pkg']
[0.295s] Level 1:colcon.colcon_core.package_identification:_identify(src/turtlebot3_simulations/turtlebot3_fake_node) by extension 'colcon_pkg'
[0.295s] Level 1:colcon.colcon_core.package_identification:_identify(src/turtlebot3_simulations/turtlebot3_fake_node) by extensions ['colcon_meta']
[0.295s] Level 1:colcon.colcon_core.package_identification:_identify(src/turtlebot3_simulations/turtlebot3_fake_node) by extension 'colcon_meta'
[0.295s] Level 1:colcon.colcon_core.package_identification:_identify(src/turtlebot3_simulations/turtlebot3_fake_node) by extensions ['ros']
[0.295s] Level 1:colcon.colcon_core.package_identification:_identify(src/turtlebot3_simulations/turtlebot3_fake_node) by extension 'ros'
[0.296s] DEBUG:colcon.colcon_core.package_identification:Package 'src/turtlebot3_simulations/turtlebot3_fake_node' with type 'ros.ament_cmake' and name 'turtlebot3_fake_node'
[0.296s] Level 1:colcon.colcon_core.package_identification:_identify(src/turtlebot3_simulations/turtlebot3_gazebo) by extensions ['ignore', 'ignore_ament_install']
[0.296s] Level 1:colcon.colcon_core.package_identification:_identify(src/turtlebot3_simulations/turtlebot3_gazebo) by extension 'ignore'
[0.296s] Level 1:colcon.colcon_core.package_identification:_identify(src/turtlebot3_simulations/turtlebot3_gazebo) by extension 'ignore_ament_install'
[0.297s] Level 1:colcon.colcon_core.package_identification:_identify(src/turtlebot3_simulations/turtlebot3_gazebo) by extensions ['colcon_pkg']
[0.297s] Level 1:colcon.colcon_core.package_identification:_identify(src/turtlebot3_simulations/turtlebot3_gazebo) by extension 'colcon_pkg'
[0.297s] Level 1:colcon.colcon_core.package_identification:_identify(src/turtlebot3_simulations/turtlebot3_gazebo) by extensions ['colcon_meta']
[0.297s] Level 1:colcon.colcon_core.package_identification:_identify(src/turtlebot3_simulations/turtlebot3_gazebo) by extension 'colcon_meta'
[0.297s] Level 1:colcon.colcon_core.package_identification:_identify(src/turtlebot3_simulations/turtlebot3_gazebo) by extensions ['ros']
[0.297s] Level 1:colcon.colcon_core.package_identification:_identify(src/turtlebot3_simulations/turtlebot3_gazebo) by extension 'ros'
[0.297s] DEBUG:colcon.colcon_core.package_identification:Package 'src/turtlebot3_simulations/turtlebot3_gazebo' with type 'ros.ament_cmake' and name 'turtlebot3_gazebo'
[0.298s] Level 1:colcon.colcon_core.package_identification:_identify(src/turtlebot3_simulations/turtlebot3_simulations) by extensions ['ignore', 'ignore_ament_install']
[0.298s] Level 1:colcon.colcon_core.package_identification:_identify(src/turtlebot3_simulations/turtlebot3_simulations) by extension 'ignore'
[0.298s] Level 1:colcon.colcon_core.package_identification:_identify(src/turtlebot3_simulations/turtlebot3_simulations) by extension 'ignore_ament_install'
[0.298s] Level 1:colcon.colcon_core.package_identification:_identify(src/turtlebot3_simulations/turtlebot3_simulations) by extensions ['colcon_pkg']
[0.298s] Level 1:colcon.colcon_core.package_identification:_identify(src/turtlebot3_simulations/turtlebot3_simulations) by extension 'colcon_pkg'
[0.298s] Level 1:colcon.colcon_core.package_identification:_identify(src/turtlebot3_simulations/turtlebot3_simulations) by extensions ['colcon_meta']
[0.298s] Level 1:colcon.colcon_core.package_identification:_identify(src/turtlebot3_simulations/turtlebot3_simulations) by extension 'colcon_meta'
[0.298s] Level 1:colcon.colcon_core.package_identification:_identify(src/turtlebot3_simulations/turtlebot3_simulations) by extensions ['ros']
[0.298s] Level 1:colcon.colcon_core.package_identification:_identify(src/turtlebot3_simulations/turtlebot3_simulations) by extension 'ros'
[0.298s] DEBUG:colcon.colcon_core.package_identification:Package 'src/turtlebot3_simulations/turtlebot3_simulations' with type 'ros.ament_cmake' and name 'turtlebot3_simulations'
[0.298s] Level 1:colcon.colcon_core.package_discovery:discover_packages(recursive) using defaults
[0.298s] Level 1:colcon.colcon_core.package_discovery:discover_packages(ignore) discover
[0.298s] Level 1:colcon.colcon_core.package_discovery:discover_packages(ignore) using defaults
[0.298s] Level 1:colcon.colcon_core.package_discovery:discover_packages(path) discover
[0.298s] Level 1:colcon.colcon_core.package_discovery:discover_packages(path) using defaults
[0.350s] Level 1:colcon.colcon_core.package_discovery:discover_packages(prefix_path) check parameters
[0.350s] Level 1:colcon.colcon_core.package_discovery:discover_packages(prefix_path) discover
[0.353s] DEBUG:colcon.colcon_installed_package_information.package_discovery:Found 420 installed packages in /opt/ros/humble
[0.355s] Level 1:colcon.colcon_core.package_discovery:discover_packages(prefix_path) using defaults
[0.401s] Level 5:colcon.colcon_core.verb:set package 'turtlebot3_controller' build argument 'cmake_args' from command line to 'None'
[0.401s] Level 5:colcon.colcon_core.verb:set package 'turtlebot3_controller' build argument 'cmake_target' from command line to 'None'
[0.401s] Level 5:colcon.colcon_core.verb:set package 'turtlebot3_controller' build argument 'cmake_target_skip_unavailable' from command line to 'False'
[0.401s] Level 5:colcon.colcon_core.verb:set package 'turtlebot3_controller' build argument 'cmake_clean_cache' from command line to 'False'
[0.401s] Level 5:colcon.colcon_core.verb:set package 'turtlebot3_controller' build argument 'cmake_clean_first' from command line to 'False'
[0.401s] Level 5:colcon.colcon_core.verb:set package 'turtlebot3_controller' build argument 'cmake_force_configure' from command line to 'False'
[0.401s] Level 5:colcon.colcon_core.verb:set package 'turtlebot3_controller' build argument 'ament_cmake_args' from command line to 'None'
[0.401s] Level 5:colcon.colcon_core.verb:set package 'turtlebot3_controller' build argument 'catkin_cmake_args' from command line to 'None'
[0.401s] Level 5:colcon.colcon_core.verb:set package 'turtlebot3_controller' build argument 'catkin_skip_building_tests' from command line to 'False'
[0.401s] DEBUG:colcon.colcon_core.verb:Building package 'turtlebot3_controller' with the following arguments: {'ament_cmake_args': None, 'build_base': '/home/patrick/ENAE450_tb_ws/build/turtlebot3_controller', 'catkin_cmake_args': None, 'catkin_skip_building_tests': False, 'cmake_args': None, 'cmake_clean_cache': False, 'cmake_clean_first': False, 'cmake_force_configure': False, 'cmake_target': None, 'cmake_target_skip_unavailable': False, 'install_base': '/home/patrick/ENAE450_tb_ws/install/turtlebot3_controller', 'merge_install': False, 'path': '/home/patrick/ENAE450_tb_ws/src/turtlebot3_controller', 'symlink_install': False, 'test_result_base': None}
[0.401s] Level 5:colcon.colcon_core.verb:set package 'turtlebot3_fake_node' build argument 'cmake_args' from command line to 'None'
[0.401s] Level 5:colcon.colcon_core.verb:set package 'turtlebot3_fake_node' build argument 'cmake_target' from command line to 'None'
[0.401s] Level 5:colcon.colcon_core.verb:set package 'turtlebot3_fake_node' build argument 'cmake_target_skip_unavailable' from command line to 'False'
[0.401s] Level 5:colcon.colcon_core.verb:set package 'turtlebot3_fake_node' build argument 'cmake_clean_cache' from command line to 'False'
[0.401s] Level 5:colcon.colcon_core.verb:set package 'turtlebot3_fake_node' build argument 'cmake_clean_first' from command line to 'False'
[0.402s] Level 5:colcon.colcon_core.verb:set package 'turtlebot3_fake_node' build argument 'cmake_force_configure' from command line to 'False'
[0.402s] Level 5:colcon.colcon_core.verb:set package 'turtlebot3_fake_node' build argument 'ament_cmake_args' from command line to 'None'
[0.402s] Level 5:colcon.colcon_core.verb:set package 'turtlebot3_fake_node' build argument 'catkin_cmake_args' from command line to 'None'
[0.402s] Level 5:colcon.colcon_core.verb:set package 'turtlebot3_fake_node' build argument 'catkin_skip_building_tests' from command line to 'False'
[0.402s] DEBUG:colcon.colcon_core.verb:Building package 'turtlebot3_fake_node' with the following arguments: {'ament_cmake_args': None, 'build_base': '/home/patrick/ENAE450_tb_ws/build/turtlebot3_fake_node', 'catkin_cmake_args': None, 'catkin_skip_building_tests': False, 'cmake_args': None, 'cmake_clean_cache': False, 'cmake_clean_first': False, 'cmake_force_configure': False, 'cmake_target': None, 'cmake_target_skip_unavailable': False, 'install_base': '/home/patrick/ENAE450_tb_ws/install/turtlebot3_fake_node', 'merge_install': False, 'path': '/home/patrick/ENAE450_tb_ws/src/turtlebot3_simulations/turtlebot3_fake_node', 'symlink_install': False, 'test_result_base': None}
[0.402s] Level 5:colcon.colcon_core.verb:set package 'turtlebot3_gazebo' build argument 'cmake_args' from command line to 'None'
[0.402s] Level 5:colcon.colcon_core.verb:set package 'turtlebot3_gazebo' build argument 'cmake_target' from command line to 'None'
[0.402s] Level 5:colcon.colcon_core.verb:set package 'turtlebot3_gazebo' build argument 'cmake_target_skip_unavailable' from command line to 'False'
[0.402s] Level 5:colcon.colcon_core.verb:set package 'turtlebot3_gazebo' build argument 'cmake_clean_cache' from command line to 'False'
[0.402s] Level 5:colcon.colcon_core.verb:set package 'turtlebot3_gazebo' build argument 'cmake_clean_first' from command line to 'False'
[0.402s] Level 5:colcon.colcon_core.verb:set package 'turtlebot3_gazebo' build argument 'cmake_force_configure' from command line to 'False'
[0.402s] Level 5:colcon.colcon_core.verb:set package 'turtlebot3_gazebo' build argument 'ament_cmake_args' from command line to 'None'
[0.402s] Level 5:colcon.colcon_core.verb:set package 'turtlebot3_gazebo' build argument 'catkin_cmake_args' from command line to 'None'
[0.402s] Level 5:colcon.colcon_core.verb:set package 'turtlebot3_gazebo' build argument 'catkin_skip_building_tests' from command line to 'False'
[0.402s] DEBUG:colcon.colcon_core.verb:Building package 'turtlebot3_gazebo' with the following arguments: {'ament_cmake_args': None, 'build_base': '/home/patrick/ENAE450_tb_ws/build/turtlebot3_gazebo', 'catkin_cmake_args': None, 'catkin_skip_building_tests': False, 'cmake_args': None, 'cmake_clean_cache': False, 'cmake_clean_first': False, 'cmake_force_configure': False, 'cmake_target': None, 'cmake_target_skip_unavailable': False, 'install_base': '/home/patrick/ENAE450_tb_ws/install/turtlebot3_gazebo', 'merge_install': False, 'path': '/home/patrick/ENAE450_tb_ws/src/turtlebot3_simulations/turtlebot3_gazebo', 'symlink_install': False, 'test_result_base': None}
[0.402s] Level 5:colcon.colcon_core.verb:set package 'turtlebot3_simulations' build argument 'cmake_args' from command line to 'None'
[0.402s] Level 5:colcon.colcon_core.verb:set package 'turtlebot3_simulations' build argument 'cmake_target' from command line to 'None'
[0.402s] Level 5:colcon.colcon_core.verb:set package 'turtlebot3_simulations' build argument 'cmake_target_skip_unavailable' from command line to 'False'
[0.402s] Level 5:colcon.colcon_core.verb:set package 'turtlebot3_simulations' build argument 'cmake_clean_cache' from command line to 'False'
[0.402s] Level 5:colcon.colcon_core.verb:set package 'turtlebot3_simulations' build argument 'cmake_clean_first' from command line to 'False'
[0.402s] Level 5:colcon.colcon_core.verb:set package 'turtlebot3_simulations' build argument 'cmake_force_configure' from command line to 'False'
[0.402s] Level 5:colcon.colcon_core.verb:set package 'turtlebot3_simulations' build argument 'ament_cmake_args' from command line to 'None'
[0.402s] Level 5:colcon.colcon_core.verb:set package 'turtlebot3_simulations' build argument 'catkin_cmake_args' from command line to 'None'
[0.402s] Level 5:colcon.colcon_core.verb:set package 'turtlebot3_simulations' build argument 'catkin_skip_building_tests' from command line to 'False'
[0.403s] DEBUG:colcon.colcon_core.verb:Building package 'turtlebot3_simulations' with the following arguments: {'ament_cmake_args': None, 'build_base': '/home/patrick/ENAE450_tb_ws/build/turtlebot3_simulations', 'catkin_cmake_args': None, 'catkin_skip_building_tests': False, 'cmake_args': None, 'cmake_clean_cache': False, 'cmake_clean_first': False, 'cmake_force_configure': False, 'cmake_target': None, 'cmake_target_skip_unavailable': False, 'install_base': '/home/patrick/ENAE450_tb_ws/install/turtlebot3_simulations', 'merge_install': False, 'path': '/home/patrick/ENAE450_tb_ws/src/turtlebot3_simulations/turtlebot3_simulations', 'symlink_install': False, 'test_result_base': None}
[0.403s] INFO:colcon.colcon_core.executor:Executing jobs using 'parallel' executor
[0.424s] DEBUG:colcon.colcon_parallel_executor.executor.parallel:run_until_complete
[0.424s] INFO:colcon.colcon_ros.task.ament_cmake.build:Building ROS package in '/home/patrick/ENAE450_tb_ws/src/turtlebot3_simulations/turtlebot3_fake_node' with build type 'ament_cmake'
[0.424s] INFO:colcon.colcon_cmake.task.cmake.build:Building CMake package in '/home/patrick/ENAE450_tb_ws/src/turtlebot3_simulations/turtlebot3_fake_node'
[0.426s] INFO:colcon.colcon_core.plugin_system:Skipping extension 'colcon_core.shell.bat': Not used on non-Windows systems
[0.426s] INFO:colcon.colcon_core.shell:Skip shell extension 'powershell' for command environment: Not usable outside of PowerShell
[0.426s] DEBUG:colcon.colcon_core.shell:Skip shell extension 'dsv' for command environment
[0.442s] INFO:colcon.colcon_ros.task.ament_cmake.build:Building ROS package in '/home/patrick/ENAE450_tb_ws/src/turtlebot3_simulations/turtlebot3_gazebo' with build type 'ament_cmake'
[0.442s] INFO:colcon.colcon_cmake.task.cmake.build:Building CMake package in '/home/patrick/ENAE450_tb_ws/src/turtlebot3_simulations/turtlebot3_gazebo'
[0.442s] INFO:colcon.colcon_core.shell:Skip shell extension 'powershell' for command environment: Not usable outside of PowerShell
[0.442s] DEBUG:colcon.colcon_core.shell:Skip shell extension 'dsv' for command environment
[0.462s] DEBUG:colcon.colcon_core.event_handler.log_command:Invoking command in '/home/patrick/ENAE450_tb_ws/build/turtlebot3_fake_node': CMAKE_PREFIX_PATH=/opt/ros/humble /usr/bin/cmake /home/patrick/ENAE450_tb_ws/src/turtlebot3_simulations/turtlebot3_fake_node -DCMAKE_INSTALL_PREFIX=/home/patrick/ENAE450_tb_ws/install/turtlebot3_fake_node
[0.477s] DEBUG:colcon.colcon_core.event_handler.log_command:Invoking command in '/home/patrick/ENAE450_tb_ws/build/turtlebot3_gazebo': CMAKE_PREFIX_PATH=/opt/ros/humble /usr/bin/cmake /home/patrick/ENAE450_tb_ws/src/turtlebot3_simulations/turtlebot3_gazebo -DCMAKE_INSTALL_PREFIX=/home/patrick/ENAE450_tb_ws/install/turtlebot3_gazebo
[2.415s] DEBUG:colcon.colcon_core.event_handler.log_command:Invoked command in '/home/patrick/ENAE450_tb_ws/build/turtlebot3_fake_node' returned '0': CMAKE_PREFIX_PATH=/opt/ros/humble /usr/bin/cmake /home/patrick/ENAE450_tb_ws/src/turtlebot3_simulations/turtlebot3_fake_node -DCMAKE_INSTALL_PREFIX=/home/patrick/ENAE450_tb_ws/install/turtlebot3_fake_node
[2.416s] DEBUG:colcon.colcon_core.event_handler.log_command:Invoking command in '/home/patrick/ENAE450_tb_ws/build/turtlebot3_fake_node': CMAKE_PREFIX_PATH=/opt/ros/humble /usr/bin/cmake --build /home/patrick/ENAE450_tb_ws/build/turtlebot3_fake_node -- -j2 -l2
[4.698s] DEBUG:colcon.colcon_core.event_handler.log_command:Invoked command in '/home/patrick/ENAE450_tb_ws/build/turtlebot3_gazebo' returned '0': CMAKE_PREFIX_PATH=/opt/ros/humble /usr/bin/cmake /home/patrick/ENAE450_tb_ws/src/turtlebot3_simulations/turtlebot3_gazebo -DCMAKE_INSTALL_PREFIX=/home/patrick/ENAE450_tb_ws/install/turtlebot3_gazebo
[4.698s] DEBUG:colcon.colcon_core.event_handler.log_command:Invoking command in '/home/patrick/ENAE450_tb_ws/build/turtlebot3_gazebo': CMAKE_PREFIX_PATH=/opt/ros/humble /usr/bin/cmake --build /home/patrick/ENAE450_tb_ws/build/turtlebot3_gazebo -- -j2 -l2
[17.163s] DEBUG:colcon.colcon_core.event_handler.log_command:Invoked command in '/home/patrick/ENAE450_tb_ws/build/turtlebot3_fake_node' returned '0': CMAKE_PREFIX_PATH=/opt/ros/humble /usr/bin/cmake --build /home/patrick/ENAE450_tb_ws/build/turtlebot3_fake_node -- -j2 -l2
[17.186s] DEBUG:colcon.colcon_core.event_handler.log_command:Invoking command in '/home/patrick/ENAE450_tb_ws/build/turtlebot3_fake_node': CMAKE_PREFIX_PATH=/opt/ros/humble /usr/bin/cmake --install /home/patrick/ENAE450_tb_ws/build/turtlebot3_fake_node
[17.266s] Level 1:colcon.colcon_core.environment:create_environment_scripts_only(turtlebot3_fake_node)
[17.268s] Level 1:colcon.colcon_core.environment:checking '/home/patrick/ENAE450_tb_ws/install/turtlebot3_fake_node' for CMake module files
[17.269s] Level 1:colcon.colcon_core.environment:checking '/home/patrick/ENAE450_tb_ws/install/turtlebot3_fake_node' for CMake config files
[17.269s] Level 1:colcon.colcon_core.shell:create_environment_hook('turtlebot3_fake_node', 'cmake_prefix_path')
[17.269s] INFO:colcon.colcon_core.shell:Creating environment hook '/home/patrick/ENAE450_tb_ws/install/turtlebot3_fake_node/share/turtlebot3_fake_node/hook/cmake_prefix_path.ps1'
[17.270s] DEBUG:colcon.colcon_core.event_handler.log_command:Invoked command in '/home/patrick/ENAE450_tb_ws/build/turtlebot3_fake_node' returned '0': CMAKE_PREFIX_PATH=/opt/ros/humble /usr/bin/cmake --install /home/patrick/ENAE450_tb_ws/build/turtlebot3_fake_node
[17.270s] INFO:colcon.colcon_core.shell:Creating environment descriptor '/home/patrick/ENAE450_tb_ws/install/turtlebot3_fake_node/share/turtlebot3_fake_node/hook/cmake_prefix_path.dsv'
[17.271s] INFO:colcon.colcon_core.shell:Creating environment hook '/home/patrick/ENAE450_tb_ws/install/turtlebot3_fake_node/share/turtlebot3_fake_node/hook/cmake_prefix_path.sh'
[17.272s] Level 1:colcon.colcon_core.environment:checking '/home/patrick/ENAE450_tb_ws/install/turtlebot3_fake_node/lib'
[17.272s] Level 1:colcon.colcon_core.environment:checking '/home/patrick/ENAE450_tb_ws/install/turtlebot3_fake_node/bin'
[17.272s] Level 1:colcon.colcon_core.environment:checking '/home/patrick/ENAE450_tb_ws/install/turtlebot3_fake_node/lib/pkgconfig/turtlebot3_fake_node.pc'
[17.273s] Level 1:colcon.colcon_core.environment:checking '/home/patrick/ENAE450_tb_ws/install/turtlebot3_fake_node/lib/python3.10/site-packages'
[17.273s] Level 1:colcon.colcon_core.environment:checking '/home/patrick/ENAE450_tb_ws/install/turtlebot3_fake_node/bin'
[17.273s] INFO:colcon.colcon_core.shell:Creating package script '/home/patrick/ENAE450_tb_ws/install/turtlebot3_fake_node/share/turtlebot3_fake_node/package.ps1'
[17.307s] INFO:colcon.colcon_core.shell:Creating package descriptor '/home/patrick/ENAE450_tb_ws/install/turtlebot3_fake_node/share/turtlebot3_fake_node/package.dsv'
[17.312s] INFO:colcon.colcon_core.shell:Creating package script '/home/patrick/ENAE450_tb_ws/install/turtlebot3_fake_node/share/turtlebot3_fake_node/package.sh'
[17.313s] INFO:colcon.colcon_core.shell:Creating package script '/home/patrick/ENAE450_tb_ws/install/turtlebot3_fake_node/share/turtlebot3_fake_node/package.bash'
[17.315s] INFO:colcon.colcon_core.shell:Creating package script '/home/patrick/ENAE450_tb_ws/install/turtlebot3_fake_node/share/turtlebot3_fake_node/package.zsh'
[17.316s] Level 1:colcon.colcon_core.environment:create_file_with_runtime_dependencies(/home/patrick/ENAE450_tb_ws/install/turtlebot3_fake_node/share/colcon-core/packages/turtlebot3_fake_node)
[17.318s] Level 1:colcon.colcon_core.environment:create_environment_scripts_only(turtlebot3_fake_node)
[17.318s] Level 1:colcon.colcon_core.environment:checking '/home/patrick/ENAE450_tb_ws/install/turtlebot3_fake_node' for CMake module files
[17.319s] Level 1:colcon.colcon_core.environment:checking '/home/patrick/ENAE450_tb_ws/install/turtlebot3_fake_node' for CMake config files
[17.319s] Level 1:colcon.colcon_core.shell:create_environment_hook('turtlebot3_fake_node', 'cmake_prefix_path')
[17.320s] INFO:colcon.colcon_core.shell:Creating environment hook '/home/patrick/ENAE450_tb_ws/install/turtlebot3_fake_node/share/turtlebot3_fake_node/hook/cmake_prefix_path.ps1'
[17.321s] INFO:colcon.colcon_core.shell:Creating environment descriptor '/home/patrick/ENAE450_tb_ws/install/turtlebot3_fake_node/share/turtlebot3_fake_node/hook/cmake_prefix_path.dsv'
[17.323s] INFO:colcon.colcon_core.shell:Creating environment hook '/home/patrick/ENAE450_tb_ws/install/turtlebot3_fake_node/share/turtlebot3_fake_node/hook/cmake_prefix_path.sh'
[17.324s] Level 1:colcon.colcon_core.environment:checking '/home/patrick/ENAE450_tb_ws/install/turtlebot3_fake_node/lib'
[17.324s] Level 1:colcon.colcon_core.environment:checking '/home/patrick/ENAE450_tb_ws/install/turtlebot3_fake_node/bin'
[17.324s] Level 1:colcon.colcon_core.environment:checking '/home/patrick/ENAE450_tb_ws/install/turtlebot3_fake_node/lib/pkgconfig/turtlebot3_fake_node.pc'
[17.324s] Level 1:colcon.colcon_core.environment:checking '/home/patrick/ENAE450_tb_ws/install/turtlebot3_fake_node/lib/python3.10/site-packages'
[17.325s] Level 1:colcon.colcon_core.environment:checking '/home/patrick/ENAE450_tb_ws/install/turtlebot3_fake_node/bin'
[17.325s] INFO:colcon.colcon_core.shell:Creating package script '/home/patrick/ENAE450_tb_ws/install/turtlebot3_fake_node/share/turtlebot3_fake_node/package.ps1'
[18.314s] INFO:colcon.colcon_core.shell:Creating package descriptor '/home/patrick/ENAE450_tb_ws/install/turtlebot3_fake_node/share/turtlebot3_fake_node/package.dsv'
[18.316s] INFO:colcon.colcon_core.shell:Creating package script '/home/patrick/ENAE450_tb_ws/install/turtlebot3_fake_node/share/turtlebot3_fake_node/package.sh'
[18.318s] INFO:colcon.colcon_core.shell:Creating package script '/home/patrick/ENAE450_tb_ws/install/turtlebot3_fake_node/share/turtlebot3_fake_node/package.bash'
[18.319s] INFO:colcon.colcon_core.shell:Creating package script '/home/patrick/ENAE450_tb_ws/install/turtlebot3_fake_node/share/turtlebot3_fake_node/package.zsh'
[18.321s] Level 1:colcon.colcon_core.environment:create_file_with_runtime_dependencies(/home/patrick/ENAE450_tb_ws/install/turtlebot3_fake_node/share/colcon-core/packages/turtlebot3_fake_node)
[18.322s] INFO:colcon.colcon_ros.task.ament_python.build:Building ROS package in '/home/patrick/ENAE450_tb_ws/src/turtlebot3_controller' with build type 'ament_python'
[18.322s] Level 1:colcon.colcon_core.shell:create_environment_hook('turtlebot3_controller', 'ament_prefix_path')
[18.323s] INFO:colcon.colcon_core.shell:Creating environment hook '/home/patrick/ENAE450_tb_ws/install/turtlebot3_controller/share/turtlebot3_controller/hook/ament_prefix_path.ps1'
[18.327s] INFO:colcon.colcon_core.shell:Creating environment descriptor '/home/patrick/ENAE450_tb_ws/install/turtlebot3_controller/share/turtlebot3_controller/hook/ament_prefix_path.dsv'
[18.327s] INFO:colcon.colcon_core.shell:Creating environment hook '/home/patrick/ENAE450_tb_ws/install/turtlebot3_controller/share/turtlebot3_controller/hook/ament_prefix_path.sh'
[18.328s] INFO:colcon.colcon_core.shell:Skip shell extension 'powershell' for command environment: Not usable outside of PowerShell
[18.328s] DEBUG:colcon.colcon_core.shell:Skip shell extension 'dsv' for command environment
[19.814s] INFO:colcon.colcon_core.task.python.build:Building Python package in '/home/patrick/ENAE450_tb_ws/src/turtlebot3_controller'
[19.814s] INFO:colcon.colcon_core.shell:Skip shell extension 'powershell' for command environment: Not usable outside of PowerShell
[19.814s] DEBUG:colcon.colcon_core.shell:Skip shell extension 'dsv' for command environment
[20.506s] DEBUG:colcon.colcon_core.event_handler.log_command:Invoking command in '/home/patrick/ENAE450_tb_ws/src/turtlebot3_controller': PYTHONPATH=/home/patrick/ENAE450_tb_ws/build/turtlebot3_controller/prefix_override:/usr/lib/python3/dist-packages/colcon_core/task/python/colcon_distutils_commands:/home/patrick/ENAE450_tb_ws/install/turtlebot3_controller/lib/python3.10/site-packages:${PYTHONPATH} /usr/bin/python3 -W ignore:setup.py install is deprecated -W ignore:easy_install command is deprecated setup.py egg_info --egg-base ../../build/turtlebot3_controller build --build-base /home/patrick/ENAE450_tb_ws/build/turtlebot3_controller/build install --record /home/patrick/ENAE450_tb_ws/build/turtlebot3_controller/install.log --single-version-externally-managed install_data
[20.789s] Level 1:colcon.colcon_core.environment:checking '/home/patrick/ENAE450_tb_ws/install/turtlebot3_controller' for CMake module files
[20.790s] Level 1:colcon.colcon_core.environment:checking '/home/patrick/ENAE450_tb_ws/install/turtlebot3_controller' for CMake config files
[20.790s] Level 1:colcon.colcon_core.environment:checking '/home/patrick/ENAE450_tb_ws/install/turtlebot3_controller/lib'
[20.790s] Level 1:colcon.colcon_core.environment:checking '/home/patrick/ENAE450_tb_ws/install/turtlebot3_controller/bin'
[20.790s] Level 1:colcon.colcon_core.environment:checking '/home/patrick/ENAE450_tb_ws/install/turtlebot3_controller/lib/pkgconfig/turtlebot3_controller.pc'
[20.791s] Level 1:colcon.colcon_core.environment:checking '/home/patrick/ENAE450_tb_ws/install/turtlebot3_controller/lib/python3.10/site-packages'
[20.791s] Level 1:colcon.colcon_core.shell:create_environment_hook('turtlebot3_controller', 'pythonpath')
[20.791s] INFO:colcon.colcon_core.shell:Creating environment hook '/home/patrick/ENAE450_tb_ws/install/turtlebot3_controller/share/turtlebot3_controller/hook/pythonpath.ps1'
[20.791s] INFO:colcon.colcon_core.shell:Creating environment descriptor '/home/patrick/ENAE450_tb_ws/install/turtlebot3_controller/share/turtlebot3_controller/hook/pythonpath.dsv'
[20.792s] INFO:colcon.colcon_core.shell:Creating environment hook '/home/patrick/ENAE450_tb_ws/install/turtlebot3_controller/share/turtlebot3_controller/hook/pythonpath.sh'
[20.792s] Level 1:colcon.colcon_core.environment:checking '/home/patrick/ENAE450_tb_ws/install/turtlebot3_controller/bin'
[20.792s] Level 1:colcon.colcon_core.environment:create_environment_scripts_only(turtlebot3_controller)
[20.792s] INFO:colcon.colcon_core.shell:Creating package script '/home/patrick/ENAE450_tb_ws/install/turtlebot3_controller/share/turtlebot3_controller/package.ps1'
[20.793s] INFO:colcon.colcon_core.shell:Creating package descriptor '/home/patrick/ENAE450_tb_ws/install/turtlebot3_controller/share/turtlebot3_controller/package.dsv'
[20.793s] DEBUG:colcon.colcon_core.event_handler.log_command:Invoked command in '/home/patrick/ENAE450_tb_ws/src/turtlebot3_controller' returned '0': PYTHONPATH=/home/patrick/ENAE450_tb_ws/build/turtlebot3_controller/prefix_override:/usr/lib/python3/dist-packages/colcon_core/task/python/colcon_distutils_commands:/home/patrick/ENAE450_tb_ws/install/turtlebot3_controller/lib/python3.10/site-packages:${PYTHONPATH} /usr/bin/python3 -W ignore:setup.py install is deprecated -W ignore:easy_install command is deprecated setup.py egg_info --egg-base ../../build/turtlebot3_controller build --build-base /home/patrick/ENAE450_tb_ws/build/turtlebot3_controller/build install --record /home/patrick/ENAE450_tb_ws/build/turtlebot3_controller/install.log --single-version-externally-managed install_data
[20.794s] INFO:colcon.colcon_core.shell:Creating package script '/home/patrick/ENAE450_tb_ws/install/turtlebot3_controller/share/turtlebot3_controller/package.sh'
[20.794s] INFO:colcon.colcon_core.shell:Creating package script '/home/patrick/ENAE450_tb_ws/install/turtlebot3_controller/share/turtlebot3_controller/package.bash'
[20.794s] INFO:colcon.colcon_core.shell:Creating package script '/home/patrick/ENAE450_tb_ws/install/turtlebot3_controller/share/turtlebot3_controller/package.zsh'
[20.795s] Level 1:colcon.colcon_core.environment:create_file_with_runtime_dependencies(/home/patrick/ENAE450_tb_ws/install/turtlebot3_controller/share/colcon-core/packages/turtlebot3_controller)
[56.404s] DEBUG:colcon.colcon_core.event_handler.log_command:Invoked command in '/home/patrick/ENAE450_tb_ws/build/turtlebot3_gazebo' returned '0': CMAKE_PREFIX_PATH=/opt/ros/humble /usr/bin/cmake --build /home/patrick/ENAE450_tb_ws/build/turtlebot3_gazebo -- -j2 -l2
[56.407s] DEBUG:colcon.colcon_core.event_handler.log_command:Invoking command in '/home/patrick/ENAE450_tb_ws/build/turtlebot3_gazebo': CMAKE_PREFIX_PATH=/opt/ros/humble /usr/bin/cmake --install /home/patrick/ENAE450_tb_ws/build/turtlebot3_gazebo
[56.510s] Level 1:colcon.colcon_core.environment:create_environment_scripts_only(turtlebot3_gazebo)
[56.510s] Level 1:colcon.colcon_core.environment:checking '/home/patrick/ENAE450_tb_ws/install/turtlebot3_gazebo' for CMake module files
[56.511s] Level 1:colcon.colcon_core.environment:checking '/home/patrick/ENAE450_tb_ws/install/turtlebot3_gazebo' for CMake config files
[56.511s] DEBUG:colcon.colcon_core.event_handler.log_command:Invoked command in '/home/patrick/ENAE450_tb_ws/build/turtlebot3_gazebo' returned '0': CMAKE_PREFIX_PATH=/opt/ros/humble /usr/bin/cmake --install /home/patrick/ENAE450_tb_ws/build/turtlebot3_gazebo
[56.513s] Level 1:colcon.colcon_core.shell:create_environment_hook('turtlebot3_gazebo', 'cmake_prefix_path')
[56.513s] INFO:colcon.colcon_core.shell:Creating environment hook '/home/patrick/ENAE450_tb_ws/install/turtlebot3_gazebo/share/turtlebot3_gazebo/hook/cmake_prefix_path.ps1'
[56.513s] INFO:colcon.colcon_core.shell:Creating environment descriptor '/home/patrick/ENAE450_tb_ws/install/turtlebot3_gazebo/share/turtlebot3_gazebo/hook/cmake_prefix_path.dsv'
[56.513s] INFO:colcon.colcon_core.shell:Creating environment hook '/home/patrick/ENAE450_tb_ws/install/turtlebot3_gazebo/share/turtlebot3_gazebo/hook/cmake_prefix_path.sh'
[56.514s] Level 1:colcon.colcon_core.environment:checking '/home/patrick/ENAE450_tb_ws/install/turtlebot3_gazebo/lib'
[56.514s] Level 1:colcon.colcon_core.environment:checking '/home/patrick/ENAE450_tb_ws/install/turtlebot3_gazebo/bin'
[56.514s] Level 1:colcon.colcon_core.environment:checking '/home/patrick/ENAE450_tb_ws/install/turtlebot3_gazebo/lib/pkgconfig/turtlebot3_gazebo.pc'
[56.514s] Level 1:colcon.colcon_core.environment:checking '/home/patrick/ENAE450_tb_ws/install/turtlebot3_gazebo/lib/python3.10/site-packages'
[56.515s] Level 1:colcon.colcon_core.environment:checking '/home/patrick/ENAE450_tb_ws/install/turtlebot3_gazebo/bin'
[56.515s] INFO:colcon.colcon_core.shell:Creating package script '/home/patrick/ENAE450_tb_ws/install/turtlebot3_gazebo/share/turtlebot3_gazebo/package.ps1'
[56.515s] INFO:colcon.colcon_core.shell:Creating package descriptor '/home/patrick/ENAE450_tb_ws/install/turtlebot3_gazebo/share/turtlebot3_gazebo/package.dsv'
[56.516s] INFO:colcon.colcon_core.shell:Creating package script '/home/patrick/ENAE450_tb_ws/install/turtlebot3_gazebo/share/turtlebot3_gazebo/package.sh'
[56.517s] INFO:colcon.colcon_core.shell:Creating package script '/home/patrick/ENAE450_tb_ws/install/turtlebot3_gazebo/share/turtlebot3_gazebo/package.bash'
[56.517s] INFO:colcon.colcon_core.shell:Creating package script '/home/patrick/ENAE450_tb_ws/install/turtlebot3_gazebo/share/turtlebot3_gazebo/package.zsh'
[56.517s] Level 1:colcon.colcon_core.environment:create_file_with_runtime_dependencies(/home/patrick/ENAE450_tb_ws/install/turtlebot3_gazebo/share/colcon-core/packages/turtlebot3_gazebo)
[56.518s] Level 1:colcon.colcon_core.environment:create_environment_scripts_only(turtlebot3_gazebo)
[56.518s] Level 1:colcon.colcon_core.environment:checking '/home/patrick/ENAE450_tb_ws/install/turtlebot3_gazebo' for CMake module files
[56.519s] Level 1:colcon.colcon_core.environment:checking '/home/patrick/ENAE450_tb_ws/install/turtlebot3_gazebo' for CMake config files
[56.519s] Level 1:colcon.colcon_core.shell:create_environment_hook('turtlebot3_gazebo', 'cmake_prefix_path')
[56.519s] INFO:colcon.colcon_core.shell:Creating environment hook '/home/patrick/ENAE450_tb_ws/install/turtlebot3_gazebo/share/turtlebot3_gazebo/hook/cmake_prefix_path.ps1'
[56.520s] INFO:colcon.colcon_core.shell:Creating environment descriptor '/home/patrick/ENAE450_tb_ws/install/turtlebot3_gazebo/share/turtlebot3_gazebo/hook/cmake_prefix_path.dsv'
[56.521s] INFO:colcon.colcon_core.shell:Creating environment hook '/home/patrick/ENAE450_tb_ws/install/turtlebot3_gazebo/share/turtlebot3_gazebo/hook/cmake_prefix_path.sh'
[56.522s] Level 1:colcon.colcon_core.environment:checking '/home/patrick/ENAE450_tb_ws/install/turtlebot3_gazebo/lib'
[56.522s] Level 1:colcon.colcon_core.environment:checking '/home/patrick/ENAE450_tb_ws/install/turtlebot3_gazebo/bin'
[56.522s] Level 1:colcon.colcon_core.environment:checking '/home/patrick/ENAE450_tb_ws/install/turtlebot3_gazebo/lib/pkgconfig/turtlebot3_gazebo.pc'
[56.522s] Level 1:colcon.colcon_core.environment:checking '/home/patrick/ENAE450_tb_ws/install/turtlebot3_gazebo/lib/python3.10/site-packages'
[56.522s] Level 1:colcon.colcon_core.environment:checking '/home/patrick/ENAE450_tb_ws/install/turtlebot3_gazebo/bin'
[56.522s] INFO:colcon.colcon_core.shell:Creating package script '/home/patrick/ENAE450_tb_ws/install/turtlebot3_gazebo/share/turtlebot3_gazebo/package.ps1'
[56.523s] INFO:colcon.colcon_core.shell:Creating package descriptor '/home/patrick/ENAE450_tb_ws/install/turtlebot3_gazebo/share/turtlebot3_gazebo/package.dsv'
[56.525s] INFO:colcon.colcon_core.shell:Creating package script '/home/patrick/ENAE450_tb_ws/install/turtlebot3_gazebo/share/turtlebot3_gazebo/package.sh'
[56.525s] INFO:colcon.colcon_core.shell:Creating package script '/home/patrick/ENAE450_tb_ws/install/turtlebot3_gazebo/share/turtlebot3_gazebo/package.bash'
[56.526s] INFO:colcon.colcon_core.shell:Creating package script '/home/patrick/ENAE450_tb_ws/install/turtlebot3_gazebo/share/turtlebot3_gazebo/package.zsh'
[56.527s] Level 1:colcon.colcon_core.environment:create_file_with_runtime_dependencies(/home/patrick/ENAE450_tb_ws/install/turtlebot3_gazebo/share/colcon-core/packages/turtlebot3_gazebo)
[56.528s] INFO:colcon.colcon_ros.task.ament_cmake.build:Building ROS package in '/home/patrick/ENAE450_tb_ws/src/turtlebot3_simulations/turtlebot3_simulations' with build type 'ament_cmake'
[56.529s] INFO:colcon.colcon_cmake.task.cmake.build:Building CMake package in '/home/patrick/ENAE450_tb_ws/src/turtlebot3_simulations/turtlebot3_simulations'
[56.529s] INFO:colcon.colcon_core.shell:Skip shell extension 'powershell' for command environment: Not usable outside of PowerShell
[56.529s] DEBUG:colcon.colcon_core.shell:Skip shell extension 'dsv' for command environment
[56.546s] DEBUG:colcon.colcon_core.event_handler.log_command:Invoking command in '/home/patrick/ENAE450_tb_ws/build/turtlebot3_simulations': AMENT_PREFIX_PATH=/home/patrick/ENAE450_tb_ws/install/turtlebot3_gazebo:/home/patrick/ENAE450_tb_ws/install/turtlebot3_fake_node:${AMENT_PREFIX_PATH} CMAKE_PREFIX_PATH=/home/patrick/ENAE450_tb_ws/install/turtlebot3_gazebo:/home/patrick/ENAE450_tb_ws/install/turtlebot3_fake_node:/opt/ros/humble /usr/bin/cmake /home/patrick/ENAE450_tb_ws/src/turtlebot3_simulations/turtlebot3_simulations -DCMAKE_INSTALL_PREFIX=/home/patrick/ENAE450_tb_ws/install/turtlebot3_simulations
[57.305s] DEBUG:colcon.colcon_core.event_handler.log_command:Invoked command in '/home/patrick/ENAE450_tb_ws/build/turtlebot3_simulations' returned '0': AMENT_PREFIX_PATH=/home/patrick/ENAE450_tb_ws/install/turtlebot3_gazebo:/home/patrick/ENAE450_tb_ws/install/turtlebot3_fake_node:${AMENT_PREFIX_PATH} CMAKE_PREFIX_PATH=/home/patrick/ENAE450_tb_ws/install/turtlebot3_gazebo:/home/patrick/ENAE450_tb_ws/install/turtlebot3_fake_node:/opt/ros/humble /usr/bin/cmake /home/patrick/ENAE450_tb_ws/src/turtlebot3_simulations/turtlebot3_simulations -DCMAKE_INSTALL_PREFIX=/home/patrick/ENAE450_tb_ws/install/turtlebot3_simulations
[57.309s] DEBUG:colcon.colcon_core.event_handler.log_command:Invoking command in '/home/patrick/ENAE450_tb_ws/build/turtlebot3_simulations': AMENT_PREFIX_PATH=/home/patrick/ENAE450_tb_ws/install/turtlebot3_gazebo:/home/patrick/ENAE450_tb_ws/install/turtlebot3_fake_node:${AMENT_PREFIX_PATH} CMAKE_PREFIX_PATH=/home/patrick/ENAE450_tb_ws/install/turtlebot3_gazebo:/home/patrick/ENAE450_tb_ws/install/turtlebot3_fake_node:/opt/ros/humble /usr/bin/cmake --build /home/patrick/ENAE450_tb_ws/build/turtlebot3_simulations -- -j2 -l2
[57.367s] DEBUG:colcon.colcon_core.event_handler.log_command:Invoked command in '/home/patrick/ENAE450_tb_ws/build/turtlebot3_simulations' returned '0': AMENT_PREFIX_PATH=/home/patrick/ENAE450_tb_ws/install/turtlebot3_gazebo:/home/patrick/ENAE450_tb_ws/install/turtlebot3_fake_node:${AMENT_PREFIX_PATH} CMAKE_PREFIX_PATH=/home/patrick/ENAE450_tb_ws/install/turtlebot3_gazebo:/home/patrick/ENAE450_tb_ws/install/turtlebot3_fake_node:/opt/ros/humble /usr/bin/cmake --build /home/patrick/ENAE450_tb_ws/build/turtlebot3_simulations -- -j2 -l2
[57.369s] DEBUG:colcon.colcon_core.event_handler.log_command:Invoking command in '/home/patrick/ENAE450_tb_ws/build/turtlebot3_simulations': AMENT_PREFIX_PATH=/home/patrick/ENAE450_tb_ws/install/turtlebot3_gazebo:/home/patrick/ENAE450_tb_ws/install/turtlebot3_fake_node:${AMENT_PREFIX_PATH} CMAKE_PREFIX_PATH=/home/patrick/ENAE450_tb_ws/install/turtlebot3_gazebo:/home/patrick/ENAE450_tb_ws/install/turtlebot3_fake_node:/opt/ros/humble /usr/bin/cmake --install /home/patrick/ENAE450_tb_ws/build/turtlebot3_simulations
[57.393s] Level 1:colcon.colcon_core.environment:create_environment_scripts_only(turtlebot3_simulations)
[57.394s] Level 1:colcon.colcon_core.environment:checking '/home/patrick/ENAE450_tb_ws/install/turtlebot3_simulations' for CMake module files
[57.394s] DEBUG:colcon.colcon_core.event_handler.log_command:Invoked command in '/home/patrick/ENAE450_tb_ws/build/turtlebot3_simulations' returned '0': AMENT_PREFIX_PATH=/home/patrick/ENAE450_tb_ws/install/turtlebot3_gazebo:/home/patrick/ENAE450_tb_ws/install/turtlebot3_fake_node:${AMENT_PREFIX_PATH} CMAKE_PREFIX_PATH=/home/patrick/ENAE450_tb_ws/install/turtlebot3_gazebo:/home/patrick/ENAE450_tb_ws/install/turtlebot3_fake_node:/opt/ros/humble /usr/bin/cmake --install /home/patrick/ENAE450_tb_ws/build/turtlebot3_simulations
[57.395s] Level 1:colcon.colcon_core.environment:checking '/home/patrick/ENAE450_tb_ws/install/turtlebot3_simulations' for CMake config files
[57.395s] Level 1:colcon.colcon_core.shell:create_environment_hook('turtlebot3_simulations', 'cmake_prefix_path')
[57.395s] INFO:colcon.colcon_core.shell:Creating environment hook '/home/patrick/ENAE450_tb_ws/install/turtlebot3_simulations/share/turtlebot3_simulations/hook/cmake_prefix_path.ps1'
[57.396s] INFO:colcon.colcon_core.shell:Creating environment descriptor '/home/patrick/ENAE450_tb_ws/install/turtlebot3_simulations/share/turtlebot3_simulations/hook/cmake_prefix_path.dsv'
[57.396s] INFO:colcon.colcon_core.shell:Creating environment hook '/home/patrick/ENAE450_tb_ws/install/turtlebot3_simulations/share/turtlebot3_simulations/hook/cmake_prefix_path.sh'
[57.396s] Level 1:colcon.colcon_core.environment:checking '/home/patrick/ENAE450_tb_ws/install/turtlebot3_simulations/bin'
[57.397s] Level 1:colcon.colcon_core.environment:checking '/home/patrick/ENAE450_tb_ws/install/turtlebot3_simulations/lib/pkgconfig/turtlebot3_simulations.pc'
[57.397s] Level 1:colcon.colcon_core.environment:checking '/home/patrick/ENAE450_tb_ws/install/turtlebot3_simulations/lib/python3.10/site-packages'
[57.397s] Level 1:colcon.colcon_core.environment:checking '/home/patrick/ENAE450_tb_ws/install/turtlebot3_simulations/bin'
[57.397s] INFO:colcon.colcon_core.shell:Creating package script '/home/patrick/ENAE450_tb_ws/install/turtlebot3_simulations/share/turtlebot3_simulations/package.ps1'
[57.397s] INFO:colcon.colcon_core.shell:Creating package descriptor '/home/patrick/ENAE450_tb_ws/install/turtlebot3_simulations/share/turtlebot3_simulations/package.dsv'
[57.398s] INFO:colcon.colcon_core.shell:Creating package script '/home/patrick/ENAE450_tb_ws/install/turtlebot3_simulations/share/turtlebot3_simulations/package.sh'
[57.399s] INFO:colcon.colcon_core.shell:Creating package script '/home/patrick/ENAE450_tb_ws/install/turtlebot3_simulations/share/turtlebot3_simulations/package.bash'
[57.399s] INFO:colcon.colcon_core.shell:Creating package script '/home/patrick/ENAE450_tb_ws/install/turtlebot3_simulations/share/turtlebot3_simulations/package.zsh'
[57.399s] Level 1:colcon.colcon_core.environment:create_file_with_runtime_dependencies(/home/patrick/ENAE450_tb_ws/install/turtlebot3_simulations/share/colcon-core/packages/turtlebot3_simulations)
[57.400s] Level 1:colcon.colcon_core.environment:create_environment_scripts_only(turtlebot3_simulations)
[57.400s] Level 1:colcon.colcon_core.environment:checking '/home/patrick/ENAE450_tb_ws/install/turtlebot3_simulations' for CMake module files
[57.400s] Level 1:colcon.colcon_core.environment:checking '/home/patrick/ENAE450_tb_ws/install/turtlebot3_simulations' for CMake config files
[57.400s] Level 1:colcon.colcon_core.shell:create_environment_hook('turtlebot3_simulations', 'cmake_prefix_path')
[57.400s] INFO:colcon.colcon_core.shell:Creating environment hook '/home/patrick/ENAE450_tb_ws/install/turtlebot3_simulations/share/turtlebot3_simulations/hook/cmake_prefix_path.ps1'
[57.401s] INFO:colcon.colcon_core.shell:Creating environment descriptor '/home/patrick/ENAE450_tb_ws/install/turtlebot3_simulations/share/turtlebot3_simulations/hook/cmake_prefix_path.dsv'
[57.402s] INFO:colcon.colcon_core.shell:Creating environment hook '/home/patrick/ENAE450_tb_ws/install/turtlebot3_simulations/share/turtlebot3_simulations/hook/cmake_prefix_path.sh'
[57.403s] Level 1:colcon.colcon_core.environment:checking '/home/patrick/ENAE450_tb_ws/install/turtlebot3_simulations/bin'
[57.403s] Level 1:colcon.colcon_core.environment:checking '/home/patrick/ENAE450_tb_ws/install/turtlebot3_simulations/lib/pkgconfig/turtlebot3_simulations.pc'
[57.404s] Level 1:colcon.colcon_core.environment:checking '/home/patrick/ENAE450_tb_ws/install/turtlebot3_simulations/lib/python3.10/site-packages'
[57.404s] Level 1:colcon.colcon_core.environment:checking '/home/patrick/ENAE450_tb_ws/install/turtlebot3_simulations/bin'
[57.404s] INFO:colcon.colcon_core.shell:Creating package script '/home/patrick/ENAE450_tb_ws/install/turtlebot3_simulations/share/turtlebot3_simulations/package.ps1'
[57.405s] INFO:colcon.colcon_core.shell:Creating package descriptor '/home/patrick/ENAE450_tb_ws/install/turtlebot3_simulations/share/turtlebot3_simulations/package.dsv'
[57.406s] INFO:colcon.colcon_core.shell:Creating package script '/home/patrick/ENAE450_tb_ws/install/turtlebot3_simulations/share/turtlebot3_simulations/package.sh'
[57.407s] INFO:colcon.colcon_core.shell:Creating package script '/home/patrick/ENAE450_tb_ws/install/turtlebot3_simulations/share/turtlebot3_simulations/package.bash'
[57.408s] INFO:colcon.colcon_core.shell:Creating package script '/home/patrick/ENAE450_tb_ws/install/turtlebot3_simulations/share/turtlebot3_simulations/package.zsh'
[57.409s] Level 1:colcon.colcon_core.environment:create_file_with_runtime_dependencies(/home/patrick/ENAE450_tb_ws/install/turtlebot3_simulations/share/colcon-core/packages/turtlebot3_simulations)
[57.410s] DEBUG:colcon.colcon_parallel_executor.executor.parallel:closing loop
[57.410s] DEBUG:colcon.colcon_parallel_executor.executor.parallel:loop closed
[57.410s] DEBUG:colcon.colcon_parallel_executor.executor.parallel:run_until_complete finished with '0'
[57.410s] DEBUG:colcon.colcon_core.event_reactor:joining thread
[57.417s] INFO:colcon.colcon_core.plugin_system:Skipping extension 'colcon_notification.desktop_notification.terminal_notifier': Not used on non-Darwin systems
[57.417s] INFO:colcon.colcon_core.plugin_system:Skipping extension 'colcon_notification.desktop_notification.win32': Not used on non-Windows systems
[57.417s] INFO:colcon.colcon_notification.desktop_notification:Sending desktop notification using 'notify2'
[57.435s] DEBUG:colcon.colcon_core.event_reactor:joined thread
[57.436s] INFO:colcon.colcon_core.shell:Creating prefix script '/home/patrick/ENAE450_tb_ws/install/local_setup.ps1'
[57.437s] INFO:colcon.colcon_core.shell:Creating prefix util module '/home/patrick/ENAE450_tb_ws/install/_local_setup_util_ps1.py'
[57.438s] INFO:colcon.colcon_core.shell:Creating prefix chain script '/home/patrick/ENAE450_tb_ws/install/setup.ps1'
[57.438s] INFO:colcon.colcon_core.shell:Creating prefix script '/home/patrick/ENAE450_tb_ws/install/local_setup.sh'
[57.439s] INFO:colcon.colcon_core.shell:Creating prefix util module '/home/patrick/ENAE450_tb_ws/install/_local_setup_util_sh.py'
[57.440s] INFO:colcon.colcon_core.shell:Creating prefix chain script '/home/patrick/ENAE450_tb_ws/install/setup.sh'
[57.440s] INFO:colcon.colcon_core.shell:Creating prefix script '/home/patrick/ENAE450_tb_ws/install/local_setup.bash'
[57.441s] INFO:colcon.colcon_core.shell:Creating prefix chain script '/home/patrick/ENAE450_tb_ws/install/setup.bash'
[57.441s] INFO:colcon.colcon_core.shell:Creating prefix script '/home/patrick/ENAE450_tb_ws/install/local_setup.zsh'
[57.442s] INFO:colcon.colcon_core.shell:Creating prefix chain script '/home/patrick/ENAE450_tb_ws/install/setup.zsh'
