[0.034s] Invoking command in '/home/mikolaj/ENAE450_tb_ws/build/turtlebot3_msgs': CMAKE_PREFIX_PATH=${CMAKE_PREFIX_PATH}:/home/mikolaj/ENAE450_tb_ws/install/turtlebot3_controller:/opt/ros/humble /usr/bin/cmake /home/mikolaj/ENAE450_tb_ws/src/turtlebot3_msgs -DCMAKE_INSTALL_PREFIX=/home/mikolaj/ENAE450_tb_ws/install/turtlebot3_msgs
[0.093s] -- The C compiler identification is GNU 11.4.0
[0.153s] -- The CXX compiler identification is GNU 11.4.0
[0.160s] -- Detecting C compiler ABI info
[0.240s] -- Detecting C compiler ABI info - done
[0.248s] -- Check for working C compiler: /usr/bin/cc - skipped
[0.249s] -- Detecting C compile features
[0.249s] -- Detecting C compile features - done
[0.252s] -- Detecting CXX compiler ABI info
[0.340s] -- Detecting CXX compiler ABI info - done
[0.349s] -- Check for working CXX compiler: /usr/bin/c++ - skipped
[0.349s] -- Detecting CXX compile features
[0.350s] -- Detecting CXX compile features - done
[0.351s] -- Found action_msgs: 1.2.1 (/opt/ros/humble/share/action_msgs/cmake)
[0.506s] -- Found Python3: /usr/bin/python3 (found version "3.10.12") found components: Interpreter 
[0.626s] -- Found rosidl_generator_c: 3.1.6 (/opt/ros/humble/share/rosidl_generator_c/cmake)
[0.631s] -- Found rosidl_adapter: 3.1.6 (/opt/ros/humble/share/rosidl_adapter/cmake)
[0.639s] -- Found rosidl_generator_cpp: 3.1.6 (/opt/ros/humble/share/rosidl_generator_cpp/cmake)
[0.656s] -- Using all available rosidl_typesupport_c: rosidl_typesupport_fastrtps_c;rosidl_typesupport_introspection_c
[0.669s] -- Using all available rosidl_typesupport_cpp: rosidl_typesupport_fastrtps_cpp;rosidl_typesupport_introspection_cpp
[0.709s] -- Found rosidl_default_generators: 1.2.0 (/opt/ros/humble/share/rosidl_default_generators/cmake)
[0.719s] -- Found std_msgs: 4.2.4 (/opt/ros/humble/share/std_msgs/cmake)
[0.733s] -- Found geometry_msgs: 4.2.4 (/opt/ros/humble/share/geometry_msgs/cmake)
[1.302s] -- Found ament_cmake_cppcheck: 0.12.11 (/opt/ros/humble/share/ament_cmake_cppcheck/cmake)
[1.305s] -- Found ament_cmake_cpplint: 0.12.11 (/opt/ros/humble/share/ament_cmake_cpplint/cmake)
[1.309s] -- Found ament_cmake_uncrustify: 0.12.11 (/opt/ros/humble/share/ament_cmake_uncrustify/cmake)
[1.320s] -- Found ament_cmake_ros: 0.10.0 (/opt/ros/humble/share/ament_cmake_ros/cmake)
[1.882s] -- Using all available rosidl_typesupport_c: rosidl_typesupport_fastrtps_c;rosidl_typesupport_introspection_c
[2.121s] -- Using all available rosidl_typesupport_cpp: rosidl_typesupport_fastrtps_cpp;rosidl_typesupport_introspection_cpp
[2.152s] -- Found PythonInterp: /usr/bin/python3 (found suitable version "3.10.12", minimum required is "3.6") 
[2.154s] -- Found python_cmake_module: 0.10.0 (/opt/ros/humble/share/python_cmake_module/cmake)
[2.182s] -- Found PythonLibs: /usr/lib/x86_64-linux-gnu/libpython3.10.so (found suitable version "3.10.12", minimum required is "3.5") 
[2.183s] -- Using PYTHON_EXECUTABLE: /usr/bin/python3
[2.183s] -- Using PYTHON_INCLUDE_DIRS: /usr/include/python3.10
[2.183s] -- Using PYTHON_LIBRARIES: /usr/lib/x86_64-linux-gnu/libpython3.10.so
[2.207s] -- Found PythonExtra: .so  
[2.295s] -- Found ament_cmake_flake8: 0.12.11 (/opt/ros/humble/share/ament_cmake_flake8/cmake)
[2.298s] -- Found ament_cmake_pep257: 0.12.11 (/opt/ros/humble/share/ament_cmake_pep257/cmake)
[2.306s] -- Configuring done
[2.380s] -- Generating done
[2.396s] -- Build files have been written to: /home/mikolaj/ENAE450_tb_ws/build/turtlebot3_msgs
[2.411s] Invoked command in '/home/mikolaj/ENAE450_tb_ws/build/turtlebot3_msgs' returned '0': CMAKE_PREFIX_PATH=${CMAKE_PREFIX_PATH}:/home/mikolaj/ENAE450_tb_ws/install/turtlebot3_controller:/opt/ros/humble /usr/bin/cmake /home/mikolaj/ENAE450_tb_ws/src/turtlebot3_msgs -DCMAKE_INSTALL_PREFIX=/home/mikolaj/ENAE450_tb_ws/install/turtlebot3_msgs
[2.417s] Invoking command in '/home/mikolaj/ENAE450_tb_ws/build/turtlebot3_msgs': CMAKE_PREFIX_PATH=${CMAKE_PREFIX_PATH}:/home/mikolaj/ENAE450_tb_ws/install/turtlebot3_controller:/opt/ros/humble /usr/bin/cmake --build /home/mikolaj/ENAE450_tb_ws/build/turtlebot3_msgs -- -j8 -l8
[2.477s] [  1%] [34m[1mGenerating C code for ROS interfaces[0m
[2.515s] [  2%] [34m[1mGenerating C++ code for ROS interfaces[0m
[2.552s] [  2%] Built target ament_cmake_python_copy_turtlebot3_msgs
[3.252s] running egg_info
[3.252s] creating turtlebot3_msgs.egg-info
[3.252s] writing turtlebot3_msgs.egg-info/PKG-INFO
[3.252s] writing dependency_links to turtlebot3_msgs.egg-info/dependency_links.txt
[3.252s] writing top-level names to turtlebot3_msgs.egg-info/top_level.txt
[3.252s] writing manifest file 'turtlebot3_msgs.egg-info/SOURCES.txt'
[3.253s] reading manifest file 'turtlebot3_msgs.egg-info/SOURCES.txt'
[3.253s] writing manifest file 'turtlebot3_msgs.egg-info/SOURCES.txt'
[3.304s] [  2%] Built target ament_cmake_python_build_turtlebot3_msgs_egg
[4.735s] [  4%] [32mBuilding C object CMakeFiles/turtlebot3_msgs__rosidl_generator_c.dir/rosidl_generator_c/turtlebot3_msgs/msg/detail/sensor_state__functions.c.o[0m
[4.749s] [  5%] [32mBuilding C object CMakeFiles/turtlebot3_msgs__rosidl_generator_c.dir/rosidl_generator_c/turtlebot3_msgs/msg/detail/version_info__functions.c.o[0m
[4.757s] [  8%] [32mBuilding C object CMakeFiles/turtlebot3_msgs__rosidl_generator_c.dir/rosidl_generator_c/turtlebot3_msgs/srv/detail/dqn__functions.c.o[0m
[4.761s] [  8%] [32mBuilding C object CMakeFiles/turtlebot3_msgs__rosidl_generator_c.dir/rosidl_generator_c/turtlebot3_msgs/srv/detail/sound__functions.c.o[0m
[4.762s] [  9%] [32mBuilding C object CMakeFiles/turtlebot3_msgs__rosidl_generator_c.dir/rosidl_generator_c/turtlebot3_msgs/action/detail/patrol__functions.c.o[0m
[4.772s] [ 11%] [32mBuilding C object CMakeFiles/turtlebot3_msgs__rosidl_generator_c.dir/rosidl_generator_c/turtlebot3_msgs/msg/detail/sound__functions.c.o[0m
[5.024s] [ 11%] Built target turtlebot3_msgs__cpp
[5.038s] [ 12%] [32m[1mLinking C shared library libturtlebot3_msgs__rosidl_generator_c.so[0m
[5.049s] [ 14%] [34m[1mGenerating C++ type support dispatch for ROS interfaces[0m
[5.058s] [ 15%] [34m[1mGenerating C++ type support for eProsima Fast-RTPS[0m
[5.061s] [ 16%] [34m[1mGenerating C++ introspection for ROS interfaces[0m
[5.134s] [ 16%] Built target turtlebot3_msgs__rosidl_generator_c
[5.173s] [ 18%] [34m[1mGenerating C introspection for ROS interfaces[0m
[5.174s] [ 19%] [34m[1mGenerating C type support for eProsima Fast-RTPS[0m
[5.189s] [ 21%] [34m[1mGenerating C type support dispatch for ROS interfaces[0m
[6.366s] [ 22%] [32mBuilding CXX object CMakeFiles/turtlebot3_msgs__rosidl_typesupport_cpp.dir/rosidl_typesupport_cpp/turtlebot3_msgs/msg/sensor_state__type_support.cpp.o[0m
[6.374s] [ 25%] [32mBuilding CXX object CMakeFiles/turtlebot3_msgs__rosidl_typesupport_cpp.dir/rosidl_typesupport_cpp/turtlebot3_msgs/msg/sound__type_support.cpp.o[0m
[6.374s] [ 25%] [32mBuilding CXX object CMakeFiles/turtlebot3_msgs__rosidl_typesupport_cpp.dir/rosidl_typesupport_cpp/turtlebot3_msgs/msg/version_info__type_support.cpp.o[0m
[6.913s] [ 26%] [32mBuilding CXX object CMakeFiles/turtlebot3_msgs__rosidl_typesupport_cpp.dir/rosidl_typesupport_cpp/turtlebot3_msgs/srv/sound__type_support.cpp.o[0m
[7.060s] [ 28%] [32mBuilding CXX object CMakeFiles/turtlebot3_msgs__rosidl_typesupport_c.dir/rosidl_typesupport_c/turtlebot3_msgs/msg/sensor_state__type_support.cpp.o[0m
[7.096s] [ 29%] [32mBuilding CXX object CMakeFiles/turtlebot3_msgs__rosidl_typesupport_introspection_cpp.dir/rosidl_typesupport_introspection_cpp/turtlebot3_msgs/msg/detail/sensor_state__type_support.cpp.o[0m
[7.134s] [ 30%] [32mBuilding CXX object CMakeFiles/turtlebot3_msgs__rosidl_typesupport_c.dir/rosidl_typesupport_c/turtlebot3_msgs/msg/sound__type_support.cpp.o[0m
[7.152s] [ 32%] [32mBuilding CXX object CMakeFiles/turtlebot3_msgs__rosidl_typesupport_cpp.dir/rosidl_typesupport_cpp/turtlebot3_msgs/srv/dqn__type_support.cpp.o[0m
[7.213s] [ 33%] [32mBuilding CXX object CMakeFiles/turtlebot3_msgs__rosidl_typesupport_c.dir/rosidl_typesupport_c/turtlebot3_msgs/msg/version_info__type_support.cpp.o[0m
[7.267s] [ 35%] [32mBuilding CXX object CMakeFiles/turtlebot3_msgs__rosidl_typesupport_introspection_cpp.dir/rosidl_typesupport_introspection_cpp/turtlebot3_msgs/msg/detail/sound__type_support.cpp.o[0m
[7.299s] [ 38%] [32mBuilding C object CMakeFiles/turtlebot3_msgs__rosidl_typesupport_introspection_c.dir/rosidl_typesupport_introspection_c/turtlebot3_msgs/msg/detail/sensor_state__type_support.c.o[0m
[7.300s] [ 38%] [32mBuilding CXX object CMakeFiles/turtlebot3_msgs__rosidl_typesupport_c.dir/rosidl_typesupport_c/turtlebot3_msgs/srv/sound__type_support.cpp.o[0m
[7.381s] [ 39%] [32mBuilding CXX object CMakeFiles/turtlebot3_msgs__rosidl_typesupport_fastrtps_c.dir/rosidl_typesupport_fastrtps_c/turtlebot3_msgs/msg/detail/sensor_state__type_support_c.cpp.o[0m
[7.390s] [ 42%] [32mBuilding CXX object CMakeFiles/turtlebot3_msgs__rosidl_typesupport_c.dir/rosidl_typesupport_c/turtlebot3_msgs/srv/dqn__type_support.cpp.o[0m
[7.390s] [ 42%] [32mBuilding C object CMakeFiles/turtlebot3_msgs__rosidl_typesupport_introspection_c.dir/rosidl_typesupport_introspection_c/turtlebot3_msgs/msg/detail/sound__type_support.c.o[0m
[7.479s] [ 43%] [32mBuilding CXX object CMakeFiles/turtlebot3_msgs__rosidl_typesupport_c.dir/rosidl_typesupport_c/turtlebot3_msgs/action/patrol__type_support.cpp.o[0m
[7.479s] [ 45%] [32mBuilding CXX object CMakeFiles/turtlebot3_msgs__rosidl_typesupport_fastrtps_cpp.dir/rosidl_typesupport_fastrtps_cpp/turtlebot3_msgs/msg/detail/dds_fastrtps/sensor_state__type_support.cpp.o[0m
[7.486s] [ 46%] [32mBuilding C object CMakeFiles/turtlebot3_msgs__rosidl_typesupport_introspection_c.dir/rosidl_typesupport_introspection_c/turtlebot3_msgs/msg/detail/version_info__type_support.c.o[0m
[7.527s] [ 47%] [32mBuilding CXX object CMakeFiles/turtlebot3_msgs__rosidl_typesupport_fastrtps_cpp.dir/rosidl_typesupport_fastrtps_cpp/turtlebot3_msgs/msg/detail/dds_fastrtps/sound__type_support.cpp.o[0m
[7.540s] [ 49%] [32mBuilding C object CMakeFiles/turtlebot3_msgs__rosidl_typesupport_introspection_c.dir/rosidl_typesupport_introspection_c/turtlebot3_msgs/srv/detail/sound__type_support.c.o[0m
[7.583s] [ 50%] [32m[1mLinking CXX shared library libturtlebot3_msgs__rosidl_typesupport_c.so[0m
[7.631s] [ 52%] [32mBuilding C object CMakeFiles/turtlebot3_msgs__rosidl_typesupport_introspection_c.dir/rosidl_typesupport_introspection_c/turtlebot3_msgs/srv/detail/dqn__type_support.c.o[0m
[7.671s] [ 52%] Built target turtlebot3_msgs__rosidl_typesupport_c
[7.693s] [ 53%] [32mBuilding CXX object CMakeFiles/turtlebot3_msgs__rosidl_typesupport_cpp.dir/rosidl_typesupport_cpp/turtlebot3_msgs/action/patrol__type_support.cpp.o[0m
[7.729s] [ 54%] [32mBuilding C object CMakeFiles/turtlebot3_msgs__rosidl_typesupport_introspection_c.dir/rosidl_typesupport_introspection_c/turtlebot3_msgs/action/detail/patrol__type_support.c.o[0m
[7.804s] [ 56%] [32m[1mLinking C shared library libturtlebot3_msgs__rosidl_typesupport_introspection_c.so[0m
[7.827s] [ 57%] [32mBuilding CXX object CMakeFiles/turtlebot3_msgs__rosidl_typesupport_fastrtps_cpp.dir/rosidl_typesupport_fastrtps_cpp/turtlebot3_msgs/msg/detail/dds_fastrtps/version_info__type_support.cpp.o[0m
[7.902s] [ 57%] Built target turtlebot3_msgs__rosidl_typesupport_introspection_c
[7.929s] [ 59%] [32mBuilding CXX object CMakeFiles/turtlebot3_msgs__rosidl_typesupport_fastrtps_cpp.dir/rosidl_typesupport_fastrtps_cpp/turtlebot3_msgs/srv/detail/dds_fastrtps/sound__type_support.cpp.o[0m
[7.944s] [ 60%] [32mBuilding CXX object CMakeFiles/turtlebot3_msgs__rosidl_typesupport_introspection_cpp.dir/rosidl_typesupport_introspection_cpp/turtlebot3_msgs/msg/detail/version_info__type_support.cpp.o[0m
[8.222s] [ 61%] [32mBuilding CXX object CMakeFiles/turtlebot3_msgs__rosidl_typesupport_introspection_cpp.dir/rosidl_typesupport_introspection_cpp/turtlebot3_msgs/srv/detail/dqn__type_support.cpp.o[0m
[8.223s] [ 63%] [32mBuilding CXX object CMakeFiles/turtlebot3_msgs__rosidl_typesupport_introspection_cpp.dir/rosidl_typesupport_introspection_cpp/turtlebot3_msgs/srv/detail/sound__type_support.cpp.o[0m
[8.264s] [ 64%] [32mBuilding CXX object CMakeFiles/turtlebot3_msgs__rosidl_typesupport_fastrtps_c.dir/rosidl_typesupport_fastrtps_c/turtlebot3_msgs/msg/detail/sound__type_support_c.cpp.o[0m
[8.438s] [ 66%] [32mBuilding CXX object CMakeFiles/turtlebot3_msgs__rosidl_typesupport_fastrtps_c.dir/rosidl_typesupport_fastrtps_c/turtlebot3_msgs/msg/detail/version_info__type_support_c.cpp.o[0m
[8.656s] [ 67%] [32m[1mLinking CXX shared library libturtlebot3_msgs__rosidl_typesupport_cpp.so[0m
[8.778s] [ 67%] Built target turtlebot3_msgs__rosidl_typesupport_cpp
[8.800s] [ 69%] [32mBuilding CXX object CMakeFiles/turtlebot3_msgs__rosidl_typesupport_fastrtps_c.dir/rosidl_typesupport_fastrtps_c/turtlebot3_msgs/srv/detail/sound__type_support_c.cpp.o[0m
[8.830s] [ 70%] [32mBuilding CXX object CMakeFiles/turtlebot3_msgs__rosidl_typesupport_fastrtps_cpp.dir/rosidl_typesupport_fastrtps_cpp/turtlebot3_msgs/srv/detail/dds_fastrtps/dqn__type_support.cpp.o[0m
[8.902s] [ 71%] [32mBuilding CXX object CMakeFiles/turtlebot3_msgs__rosidl_typesupport_introspection_cpp.dir/rosidl_typesupport_introspection_cpp/turtlebot3_msgs/action/detail/patrol__type_support.cpp.o[0m
[8.950s] [ 73%] [32mBuilding CXX object CMakeFiles/turtlebot3_msgs__rosidl_typesupport_fastrtps_cpp.dir/rosidl_typesupport_fastrtps_cpp/turtlebot3_msgs/action/detail/dds_fastrtps/patrol__type_support.cpp.o[0m
[9.091s] [ 74%] [32mBuilding CXX object CMakeFiles/turtlebot3_msgs__rosidl_typesupport_fastrtps_c.dir/rosidl_typesupport_fastrtps_c/turtlebot3_msgs/srv/detail/dqn__type_support_c.cpp.o[0m
[9.192s] [ 76%] [32mBuilding CXX object CMakeFiles/turtlebot3_msgs__rosidl_typesupport_fastrtps_c.dir/rosidl_typesupport_fastrtps_c/turtlebot3_msgs/action/detail/patrol__type_support_c.cpp.o[0m
[9.759s] [ 77%] [32m[1mLinking CXX shared library libturtlebot3_msgs__rosidl_typesupport_fastrtps_cpp.so[0m
[9.894s] [ 77%] Built target turtlebot3_msgs__rosidl_typesupport_fastrtps_cpp
[9.904s] [ 78%] [32m[1mLinking CXX shared library libturtlebot3_msgs__rosidl_typesupport_fastrtps_c.so[0m
[10.099s] [ 78%] Built target turtlebot3_msgs__rosidl_typesupport_fastrtps_c
[10.118s] [ 80%] [32m[1mLinking CXX shared library libturtlebot3_msgs__rosidl_typesupport_introspection_cpp.so[0m
[10.223s] [ 80%] Built target turtlebot3_msgs__rosidl_typesupport_introspection_cpp
[10.250s] [ 80%] Built target turtlebot3_msgs
[10.277s] [ 81%] [34m[1mGenerating Python code for ROS interfaces[0m
[12.385s] [ 81%] Built target turtlebot3_msgs__py
[12.421s] [ 83%] [32mBuilding C object CMakeFiles/turtlebot3_msgs__rosidl_generator_py.dir/rosidl_generator_py/turtlebot3_msgs/msg/_sensor_state_s.c.o[0m
[12.429s] [ 85%] [32mBuilding C object CMakeFiles/turtlebot3_msgs__rosidl_generator_py.dir/rosidl_generator_py/turtlebot3_msgs/msg/_sound_s.c.o[0m
[12.429s] [ 85%] [32mBuilding C object CMakeFiles/turtlebot3_msgs__rosidl_generator_py.dir/rosidl_generator_py/turtlebot3_msgs/srv/_sound_s.c.o[0m
[12.434s] [ 87%] [32mBuilding C object CMakeFiles/turtlebot3_msgs__rosidl_generator_py.dir/rosidl_generator_py/turtlebot3_msgs/msg/_version_info_s.c.o[0m
[12.434s] [ 88%] [32mBuilding C object CMakeFiles/turtlebot3_msgs__rosidl_generator_py.dir/rosidl_generator_py/turtlebot3_msgs/action/_patrol_s.c.o[0m
[12.439s] [ 90%] [32mBuilding C object CMakeFiles/turtlebot3_msgs__rosidl_generator_py.dir/rosidl_generator_py/turtlebot3_msgs/srv/_dqn_s.c.o[0m
[12.705s] [ 91%] [32m[1mLinking C shared library rosidl_generator_py/turtlebot3_msgs/libturtlebot3_msgs__rosidl_generator_py.so[0m
[12.762s] [ 91%] Built target turtlebot3_msgs__rosidl_generator_py
[12.830s] [ 92%] [32mBuilding C object CMakeFiles/turtlebot3_msgs__rosidl_typesupport_fastrtps_c__pyext.dir/rosidl_generator_py/turtlebot3_msgs/_turtlebot3_msgs_s.ep.rosidl_typesupport_fastrtps_c.c.o[0m
[12.831s] [ 94%] [32mBuilding C object CMakeFiles/turtlebot3_msgs__rosidl_typesupport_introspection_c__pyext.dir/rosidl_generator_py/turtlebot3_msgs/_turtlebot3_msgs_s.ep.rosidl_typesupport_introspection_c.c.o[0m
[12.833s] [ 95%] [32mBuilding C object CMakeFiles/turtlebot3_msgs__rosidl_typesupport_c__pyext.dir/rosidl_generator_py/turtlebot3_msgs/_turtlebot3_msgs_s.ep.rosidl_typesupport_c.c.o[0m
[13.162s] [ 97%] [32m[1mLinking C shared library rosidl_generator_py/turtlebot3_msgs/turtlebot3_msgs_s__rosidl_typesupport_introspection_c.cpython-310-x86_64-linux-gnu.so[0m
[13.168s] [ 98%] [32m[1mLinking C shared library rosidl_generator_py/turtlebot3_msgs/turtlebot3_msgs_s__rosidl_typesupport_c.cpython-310-x86_64-linux-gnu.so[0m
[13.171s] [100%] [32m[1mLinking C shared library rosidl_generator_py/turtlebot3_msgs/turtlebot3_msgs_s__rosidl_typesupport_fastrtps_c.cpython-310-x86_64-linux-gnu.so[0m
[13.261s] [100%] Built target turtlebot3_msgs__rosidl_typesupport_introspection_c__pyext
[13.274s] [100%] Built target turtlebot3_msgs__rosidl_typesupport_fastrtps_c__pyext
[13.278s] [100%] Built target turtlebot3_msgs__rosidl_typesupport_c__pyext
[13.295s] Invoked command in '/home/mikolaj/ENAE450_tb_ws/build/turtlebot3_msgs' returned '0': CMAKE_PREFIX_PATH=${CMAKE_PREFIX_PATH}:/home/mikolaj/ENAE450_tb_ws/install/turtlebot3_controller:/opt/ros/humble /usr/bin/cmake --build /home/mikolaj/ENAE450_tb_ws/build/turtlebot3_msgs -- -j8 -l8
[13.296s] Invoking command in '/home/mikolaj/ENAE450_tb_ws/build/turtlebot3_msgs': CMAKE_PREFIX_PATH=${CMAKE_PREFIX_PATH}:/home/mikolaj/ENAE450_tb_ws/install/turtlebot3_controller:/opt/ros/humble /usr/bin/cmake --install /home/mikolaj/ENAE450_tb_ws/build/turtlebot3_msgs
[13.309s] -- Install configuration: ""
[13.310s] -- Installing: /home/mikolaj/ENAE450_tb_ws/install/turtlebot3_msgs/share/ament_index/resource_index/rosidl_interfaces/turtlebot3_msgs
[13.313s] -- Installing: /home/mikolaj/ENAE450_tb_ws/install/turtlebot3_msgs/include/turtlebot3_msgs/turtlebot3_msgs
[13.314s] -- Installing: /home/mikolaj/ENAE450_tb_ws/install/turtlebot3_msgs/include/turtlebot3_msgs/turtlebot3_msgs/msg
[13.314s] -- Installing: /home/mikolaj/ENAE450_tb_ws/install/turtlebot3_msgs/include/turtlebot3_msgs/turtlebot3_msgs/msg/sensor_state.h
[13.314s] -- Installing: /home/mikolaj/ENAE450_tb_ws/install/turtlebot3_msgs/include/turtlebot3_msgs/turtlebot3_msgs/msg/version_info.h
[13.315s] -- Installing: /home/mikolaj/ENAE450_tb_ws/install/turtlebot3_msgs/include/turtlebot3_msgs/turtlebot3_msgs/msg/sound.h
[13.316s] -- Installing: /home/mikolaj/ENAE450_tb_ws/install/turtlebot3_msgs/include/turtlebot3_msgs/turtlebot3_msgs/msg/detail
[13.317s] -- Installing: /home/mikolaj/ENAE450_tb_ws/install/turtlebot3_msgs/include/turtlebot3_msgs/turtlebot3_msgs/msg/detail/version_info__functions.c
[13.317s] -- Installing: /home/mikolaj/ENAE450_tb_ws/install/turtlebot3_msgs/include/turtlebot3_msgs/turtlebot3_msgs/msg/detail/sensor_state__struct.h
[13.319s] -- Installing: /home/mikolaj/ENAE450_tb_ws/install/turtlebot3_msgs/include/turtlebot3_msgs/turtlebot3_msgs/msg/detail/sensor_state__type_support.h
[13.319s] -- Installing: /home/mikolaj/ENAE450_tb_ws/install/turtlebot3_msgs/include/turtlebot3_msgs/turtlebot3_msgs/msg/detail/sensor_state__functions.h
[13.323s] -- Installing: /home/mikolaj/ENAE450_tb_ws/install/turtlebot3_msgs/include/turtlebot3_msgs/turtlebot3_msgs/msg/detail/sound__struct.h
[13.323s] -- Installing: /home/mikolaj/ENAE450_tb_ws/install/turtlebot3_msgs/include/turtlebot3_msgs/turtlebot3_msgs/msg/detail/version_info__functions.h
[13.323s] -- Installing: /home/mikolaj/ENAE450_tb_ws/install/turtlebot3_msgs/include/turtlebot3_msgs/turtlebot3_msgs/msg/detail/sound__functions.h
[13.323s] -- Installing: /home/mikolaj/ENAE450_tb_ws/install/turtlebot3_msgs/include/turtlebot3_msgs/turtlebot3_msgs/msg/detail/sound__functions.c
[13.323s] -- Installing: /home/mikolaj/ENAE450_tb_ws/install/turtlebot3_msgs/include/turtlebot3_msgs/turtlebot3_msgs/msg/detail/version_info__type_support.h
[13.326s] -- Installing: /home/mikolaj/ENAE450_tb_ws/install/turtlebot3_msgs/include/turtlebot3_msgs/turtlebot3_msgs/msg/detail/sensor_state__functions.c
[13.326s] -- Installing: /home/mikolaj/ENAE450_tb_ws/install/turtlebot3_msgs/include/turtlebot3_msgs/turtlebot3_msgs/msg/detail/sound__type_support.h
[13.327s] -- Installing: /home/mikolaj/ENAE450_tb_ws/install/turtlebot3_msgs/include/turtlebot3_msgs/turtlebot3_msgs/msg/detail/version_info__struct.h
[13.327s] -- Installing: /home/mikolaj/ENAE450_tb_ws/install/turtlebot3_msgs/include/turtlebot3_msgs/turtlebot3_msgs/msg/rosidl_generator_c__visibility_control.h
[13.327s] -- Installing: /home/mikolaj/ENAE450_tb_ws/install/turtlebot3_msgs/include/turtlebot3_msgs/turtlebot3_msgs/action
[13.327s] -- Installing: /home/mikolaj/ENAE450_tb_ws/install/turtlebot3_msgs/include/turtlebot3_msgs/turtlebot3_msgs/action/patrol.h
[13.328s] -- Installing: /home/mikolaj/ENAE450_tb_ws/install/turtlebot3_msgs/include/turtlebot3_msgs/turtlebot3_msgs/action/detail
[13.328s] -- Installing: /home/mikolaj/ENAE450_tb_ws/install/turtlebot3_msgs/include/turtlebot3_msgs/turtlebot3_msgs/action/detail/patrol__struct.h
[13.328s] -- Installing: /home/mikolaj/ENAE450_tb_ws/install/turtlebot3_msgs/include/turtlebot3_msgs/turtlebot3_msgs/action/detail/patrol__functions.c
[13.329s] -- Installing: /home/mikolaj/ENAE450_tb_ws/install/turtlebot3_msgs/include/turtlebot3_msgs/turtlebot3_msgs/action/detail/patrol__type_support.h
[13.329s] -- Installing: /home/mikolaj/ENAE450_tb_ws/install/turtlebot3_msgs/include/turtlebot3_msgs/turtlebot3_msgs/action/detail/patrol__functions.h
[13.329s] -- Installing: /home/mikolaj/ENAE450_tb_ws/install/turtlebot3_msgs/include/turtlebot3_msgs/turtlebot3_msgs/srv
[13.329s] -- Installing: /home/mikolaj/ENAE450_tb_ws/install/turtlebot3_msgs/include/turtlebot3_msgs/turtlebot3_msgs/srv/dqn.h
[13.330s] -- Installing: /home/mikolaj/ENAE450_tb_ws/install/turtlebot3_msgs/include/turtlebot3_msgs/turtlebot3_msgs/srv/sound.h
[13.331s] -- Installing: /home/mikolaj/ENAE450_tb_ws/install/turtlebot3_msgs/include/turtlebot3_msgs/turtlebot3_msgs/srv/detail
[13.331s] -- Installing: /home/mikolaj/ENAE450_tb_ws/install/turtlebot3_msgs/include/turtlebot3_msgs/turtlebot3_msgs/srv/detail/sound__struct.h
[13.331s] -- Installing: /home/mikolaj/ENAE450_tb_ws/install/turtlebot3_msgs/include/turtlebot3_msgs/turtlebot3_msgs/srv/detail/dqn__struct.h
[13.331s] -- Installing: /home/mikolaj/ENAE450_tb_ws/install/turtlebot3_msgs/include/turtlebot3_msgs/turtlebot3_msgs/srv/detail/dqn__functions.c
[13.331s] -- Installing: /home/mikolaj/ENAE450_tb_ws/install/turtlebot3_msgs/include/turtlebot3_msgs/turtlebot3_msgs/srv/detail/dqn__functions.h
[13.331s] -- Installing: /home/mikolaj/ENAE450_tb_ws/install/turtlebot3_msgs/include/turtlebot3_msgs/turtlebot3_msgs/srv/detail/sound__functions.h
[13.331s] -- Installing: /home/mikolaj/ENAE450_tb_ws/install/turtlebot3_msgs/include/turtlebot3_msgs/turtlebot3_msgs/srv/detail/sound__functions.c
[13.335s] -- Installing: /home/mikolaj/ENAE450_tb_ws/install/turtlebot3_msgs/include/turtlebot3_msgs/turtlebot3_msgs/srv/detail/sound__type_support.h
[13.338s] -- Installing: /home/mikolaj/ENAE450_tb_ws/install/turtlebot3_msgs/include/turtlebot3_msgs/turtlebot3_msgs/srv/detail/dqn__type_support.h
[13.339s] -- Installing: /home/mikolaj/ENAE450_tb_ws/install/turtlebot3_msgs/share/turtlebot3_msgs/environment/library_path.sh
[13.339s] -- Installing: /home/mikolaj/ENAE450_tb_ws/install/turtlebot3_msgs/share/turtlebot3_msgs/environment/library_path.dsv
[13.339s] -- Installing: /home/mikolaj/ENAE450_tb_ws/install/turtlebot3_msgs/lib/libturtlebot3_msgs__rosidl_generator_c.so
[13.339s] -- Set runtime path of "/home/mikolaj/ENAE450_tb_ws/install/turtlebot3_msgs/lib/libturtlebot3_msgs__rosidl_generator_c.so" to ""
[13.339s] -- Up-to-date: /home/mikolaj/ENAE450_tb_ws/install/turtlebot3_msgs/include/turtlebot3_msgs/turtlebot3_msgs
[13.340s] -- Up-to-date: /home/mikolaj/ENAE450_tb_ws/install/turtlebot3_msgs/include/turtlebot3_msgs/turtlebot3_msgs/msg
[13.341s] -- Up-to-date: /home/mikolaj/ENAE450_tb_ws/install/turtlebot3_msgs/include/turtlebot3_msgs/turtlebot3_msgs/msg/detail
[13.341s] -- Installing: /home/mikolaj/ENAE450_tb_ws/install/turtlebot3_msgs/include/turtlebot3_msgs/turtlebot3_msgs/msg/detail/version_info__rosidl_typesupport_fastrtps_c.h
[13.343s] -- Installing: /home/mikolaj/ENAE450_tb_ws/install/turtlebot3_msgs/include/turtlebot3_msgs/turtlebot3_msgs/msg/detail/sensor_state__rosidl_typesupport_fastrtps_c.h
[13.345s] -- Installing: /home/mikolaj/ENAE450_tb_ws/install/turtlebot3_msgs/include/turtlebot3_msgs/turtlebot3_msgs/msg/detail/sound__rosidl_typesupport_fastrtps_c.h
[13.347s] -- Installing: /home/mikolaj/ENAE450_tb_ws/install/turtlebot3_msgs/include/turtlebot3_msgs/turtlebot3_msgs/msg/rosidl_typesupport_fastrtps_c__visibility_control.h
[13.348s] -- Up-to-date: /home/mikolaj/ENAE450_tb_ws/install/turtlebot3_msgs/include/turtlebot3_msgs/turtlebot3_msgs/action
[13.349s] -- Up-to-date: /home/mikolaj/ENAE450_tb_ws/install/turtlebot3_msgs/include/turtlebot3_msgs/turtlebot3_msgs/action/detail
[13.349s] -- Installing: /home/mikolaj/ENAE450_tb_ws/install/turtlebot3_msgs/include/turtlebot3_msgs/turtlebot3_msgs/action/detail/patrol__rosidl_typesupport_fastrtps_c.h
[13.350s] -- Up-to-date: /home/mikolaj/ENAE450_tb_ws/install/turtlebot3_msgs/include/turtlebot3_msgs/turtlebot3_msgs/srv
[13.351s] -- Up-to-date: /home/mikolaj/ENAE450_tb_ws/install/turtlebot3_msgs/include/turtlebot3_msgs/turtlebot3_msgs/srv/detail
[13.351s] -- Installing: /home/mikolaj/ENAE450_tb_ws/install/turtlebot3_msgs/include/turtlebot3_msgs/turtlebot3_msgs/srv/detail/dqn__rosidl_typesupport_fastrtps_c.h
[13.352s] -- Installing: /home/mikolaj/ENAE450_tb_ws/install/turtlebot3_msgs/include/turtlebot3_msgs/turtlebot3_msgs/srv/detail/sound__rosidl_typesupport_fastrtps_c.h
[13.353s] -- Installing: /home/mikolaj/ENAE450_tb_ws/install/turtlebot3_msgs/lib/libturtlebot3_msgs__rosidl_typesupport_fastrtps_c.so
[13.354s] -- Set runtime path of "/home/mikolaj/ENAE450_tb_ws/install/turtlebot3_msgs/lib/libturtlebot3_msgs__rosidl_typesupport_fastrtps_c.so" to ""
[13.355s] -- Up-to-date: /home/mikolaj/ENAE450_tb_ws/install/turtlebot3_msgs/include/turtlebot3_msgs/turtlebot3_msgs
[13.355s] -- Up-to-date: /home/mikolaj/ENAE450_tb_ws/install/turtlebot3_msgs/include/turtlebot3_msgs/turtlebot3_msgs/msg
[13.356s] -- Installing: /home/mikolaj/ENAE450_tb_ws/install/turtlebot3_msgs/include/turtlebot3_msgs/turtlebot3_msgs/msg/rosidl_generator_cpp__visibility_control.hpp
[13.358s] -- Installing: /home/mikolaj/ENAE450_tb_ws/install/turtlebot3_msgs/include/turtlebot3_msgs/turtlebot3_msgs/msg/sensor_state.hpp
[13.361s] -- Installing: /home/mikolaj/ENAE450_tb_ws/install/turtlebot3_msgs/include/turtlebot3_msgs/turtlebot3_msgs/msg/sound.hpp
[13.361s] -- Up-to-date: /home/mikolaj/ENAE450_tb_ws/install/turtlebot3_msgs/include/turtlebot3_msgs/turtlebot3_msgs/msg/detail
[13.361s] -- Installing: /home/mikolaj/ENAE450_tb_ws/install/turtlebot3_msgs/include/turtlebot3_msgs/turtlebot3_msgs/msg/detail/version_info__traits.hpp
[13.361s] -- Installing: /home/mikolaj/ENAE450_tb_ws/install/turtlebot3_msgs/include/turtlebot3_msgs/turtlebot3_msgs/msg/detail/sensor_state__struct.hpp
[13.363s] -- Installing: /home/mikolaj/ENAE450_tb_ws/install/turtlebot3_msgs/include/turtlebot3_msgs/turtlebot3_msgs/msg/detail/sensor_state__builder.hpp
[13.365s] -- Installing: /home/mikolaj/ENAE450_tb_ws/install/turtlebot3_msgs/include/turtlebot3_msgs/turtlebot3_msgs/msg/detail/sound__builder.hpp
[13.367s] -- Installing: /home/mikolaj/ENAE450_tb_ws/install/turtlebot3_msgs/include/turtlebot3_msgs/turtlebot3_msgs/msg/detail/sound__struct.hpp
[13.368s] -- Installing: /home/mikolaj/ENAE450_tb_ws/install/turtlebot3_msgs/include/turtlebot3_msgs/turtlebot3_msgs/msg/detail/version_info__struct.hpp
[13.369s] -- Installing: /home/mikolaj/ENAE450_tb_ws/install/turtlebot3_msgs/include/turtlebot3_msgs/turtlebot3_msgs/msg/detail/version_info__type_support.hpp
[13.370s] -- Installing: /home/mikolaj/ENAE450_tb_ws/install/turtlebot3_msgs/include/turtlebot3_msgs/turtlebot3_msgs/msg/detail/sensor_state__traits.hpp
[13.371s] -- Installing: /home/mikolaj/ENAE450_tb_ws/install/turtlebot3_msgs/include/turtlebot3_msgs/turtlebot3_msgs/msg/detail/sensor_state__type_support.hpp
[13.376s] -- Installing: /home/mikolaj/ENAE450_tb_ws/install/turtlebot3_msgs/include/turtlebot3_msgs/turtlebot3_msgs/msg/detail/sound__type_support.hpp
[13.376s] -- Installing: /home/mikolaj/ENAE450_tb_ws/install/turtlebot3_msgs/include/turtlebot3_msgs/turtlebot3_msgs/msg/detail/sound__traits.hpp
[13.377s] -- Installing: /home/mikolaj/ENAE450_tb_ws/install/turtlebot3_msgs/include/turtlebot3_msgs/turtlebot3_msgs/msg/detail/version_info__builder.hpp
[13.377s] -- Installing: /home/mikolaj/ENAE450_tb_ws/install/turtlebot3_msgs/include/turtlebot3_msgs/turtlebot3_msgs/msg/version_info.hpp
[13.377s] -- Up-to-date: /home/mikolaj/ENAE450_tb_ws/install/turtlebot3_msgs/include/turtlebot3_msgs/turtlebot3_msgs/action
[13.377s] -- Installing: /home/mikolaj/ENAE450_tb_ws/install/turtlebot3_msgs/include/turtlebot3_msgs/turtlebot3_msgs/action/patrol.hpp
[13.378s] -- Up-to-date: /home/mikolaj/ENAE450_tb_ws/install/turtlebot3_msgs/include/turtlebot3_msgs/turtlebot3_msgs/action/detail
[13.379s] -- Installing: /home/mikolaj/ENAE450_tb_ws/install/turtlebot3_msgs/include/turtlebot3_msgs/turtlebot3_msgs/action/detail/patrol__builder.hpp
[13.380s] -- Installing: /home/mikolaj/ENAE450_tb_ws/install/turtlebot3_msgs/include/turtlebot3_msgs/turtlebot3_msgs/action/detail/patrol__struct.hpp
[13.380s] -- Installing: /home/mikolaj/ENAE450_tb_ws/install/turtlebot3_msgs/include/turtlebot3_msgs/turtlebot3_msgs/action/detail/patrol__type_support.hpp
[13.381s] -- Installing: /home/mikolaj/ENAE450_tb_ws/install/turtlebot3_msgs/include/turtlebot3_msgs/turtlebot3_msgs/action/detail/patrol__traits.hpp
[13.381s] -- Up-to-date: /home/mikolaj/ENAE450_tb_ws/install/turtlebot3_msgs/include/turtlebot3_msgs/turtlebot3_msgs/srv
[13.382s] -- Installing: /home/mikolaj/ENAE450_tb_ws/install/turtlebot3_msgs/include/turtlebot3_msgs/turtlebot3_msgs/srv/sound.hpp
[13.383s] -- Installing: /home/mikolaj/ENAE450_tb_ws/install/turtlebot3_msgs/include/turtlebot3_msgs/turtlebot3_msgs/srv/dqn.hpp
[13.384s] -- Up-to-date: /home/mikolaj/ENAE450_tb_ws/install/turtlebot3_msgs/include/turtlebot3_msgs/turtlebot3_msgs/srv/detail
[13.385s] -- Installing: /home/mikolaj/ENAE450_tb_ws/install/turtlebot3_msgs/include/turtlebot3_msgs/turtlebot3_msgs/srv/detail/dqn__struct.hpp
[13.389s] -- Installing: /home/mikolaj/ENAE450_tb_ws/install/turtlebot3_msgs/include/turtlebot3_msgs/turtlebot3_msgs/srv/detail/dqn__traits.hpp
[13.389s] -- Installing: /home/mikolaj/ENAE450_tb_ws/install/turtlebot3_msgs/include/turtlebot3_msgs/turtlebot3_msgs/srv/detail/dqn__builder.hpp
[13.389s] -- Installing: /home/mikolaj/ENAE450_tb_ws/install/turtlebot3_msgs/include/turtlebot3_msgs/turtlebot3_msgs/srv/detail/sound__builder.hpp
[13.389s] -- Installing: /home/mikolaj/ENAE450_tb_ws/install/turtlebot3_msgs/include/turtlebot3_msgs/turtlebot3_msgs/srv/detail/sound__struct.hpp
[13.389s] -- Installing: /home/mikolaj/ENAE450_tb_ws/install/turtlebot3_msgs/include/turtlebot3_msgs/turtlebot3_msgs/srv/detail/dqn__type_support.hpp
[13.389s] -- Installing: /home/mikolaj/ENAE450_tb_ws/install/turtlebot3_msgs/include/turtlebot3_msgs/turtlebot3_msgs/srv/detail/sound__type_support.hpp
[13.389s] -- Installing: /home/mikolaj/ENAE450_tb_ws/install/turtlebot3_msgs/include/turtlebot3_msgs/turtlebot3_msgs/srv/detail/sound__traits.hpp
[13.389s] -- Up-to-date: /home/mikolaj/ENAE450_tb_ws/install/turtlebot3_msgs/include/turtlebot3_msgs/turtlebot3_msgs
[13.389s] -- Up-to-date: /home/mikolaj/ENAE450_tb_ws/install/turtlebot3_msgs/include/turtlebot3_msgs/turtlebot3_msgs/msg
[13.389s] -- Installing: /home/mikolaj/ENAE450_tb_ws/install/turtlebot3_msgs/include/turtlebot3_msgs/turtlebot3_msgs/msg/rosidl_typesupport_fastrtps_cpp__visibility_control.h
[13.389s] -- Up-to-date: /home/mikolaj/ENAE450_tb_ws/install/turtlebot3_msgs/include/turtlebot3_msgs/turtlebot3_msgs/msg/detail
[13.392s] -- Installing: /home/mikolaj/ENAE450_tb_ws/install/turtlebot3_msgs/include/turtlebot3_msgs/turtlebot3_msgs/msg/detail/dds_fastrtps
[13.394s] -- Installing: /home/mikolaj/ENAE450_tb_ws/install/turtlebot3_msgs/include/turtlebot3_msgs/turtlebot3_msgs/msg/detail/sound__rosidl_typesupport_fastrtps_cpp.hpp
[13.394s] -- Installing: /home/mikolaj/ENAE450_tb_ws/install/turtlebot3_msgs/include/turtlebot3_msgs/turtlebot3_msgs/msg/detail/version_info__rosidl_typesupport_fastrtps_cpp.hpp
[13.394s] -- Installing: /home/mikolaj/ENAE450_tb_ws/install/turtlebot3_msgs/include/turtlebot3_msgs/turtlebot3_msgs/msg/detail/sensor_state__rosidl_typesupport_fastrtps_cpp.hpp
[13.394s] -- Up-to-date: /home/mikolaj/ENAE450_tb_ws/install/turtlebot3_msgs/include/turtlebot3_msgs/turtlebot3_msgs/action
[13.394s] -- Up-to-date: /home/mikolaj/ENAE450_tb_ws/install/turtlebot3_msgs/include/turtlebot3_msgs/turtlebot3_msgs/action/detail
[13.394s] -- Installing: /home/mikolaj/ENAE450_tb_ws/install/turtlebot3_msgs/include/turtlebot3_msgs/turtlebot3_msgs/action/detail/dds_fastrtps
[13.394s] -- Installing: /home/mikolaj/ENAE450_tb_ws/install/turtlebot3_msgs/include/turtlebot3_msgs/turtlebot3_msgs/action/detail/patrol__rosidl_typesupport_fastrtps_cpp.hpp
[13.394s] -- Up-to-date: /home/mikolaj/ENAE450_tb_ws/install/turtlebot3_msgs/include/turtlebot3_msgs/turtlebot3_msgs/srv
[13.394s] -- Up-to-date: /home/mikolaj/ENAE450_tb_ws/install/turtlebot3_msgs/include/turtlebot3_msgs/turtlebot3_msgs/srv/detail
[13.394s] -- Installing: /home/mikolaj/ENAE450_tb_ws/install/turtlebot3_msgs/include/turtlebot3_msgs/turtlebot3_msgs/srv/detail/dds_fastrtps
[13.394s] -- Installing: /home/mikolaj/ENAE450_tb_ws/install/turtlebot3_msgs/include/turtlebot3_msgs/turtlebot3_msgs/srv/detail/sound__rosidl_typesupport_fastrtps_cpp.hpp
[13.394s] -- Installing: /home/mikolaj/ENAE450_tb_ws/install/turtlebot3_msgs/include/turtlebot3_msgs/turtlebot3_msgs/srv/detail/dqn__rosidl_typesupport_fastrtps_cpp.hpp
[13.400s] -- Installing: /home/mikolaj/ENAE450_tb_ws/install/turtlebot3_msgs/lib/libturtlebot3_msgs__rosidl_typesupport_fastrtps_cpp.so
[13.402s] -- Set runtime path of "/home/mikolaj/ENAE450_tb_ws/install/turtlebot3_msgs/lib/libturtlebot3_msgs__rosidl_typesupport_fastrtps_cpp.so" to ""
[13.403s] -- Up-to-date: /home/mikolaj/ENAE450_tb_ws/install/turtlebot3_msgs/include/turtlebot3_msgs/turtlebot3_msgs
[13.403s] -- Up-to-date: /home/mikolaj/ENAE450_tb_ws/install/turtlebot3_msgs/include/turtlebot3_msgs/turtlebot3_msgs/msg
[13.406s] -- Installing: /home/mikolaj/ENAE450_tb_ws/install/turtlebot3_msgs/include/turtlebot3_msgs/turtlebot3_msgs/msg/rosidl_typesupport_introspection_c__visibility_control.h
[13.406s] -- Up-to-date: /home/mikolaj/ENAE450_tb_ws/install/turtlebot3_msgs/include/turtlebot3_msgs/turtlebot3_msgs/msg/detail
[13.406s] -- Installing: /home/mikolaj/ENAE450_tb_ws/install/turtlebot3_msgs/include/turtlebot3_msgs/turtlebot3_msgs/msg/detail/version_info__rosidl_typesupport_introspection_c.h
[13.407s] -- Installing: /home/mikolaj/ENAE450_tb_ws/install/turtlebot3_msgs/include/turtlebot3_msgs/turtlebot3_msgs/msg/detail/sensor_state__rosidl_typesupport_introspection_c.h
[13.409s] -- Installing: /home/mikolaj/ENAE450_tb_ws/install/turtlebot3_msgs/include/turtlebot3_msgs/turtlebot3_msgs/msg/detail/sound__type_support.c
[13.410s] -- Installing: /home/mikolaj/ENAE450_tb_ws/install/turtlebot3_msgs/include/turtlebot3_msgs/turtlebot3_msgs/msg/detail/sound__rosidl_typesupport_introspection_c.h
[13.411s] -- Installing: /home/mikolaj/ENAE450_tb_ws/install/turtlebot3_msgs/include/turtlebot3_msgs/turtlebot3_msgs/msg/detail/version_info__type_support.c
[13.412s] -- Installing: /home/mikolaj/ENAE450_tb_ws/install/turtlebot3_msgs/include/turtlebot3_msgs/turtlebot3_msgs/msg/detail/sensor_state__type_support.c
[13.414s] -- Up-to-date: /home/mikolaj/ENAE450_tb_ws/install/turtlebot3_msgs/include/turtlebot3_msgs/turtlebot3_msgs/action
[13.414s] -- Up-to-date: /home/mikolaj/ENAE450_tb_ws/install/turtlebot3_msgs/include/turtlebot3_msgs/turtlebot3_msgs/action/detail
[13.418s] -- Installing: /home/mikolaj/ENAE450_tb_ws/install/turtlebot3_msgs/include/turtlebot3_msgs/turtlebot3_msgs/action/detail/patrol__type_support.c
[13.418s] -- Installing: /home/mikolaj/ENAE450_tb_ws/install/turtlebot3_msgs/include/turtlebot3_msgs/turtlebot3_msgs/action/detail/patrol__rosidl_typesupport_introspection_c.h
[13.418s] -- Up-to-date: /home/mikolaj/ENAE450_tb_ws/install/turtlebot3_msgs/include/turtlebot3_msgs/turtlebot3_msgs/srv
[13.418s] -- Up-to-date: /home/mikolaj/ENAE450_tb_ws/install/turtlebot3_msgs/include/turtlebot3_msgs/turtlebot3_msgs/srv/detail
[13.418s] -- Installing: /home/mikolaj/ENAE450_tb_ws/install/turtlebot3_msgs/include/turtlebot3_msgs/turtlebot3_msgs/srv/detail/dqn__type_support.c
[13.418s] -- Installing: /home/mikolaj/ENAE450_tb_ws/install/turtlebot3_msgs/include/turtlebot3_msgs/turtlebot3_msgs/srv/detail/sound__type_support.c
[13.418s] -- Installing: /home/mikolaj/ENAE450_tb_ws/install/turtlebot3_msgs/include/turtlebot3_msgs/turtlebot3_msgs/srv/detail/sound__rosidl_typesupport_introspection_c.h
[13.418s] -- Installing: /home/mikolaj/ENAE450_tb_ws/install/turtlebot3_msgs/include/turtlebot3_msgs/turtlebot3_msgs/srv/detail/dqn__rosidl_typesupport_introspection_c.h
[13.418s] -- Installing: /home/mikolaj/ENAE450_tb_ws/install/turtlebot3_msgs/lib/libturtlebot3_msgs__rosidl_typesupport_introspection_c.so
[13.418s] -- Set runtime path of "/home/mikolaj/ENAE450_tb_ws/install/turtlebot3_msgs/lib/libturtlebot3_msgs__rosidl_typesupport_introspection_c.so" to ""
[13.424s] -- Installing: /home/mikolaj/ENAE450_tb_ws/install/turtlebot3_msgs/lib/libturtlebot3_msgs__rosidl_typesupport_c.so
[13.424s] -- Set runtime path of "/home/mikolaj/ENAE450_tb_ws/install/turtlebot3_msgs/lib/libturtlebot3_msgs__rosidl_typesupport_c.so" to ""
[13.425s] -- Up-to-date: /home/mikolaj/ENAE450_tb_ws/install/turtlebot3_msgs/include/turtlebot3_msgs/turtlebot3_msgs
[13.426s] -- Up-to-date: /home/mikolaj/ENAE450_tb_ws/install/turtlebot3_msgs/include/turtlebot3_msgs/turtlebot3_msgs/msg
[13.427s] -- Up-to-date: /home/mikolaj/ENAE450_tb_ws/install/turtlebot3_msgs/include/turtlebot3_msgs/turtlebot3_msgs/msg/detail
[13.427s] -- Installing: /home/mikolaj/ENAE450_tb_ws/install/turtlebot3_msgs/include/turtlebot3_msgs/turtlebot3_msgs/msg/detail/sensor_state__rosidl_typesupport_introspection_cpp.hpp
[13.427s] -- Installing: /home/mikolaj/ENAE450_tb_ws/install/turtlebot3_msgs/include/turtlebot3_msgs/turtlebot3_msgs/msg/detail/sound__type_support.cpp
[13.431s] -- Installing: /home/mikolaj/ENAE450_tb_ws/install/turtlebot3_msgs/include/turtlebot3_msgs/turtlebot3_msgs/msg/detail/version_info__type_support.cpp
[13.432s] -- Installing: /home/mikolaj/ENAE450_tb_ws/install/turtlebot3_msgs/include/turtlebot3_msgs/turtlebot3_msgs/msg/detail/version_info__rosidl_typesupport_introspection_cpp.hpp
[13.433s] -- Installing: /home/mikolaj/ENAE450_tb_ws/install/turtlebot3_msgs/include/turtlebot3_msgs/turtlebot3_msgs/msg/detail/sound__rosidl_typesupport_introspection_cpp.hpp
[13.433s] -- Installing: /home/mikolaj/ENAE450_tb_ws/install/turtlebot3_msgs/include/turtlebot3_msgs/turtlebot3_msgs/msg/detail/sensor_state__type_support.cpp
[13.434s] -- Up-to-date: /home/mikolaj/ENAE450_tb_ws/install/turtlebot3_msgs/include/turtlebot3_msgs/turtlebot3_msgs/action
[13.434s] -- Up-to-date: /home/mikolaj/ENAE450_tb_ws/install/turtlebot3_msgs/include/turtlebot3_msgs/turtlebot3_msgs/action/detail
[13.434s] -- Installing: /home/mikolaj/ENAE450_tb_ws/install/turtlebot3_msgs/include/turtlebot3_msgs/turtlebot3_msgs/action/detail/patrol__rosidl_typesupport_introspection_cpp.hpp
[13.435s] -- Installing: /home/mikolaj/ENAE450_tb_ws/install/turtlebot3_msgs/include/turtlebot3_msgs/turtlebot3_msgs/action/detail/patrol__type_support.cpp
[13.436s] -- Up-to-date: /home/mikolaj/ENAE450_tb_ws/install/turtlebot3_msgs/include/turtlebot3_msgs/turtlebot3_msgs/srv
[13.437s] -- Up-to-date: /home/mikolaj/ENAE450_tb_ws/install/turtlebot3_msgs/include/turtlebot3_msgs/turtlebot3_msgs/srv/detail
[13.437s] -- Installing: /home/mikolaj/ENAE450_tb_ws/install/turtlebot3_msgs/include/turtlebot3_msgs/turtlebot3_msgs/srv/detail/dqn__type_support.cpp
[13.437s] -- Installing: /home/mikolaj/ENAE450_tb_ws/install/turtlebot3_msgs/include/turtlebot3_msgs/turtlebot3_msgs/srv/detail/sound__type_support.cpp
[13.437s] -- Installing: /home/mikolaj/ENAE450_tb_ws/install/turtlebot3_msgs/include/turtlebot3_msgs/turtlebot3_msgs/srv/detail/sound__rosidl_typesupport_introspection_cpp.hpp
[13.437s] -- Installing: /home/mikolaj/ENAE450_tb_ws/install/turtlebot3_msgs/include/turtlebot3_msgs/turtlebot3_msgs/srv/detail/dqn__rosidl_typesupport_introspection_cpp.hpp
[13.437s] -- Installing: /home/mikolaj/ENAE450_tb_ws/install/turtlebot3_msgs/lib/libturtlebot3_msgs__rosidl_typesupport_introspection_cpp.so
[13.437s] -- Set runtime path of "/home/mikolaj/ENAE450_tb_ws/install/turtlebot3_msgs/lib/libturtlebot3_msgs__rosidl_typesupport_introspection_cpp.so" to ""
[13.437s] -- Installing: /home/mikolaj/ENAE450_tb_ws/install/turtlebot3_msgs/lib/libturtlebot3_msgs__rosidl_typesupport_cpp.so
[13.437s] -- Set runtime path of "/home/mikolaj/ENAE450_tb_ws/install/turtlebot3_msgs/lib/libturtlebot3_msgs__rosidl_typesupport_cpp.so" to ""
[13.437s] -- Installing: /home/mikolaj/ENAE450_tb_ws/install/turtlebot3_msgs/share/turtlebot3_msgs/environment/pythonpath.sh
[13.437s] -- Installing: /home/mikolaj/ENAE450_tb_ws/install/turtlebot3_msgs/share/turtlebot3_msgs/environment/pythonpath.dsv
[13.437s] -- Installing: /home/mikolaj/ENAE450_tb_ws/install/turtlebot3_msgs/local/lib/python3.10/dist-packages/turtlebot3_msgs-2.3.0-py3.10.egg-info
[13.437s] -- Installing: /home/mikolaj/ENAE450_tb_ws/install/turtlebot3_msgs/local/lib/python3.10/dist-packages/turtlebot3_msgs-2.3.0-py3.10.egg-info/SOURCES.txt
[13.445s] -- Installing: /home/mikolaj/ENAE450_tb_ws/install/turtlebot3_msgs/local/lib/python3.10/dist-packages/turtlebot3_msgs-2.3.0-py3.10.egg-info/dependency_links.txt
[13.445s] -- Installing: /home/mikolaj/ENAE450_tb_ws/install/turtlebot3_msgs/local/lib/python3.10/dist-packages/turtlebot3_msgs-2.3.0-py3.10.egg-info/PKG-INFO
[13.446s] -- Installing: /home/mikolaj/ENAE450_tb_ws/install/turtlebot3_msgs/local/lib/python3.10/dist-packages/turtlebot3_msgs-2.3.0-py3.10.egg-info/top_level.txt
[13.447s] -- Installing: /home/mikolaj/ENAE450_tb_ws/install/turtlebot3_msgs/local/lib/python3.10/dist-packages/turtlebot3_msgs
[13.447s] -- Installing: /home/mikolaj/ENAE450_tb_ws/install/turtlebot3_msgs/local/lib/python3.10/dist-packages/turtlebot3_msgs/msg
[13.448s] -- Installing: /home/mikolaj/ENAE450_tb_ws/install/turtlebot3_msgs/local/lib/python3.10/dist-packages/turtlebot3_msgs/msg/_sensor_state.py
[13.448s] -- Installing: /home/mikolaj/ENAE450_tb_ws/install/turtlebot3_msgs/local/lib/python3.10/dist-packages/turtlebot3_msgs/msg/_sound_s.c
[13.449s] -- Installing: /home/mikolaj/ENAE450_tb_ws/install/turtlebot3_msgs/local/lib/python3.10/dist-packages/turtlebot3_msgs/msg/__init__.py
[13.449s] -- Installing: /home/mikolaj/ENAE450_tb_ws/install/turtlebot3_msgs/local/lib/python3.10/dist-packages/turtlebot3_msgs/msg/_sensor_state_s.c
[13.449s] -- Installing: /home/mikolaj/ENAE450_tb_ws/install/turtlebot3_msgs/local/lib/python3.10/dist-packages/turtlebot3_msgs/msg/_version_info.py
[13.452s] -- Installing: /home/mikolaj/ENAE450_tb_ws/install/turtlebot3_msgs/local/lib/python3.10/dist-packages/turtlebot3_msgs/msg/_sound.py
[13.452s] -- Installing: /home/mikolaj/ENAE450_tb_ws/install/turtlebot3_msgs/local/lib/python3.10/dist-packages/turtlebot3_msgs/msg/_version_info_s.c
[13.452s] -- Installing: /home/mikolaj/ENAE450_tb_ws/install/turtlebot3_msgs/local/lib/python3.10/dist-packages/turtlebot3_msgs/libturtlebot3_msgs__rosidl_generator_py.so
[13.452s] -- Installing: /home/mikolaj/ENAE450_tb_ws/install/turtlebot3_msgs/local/lib/python3.10/dist-packages/turtlebot3_msgs/turtlebot3_msgs_s__rosidl_typesupport_introspection_c.cpython-310-x86_64-linux-gnu.so
[13.452s] -- Installing: /home/mikolaj/ENAE450_tb_ws/install/turtlebot3_msgs/local/lib/python3.10/dist-packages/turtlebot3_msgs/__init__.py
[13.452s] -- Installing: /home/mikolaj/ENAE450_tb_ws/install/turtlebot3_msgs/local/lib/python3.10/dist-packages/turtlebot3_msgs/_turtlebot3_msgs_s.ep.rosidl_typesupport_introspection_c.c
[13.452s] -- Installing: /home/mikolaj/ENAE450_tb_ws/install/turtlebot3_msgs/local/lib/python3.10/dist-packages/turtlebot3_msgs/_turtlebot3_msgs_s.ep.rosidl_typesupport_fastrtps_c.c
[13.452s] -- Installing: /home/mikolaj/ENAE450_tb_ws/install/turtlebot3_msgs/local/lib/python3.10/dist-packages/turtlebot3_msgs/turtlebot3_msgs_s__rosidl_typesupport_c.cpython-310-x86_64-linux-gnu.so
[13.452s] -- Installing: /home/mikolaj/ENAE450_tb_ws/install/turtlebot3_msgs/local/lib/python3.10/dist-packages/turtlebot3_msgs/_turtlebot3_msgs_s.ep.rosidl_typesupport_c.c
[13.453s] -- Installing: /home/mikolaj/ENAE450_tb_ws/install/turtlebot3_msgs/local/lib/python3.10/dist-packages/turtlebot3_msgs/action
[13.457s] -- Installing: /home/mikolaj/ENAE450_tb_ws/install/turtlebot3_msgs/local/lib/python3.10/dist-packages/turtlebot3_msgs/action/_patrol.py
[13.457s] -- Installing: /home/mikolaj/ENAE450_tb_ws/install/turtlebot3_msgs/local/lib/python3.10/dist-packages/turtlebot3_msgs/action/__init__.py
[13.458s] -- Installing: /home/mikolaj/ENAE450_tb_ws/install/turtlebot3_msgs/local/lib/python3.10/dist-packages/turtlebot3_msgs/action/_patrol_s.c
[13.458s] -- Installing: /home/mikolaj/ENAE450_tb_ws/install/turtlebot3_msgs/local/lib/python3.10/dist-packages/turtlebot3_msgs/turtlebot3_msgs_s__rosidl_typesupport_fastrtps_c.cpython-310-x86_64-linux-gnu.so
[13.459s] -- Installing: /home/mikolaj/ENAE450_tb_ws/install/turtlebot3_msgs/local/lib/python3.10/dist-packages/turtlebot3_msgs/srv
[13.459s] -- Installing: /home/mikolaj/ENAE450_tb_ws/install/turtlebot3_msgs/local/lib/python3.10/dist-packages/turtlebot3_msgs/srv/_sound_s.c
[13.460s] -- Installing: /home/mikolaj/ENAE450_tb_ws/install/turtlebot3_msgs/local/lib/python3.10/dist-packages/turtlebot3_msgs/srv/_dqn.py
[13.460s] -- Installing: /home/mikolaj/ENAE450_tb_ws/install/turtlebot3_msgs/local/lib/python3.10/dist-packages/turtlebot3_msgs/srv/__init__.py
[13.461s] -- Installing: /home/mikolaj/ENAE450_tb_ws/install/turtlebot3_msgs/local/lib/python3.10/dist-packages/turtlebot3_msgs/srv/_dqn_s.c
[13.461s] -- Installing: /home/mikolaj/ENAE450_tb_ws/install/turtlebot3_msgs/local/lib/python3.10/dist-packages/turtlebot3_msgs/srv/_sound.py
[13.511s] Listing '/home/mikolaj/ENAE450_tb_ws/install/turtlebot3_msgs/local/lib/python3.10/dist-packages/turtlebot3_msgs'...
[13.511s] Compiling '/home/mikolaj/ENAE450_tb_ws/install/turtlebot3_msgs/local/lib/python3.10/dist-packages/turtlebot3_msgs/__init__.py'...
[13.511s] Listing '/home/mikolaj/ENAE450_tb_ws/install/turtlebot3_msgs/local/lib/python3.10/dist-packages/turtlebot3_msgs/action'...
[13.511s] Compiling '/home/mikolaj/ENAE450_tb_ws/install/turtlebot3_msgs/local/lib/python3.10/dist-packages/turtlebot3_msgs/action/__init__.py'...
[13.512s] Compiling '/home/mikolaj/ENAE450_tb_ws/install/turtlebot3_msgs/local/lib/python3.10/dist-packages/turtlebot3_msgs/action/_patrol.py'...
[13.512s] Listing '/home/mikolaj/ENAE450_tb_ws/install/turtlebot3_msgs/local/lib/python3.10/dist-packages/turtlebot3_msgs/msg'...
[13.512s] Compiling '/home/mikolaj/ENAE450_tb_ws/install/turtlebot3_msgs/local/lib/python3.10/dist-packages/turtlebot3_msgs/msg/__init__.py'...
[13.512s] Compiling '/home/mikolaj/ENAE450_tb_ws/install/turtlebot3_msgs/local/lib/python3.10/dist-packages/turtlebot3_msgs/msg/_sensor_state.py'...
[13.512s] Compiling '/home/mikolaj/ENAE450_tb_ws/install/turtlebot3_msgs/local/lib/python3.10/dist-packages/turtlebot3_msgs/msg/_sound.py'...
[13.512s] Compiling '/home/mikolaj/ENAE450_tb_ws/install/turtlebot3_msgs/local/lib/python3.10/dist-packages/turtlebot3_msgs/msg/_version_info.py'...
[13.512s] Listing '/home/mikolaj/ENAE450_tb_ws/install/turtlebot3_msgs/local/lib/python3.10/dist-packages/turtlebot3_msgs/srv'...
[13.512s] Compiling '/home/mikolaj/ENAE450_tb_ws/install/turtlebot3_msgs/local/lib/python3.10/dist-packages/turtlebot3_msgs/srv/__init__.py'...
[13.512s] Compiling '/home/mikolaj/ENAE450_tb_ws/install/turtlebot3_msgs/local/lib/python3.10/dist-packages/turtlebot3_msgs/srv/_dqn.py'...
[13.512s] Compiling '/home/mikolaj/ENAE450_tb_ws/install/turtlebot3_msgs/local/lib/python3.10/dist-packages/turtlebot3_msgs/srv/_sound.py'...
[13.517s] -- Installing: /home/mikolaj/ENAE450_tb_ws/install/turtlebot3_msgs/local/lib/python3.10/dist-packages/turtlebot3_msgs/turtlebot3_msgs_s__rosidl_typesupport_fastrtps_c.cpython-310-x86_64-linux-gnu.so
[13.517s] -- Set runtime path of "/home/mikolaj/ENAE450_tb_ws/install/turtlebot3_msgs/local/lib/python3.10/dist-packages/turtlebot3_msgs/turtlebot3_msgs_s__rosidl_typesupport_fastrtps_c.cpython-310-x86_64-linux-gnu.so" to ""
[13.518s] -- Installing: /home/mikolaj/ENAE450_tb_ws/install/turtlebot3_msgs/local/lib/python3.10/dist-packages/turtlebot3_msgs/turtlebot3_msgs_s__rosidl_typesupport_introspection_c.cpython-310-x86_64-linux-gnu.so
[13.519s] -- Set runtime path of "/home/mikolaj/ENAE450_tb_ws/install/turtlebot3_msgs/local/lib/python3.10/dist-packages/turtlebot3_msgs/turtlebot3_msgs_s__rosidl_typesupport_introspection_c.cpython-310-x86_64-linux-gnu.so" to ""
[13.519s] -- Installing: /home/mikolaj/ENAE450_tb_ws/install/turtlebot3_msgs/local/lib/python3.10/dist-packages/turtlebot3_msgs/turtlebot3_msgs_s__rosidl_typesupport_c.cpython-310-x86_64-linux-gnu.so
[13.520s] -- Set runtime path of "/home/mikolaj/ENAE450_tb_ws/install/turtlebot3_msgs/local/lib/python3.10/dist-packages/turtlebot3_msgs/turtlebot3_msgs_s__rosidl_typesupport_c.cpython-310-x86_64-linux-gnu.so" to ""
[13.520s] -- Installing: /home/mikolaj/ENAE450_tb_ws/install/turtlebot3_msgs/lib/libturtlebot3_msgs__rosidl_generator_py.so
[13.521s] -- Set runtime path of "/home/mikolaj/ENAE450_tb_ws/install/turtlebot3_msgs/lib/libturtlebot3_msgs__rosidl_generator_py.so" to ""
[13.521s] -- Installing: /home/mikolaj/ENAE450_tb_ws/install/turtlebot3_msgs/share/turtlebot3_msgs/msg/SensorState.idl
[13.521s] -- Installing: /home/mikolaj/ENAE450_tb_ws/install/turtlebot3_msgs/share/turtlebot3_msgs/msg/Sound.idl
[13.522s] -- Installing: /home/mikolaj/ENAE450_tb_ws/install/turtlebot3_msgs/share/turtlebot3_msgs/msg/VersionInfo.idl
[13.522s] -- Installing: /home/mikolaj/ENAE450_tb_ws/install/turtlebot3_msgs/share/turtlebot3_msgs/srv/Sound.idl
[13.522s] -- Installing: /home/mikolaj/ENAE450_tb_ws/install/turtlebot3_msgs/share/turtlebot3_msgs/srv/Dqn.idl
[13.523s] -- Installing: /home/mikolaj/ENAE450_tb_ws/install/turtlebot3_msgs/share/turtlebot3_msgs/action/Patrol.idl
[13.523s] -- Installing: /home/mikolaj/ENAE450_tb_ws/install/turtlebot3_msgs/share/turtlebot3_msgs/msg/SensorState.msg
[13.523s] -- Installing: /home/mikolaj/ENAE450_tb_ws/install/turtlebot3_msgs/share/turtlebot3_msgs/msg/Sound.msg
[13.524s] -- Installing: /home/mikolaj/ENAE450_tb_ws/install/turtlebot3_msgs/share/turtlebot3_msgs/msg/VersionInfo.msg
[13.524s] -- Installing: /home/mikolaj/ENAE450_tb_ws/install/turtlebot3_msgs/share/turtlebot3_msgs/srv/Sound.srv
[13.524s] -- Installing: /home/mikolaj/ENAE450_tb_ws/install/turtlebot3_msgs/share/turtlebot3_msgs/srv/Sound_Request.msg
[13.525s] -- Installing: /home/mikolaj/ENAE450_tb_ws/install/turtlebot3_msgs/share/turtlebot3_msgs/srv/Sound_Response.msg
[13.525s] -- Installing: /home/mikolaj/ENAE450_tb_ws/install/turtlebot3_msgs/share/turtlebot3_msgs/srv/Dqn.srv
[13.525s] -- Installing: /home/mikolaj/ENAE450_tb_ws/install/turtlebot3_msgs/share/turtlebot3_msgs/srv/Dqn_Request.msg
[13.526s] -- Installing: /home/mikolaj/ENAE450_tb_ws/install/turtlebot3_msgs/share/turtlebot3_msgs/srv/Dqn_Response.msg
[13.526s] -- Installing: /home/mikolaj/ENAE450_tb_ws/install/turtlebot3_msgs/share/turtlebot3_msgs/action/Patrol.action
[13.526s] -- Installing: /home/mikolaj/ENAE450_tb_ws/install/turtlebot3_msgs/share/ament_index/resource_index/package_run_dependencies/turtlebot3_msgs
[13.527s] -- Installing: /home/mikolaj/ENAE450_tb_ws/install/turtlebot3_msgs/share/ament_index/resource_index/parent_prefix_path/turtlebot3_msgs
[13.527s] -- Installing: /home/mikolaj/ENAE450_tb_ws/install/turtlebot3_msgs/share/turtlebot3_msgs/environment/ament_prefix_path.sh
[13.527s] -- Installing: /home/mikolaj/ENAE450_tb_ws/install/turtlebot3_msgs/share/turtlebot3_msgs/environment/ament_prefix_path.dsv
[13.528s] -- Installing: /home/mikolaj/ENAE450_tb_ws/install/turtlebot3_msgs/share/turtlebot3_msgs/environment/path.sh
[13.528s] -- Installing: /home/mikolaj/ENAE450_tb_ws/install/turtlebot3_msgs/share/turtlebot3_msgs/environment/path.dsv
[13.529s] -- Installing: /home/mikolaj/ENAE450_tb_ws/install/turtlebot3_msgs/share/turtlebot3_msgs/local_setup.bash
[13.529s] -- Installing: /home/mikolaj/ENAE450_tb_ws/install/turtlebot3_msgs/share/turtlebot3_msgs/local_setup.sh
[13.529s] -- Installing: /home/mikolaj/ENAE450_tb_ws/install/turtlebot3_msgs/share/turtlebot3_msgs/local_setup.zsh
[13.530s] -- Installing: /home/mikolaj/ENAE450_tb_ws/install/turtlebot3_msgs/share/turtlebot3_msgs/local_setup.dsv
[13.530s] -- Installing: /home/mikolaj/ENAE450_tb_ws/install/turtlebot3_msgs/share/turtlebot3_msgs/package.dsv
[13.530s] -- Installing: /home/mikolaj/ENAE450_tb_ws/install/turtlebot3_msgs/share/ament_index/resource_index/packages/turtlebot3_msgs
[13.531s] -- Installing: /home/mikolaj/ENAE450_tb_ws/install/turtlebot3_msgs/share/turtlebot3_msgs/cmake/export_turtlebot3_msgs__rosidl_generator_cExport.cmake
[13.531s] -- Installing: /home/mikolaj/ENAE450_tb_ws/install/turtlebot3_msgs/share/turtlebot3_msgs/cmake/export_turtlebot3_msgs__rosidl_generator_cExport-noconfig.cmake
[13.531s] -- Installing: /home/mikolaj/ENAE450_tb_ws/install/turtlebot3_msgs/share/turtlebot3_msgs/cmake/export_turtlebot3_msgs__rosidl_typesupport_fastrtps_cExport.cmake
[13.532s] -- Installing: /home/mikolaj/ENAE450_tb_ws/install/turtlebot3_msgs/share/turtlebot3_msgs/cmake/export_turtlebot3_msgs__rosidl_typesupport_fastrtps_cExport-noconfig.cmake
[13.532s] -- Installing: /home/mikolaj/ENAE450_tb_ws/install/turtlebot3_msgs/share/turtlebot3_msgs/cmake/export_turtlebot3_msgs__rosidl_generator_cppExport.cmake
[13.532s] -- Installing: /home/mikolaj/ENAE450_tb_ws/install/turtlebot3_msgs/share/turtlebot3_msgs/cmake/export_turtlebot3_msgs__rosidl_typesupport_fastrtps_cppExport.cmake
[13.533s] -- Installing: /home/mikolaj/ENAE450_tb_ws/install/turtlebot3_msgs/share/turtlebot3_msgs/cmake/export_turtlebot3_msgs__rosidl_typesupport_fastrtps_cppExport-noconfig.cmake
[13.533s] -- Installing: /home/mikolaj/ENAE450_tb_ws/install/turtlebot3_msgs/share/turtlebot3_msgs/cmake/turtlebot3_msgs__rosidl_typesupport_introspection_cExport.cmake
[13.534s] -- Installing: /home/mikolaj/ENAE450_tb_ws/install/turtlebot3_msgs/share/turtlebot3_msgs/cmake/turtlebot3_msgs__rosidl_typesupport_introspection_cExport-noconfig.cmake
[13.534s] -- Installing: /home/mikolaj/ENAE450_tb_ws/install/turtlebot3_msgs/share/turtlebot3_msgs/cmake/turtlebot3_msgs__rosidl_typesupport_cExport.cmake
[13.534s] -- Installing: /home/mikolaj/ENAE450_tb_ws/install/turtlebot3_msgs/share/turtlebot3_msgs/cmake/turtlebot3_msgs__rosidl_typesupport_cExport-noconfig.cmake
[13.534s] -- Installing: /home/mikolaj/ENAE450_tb_ws/install/turtlebot3_msgs/share/turtlebot3_msgs/cmake/turtlebot3_msgs__rosidl_typesupport_introspection_cppExport.cmake
[13.535s] -- Installing: /home/mikolaj/ENAE450_tb_ws/install/turtlebot3_msgs/share/turtlebot3_msgs/cmake/turtlebot3_msgs__rosidl_typesupport_introspection_cppExport-noconfig.cmake
[13.535s] -- Installing: /home/mikolaj/ENAE450_tb_ws/install/turtlebot3_msgs/share/turtlebot3_msgs/cmake/turtlebot3_msgs__rosidl_typesupport_cppExport.cmake
[13.536s] -- Installing: /home/mikolaj/ENAE450_tb_ws/install/turtlebot3_msgs/share/turtlebot3_msgs/cmake/turtlebot3_msgs__rosidl_typesupport_cppExport-noconfig.cmake
[13.536s] -- Installing: /home/mikolaj/ENAE450_tb_ws/install/turtlebot3_msgs/share/turtlebot3_msgs/cmake/export_turtlebot3_msgs__rosidl_generator_pyExport.cmake
[13.536s] -- Installing: /home/mikolaj/ENAE450_tb_ws/install/turtlebot3_msgs/share/turtlebot3_msgs/cmake/export_turtlebot3_msgs__rosidl_generator_pyExport-noconfig.cmake
[13.537s] -- Installing: /home/mikolaj/ENAE450_tb_ws/install/turtlebot3_msgs/share/turtlebot3_msgs/cmake/rosidl_cmake-extras.cmake
[13.537s] -- Installing: /home/mikolaj/ENAE450_tb_ws/install/turtlebot3_msgs/share/turtlebot3_msgs/cmake/ament_cmake_export_dependencies-extras.cmake
[13.537s] -- Installing: /home/mikolaj/ENAE450_tb_ws/install/turtlebot3_msgs/share/turtlebot3_msgs/cmake/ament_cmake_export_include_directories-extras.cmake
[13.538s] -- Installing: /home/mikolaj/ENAE450_tb_ws/install/turtlebot3_msgs/share/turtlebot3_msgs/cmake/ament_cmake_export_libraries-extras.cmake
[13.538s] -- Installing: /home/mikolaj/ENAE450_tb_ws/install/turtlebot3_msgs/share/turtlebot3_msgs/cmake/ament_cmake_export_targets-extras.cmake
[13.538s] -- Installing: /home/mikolaj/ENAE450_tb_ws/install/turtlebot3_msgs/share/turtlebot3_msgs/cmake/rosidl_cmake_export_typesupport_targets-extras.cmake
[13.539s] -- Installing: /home/mikolaj/ENAE450_tb_ws/install/turtlebot3_msgs/share/turtlebot3_msgs/cmake/rosidl_cmake_export_typesupport_libraries-extras.cmake
[13.539s] -- Installing: /home/mikolaj/ENAE450_tb_ws/install/turtlebot3_msgs/share/turtlebot3_msgs/cmake/turtlebot3_msgsConfig.cmake
[13.539s] -- Installing: /home/mikolaj/ENAE450_tb_ws/install/turtlebot3_msgs/share/turtlebot3_msgs/cmake/turtlebot3_msgsConfig-version.cmake
[13.539s] -- Installing: /home/mikolaj/ENAE450_tb_ws/install/turtlebot3_msgs/share/turtlebot3_msgs/package.xml
[13.547s] Invoked command in '/home/mikolaj/ENAE450_tb_ws/build/turtlebot3_msgs' returned '0': CMAKE_PREFIX_PATH=${CMAKE_PREFIX_PATH}:/home/mikolaj/ENAE450_tb_ws/install/turtlebot3_controller:/opt/ros/humble /usr/bin/cmake --install /home/mikolaj/ENAE450_tb_ws/build/turtlebot3_msgs
