[0.037s] Invoking command in '/home/patrick/ENAE450_tb_ws/build/turtlebot3_fake_node': CMAKE_PREFIX_PATH=/opt/ros/humble /usr/bin/cmake /home/patrick/ENAE450_tb_ws/src/turtlebot3_simulations/turtlebot3_fake_node -DCMAKE_INSTALL_PREFIX=/home/patrick/ENAE450_tb_ws/install/turtlebot3_fake_node
[0.150s] -- The C compiler identification is GNU 11.4.0
[0.265s] -- The CXX compiler identification is GNU 11.4.0
[0.275s] -- Detecting C compiler ABI info
[0.461s] -- Detecting C compiler ABI info - done
[0.466s] -- Check for working C compiler: /usr/bin/cc - skipped
[0.466s] -- Detecting C compile features
[0.467s] -- Detecting C compile features - done
[0.473s] -- Detecting CXX compiler ABI info
[0.621s] -- Detecting CXX compiler ABI info - done
[0.635s] -- Check for working CXX compiler: /usr/bin/c++ - skipped
[0.635s] -- Detecting CXX compile features
[0.636s] -- Detecting CXX compile features - done
[0.636s] -- Found ament_cmake: 1.3.11 (/opt/ros/humble/share/ament_cmake/cmake)
[0.830s] -- Found Python3: /usr/bin/python3 (found version "3.10.12") found components: Interpreter 
[0.931s] -- Found geometry_msgs: 4.2.4 (/opt/ros/humble/share/geometry_msgs/cmake)
[0.984s] -- Found rosidl_generator_c: 3.1.6 (/opt/ros/humble/share/rosidl_generator_c/cmake)
[0.992s] -- Found rosidl_adapter: 3.1.6 (/opt/ros/humble/share/rosidl_adapter/cmake)
[1.002s] -- Found rosidl_generator_cpp: 3.1.6 (/opt/ros/humble/share/rosidl_generator_cpp/cmake)
[1.019s] -- Using all available rosidl_typesupport_c: rosidl_typesupport_fastrtps_c;rosidl_typesupport_introspection_c
[1.044s] -- Using all available rosidl_typesupport_cpp: rosidl_typesupport_fastrtps_cpp;rosidl_typesupport_introspection_cpp
[1.092s] -- Found nav_msgs: 4.2.4 (/opt/ros/humble/share/nav_msgs/cmake)
[1.112s] -- Found rclcpp: 16.0.11 (/opt/ros/humble/share/rclcpp/cmake)
[1.167s] -- Found rmw_implementation_cmake: 6.1.2 (/opt/ros/humble/share/rmw_implementation_cmake/cmake)
[1.171s] -- Found rmw_fastrtps_cpp: 6.2.7 (/opt/ros/humble/share/rmw_fastrtps_cpp/cmake)
[1.334s] -- Found OpenSSL: /usr/lib/x86_64-linux-gnu/libcrypto.so (found version "3.0.2")  
[1.374s] -- Found FastRTPS: /opt/ros/humble/include  
[1.442s] -- Using RMW implementation 'rmw_fastrtps_cpp' as default
[1.457s] -- Looking for pthread.h
[1.576s] -- Looking for pthread.h - found
[1.576s] -- Performing Test CMAKE_HAVE_LIBC_PTHREAD
[1.725s] -- Performing Test CMAKE_HAVE_LIBC_PTHREAD - Success
[1.727s] -- Found Threads: TRUE  
[1.778s] -- Found sensor_msgs: 4.2.4 (/opt/ros/humble/share/sensor_msgs/cmake)
[1.885s] -- Found tf2: 0.25.12 (/opt/ros/humble/share/tf2/cmake)
[1.885s] -- Found tf2_msgs: 0.25.12 (/opt/ros/humble/share/tf2_msgs/cmake)
[1.885s] -- Found turtlebot3_msgs: 2.2.3 (/opt/ros/humble/share/turtlebot3_msgs/cmake)
[1.952s] -- Configuring done
[1.960s] -- Generating done
[1.969s] -- Build files have been written to: /home/patrick/ENAE450_tb_ws/build/turtlebot3_fake_node
[1.991s] Invoked command in '/home/patrick/ENAE450_tb_ws/build/turtlebot3_fake_node' returned '0': CMAKE_PREFIX_PATH=/opt/ros/humble /usr/bin/cmake /home/patrick/ENAE450_tb_ws/src/turtlebot3_simulations/turtlebot3_fake_node -DCMAKE_INSTALL_PREFIX=/home/patrick/ENAE450_tb_ws/install/turtlebot3_fake_node
[1.991s] Invoking command in '/home/patrick/ENAE450_tb_ws/build/turtlebot3_fake_node': CMAKE_PREFIX_PATH=/opt/ros/humble /usr/bin/cmake --build /home/patrick/ENAE450_tb_ws/build/turtlebot3_fake_node -- -j2 -l2
[2.083s] [ 50%] [32mBuilding CXX object CMakeFiles/turtlebot3_fake_node.dir/src/turtlebot3_fake_node.cpp.o[0m
[15.463s] [100%] [32m[1mLinking CXX executable turtlebot3_fake_node[0m
[16.688s] [100%] Built target turtlebot3_fake_node
[16.738s] Invoked command in '/home/patrick/ENAE450_tb_ws/build/turtlebot3_fake_node' returned '0': CMAKE_PREFIX_PATH=/opt/ros/humble /usr/bin/cmake --build /home/patrick/ENAE450_tb_ws/build/turtlebot3_fake_node -- -j2 -l2
[16.762s] Invoking command in '/home/patrick/ENAE450_tb_ws/build/turtlebot3_fake_node': CMAKE_PREFIX_PATH=/opt/ros/humble /usr/bin/cmake --install /home/patrick/ENAE450_tb_ws/build/turtlebot3_fake_node
[16.784s] -- Install configuration: ""
[16.785s] -- Installing: /home/patrick/ENAE450_tb_ws/install/turtlebot3_fake_node/lib/turtlebot3_fake_node/turtlebot3_fake_node
[16.805s] -- Set runtime path of "/home/patrick/ENAE450_tb_ws/install/turtlebot3_fake_node/lib/turtlebot3_fake_node/turtlebot3_fake_node" to ""
[16.805s] -- Installing: /home/patrick/ENAE450_tb_ws/install/turtlebot3_fake_node/share/turtlebot3_fake_node/launch
[16.811s] -- Installing: /home/patrick/ENAE450_tb_ws/install/turtlebot3_fake_node/share/turtlebot3_fake_node/launch/turtlebot3_fake_node.launch.py
[16.811s] -- Installing: /home/patrick/ENAE450_tb_ws/install/turtlebot3_fake_node/share/turtlebot3_fake_node/launch/rviz2.launch.py
[16.811s] -- Installing: /home/patrick/ENAE450_tb_ws/install/turtlebot3_fake_node/share/turtlebot3_fake_node/param
[16.811s] -- Installing: /home/patrick/ENAE450_tb_ws/install/turtlebot3_fake_node/share/turtlebot3_fake_node/param/burger.yaml
[16.811s] -- Installing: /home/patrick/ENAE450_tb_ws/install/turtlebot3_fake_node/share/turtlebot3_fake_node/param/waffle.yaml
[16.811s] -- Installing: /home/patrick/ENAE450_tb_ws/install/turtlebot3_fake_node/share/turtlebot3_fake_node/param/waffle_pi.yaml
[16.811s] -- Installing: /home/patrick/ENAE450_tb_ws/install/turtlebot3_fake_node/include/
[16.811s] -- Installing: /home/patrick/ENAE450_tb_ws/install/turtlebot3_fake_node/include//turtlebot3_fake_node
[16.816s] -- Installing: /home/patrick/ENAE450_tb_ws/install/turtlebot3_fake_node/include//turtlebot3_fake_node/turtlebot3_fake_node.hpp
[16.816s] -- Installing: /home/patrick/ENAE450_tb_ws/install/turtlebot3_fake_node/share/ament_index/resource_index/package_run_dependencies/turtlebot3_fake_node
[16.816s] -- Installing: /home/patrick/ENAE450_tb_ws/install/turtlebot3_fake_node/share/ament_index/resource_index/parent_prefix_path/turtlebot3_fake_node
[16.816s] -- Installing: /home/patrick/ENAE450_tb_ws/install/turtlebot3_fake_node/share/turtlebot3_fake_node/environment/ament_prefix_path.sh
[16.816s] -- Installing: /home/patrick/ENAE450_tb_ws/install/turtlebot3_fake_node/share/turtlebot3_fake_node/environment/ament_prefix_path.dsv
[16.816s] -- Installing: /home/patrick/ENAE450_tb_ws/install/turtlebot3_fake_node/share/turtlebot3_fake_node/environment/path.sh
[16.816s] -- Installing: /home/patrick/ENAE450_tb_ws/install/turtlebot3_fake_node/share/turtlebot3_fake_node/environment/path.dsv
[16.816s] -- Installing: /home/patrick/ENAE450_tb_ws/install/turtlebot3_fake_node/share/turtlebot3_fake_node/local_setup.bash
[16.816s] -- Installing: /home/patrick/ENAE450_tb_ws/install/turtlebot3_fake_node/share/turtlebot3_fake_node/local_setup.sh
[16.818s] -- Installing: /home/patrick/ENAE450_tb_ws/install/turtlebot3_fake_node/share/turtlebot3_fake_node/local_setup.zsh
[16.818s] -- Installing: /home/patrick/ENAE450_tb_ws/install/turtlebot3_fake_node/share/turtlebot3_fake_node/local_setup.dsv
[16.819s] -- Installing: /home/patrick/ENAE450_tb_ws/install/turtlebot3_fake_node/share/turtlebot3_fake_node/package.dsv
[16.839s] -- Installing: /home/patrick/ENAE450_tb_ws/install/turtlebot3_fake_node/share/ament_index/resource_index/packages/turtlebot3_fake_node
[16.839s] -- Installing: /home/patrick/ENAE450_tb_ws/install/turtlebot3_fake_node/share/turtlebot3_fake_node/cmake/ament_cmake_export_include_directories-extras.cmake
[16.839s] -- Installing: /home/patrick/ENAE450_tb_ws/install/turtlebot3_fake_node/share/turtlebot3_fake_node/cmake/ament_cmake_export_dependencies-extras.cmake
[16.839s] -- Installing: /home/patrick/ENAE450_tb_ws/install/turtlebot3_fake_node/share/turtlebot3_fake_node/cmake/turtlebot3_fake_nodeConfig.cmake
[16.839s] -- Installing: /home/patrick/ENAE450_tb_ws/install/turtlebot3_fake_node/share/turtlebot3_fake_node/cmake/turtlebot3_fake_nodeConfig-version.cmake
[16.839s] -- Installing: /home/patrick/ENAE450_tb_ws/install/turtlebot3_fake_node/share/turtlebot3_fake_node/package.xml
[16.845s] Invoked command in '/home/patrick/ENAE450_tb_ws/build/turtlebot3_fake_node' returned '0': CMAKE_PREFIX_PATH=/opt/ros/humble /usr/bin/cmake --install /home/patrick/ENAE450_tb_ws/build/turtlebot3_fake_node
