[0.016s] Invoking command in '/home/patrick/ENAE450_tb_ws/build/turtlebot3_simulations': CMAKE_PREFIX_PATH=/home/patrick/ENAE450_tb_ws/install/turtlebot3_gazebo:/home/patrick/ENAE450_tb_ws/install/turtlebot3_fake_node:/home/patrick/ENAE450_tb_ws/install/turtlebot3_simulations:/home/patrick/ENAE450_tb_ws/install/turtlebot3_controller:/opt/ros/humble /usr/bin/cmake --build /home/patrick/ENAE450_tb_ws/build/turtlebot3_simulations -- -j2 -l2
[0.092s] Invoked command in '/home/patrick/ENAE450_tb_ws/build/turtlebot3_simulations' returned '0': CMAKE_PREFIX_PATH=/home/patrick/ENAE450_tb_ws/install/turtlebot3_gazebo:/home/patrick/ENAE450_tb_ws/install/turtlebot3_fake_node:/home/patrick/ENAE450_tb_ws/install/turtlebot3_simulations:/home/patrick/ENAE450_tb_ws/install/turtlebot3_controller:/opt/ros/humble /usr/bin/cmake --build /home/patrick/ENAE450_tb_ws/build/turtlebot3_simulations -- -j2 -l2
[0.093s] Invoking command in '/home/patrick/ENAE450_tb_ws/build/turtlebot3_simulations': CMAKE_PREFIX_PATH=/home/patrick/ENAE450_tb_ws/install/turtlebot3_gazebo:/home/patrick/ENAE450_tb_ws/install/turtlebot3_fake_node:/home/patrick/ENAE450_tb_ws/install/turtlebot3_simulations:/home/patrick/ENAE450_tb_ws/install/turtlebot3_controller:/opt/ros/humble /usr/bin/cmake --install /home/patrick/ENAE450_tb_ws/build/turtlebot3_simulations
[0.111s] -- Install configuration: ""
[0.111s] -- Up-to-date: /home/patrick/ENAE450_tb_ws/install/turtlebot3_simulations/share/ament_index/resource_index/package_run_dependencies/turtlebot3_simulations
[0.111s] -- Up-to-date: /home/patrick/ENAE450_tb_ws/install/turtlebot3_simulations/share/ament_index/resource_index/parent_prefix_path/turtlebot3_simulations
[0.115s] -- Up-to-date: /home/patrick/ENAE450_tb_ws/install/turtlebot3_simulations/share/turtlebot3_simulations/environment/ament_prefix_path.sh
[0.116s] -- Up-to-date: /home/patrick/ENAE450_tb_ws/install/turtlebot3_simulations/share/turtlebot3_simulations/environment/ament_prefix_path.dsv
[0.116s] -- Up-to-date: /home/patrick/ENAE450_tb_ws/install/turtlebot3_simulations/share/turtlebot3_simulations/environment/path.sh
[0.116s] -- Up-to-date: /home/patrick/ENAE450_tb_ws/install/turtlebot3_simulations/share/turtlebot3_simulations/environment/path.dsv
[0.116s] -- Up-to-date: /home/patrick/ENAE450_tb_ws/install/turtlebot3_simulations/share/turtlebot3_simulations/local_setup.bash
[0.116s] -- Up-to-date: /home/patrick/ENAE450_tb_ws/install/turtlebot3_simulations/share/turtlebot3_simulations/local_setup.sh
[0.116s] -- Up-to-date: /home/patrick/ENAE450_tb_ws/install/turtlebot3_simulations/share/turtlebot3_simulations/local_setup.zsh
[0.116s] -- Up-to-date: /home/patrick/ENAE450_tb_ws/install/turtlebot3_simulations/share/turtlebot3_simulations/local_setup.dsv
[0.116s] -- Up-to-date: /home/patrick/ENAE450_tb_ws/install/turtlebot3_simulations/share/turtlebot3_simulations/package.dsv
[0.116s] -- Up-to-date: /home/patrick/ENAE450_tb_ws/install/turtlebot3_simulations/share/ament_index/resource_index/packages/turtlebot3_simulations
[0.116s] -- Up-to-date: /home/patrick/ENAE450_tb_ws/install/turtlebot3_simulations/share/turtlebot3_simulations/cmake/turtlebot3_simulationsConfig.cmake
[0.116s] -- Up-to-date: /home/patrick/ENAE450_tb_ws/install/turtlebot3_simulations/share/turtlebot3_simulations/cmake/turtlebot3_simulationsConfig-version.cmake
[0.116s] -- Up-to-date: /home/patrick/ENAE450_tb_ws/install/turtlebot3_simulations/share/turtlebot3_simulations/package.xml
[0.265s] Invoked command in '/home/patrick/ENAE450_tb_ws/build/turtlebot3_simulations' returned '0': CMAKE_PREFIX_PATH=/home/patrick/ENAE450_tb_ws/install/turtlebot3_gazebo:/home/patrick/ENAE450_tb_ws/install/turtlebot3_fake_node:/home/patrick/ENAE450_tb_ws/install/turtlebot3_simulations:/home/patrick/ENAE450_tb_ws/install/turtlebot3_controller:/opt/ros/humble /usr/bin/cmake --install /home/patrick/ENAE450_tb_ws/build/turtlebot3_simulations
