[0.030s] Invoking command in '/home/mikolaj/ENAE450_tb_ws/build/turtlebot3_gazebo': CMAKE_PREFIX_PATH=${CMAKE_PREFIX_PATH}:/home/mikolaj/ENAE450_tb_ws/install/turtlebot3_controller:/opt/ros/humble /usr/bin/cmake /home/mikolaj/ENAE450_tb_ws/src/turtlebot3_simulations/turtlebot3_gazebo -DCMAKE_INSTALL_PREFIX=/home/mikolaj/ENAE450_tb_ws/install/turtlebot3_gazebo
[0.085s] -- The C compiler identification is GNU 11.4.0
[0.143s] -- The CXX compiler identification is GNU 11.4.0
[0.150s] -- Detecting C compiler ABI info
[0.225s] -- Detecting C compiler ABI info - done
[0.230s] -- Check for working C compiler: /usr/bin/cc - skipped
[0.231s] -- Detecting C compile features
[0.231s] -- Detecting C compile features - done
[0.234s] -- Detecting CXX compiler ABI info
[0.325s] -- Detecting CXX compiler ABI info - done
[0.333s] -- Check for working CXX compiler: /usr/bin/c++ - skipped
[0.333s] -- Detecting CXX compile features
[0.334s] -- Detecting CXX compile features - done
[0.336s] -- Found ament_cmake: 1.3.11 (/opt/ros/humble/share/ament_cmake/cmake)
[0.491s] -- Found Python3: /usr/bin/python3 (found version "3.10.12") found components: Interpreter 
[0.582s] [33mCMake Warning (dev) at /usr/share/cmake-3.22/Modules/FindPackageHandleStandardArgs.cmake:438 (message):
[0.582s]   The package name passed to `find_package_handle_standard_args` (PkgConfig)
[0.582s]   does not match the name of the calling package (gazebo).  This can lead to
[0.582s]   problems in calling code that expects `find_package` result variables
[0.582s]   (e.g., `_FOUND`) to follow a certain pattern.
[0.583s] Call Stack (most recent call first):
[0.583s]   /usr/share/cmake-3.22/Modules/FindPkgConfig.cmake:99 (find_package_handle_standard_args)
[0.583s]   /usr/lib/x86_64-linux-gnu/cmake/gazebo/gazebo-config.cmake:72 (include)
[0.583s]   CMakeLists.txt:23 (find_package)
[0.583s] This warning is for project developers.  Use -Wno-dev to suppress it.
[0.583s] [0m
[0.585s] -- Found PkgConfig: /usr/bin/pkg-config (found version "0.29.2") 
[0.586s] -- Checking for module 'bullet>=2.82'
[0.599s] --   Found bullet, version 3.05
[0.711s] -- Found fcl: /usr/include (found suitable version "0.7.0", minimum required is "0.5.0") 
[0.771s] -- Found assimp: /usr/include (found version "5.2.0") 
[0.787s] -- Found DART: /usr/include (Required is at least version "6.6") found components: dart 
[1.212s] -- Found Boost: /usr/lib/x86_64-linux-gnu/cmake/Boost-1.74.0/BoostConfig.cmake (found suitable version "1.74.0", minimum required is "1.40.0") found components: thread system filesystem program_options regex iostreams date_time 
[1.263s] -- Found Protobuf: /usr/lib/x86_64-linux-gnu/libprotobuf.so (found version "3.12.4") 
[1.272s] -- Looking for ignition-math6 -- found version 6.15.1
[1.282s] -- Searching for dependencies of ignition-math6
[1.284s] -- Looking for OGRE...
[1.285s] -- OGRE_PREFIX_WATCH changed.
[1.298s] -- Checking for module 'OGRE'
[1.318s] --   Found OGRE, version 1.9.0
[1.358s] -- Found Ogre Ghadamon (1.9.0)
[1.371s] -- Found OGRE: optimized;/usr/lib/x86_64-linux-gnu/libOgreMain.so;debug;/usr/lib/x86_64-linux-gnu/libOgreMain.so
[1.393s] -- Looking for OGRE_Paging...
[1.400s] -- Found OGRE_Paging: optimized;/usr/lib/x86_64-linux-gnu/libOgrePaging.so;debug;/usr/lib/x86_64-linux-gnu/libOgrePaging.so
[1.400s] -- Looking for OGRE_Terrain...
[1.407s] -- Found OGRE_Terrain: optimized;/usr/lib/x86_64-linux-gnu/libOgreTerrain.so;debug;/usr/lib/x86_64-linux-gnu/libOgreTerrain.so
[1.407s] -- Looking for OGRE_Property...
[1.413s] -- Found OGRE_Property: optimized;/usr/lib/x86_64-linux-gnu/libOgreProperty.so;debug;/usr/lib/x86_64-linux-gnu/libOgreProperty.so
[1.416s] -- Looking for OGRE_RTShaderSystem...
[1.424s] -- Found OGRE_RTShaderSystem: optimized;/usr/lib/x86_64-linux-gnu/libOgreRTShaderSystem.so;debug;/usr/lib/x86_64-linux-gnu/libOgreRTShaderSystem.so
[1.425s] -- Looking for OGRE_Volume...
[1.434s] -- Found OGRE_Volume: optimized;/usr/lib/x86_64-linux-gnu/libOgreVolume.so;debug;/usr/lib/x86_64-linux-gnu/libOgreVolume.so
[1.434s] -- Looking for OGRE_Overlay...
[1.441s] -- Found OGRE_Overlay: optimized;/usr/lib/x86_64-linux-gnu/libOgreOverlay.so;debug;/usr/lib/x86_64-linux-gnu/libOgreOverlay.so
[1.556s] -- Looking for ignition-math6 -- found version 6.15.1
[1.558s] -- Looking for ignition-transport8 -- found version 8.2.1
[1.559s] -- Searching for dependencies of ignition-transport8
[1.577s] -- Found Protobuf: /usr/lib/x86_64-linux-gnu/libprotobuf.so (found suitable version "3.12.4", minimum required is "3") 
[1.588s] -- Config-file not installed for ZeroMQ -- checking for pkg-config
[1.594s] -- Checking for module 'libzmq >= 4'
[1.610s] --   Found libzmq , version 4.3.4
[1.656s] -- Found ZeroMQ: TRUE (Required is at least version "4") 
[1.663s] -- Checking for module 'uuid'
[1.677s] --   Found uuid, version 2.37.2
[1.716s] -- Found UUID: TRUE  
[1.717s] -- Looking for ignition-msgs5 -- found version 5.8.1
[1.717s] -- Searching for dependencies of ignition-msgs5
[1.737s] -- Looking for ignition-math6 -- found version 6.15.1
[1.743s] -- Checking for module 'tinyxml2'
[1.759s] --   Found tinyxml2, version 9.0.0
[1.799s] -- Looking for ignition-msgs5 -- found version 5.8.1
[1.801s] -- Looking for ignition-common3 -- found version 3.14.0
[1.802s] -- Searching for dependencies of ignition-common3
[1.802s] -- Looking for dlfcn.h - found
[1.803s] -- Looking for libdl - found
[1.805s] -- Found DL: TRUE  
[1.816s] -- Found tinyobjloader: /usr/lib/x86_64-linux-gnu/cmake/tinyobjloader/tinyobjloader-config.cmake (found version "2.0.0") 
[1.817s] -- Searching for <ignition-common3> component [graphics]
[1.820s] -- Looking for ignition-common3-graphics -- found version 3.14.0
[1.820s] -- Searching for dependencies of ignition-common3-graphics
[1.821s] -- Looking for ignition-math6 -- found version 6.15.1
[1.824s] -- Looking for ignition-fuel_tools4 -- found version 4.4.0
[1.824s] -- Searching for dependencies of ignition-fuel_tools4
[1.911s] -- Found CURL: /usr/lib/x86_64-linux-gnu/libcurl.so (found version "7.81.0")  
[1.918s] -- Checking for module 'jsoncpp'
[1.936s] --   Found jsoncpp, version 1.9.5
[1.984s] -- Found JSONCPP: TRUE  
[1.986s] -- Checking for module 'libzip'
[2.012s] --   Found libzip, version 1.7.3
[2.083s] -- Found ZIP: TRUE  
[2.083s] -- Looking for ignition-common3 -- found version 3.14.0
[2.083s] -- Looking for ignition-math6 -- found version 6.15.1
[2.084s] -- Looking for ignition-msgs5 -- found version 5.8.1
[2.091s] -- Found gazebo_ros_pkgs: 3.9.0 (/opt/ros/humble/share/gazebo_ros_pkgs/cmake)
[2.094s] -- Found geometry_msgs: 4.2.4 (/opt/ros/humble/share/geometry_msgs/cmake)
[2.133s] -- Found rosidl_generator_c: 3.1.6 (/opt/ros/humble/share/rosidl_generator_c/cmake)
[2.139s] -- Found rosidl_adapter: 3.1.6 (/opt/ros/humble/share/rosidl_adapter/cmake)
[2.148s] -- Found rosidl_generator_cpp: 3.1.6 (/opt/ros/humble/share/rosidl_generator_cpp/cmake)
[2.162s] -- Using all available rosidl_typesupport_c: rosidl_typesupport_fastrtps_c;rosidl_typesupport_introspection_c
[2.181s] -- Using all available rosidl_typesupport_cpp: rosidl_typesupport_fastrtps_cpp;rosidl_typesupport_introspection_cpp
[2.226s] -- Found nav_msgs: 4.2.4 (/opt/ros/humble/share/nav_msgs/cmake)
[2.250s] -- Found rclcpp: 16.0.11 (/opt/ros/humble/share/rclcpp/cmake)
[2.295s] -- Found rmw_implementation_cmake: 6.1.2 (/opt/ros/humble/share/rmw_implementation_cmake/cmake)
[2.300s] -- Found rmw_fastrtps_cpp: 6.2.7 (/opt/ros/humble/share/rmw_fastrtps_cpp/cmake)
[2.460s] -- Found OpenSSL: /usr/lib/x86_64-linux-gnu/libcrypto.so (found version "3.0.2")  
[2.502s] -- Found FastRTPS: /opt/ros/humble/include  
[2.590s] -- Using RMW implementation 'rmw_fastrtps_cpp' as default
[2.624s] -- Found Threads: TRUE  
[2.685s] -- Found sensor_msgs: 4.2.4 (/opt/ros/humble/share/sensor_msgs/cmake)
[2.736s] -- Found tf2: 0.25.11 (/opt/ros/humble/share/tf2/cmake)
[3.000s] -- Configuring done
[3.139s] -- Generating done
[3.179s] -- Build files have been written to: /home/mikolaj/ENAE450_tb_ws/build/turtlebot3_gazebo
[3.235s] Invoked command in '/home/mikolaj/ENAE450_tb_ws/build/turtlebot3_gazebo' returned '0': CMAKE_PREFIX_PATH=${CMAKE_PREFIX_PATH}:/home/mikolaj/ENAE450_tb_ws/install/turtlebot3_controller:/opt/ros/humble /usr/bin/cmake /home/mikolaj/ENAE450_tb_ws/src/turtlebot3_simulations/turtlebot3_gazebo -DCMAKE_INSTALL_PREFIX=/home/mikolaj/ENAE450_tb_ws/install/turtlebot3_gazebo
[3.236s] Invoking command in '/home/mikolaj/ENAE450_tb_ws/build/turtlebot3_gazebo': CMAKE_PREFIX_PATH=${CMAKE_PREFIX_PATH}:/home/mikolaj/ENAE450_tb_ws/install/turtlebot3_controller:/opt/ros/humble /usr/bin/cmake --build /home/mikolaj/ENAE450_tb_ws/build/turtlebot3_gazebo -- -j8 -l8
[3.408s] [  8%] [32mBuilding CXX object CMakeFiles/traffic_light_plugin.dir/src/traffic_light_plugin.cpp.o[0m
[3.408s] [ 16%] [32mBuilding CXX object CMakeFiles/obstacle2.dir/src/obstacle2.cpp.o[0m
[3.416s] [ 25%] [32mBuilding CXX object CMakeFiles/traffic_bar_plugin.dir/src/traffic_bar_plugin.cpp.o[0m
[3.417s] [ 33%] [32mBuilding CXX object CMakeFiles/obstacle1.dir/src/obstacle1.cpp.o[0m
[3.430s] [ 41%] [32mBuilding CXX object CMakeFiles/turtlebot3_drive.dir/src/turtlebot3_drive.cpp.o[0m
[3.435s] [ 50%] [32mBuilding CXX object CMakeFiles/obstacles.dir/src/obstacles.cpp.o[0m
[20.809s] [ 58%] [32m[1mLinking CXX shared library libobstacle2.so[0m
[21.101s] [ 66%] [32m[1mLinking CXX shared library libtraffic_light_plugin.so[0m
[21.115s] [ 66%] Built target obstacle2
[21.233s] [ 75%] [32m[1mLinking CXX shared library libobstacles.so[0m
[21.443s] [ 83%] [32m[1mLinking CXX executable turtlebot3_drive[0m
[21.579s] [ 83%] Built target obstacles
[21.583s] [ 83%] Built target traffic_light_plugin
[22.073s] [ 91%] [32m[1mLinking CXX shared library libtraffic_bar_plugin.so[0m
[22.100s] [ 91%] Built target turtlebot3_drive
[22.112s] [100%] [32m[1mLinking CXX shared library libobstacle1.so[0m
[22.321s] [100%] Built target traffic_bar_plugin
[22.350s] [100%] Built target obstacle1
[22.363s] Invoked command in '/home/mikolaj/ENAE450_tb_ws/build/turtlebot3_gazebo' returned '0': CMAKE_PREFIX_PATH=${CMAKE_PREFIX_PATH}:/home/mikolaj/ENAE450_tb_ws/install/turtlebot3_controller:/opt/ros/humble /usr/bin/cmake --build /home/mikolaj/ENAE450_tb_ws/build/turtlebot3_gazebo -- -j8 -l8
[22.364s] Invoking command in '/home/mikolaj/ENAE450_tb_ws/build/turtlebot3_gazebo': CMAKE_PREFIX_PATH=${CMAKE_PREFIX_PATH}:/home/mikolaj/ENAE450_tb_ws/install/turtlebot3_controller:/opt/ros/humble /usr/bin/cmake --install /home/mikolaj/ENAE450_tb_ws/build/turtlebot3_gazebo
[22.374s] -- Install configuration: ""
[22.374s] -- Installing: /home/mikolaj/ENAE450_tb_ws/install/turtlebot3_gazebo/lib/turtlebot3_gazebo/turtlebot3_drive
[22.379s] -- Set runtime path of "/home/mikolaj/ENAE450_tb_ws/install/turtlebot3_gazebo/lib/turtlebot3_gazebo/turtlebot3_drive" to ""
[22.379s] -- Installing: /home/mikolaj/ENAE450_tb_ws/install/turtlebot3_gazebo/share/turtlebot3_gazebo//launch
[22.379s] -- Installing: /home/mikolaj/ENAE450_tb_ws/install/turtlebot3_gazebo/share/turtlebot3_gazebo//launch/robot_state_publisher.launch.py
[22.379s] -- Installing: /home/mikolaj/ENAE450_tb_ws/install/turtlebot3_gazebo/share/turtlebot3_gazebo//launch/turtlebot3_dqn_stage3.launch.py
[22.379s] -- Installing: /home/mikolaj/ENAE450_tb_ws/install/turtlebot3_gazebo/share/turtlebot3_gazebo//launch/turtlebot3_dqn_stage4.launch.py
[22.379s] -- Installing: /home/mikolaj/ENAE450_tb_ws/install/turtlebot3_gazebo/share/turtlebot3_gazebo//launch/turtlebot3_house.launch.py
[22.380s] -- Installing: /home/mikolaj/ENAE450_tb_ws/install/turtlebot3_gazebo/share/turtlebot3_gazebo//launch/empty_world.launch.py
[22.380s] -- Installing: /home/mikolaj/ENAE450_tb_ws/install/turtlebot3_gazebo/share/turtlebot3_gazebo//launch/spawn_turtlebot3.launch.py
[22.380s] -- Installing: /home/mikolaj/ENAE450_tb_ws/install/turtlebot3_gazebo/share/turtlebot3_gazebo//launch/maze_2.launch.py
[22.380s] -- Installing: /home/mikolaj/ENAE450_tb_ws/install/turtlebot3_gazebo/share/turtlebot3_gazebo//launch/multi_spawn_turtlebot3.launch.py
[22.380s] -- Installing: /home/mikolaj/ENAE450_tb_ws/install/turtlebot3_gazebo/share/turtlebot3_gazebo//launch/maze_1.launch.py
[22.380s] -- Installing: /home/mikolaj/ENAE450_tb_ws/install/turtlebot3_gazebo/share/turtlebot3_gazebo//launch/turtlebot3_dqn_stage2.launch.py
[22.380s] -- Installing: /home/mikolaj/ENAE450_tb_ws/install/turtlebot3_gazebo/share/turtlebot3_gazebo//launch/maze_0.launch.py
[22.380s] -- Installing: /home/mikolaj/ENAE450_tb_ws/install/turtlebot3_gazebo/share/turtlebot3_gazebo//launch/turtlebot3_autorace_2020.launch.py
[22.381s] -- Installing: /home/mikolaj/ENAE450_tb_ws/install/turtlebot3_gazebo/share/turtlebot3_gazebo//launch/turtlebot3_dqn_stage1.launch.py
[22.381s] -- Installing: /home/mikolaj/ENAE450_tb_ws/install/turtlebot3_gazebo/share/turtlebot3_gazebo//launch/turtlebot3_world.launch.py
[22.381s] -- Installing: /home/mikolaj/ENAE450_tb_ws/install/turtlebot3_gazebo/share/turtlebot3_gazebo//launch/multi_robot.launch.py
[22.381s] -- Installing: /home/mikolaj/ENAE450_tb_ws/install/turtlebot3_gazebo/share/turtlebot3_gazebo//models
[22.381s] -- Installing: /home/mikolaj/ENAE450_tb_ws/install/turtlebot3_gazebo/share/turtlebot3_gazebo//models/maze_1
[22.381s] -- Installing: /home/mikolaj/ENAE450_tb_ws/install/turtlebot3_gazebo/share/turtlebot3_gazebo//models/maze_1/model.sdf
[22.381s] -- Installing: /home/mikolaj/ENAE450_tb_ws/install/turtlebot3_gazebo/share/turtlebot3_gazebo//models/maze_1/model.config
[22.381s] -- Installing: /home/mikolaj/ENAE450_tb_ws/install/turtlebot3_gazebo/share/turtlebot3_gazebo//models/turtlebot3_common
[22.381s] -- Installing: /home/mikolaj/ENAE450_tb_ws/install/turtlebot3_gazebo/share/turtlebot3_gazebo//models/turtlebot3_common/meshes
[22.381s] -- Installing: /home/mikolaj/ENAE450_tb_ws/install/turtlebot3_gazebo/share/turtlebot3_gazebo//models/turtlebot3_common/meshes/wheels
[22.381s] -- Installing: /home/mikolaj/ENAE450_tb_ws/install/turtlebot3_gazebo/share/turtlebot3_gazebo//models/turtlebot3_common/meshes/wheels/right_tire.stl
[22.382s] -- Installing: /home/mikolaj/ENAE450_tb_ws/install/turtlebot3_gazebo/share/turtlebot3_gazebo//models/turtlebot3_common/meshes/wheels/left_tire.stl
[22.384s] -- Installing: /home/mikolaj/ENAE450_tb_ws/install/turtlebot3_gazebo/share/turtlebot3_gazebo//models/turtlebot3_common/meshes/waffle_base.dae
[22.384s] -- Installing: /home/mikolaj/ENAE450_tb_ws/install/turtlebot3_gazebo/share/turtlebot3_gazebo//models/turtlebot3_common/meshes/burger_base.dae
[22.384s] -- Installing: /home/mikolaj/ENAE450_tb_ws/install/turtlebot3_gazebo/share/turtlebot3_gazebo//models/turtlebot3_common/meshes/sensors
[22.384s] -- Installing: /home/mikolaj/ENAE450_tb_ws/install/turtlebot3_gazebo/share/turtlebot3_gazebo//models/turtlebot3_common/meshes/sensors/astra.jpg
[22.384s] -- Installing: /home/mikolaj/ENAE450_tb_ws/install/turtlebot3_gazebo/share/turtlebot3_gazebo//models/turtlebot3_common/meshes/sensors/r200.jpg
[22.385s] -- Installing: /home/mikolaj/ENAE450_tb_ws/install/turtlebot3_gazebo/share/turtlebot3_gazebo//models/turtlebot3_common/meshes/sensors/astra.dae
[22.392s] -- Installing: /home/mikolaj/ENAE450_tb_ws/install/turtlebot3_gazebo/share/turtlebot3_gazebo//models/turtlebot3_common/meshes/sensors/lds.stl
[22.392s] -- Installing: /home/mikolaj/ENAE450_tb_ws/install/turtlebot3_gazebo/share/turtlebot3_gazebo//models/turtlebot3_common/meshes/sensors/r200.dae
[22.393s] -- Installing: /home/mikolaj/ENAE450_tb_ws/install/turtlebot3_gazebo/share/turtlebot3_gazebo//models/turtlebot3_common/meshes/lds.dae
[22.393s] -- Installing: /home/mikolaj/ENAE450_tb_ws/install/turtlebot3_gazebo/share/turtlebot3_gazebo//models/turtlebot3_common/meshes/tire.dae
[22.393s] -- Installing: /home/mikolaj/ENAE450_tb_ws/install/turtlebot3_gazebo/share/turtlebot3_gazebo//models/turtlebot3_common/meshes/r200.dae
[22.393s] -- Installing: /home/mikolaj/ENAE450_tb_ws/install/turtlebot3_gazebo/share/turtlebot3_gazebo//models/turtlebot3_common/meshes/waffle_pi_base.dae
[22.393s] -- Installing: /home/mikolaj/ENAE450_tb_ws/install/turtlebot3_gazebo/share/turtlebot3_gazebo//models/turtlebot3_common/meshes/bases
[22.394s] -- Installing: /home/mikolaj/ENAE450_tb_ws/install/turtlebot3_gazebo/share/turtlebot3_gazebo//models/turtlebot3_common/meshes/bases/burger_base.stl
[22.397s] -- Installing: /home/mikolaj/ENAE450_tb_ws/install/turtlebot3_gazebo/share/turtlebot3_gazebo//models/turtlebot3_common/meshes/bases/waffle_pi_base.stl
[22.404s] -- Installing: /home/mikolaj/ENAE450_tb_ws/install/turtlebot3_gazebo/share/turtlebot3_gazebo//models/turtlebot3_common/meshes/bases/waffle_base.stl
[22.417s] -- Installing: /home/mikolaj/ENAE450_tb_ws/install/turtlebot3_gazebo/share/turtlebot3_gazebo//models/turtlebot3_common/model.config
[22.417s] -- Installing: /home/mikolaj/ENAE450_tb_ws/install/turtlebot3_gazebo/share/turtlebot3_gazebo//models/turtlebot3_burger
[22.417s] -- Installing: /home/mikolaj/ENAE450_tb_ws/install/turtlebot3_gazebo/share/turtlebot3_gazebo//models/turtlebot3_burger/model.sdf
[22.418s] -- Installing: /home/mikolaj/ENAE450_tb_ws/install/turtlebot3_gazebo/share/turtlebot3_gazebo//models/turtlebot3_burger/model-1_4.sdf
[22.418s] -- Installing: /home/mikolaj/ENAE450_tb_ws/install/turtlebot3_gazebo/share/turtlebot3_gazebo//models/turtlebot3_burger/model.config
[22.418s] -- Installing: /home/mikolaj/ENAE450_tb_ws/install/turtlebot3_gazebo/share/turtlebot3_gazebo//models/turtlebot3_waffle
[22.418s] -- Installing: /home/mikolaj/ENAE450_tb_ws/install/turtlebot3_gazebo/share/turtlebot3_gazebo//models/turtlebot3_waffle/model.sdf
[22.418s] -- Installing: /home/mikolaj/ENAE450_tb_ws/install/turtlebot3_gazebo/share/turtlebot3_gazebo//models/turtlebot3_waffle/model-1_4.sdf
[22.418s] -- Installing: /home/mikolaj/ENAE450_tb_ws/install/turtlebot3_gazebo/share/turtlebot3_gazebo//models/turtlebot3_waffle/model.config
[22.418s] -- Installing: /home/mikolaj/ENAE450_tb_ws/install/turtlebot3_gazebo/share/turtlebot3_gazebo//models/turtlebot3_autorace_2020
[22.418s] -- Installing: /home/mikolaj/ENAE450_tb_ws/install/turtlebot3_gazebo/share/turtlebot3_gazebo//models/turtlebot3_autorace_2020/traffic_light
[22.418s] -- Installing: /home/mikolaj/ENAE450_tb_ws/install/turtlebot3_gazebo/share/turtlebot3_gazebo//models/turtlebot3_autorace_2020/traffic_light/model.sdf
[22.419s] -- Installing: /home/mikolaj/ENAE450_tb_ws/install/turtlebot3_gazebo/share/turtlebot3_gazebo//models/turtlebot3_autorace_2020/traffic_light/materials
[22.419s] -- Installing: /home/mikolaj/ENAE450_tb_ws/install/turtlebot3_gazebo/share/turtlebot3_gazebo//models/turtlebot3_autorace_2020/traffic_light/materials/scripts
[22.419s] -- Installing: /home/mikolaj/ENAE450_tb_ws/install/turtlebot3_gazebo/share/turtlebot3_gazebo//models/turtlebot3_autorace_2020/traffic_light/materials/scripts/traffic_light.material
[22.419s] -- Installing: /home/mikolaj/ENAE450_tb_ws/install/turtlebot3_gazebo/share/turtlebot3_gazebo//models/turtlebot3_autorace_2020/traffic_light/materials/textures
[22.419s] -- Installing: /home/mikolaj/ENAE450_tb_ws/install/turtlebot3_gazebo/share/turtlebot3_gazebo//models/turtlebot3_autorace_2020/traffic_light/materials/textures/traffic_light_green.png
[22.419s] -- Installing: /home/mikolaj/ENAE450_tb_ws/install/turtlebot3_gazebo/share/turtlebot3_gazebo//models/turtlebot3_autorace_2020/traffic_light/materials/textures/traffic_light_yellow.png
[22.420s] -- Installing: /home/mikolaj/ENAE450_tb_ws/install/turtlebot3_gazebo/share/turtlebot3_gazebo//models/turtlebot3_autorace_2020/traffic_light/materials/textures/traffic_light_red.png
[22.420s] -- Installing: /home/mikolaj/ENAE450_tb_ws/install/turtlebot3_gazebo/share/turtlebot3_gazebo//models/turtlebot3_autorace_2020/traffic_light/materials/textures/traffic_light.png
[22.420s] -- Installing: /home/mikolaj/ENAE450_tb_ws/install/turtlebot3_gazebo/share/turtlebot3_gazebo//models/turtlebot3_autorace_2020/traffic_light/model.config
[22.420s] -- Installing: /home/mikolaj/ENAE450_tb_ws/install/turtlebot3_gazebo/share/turtlebot3_gazebo//models/turtlebot3_autorace_2020/traffic_parking
[22.420s] -- Installing: /home/mikolaj/ENAE450_tb_ws/install/turtlebot3_gazebo/share/turtlebot3_gazebo//models/turtlebot3_autorace_2020/traffic_parking/model.sdf
[22.420s] -- Installing: /home/mikolaj/ENAE450_tb_ws/install/turtlebot3_gazebo/share/turtlebot3_gazebo//models/turtlebot3_autorace_2020/traffic_parking/materials
[22.420s] -- Installing: /home/mikolaj/ENAE450_tb_ws/install/turtlebot3_gazebo/share/turtlebot3_gazebo//models/turtlebot3_autorace_2020/traffic_parking/materials/scripts
[22.421s] -- Installing: /home/mikolaj/ENAE450_tb_ws/install/turtlebot3_gazebo/share/turtlebot3_gazebo//models/turtlebot3_autorace_2020/traffic_parking/materials/scripts/traffic_parking.material
[22.421s] -- Installing: /home/mikolaj/ENAE450_tb_ws/install/turtlebot3_gazebo/share/turtlebot3_gazebo//models/turtlebot3_autorace_2020/traffic_parking/materials/textures
[22.421s] -- Installing: /home/mikolaj/ENAE450_tb_ws/install/turtlebot3_gazebo/share/turtlebot3_gazebo//models/turtlebot3_autorace_2020/traffic_parking/materials/textures/traffic_parking.png
[22.421s] -- Installing: /home/mikolaj/ENAE450_tb_ws/install/turtlebot3_gazebo/share/turtlebot3_gazebo//models/turtlebot3_autorace_2020/traffic_parking/model.config
[22.421s] -- Installing: /home/mikolaj/ENAE450_tb_ws/install/turtlebot3_gazebo/share/turtlebot3_gazebo//models/turtlebot3_autorace_2020/checker
[22.421s] -- Installing: /home/mikolaj/ENAE450_tb_ws/install/turtlebot3_gazebo/share/turtlebot3_gazebo//models/turtlebot3_autorace_2020/checker/model.sdf
[22.421s] -- Installing: /home/mikolaj/ENAE450_tb_ws/install/turtlebot3_gazebo/share/turtlebot3_gazebo//models/turtlebot3_autorace_2020/checker/materials
[22.421s] -- Installing: /home/mikolaj/ENAE450_tb_ws/install/turtlebot3_gazebo/share/turtlebot3_gazebo//models/turtlebot3_autorace_2020/checker/materials/checker.png
[22.421s] -- Installing: /home/mikolaj/ENAE450_tb_ws/install/turtlebot3_gazebo/share/turtlebot3_gazebo//models/turtlebot3_autorace_2020/checker/materials/scripts
[22.422s] -- Installing: /home/mikolaj/ENAE450_tb_ws/install/turtlebot3_gazebo/share/turtlebot3_gazebo//models/turtlebot3_autorace_2020/checker/materials/scripts/checker.material
[22.422s] -- Installing: /home/mikolaj/ENAE450_tb_ws/install/turtlebot3_gazebo/share/turtlebot3_gazebo//models/turtlebot3_autorace_2020/checker/materials/textures
[22.422s] -- Installing: /home/mikolaj/ENAE450_tb_ws/install/turtlebot3_gazebo/share/turtlebot3_gazebo//models/turtlebot3_autorace_2020/checker/materials/textures/checker.png
[22.422s] -- Installing: /home/mikolaj/ENAE450_tb_ws/install/turtlebot3_gazebo/share/turtlebot3_gazebo//models/turtlebot3_autorace_2020/checker/model.config
[22.422s] -- Installing: /home/mikolaj/ENAE450_tb_ws/install/turtlebot3_gazebo/share/turtlebot3_gazebo//models/turtlebot3_autorace_2020/traffic_stop
[22.422s] -- Installing: /home/mikolaj/ENAE450_tb_ws/install/turtlebot3_gazebo/share/turtlebot3_gazebo//models/turtlebot3_autorace_2020/traffic_stop/model.sdf
[22.422s] -- Installing: /home/mikolaj/ENAE450_tb_ws/install/turtlebot3_gazebo/share/turtlebot3_gazebo//models/turtlebot3_autorace_2020/traffic_stop/materials
[22.422s] -- Installing: /home/mikolaj/ENAE450_tb_ws/install/turtlebot3_gazebo/share/turtlebot3_gazebo//models/turtlebot3_autorace_2020/traffic_stop/materials/scripts
[22.423s] -- Installing: /home/mikolaj/ENAE450_tb_ws/install/turtlebot3_gazebo/share/turtlebot3_gazebo//models/turtlebot3_autorace_2020/traffic_stop/materials/scripts/traffic_stop.material
[22.423s] -- Installing: /home/mikolaj/ENAE450_tb_ws/install/turtlebot3_gazebo/share/turtlebot3_gazebo//models/turtlebot3_autorace_2020/traffic_stop/materials/textures
[22.423s] -- Installing: /home/mikolaj/ENAE450_tb_ws/install/turtlebot3_gazebo/share/turtlebot3_gazebo//models/turtlebot3_autorace_2020/traffic_stop/materials/textures/traffic_stop.png
[22.423s] -- Installing: /home/mikolaj/ENAE450_tb_ws/install/turtlebot3_gazebo/share/turtlebot3_gazebo//models/turtlebot3_autorace_2020/traffic_stop/model.config
[22.423s] -- Installing: /home/mikolaj/ENAE450_tb_ws/install/turtlebot3_gazebo/share/turtlebot3_gazebo//models/turtlebot3_autorace_2020/course
[22.423s] -- Installing: /home/mikolaj/ENAE450_tb_ws/install/turtlebot3_gazebo/share/turtlebot3_gazebo//models/turtlebot3_autorace_2020/course/model.sdf
[22.423s] -- Installing: /home/mikolaj/ENAE450_tb_ws/install/turtlebot3_gazebo/share/turtlebot3_gazebo//models/turtlebot3_autorace_2020/course/materials
[22.423s] -- Installing: /home/mikolaj/ENAE450_tb_ws/install/turtlebot3_gazebo/share/turtlebot3_gazebo//models/turtlebot3_autorace_2020/course/materials/scripts
[22.423s] -- Installing: /home/mikolaj/ENAE450_tb_ws/install/turtlebot3_gazebo/share/turtlebot3_gazebo//models/turtlebot3_autorace_2020/course/materials/scripts/course.material
[22.424s] -- Installing: /home/mikolaj/ENAE450_tb_ws/install/turtlebot3_gazebo/share/turtlebot3_gazebo//models/turtlebot3_autorace_2020/course/materials/textures
[22.424s] -- Installing: /home/mikolaj/ENAE450_tb_ws/install/turtlebot3_gazebo/share/turtlebot3_gazebo//models/turtlebot3_autorace_2020/course/materials/textures/course.png
[22.424s] -- Installing: /home/mikolaj/ENAE450_tb_ws/install/turtlebot3_gazebo/share/turtlebot3_gazebo//models/turtlebot3_autorace_2020/course/model.config
[22.424s] -- Installing: /home/mikolaj/ENAE450_tb_ws/install/turtlebot3_gazebo/share/turtlebot3_gazebo//models/turtlebot3_autorace_2020/traffic_bar
[22.424s] -- Installing: /home/mikolaj/ENAE450_tb_ws/install/turtlebot3_gazebo/share/turtlebot3_gazebo//models/turtlebot3_autorace_2020/traffic_bar/model.sdf
[22.424s] -- Installing: /home/mikolaj/ENAE450_tb_ws/install/turtlebot3_gazebo/share/turtlebot3_gazebo//models/turtlebot3_autorace_2020/traffic_bar/materials
[22.424s] -- Installing: /home/mikolaj/ENAE450_tb_ws/install/turtlebot3_gazebo/share/turtlebot3_gazebo//models/turtlebot3_autorace_2020/traffic_bar/materials/scripts
[22.424s] -- Installing: /home/mikolaj/ENAE450_tb_ws/install/turtlebot3_gazebo/share/turtlebot3_gazebo//models/turtlebot3_autorace_2020/traffic_bar/materials/scripts/traffic_bar.material
[22.424s] -- Installing: /home/mikolaj/ENAE450_tb_ws/install/turtlebot3_gazebo/share/turtlebot3_gazebo//models/turtlebot3_autorace_2020/traffic_bar/materials/textures
[22.424s] -- Installing: /home/mikolaj/ENAE450_tb_ws/install/turtlebot3_gazebo/share/turtlebot3_gazebo//models/turtlebot3_autorace_2020/traffic_bar/materials/textures/traffic_bar.png
[22.424s] -- Installing: /home/mikolaj/ENAE450_tb_ws/install/turtlebot3_gazebo/share/turtlebot3_gazebo//models/turtlebot3_autorace_2020/traffic_bar/model.config
[22.424s] -- Installing: /home/mikolaj/ENAE450_tb_ws/install/turtlebot3_gazebo/share/turtlebot3_gazebo//models/turtlebot3_autorace_2020/traffic_pl_left
[22.424s] -- Installing: /home/mikolaj/ENAE450_tb_ws/install/turtlebot3_gazebo/share/turtlebot3_gazebo//models/turtlebot3_autorace_2020/traffic_pl_left/model.sdf
[22.425s] -- Installing: /home/mikolaj/ENAE450_tb_ws/install/turtlebot3_gazebo/share/turtlebot3_gazebo//models/turtlebot3_autorace_2020/traffic_pl_left/materials
[22.425s] -- Installing: /home/mikolaj/ENAE450_tb_ws/install/turtlebot3_gazebo/share/turtlebot3_gazebo//models/turtlebot3_autorace_2020/traffic_pl_left/materials/scripts
[22.425s] -- Installing: /home/mikolaj/ENAE450_tb_ws/install/turtlebot3_gazebo/share/turtlebot3_gazebo//models/turtlebot3_autorace_2020/traffic_pl_left/materials/scripts/traffic_pl_left.material
[22.425s] -- Installing: /home/mikolaj/ENAE450_tb_ws/install/turtlebot3_gazebo/share/turtlebot3_gazebo//models/turtlebot3_autorace_2020/traffic_pl_left/materials/textures
[22.425s] -- Installing: /home/mikolaj/ENAE450_tb_ws/install/turtlebot3_gazebo/share/turtlebot3_gazebo//models/turtlebot3_autorace_2020/traffic_pl_left/materials/textures/traffic_pl_left.png
[22.425s] -- Installing: /home/mikolaj/ENAE450_tb_ws/install/turtlebot3_gazebo/share/turtlebot3_gazebo//models/turtlebot3_autorace_2020/traffic_pl_left/model.config
[22.425s] -- Installing: /home/mikolaj/ENAE450_tb_ws/install/turtlebot3_gazebo/share/turtlebot3_gazebo//models/turtlebot3_autorace_2020/traffic_construction
[22.425s] -- Installing: /home/mikolaj/ENAE450_tb_ws/install/turtlebot3_gazebo/share/turtlebot3_gazebo//models/turtlebot3_autorace_2020/traffic_construction/model.sdf
[22.425s] -- Installing: /home/mikolaj/ENAE450_tb_ws/install/turtlebot3_gazebo/share/turtlebot3_gazebo//models/turtlebot3_autorace_2020/traffic_construction/materials
[22.425s] -- Installing: /home/mikolaj/ENAE450_tb_ws/install/turtlebot3_gazebo/share/turtlebot3_gazebo//models/turtlebot3_autorace_2020/traffic_construction/materials/scripts
[22.425s] -- Installing: /home/mikolaj/ENAE450_tb_ws/install/turtlebot3_gazebo/share/turtlebot3_gazebo//models/turtlebot3_autorace_2020/traffic_construction/materials/scripts/traffic_construction.material
[22.425s] -- Installing: /home/mikolaj/ENAE450_tb_ws/install/turtlebot3_gazebo/share/turtlebot3_gazebo//models/turtlebot3_autorace_2020/traffic_construction/materials/textures
[22.426s] -- Installing: /home/mikolaj/ENAE450_tb_ws/install/turtlebot3_gazebo/share/turtlebot3_gazebo//models/turtlebot3_autorace_2020/traffic_construction/materials/textures/traffic_construction.png
[22.426s] -- Installing: /home/mikolaj/ENAE450_tb_ws/install/turtlebot3_gazebo/share/turtlebot3_gazebo//models/turtlebot3_autorace_2020/traffic_construction/model.config
[22.426s] -- Installing: /home/mikolaj/ENAE450_tb_ws/install/turtlebot3_gazebo/share/turtlebot3_gazebo//models/turtlebot3_autorace_2020/traffic_left
[22.426s] -- Installing: /home/mikolaj/ENAE450_tb_ws/install/turtlebot3_gazebo/share/turtlebot3_gazebo//models/turtlebot3_autorace_2020/traffic_left/model.sdf
[22.426s] -- Installing: /home/mikolaj/ENAE450_tb_ws/install/turtlebot3_gazebo/share/turtlebot3_gazebo//models/turtlebot3_autorace_2020/traffic_left/materials
[22.426s] -- Installing: /home/mikolaj/ENAE450_tb_ws/install/turtlebot3_gazebo/share/turtlebot3_gazebo//models/turtlebot3_autorace_2020/traffic_left/materials/scripts
[22.426s] -- Installing: /home/mikolaj/ENAE450_tb_ws/install/turtlebot3_gazebo/share/turtlebot3_gazebo//models/turtlebot3_autorace_2020/traffic_left/materials/scripts/traffic_is_left.material
[22.427s] -- Installing: /home/mikolaj/ENAE450_tb_ws/install/turtlebot3_gazebo/share/turtlebot3_gazebo//models/turtlebot3_autorace_2020/traffic_left/materials/textures
[22.427s] -- Installing: /home/mikolaj/ENAE450_tb_ws/install/turtlebot3_gazebo/share/turtlebot3_gazebo//models/turtlebot3_autorace_2020/traffic_left/materials/textures/traffic_left.png
[22.427s] -- Installing: /home/mikolaj/ENAE450_tb_ws/install/turtlebot3_gazebo/share/turtlebot3_gazebo//models/turtlebot3_autorace_2020/traffic_left/model.config
[22.427s] -- Installing: /home/mikolaj/ENAE450_tb_ws/install/turtlebot3_gazebo/share/turtlebot3_gazebo//models/turtlebot3_autorace_2020/traffic_intersection
[22.427s] -- Installing: /home/mikolaj/ENAE450_tb_ws/install/turtlebot3_gazebo/share/turtlebot3_gazebo//models/turtlebot3_autorace_2020/traffic_intersection/model.sdf
[22.427s] -- Installing: /home/mikolaj/ENAE450_tb_ws/install/turtlebot3_gazebo/share/turtlebot3_gazebo//models/turtlebot3_autorace_2020/traffic_intersection/materials
[22.427s] -- Installing: /home/mikolaj/ENAE450_tb_ws/install/turtlebot3_gazebo/share/turtlebot3_gazebo//models/turtlebot3_autorace_2020/traffic_intersection/materials/scripts
[22.427s] -- Installing: /home/mikolaj/ENAE450_tb_ws/install/turtlebot3_gazebo/share/turtlebot3_gazebo//models/turtlebot3_autorace_2020/traffic_intersection/materials/scripts/traffic_intersection.material
[22.427s] -- Installing: /home/mikolaj/ENAE450_tb_ws/install/turtlebot3_gazebo/share/turtlebot3_gazebo//models/turtlebot3_autorace_2020/traffic_intersection/materials/textures
[22.427s] -- Installing: /home/mikolaj/ENAE450_tb_ws/install/turtlebot3_gazebo/share/turtlebot3_gazebo//models/turtlebot3_autorace_2020/traffic_intersection/materials/textures/traffic_intersection.png
[22.427s] -- Installing: /home/mikolaj/ENAE450_tb_ws/install/turtlebot3_gazebo/share/turtlebot3_gazebo//models/turtlebot3_autorace_2020/traffic_intersection/model.config
[22.427s] -- Installing: /home/mikolaj/ENAE450_tb_ws/install/turtlebot3_gazebo/share/turtlebot3_gazebo//models/turtlebot3_autorace_2020/traffic_right
[22.428s] -- Installing: /home/mikolaj/ENAE450_tb_ws/install/turtlebot3_gazebo/share/turtlebot3_gazebo//models/turtlebot3_autorace_2020/traffic_right/model.sdf
[22.428s] -- Installing: /home/mikolaj/ENAE450_tb_ws/install/turtlebot3_gazebo/share/turtlebot3_gazebo//models/turtlebot3_autorace_2020/traffic_right/materials
[22.428s] -- Installing: /home/mikolaj/ENAE450_tb_ws/install/turtlebot3_gazebo/share/turtlebot3_gazebo//models/turtlebot3_autorace_2020/traffic_right/materials/scripts
[22.428s] -- Installing: /home/mikolaj/ENAE450_tb_ws/install/turtlebot3_gazebo/share/turtlebot3_gazebo//models/turtlebot3_autorace_2020/traffic_right/materials/scripts/traffic_right.material
[22.428s] -- Installing: /home/mikolaj/ENAE450_tb_ws/install/turtlebot3_gazebo/share/turtlebot3_gazebo//models/turtlebot3_autorace_2020/traffic_right/materials/textures
[22.428s] -- Installing: /home/mikolaj/ENAE450_tb_ws/install/turtlebot3_gazebo/share/turtlebot3_gazebo//models/turtlebot3_autorace_2020/traffic_right/materials/textures/traffic_right.png
[22.428s] -- Installing: /home/mikolaj/ENAE450_tb_ws/install/turtlebot3_gazebo/share/turtlebot3_gazebo//models/turtlebot3_autorace_2020/traffic_right/model.config
[22.428s] -- Installing: /home/mikolaj/ENAE450_tb_ws/install/turtlebot3_gazebo/share/turtlebot3_gazebo//models/turtlebot3_autorace_2020/traffic_tunnel
[22.428s] -- Installing: /home/mikolaj/ENAE450_tb_ws/install/turtlebot3_gazebo/share/turtlebot3_gazebo//models/turtlebot3_autorace_2020/traffic_tunnel/model.sdf
[22.428s] -- Installing: /home/mikolaj/ENAE450_tb_ws/install/turtlebot3_gazebo/share/turtlebot3_gazebo//models/turtlebot3_autorace_2020/traffic_tunnel/materials
[22.429s] -- Installing: /home/mikolaj/ENAE450_tb_ws/install/turtlebot3_gazebo/share/turtlebot3_gazebo//models/turtlebot3_autorace_2020/traffic_tunnel/materials/scripts
[22.429s] -- Installing: /home/mikolaj/ENAE450_tb_ws/install/turtlebot3_gazebo/share/turtlebot3_gazebo//models/turtlebot3_autorace_2020/traffic_tunnel/materials/scripts/tunnel.material
[22.429s] -- Installing: /home/mikolaj/ENAE450_tb_ws/install/turtlebot3_gazebo/share/turtlebot3_gazebo//models/turtlebot3_autorace_2020/traffic_tunnel/materials/textures
[22.429s] -- Installing: /home/mikolaj/ENAE450_tb_ws/install/turtlebot3_gazebo/share/turtlebot3_gazebo//models/turtlebot3_autorace_2020/traffic_tunnel/materials/textures/tunnel.png
[22.429s] -- Installing: /home/mikolaj/ENAE450_tb_ws/install/turtlebot3_gazebo/share/turtlebot3_gazebo//models/turtlebot3_autorace_2020/traffic_tunnel/model.config
[22.429s] -- Installing: /home/mikolaj/ENAE450_tb_ws/install/turtlebot3_gazebo/share/turtlebot3_gazebo//models/turtlebot3_autorace_2020/traffic_noentry
[22.429s] -- Installing: /home/mikolaj/ENAE450_tb_ws/install/turtlebot3_gazebo/share/turtlebot3_gazebo//models/turtlebot3_autorace_2020/traffic_noentry/model.sdf
[22.429s] -- Installing: /home/mikolaj/ENAE450_tb_ws/install/turtlebot3_gazebo/share/turtlebot3_gazebo//models/turtlebot3_autorace_2020/traffic_noentry/materials
[22.429s] -- Installing: /home/mikolaj/ENAE450_tb_ws/install/turtlebot3_gazebo/share/turtlebot3_gazebo//models/turtlebot3_autorace_2020/traffic_noentry/materials/scripts
[22.430s] -- Installing: /home/mikolaj/ENAE450_tb_ws/install/turtlebot3_gazebo/share/turtlebot3_gazebo//models/turtlebot3_autorace_2020/traffic_noentry/materials/scripts/traffic_noentry.material
[22.430s] -- Installing: /home/mikolaj/ENAE450_tb_ws/install/turtlebot3_gazebo/share/turtlebot3_gazebo//models/turtlebot3_autorace_2020/traffic_noentry/materials/textures
[22.430s] -- Installing: /home/mikolaj/ENAE450_tb_ws/install/turtlebot3_gazebo/share/turtlebot3_gazebo//models/turtlebot3_autorace_2020/traffic_noentry/materials/textures/traffic_noentry.png
[22.430s] -- Installing: /home/mikolaj/ENAE450_tb_ws/install/turtlebot3_gazebo/share/turtlebot3_gazebo//models/turtlebot3_autorace_2020/traffic_noentry/model.config
[22.430s] -- Installing: /home/mikolaj/ENAE450_tb_ws/install/turtlebot3_gazebo/share/turtlebot3_gazebo//models/turtlebot3_dqn_world
[22.430s] -- Installing: /home/mikolaj/ENAE450_tb_ws/install/turtlebot3_gazebo/share/turtlebot3_gazebo//models/turtlebot3_dqn_world/obstacles
[22.430s] -- Installing: /home/mikolaj/ENAE450_tb_ws/install/turtlebot3_gazebo/share/turtlebot3_gazebo//models/turtlebot3_dqn_world/obstacles/model.sdf
[22.430s] -- Installing: /home/mikolaj/ENAE450_tb_ws/install/turtlebot3_gazebo/share/turtlebot3_gazebo//models/turtlebot3_dqn_world/obstacles/model.config
[22.430s] -- Installing: /home/mikolaj/ENAE450_tb_ws/install/turtlebot3_gazebo/share/turtlebot3_gazebo//models/turtlebot3_dqn_world/obstacle2
[22.430s] -- Installing: /home/mikolaj/ENAE450_tb_ws/install/turtlebot3_gazebo/share/turtlebot3_gazebo//models/turtlebot3_dqn_world/obstacle2/model.sdf
[22.431s] -- Installing: /home/mikolaj/ENAE450_tb_ws/install/turtlebot3_gazebo/share/turtlebot3_gazebo//models/turtlebot3_dqn_world/obstacle2/model.config
[22.431s] -- Installing: /home/mikolaj/ENAE450_tb_ws/install/turtlebot3_gazebo/share/turtlebot3_gazebo//models/turtlebot3_dqn_world/inner_walls
[22.431s] -- Installing: /home/mikolaj/ENAE450_tb_ws/install/turtlebot3_gazebo/share/turtlebot3_gazebo//models/turtlebot3_dqn_world/inner_walls/model.sdf
[22.431s] -- Installing: /home/mikolaj/ENAE450_tb_ws/install/turtlebot3_gazebo/share/turtlebot3_gazebo//models/turtlebot3_dqn_world/inner_walls/model.config
[22.431s] -- Installing: /home/mikolaj/ENAE450_tb_ws/install/turtlebot3_gazebo/share/turtlebot3_gazebo//models/turtlebot3_dqn_world/model.sdf
[22.431s] -- Installing: /home/mikolaj/ENAE450_tb_ws/install/turtlebot3_gazebo/share/turtlebot3_gazebo//models/turtlebot3_dqn_world/obstacle1
[22.431s] -- Installing: /home/mikolaj/ENAE450_tb_ws/install/turtlebot3_gazebo/share/turtlebot3_gazebo//models/turtlebot3_dqn_world/obstacle1/model.sdf
[22.431s] -- Installing: /home/mikolaj/ENAE450_tb_ws/install/turtlebot3_gazebo/share/turtlebot3_gazebo//models/turtlebot3_dqn_world/obstacle1/model.config
[22.431s] -- Installing: /home/mikolaj/ENAE450_tb_ws/install/turtlebot3_gazebo/share/turtlebot3_gazebo//models/turtlebot3_dqn_world/goal_box
[22.431s] -- Installing: /home/mikolaj/ENAE450_tb_ws/install/turtlebot3_gazebo/share/turtlebot3_gazebo//models/turtlebot3_dqn_world/goal_box/model.sdf
[22.432s] -- Installing: /home/mikolaj/ENAE450_tb_ws/install/turtlebot3_gazebo/share/turtlebot3_gazebo//models/turtlebot3_dqn_world/goal_box/model.config
[22.432s] -- Installing: /home/mikolaj/ENAE450_tb_ws/install/turtlebot3_gazebo/share/turtlebot3_gazebo//models/turtlebot3_dqn_world/model.config
[22.432s] -- Installing: /home/mikolaj/ENAE450_tb_ws/install/turtlebot3_gazebo/share/turtlebot3_gazebo//models/turtlebot3_waffle_pi
[22.432s] -- Installing: /home/mikolaj/ENAE450_tb_ws/install/turtlebot3_gazebo/share/turtlebot3_gazebo//models/turtlebot3_waffle_pi/model.sdf
[22.432s] -- Installing: /home/mikolaj/ENAE450_tb_ws/install/turtlebot3_gazebo/share/turtlebot3_gazebo//models/turtlebot3_waffle_pi/model-1_4_.sdf
[22.432s] -- Installing: /home/mikolaj/ENAE450_tb_ws/install/turtlebot3_gazebo/share/turtlebot3_gazebo//models/turtlebot3_waffle_pi/model.config
[22.432s] -- Installing: /home/mikolaj/ENAE450_tb_ws/install/turtlebot3_gazebo/share/turtlebot3_gazebo//models/maze_0
[22.432s] -- Installing: /home/mikolaj/ENAE450_tb_ws/install/turtlebot3_gazebo/share/turtlebot3_gazebo//models/maze_0/model.sdf
[22.432s] -- Installing: /home/mikolaj/ENAE450_tb_ws/install/turtlebot3_gazebo/share/turtlebot3_gazebo//models/maze_0/model.config
[22.433s] -- Installing: /home/mikolaj/ENAE450_tb_ws/install/turtlebot3_gazebo/share/turtlebot3_gazebo//models/turtlebot3_world
[22.433s] -- Installing: /home/mikolaj/ENAE450_tb_ws/install/turtlebot3_gazebo/share/turtlebot3_gazebo//models/turtlebot3_world/meshes
[22.433s] -- Installing: /home/mikolaj/ENAE450_tb_ws/install/turtlebot3_gazebo/share/turtlebot3_gazebo//models/turtlebot3_world/meshes/hexagon.dae
[22.433s] -- Installing: /home/mikolaj/ENAE450_tb_ws/install/turtlebot3_gazebo/share/turtlebot3_gazebo//models/turtlebot3_world/meshes/wall.dae
[22.433s] -- Installing: /home/mikolaj/ENAE450_tb_ws/install/turtlebot3_gazebo/share/turtlebot3_gazebo//models/turtlebot3_world/model.sdf
[22.433s] -- Installing: /home/mikolaj/ENAE450_tb_ws/install/turtlebot3_gazebo/share/turtlebot3_gazebo//models/turtlebot3_world/model-1_4.sdf
[22.433s] -- Installing: /home/mikolaj/ENAE450_tb_ws/install/turtlebot3_gazebo/share/turtlebot3_gazebo//models/turtlebot3_world/model.config
[22.433s] -- Installing: /home/mikolaj/ENAE450_tb_ws/install/turtlebot3_gazebo/share/turtlebot3_gazebo//models/maze_2
[22.433s] -- Installing: /home/mikolaj/ENAE450_tb_ws/install/turtlebot3_gazebo/share/turtlebot3_gazebo//models/maze_2/model.sdf
[22.434s] -- Installing: /home/mikolaj/ENAE450_tb_ws/install/turtlebot3_gazebo/share/turtlebot3_gazebo//models/maze_2/model.config
[22.434s] -- Installing: /home/mikolaj/ENAE450_tb_ws/install/turtlebot3_gazebo/share/turtlebot3_gazebo//models/turtlebot3_burger_cam
[22.434s] -- Installing: /home/mikolaj/ENAE450_tb_ws/install/turtlebot3_gazebo/share/turtlebot3_gazebo//models/turtlebot3_burger_cam/model.sdf
[22.434s] -- Installing: /home/mikolaj/ENAE450_tb_ws/install/turtlebot3_gazebo/share/turtlebot3_gazebo//models/turtlebot3_burger_cam/model-1_4.sdf
[22.434s] -- Installing: /home/mikolaj/ENAE450_tb_ws/install/turtlebot3_gazebo/share/turtlebot3_gazebo//models/turtlebot3_burger_cam/model.config
[22.434s] -- Installing: /home/mikolaj/ENAE450_tb_ws/install/turtlebot3_gazebo/share/turtlebot3_gazebo//models/turtlebot3_house
[22.434s] -- Installing: /home/mikolaj/ENAE450_tb_ws/install/turtlebot3_gazebo/share/turtlebot3_gazebo//models/turtlebot3_house/model.sdf
[22.434s] -- Installing: /home/mikolaj/ENAE450_tb_ws/install/turtlebot3_gazebo/share/turtlebot3_gazebo//models/turtlebot3_house/model.config
[22.434s] -- Installing: /home/mikolaj/ENAE450_tb_ws/install/turtlebot3_gazebo/share/turtlebot3_gazebo//rviz
[22.434s] -- Installing: /home/mikolaj/ENAE450_tb_ws/install/turtlebot3_gazebo/share/turtlebot3_gazebo//rviz/tb3_gazebo.rviz
[22.435s] -- Installing: /home/mikolaj/ENAE450_tb_ws/install/turtlebot3_gazebo/share/turtlebot3_gazebo//urdf
[22.435s] -- Installing: /home/mikolaj/ENAE450_tb_ws/install/turtlebot3_gazebo/share/turtlebot3_gazebo//urdf/turtlebot3_burger.urdf
[22.435s] -- Installing: /home/mikolaj/ENAE450_tb_ws/install/turtlebot3_gazebo/share/turtlebot3_gazebo//urdf/turtlebot3_burger_cam.urdf
[22.435s] -- Installing: /home/mikolaj/ENAE450_tb_ws/install/turtlebot3_gazebo/share/turtlebot3_gazebo//urdf/turtlebot3_waffle.urdf
[22.435s] -- Installing: /home/mikolaj/ENAE450_tb_ws/install/turtlebot3_gazebo/share/turtlebot3_gazebo//urdf/turtlebot3_waffle_pi.urdf
[22.435s] -- Installing: /home/mikolaj/ENAE450_tb_ws/install/turtlebot3_gazebo/share/turtlebot3_gazebo//urdf/common_properties.urdf
[22.435s] -- Installing: /home/mikolaj/ENAE450_tb_ws/install/turtlebot3_gazebo/share/turtlebot3_gazebo//worlds
[22.435s] -- Installing: /home/mikolaj/ENAE450_tb_ws/install/turtlebot3_gazebo/share/turtlebot3_gazebo//worlds/empty_world.world
[22.435s] -- Installing: /home/mikolaj/ENAE450_tb_ws/install/turtlebot3_gazebo/share/turtlebot3_gazebo//worlds/turtlebot3_house.world
[22.435s] -- Installing: /home/mikolaj/ENAE450_tb_ws/install/turtlebot3_gazebo/share/turtlebot3_gazebo//worlds/turtlebot3_dqn_stage4.world
[22.435s] -- Installing: /home/mikolaj/ENAE450_tb_ws/install/turtlebot3_gazebo/share/turtlebot3_gazebo//worlds/turtlebot3_dqn_stage1.world
[22.435s] -- Installing: /home/mikolaj/ENAE450_tb_ws/install/turtlebot3_gazebo/share/turtlebot3_gazebo//worlds/maze_1.world
[22.436s] -- Installing: /home/mikolaj/ENAE450_tb_ws/install/turtlebot3_gazebo/share/turtlebot3_gazebo//worlds/turtlebot3_autorace_2020.world
[22.436s] -- Installing: /home/mikolaj/ENAE450_tb_ws/install/turtlebot3_gazebo/share/turtlebot3_gazebo//worlds/maze_0.world
[22.436s] -- Installing: /home/mikolaj/ENAE450_tb_ws/install/turtlebot3_gazebo/share/turtlebot3_gazebo//worlds/turtlebot3_world.world
[22.436s] -- Installing: /home/mikolaj/ENAE450_tb_ws/install/turtlebot3_gazebo/share/turtlebot3_gazebo//worlds/maze_2.world
[22.436s] -- Installing: /home/mikolaj/ENAE450_tb_ws/install/turtlebot3_gazebo/share/turtlebot3_gazebo//worlds/turtlebot3_dqn_stage3.world
[22.436s] -- Installing: /home/mikolaj/ENAE450_tb_ws/install/turtlebot3_gazebo/share/turtlebot3_gazebo//worlds/turtlebot3_dqn_stage2.world
[22.436s] -- Installing: /home/mikolaj/ENAE450_tb_ws/install/turtlebot3_gazebo/include/
[22.437s] -- Installing: /home/mikolaj/ENAE450_tb_ws/install/turtlebot3_gazebo/include//turtlebot3_gazebo
[22.437s] -- Installing: /home/mikolaj/ENAE450_tb_ws/install/turtlebot3_gazebo/include//turtlebot3_gazebo/obstacle2.hpp
[22.437s] -- Installing: /home/mikolaj/ENAE450_tb_ws/install/turtlebot3_gazebo/include//turtlebot3_gazebo/traffic_bar_plugin.hpp
[22.437s] -- Installing: /home/mikolaj/ENAE450_tb_ws/install/turtlebot3_gazebo/include//turtlebot3_gazebo/turtlebot3_drive.hpp
[22.437s] -- Installing: /home/mikolaj/ENAE450_tb_ws/install/turtlebot3_gazebo/include//turtlebot3_gazebo/obstacles.hpp
[22.437s] -- Installing: /home/mikolaj/ENAE450_tb_ws/install/turtlebot3_gazebo/include//turtlebot3_gazebo/obstacle1.hpp
[22.437s] -- Installing: /home/mikolaj/ENAE450_tb_ws/install/turtlebot3_gazebo/include//turtlebot3_gazebo/traffic_light_plugin.hpp
[22.437s] -- Installing: /home/mikolaj/ENAE450_tb_ws/install/turtlebot3_gazebo/share/ament_index/resource_index/package_run_dependencies/turtlebot3_gazebo
[22.437s] -- Installing: /home/mikolaj/ENAE450_tb_ws/install/turtlebot3_gazebo/share/ament_index/resource_index/parent_prefix_path/turtlebot3_gazebo
[22.438s] -- Installing: /home/mikolaj/ENAE450_tb_ws/install/turtlebot3_gazebo/share/turtlebot3_gazebo/environment/ament_prefix_path.sh
[22.438s] -- Installing: /home/mikolaj/ENAE450_tb_ws/install/turtlebot3_gazebo/share/turtlebot3_gazebo/environment/ament_prefix_path.dsv
[22.438s] -- Installing: /home/mikolaj/ENAE450_tb_ws/install/turtlebot3_gazebo/share/turtlebot3_gazebo/environment/path.sh
[22.438s] -- Installing: /home/mikolaj/ENAE450_tb_ws/install/turtlebot3_gazebo/share/turtlebot3_gazebo/environment/path.dsv
[22.438s] -- Installing: /home/mikolaj/ENAE450_tb_ws/install/turtlebot3_gazebo/share/turtlebot3_gazebo/local_setup.bash
[22.438s] -- Installing: /home/mikolaj/ENAE450_tb_ws/install/turtlebot3_gazebo/share/turtlebot3_gazebo/local_setup.sh
[22.439s] -- Installing: /home/mikolaj/ENAE450_tb_ws/install/turtlebot3_gazebo/share/turtlebot3_gazebo/local_setup.zsh
[22.439s] -- Installing: /home/mikolaj/ENAE450_tb_ws/install/turtlebot3_gazebo/share/turtlebot3_gazebo/local_setup.dsv
[22.439s] -- Installing: /home/mikolaj/ENAE450_tb_ws/install/turtlebot3_gazebo/share/turtlebot3_gazebo/package.dsv
[22.439s] -- Installing: /home/mikolaj/ENAE450_tb_ws/install/turtlebot3_gazebo/share/ament_index/resource_index/packages/turtlebot3_gazebo
[22.439s] -- Installing: /home/mikolaj/ENAE450_tb_ws/install/turtlebot3_gazebo/share/turtlebot3_gazebo/cmake/ament_cmake_export_include_directories-extras.cmake
[22.439s] -- Installing: /home/mikolaj/ENAE450_tb_ws/install/turtlebot3_gazebo/share/turtlebot3_gazebo/cmake/ament_cmake_export_dependencies-extras.cmake
[22.440s] -- Installing: /home/mikolaj/ENAE450_tb_ws/install/turtlebot3_gazebo/share/turtlebot3_gazebo/cmake/turtlebot3_gazeboConfig.cmake
[22.440s] -- Installing: /home/mikolaj/ENAE450_tb_ws/install/turtlebot3_gazebo/share/turtlebot3_gazebo/cmake/turtlebot3_gazeboConfig-version.cmake
[22.440s] -- Installing: /home/mikolaj/ENAE450_tb_ws/install/turtlebot3_gazebo/share/turtlebot3_gazebo/package.xml
[22.442s] Invoked command in '/home/mikolaj/ENAE450_tb_ws/build/turtlebot3_gazebo' returned '0': CMAKE_PREFIX_PATH=${CMAKE_PREFIX_PATH}:/home/mikolaj/ENAE450_tb_ws/install/turtlebot3_controller:/opt/ros/humble /usr/bin/cmake --install /home/mikolaj/ENAE450_tb_ws/build/turtlebot3_gazebo
