[0.018s] Invoking command in '/home/mikolaj/ENAE450_tb_ws/build/turtlebot3_fake_node': AMENT_PREFIX_PATH=/home/mikolaj/ENAE450_tb_ws/install/turtlebot3_msgs:${AMENT_PREFIX_PATH} CMAKE_PREFIX_PATH=/home/mikolaj/ENAE450_tb_ws/install/turtlebot3_msgs:/home/mikolaj/ENAE450_tb_ws/install/turtlebot3_simulations:/home/mikolaj/ENAE450_tb_ws/install/turtlebot3_gazebo:/home/mikolaj/ENAE450_tb_ws/install/turtlebot3_fake_node:/home/mikolaj/ENAE450_tb_ws/install/turtlebot3_controller:/opt/ros/humble LD_LIBRARY_PATH=/home/mikolaj/ENAE450_tb_ws/install/turtlebot3_msgs/lib:/usr/lib/x86_64-linux-gnu/gazebo-11/plugins:/opt/ros/humble/opt/rviz_ogre_vendor/lib:/opt/ros/humble/lib/x86_64-linux-gnu:/opt/ros/humble/lib:/usr/lib/x86_64-linux-gnu/gazebo-11/plugins PYTHONPATH=/home/mikolaj/ENAE450_tb_ws/install/turtlebot3_msgs/local/lib/python3.10/dist-packages:${PYTHONPATH} /usr/bin/cmake /home/mikolaj/ENAE450_tb_ws/src/turtlebot3_simulations/turtlebot3_fake_node -DCMAKE_INSTALL_PREFIX=/home/mikolaj/ENAE450_tb_ws/install/turtlebot3_fake_node
[0.101s] -- The C compiler identification is GNU 11.4.0
[0.170s] -- The CXX compiler identification is GNU 11.4.0
[0.181s] -- Detecting C compiler ABI info
[0.302s] -- Detecting C compiler ABI info - done
[0.313s] -- Check for working C compiler: /usr/bin/cc - skipped
[0.313s] -- Detecting C compile features
[0.313s] -- Detecting C compile features - done
[0.316s] -- Detecting CXX compiler ABI info
[0.433s] -- Detecting CXX compiler ABI info - done
[0.440s] -- Check for working CXX compiler: /usr/bin/c++ - skipped
[0.441s] -- Detecting CXX compile features
[0.441s] -- Detecting CXX compile features - done
[0.446s] -- Found ament_cmake: 1.3.11 (/opt/ros/humble/share/ament_cmake/cmake)
[0.660s] -- Found Python3: /usr/bin/python3 (found version "3.10.12") found components: Interpreter 
[0.803s] -- Found geometry_msgs: 4.2.4 (/opt/ros/humble/share/geometry_msgs/cmake)
[0.848s] -- Found rosidl_generator_c: 3.1.6 (/opt/ros/humble/share/rosidl_generator_c/cmake)
[0.855s] -- Found rosidl_adapter: 3.1.6 (/opt/ros/humble/share/rosidl_adapter/cmake)
[0.867s] -- Found rosidl_generator_cpp: 3.1.6 (/opt/ros/humble/share/rosidl_generator_cpp/cmake)
[0.881s] -- Using all available rosidl_typesupport_c: rosidl_typesupport_fastrtps_c;rosidl_typesupport_introspection_c
[0.903s] -- Using all available rosidl_typesupport_cpp: rosidl_typesupport_fastrtps_cpp;rosidl_typesupport_introspection_cpp
[0.955s] -- Found nav_msgs: 4.2.4 (/opt/ros/humble/share/nav_msgs/cmake)
[0.975s] -- Found rclcpp: 16.0.11 (/opt/ros/humble/share/rclcpp/cmake)
[1.019s] -- Found rmw_implementation_cmake: 6.1.2 (/opt/ros/humble/share/rmw_implementation_cmake/cmake)
[1.023s] -- Found rmw_fastrtps_cpp: 6.2.7 (/opt/ros/humble/share/rmw_fastrtps_cpp/cmake)
[1.136s] -- Found OpenSSL: /usr/lib/x86_64-linux-gnu/libcrypto.so (found version "3.0.2")  
[1.163s] -- Found FastRTPS: /opt/ros/humble/include  
[1.209s] -- Using RMW implementation 'rmw_fastrtps_cpp' as default
[1.218s] -- Looking for pthread.h
[1.336s] -- Looking for pthread.h - found
[1.336s] -- Performing Test CMAKE_HAVE_LIBC_PTHREAD
[1.433s] -- Performing Test CMAKE_HAVE_LIBC_PTHREAD - Success
[1.434s] -- Found Threads: TRUE  
[1.478s] -- Found sensor_msgs: 4.2.4 (/opt/ros/humble/share/sensor_msgs/cmake)
[1.500s] -- Found tf2: 0.25.11 (/opt/ros/humble/share/tf2/cmake)
[1.518s] -- Found tf2_msgs: 0.25.11 (/opt/ros/humble/share/tf2_msgs/cmake)
[1.583s] -- Found turtlebot3_msgs: 2.3.0 (/home/mikolaj/ENAE450_tb_ws/install/turtlebot3_msgs/share/turtlebot3_msgs/cmake)
[1.682s] -- Configuring done
[1.701s] -- Generating done
[1.717s] -- Build files have been written to: /home/mikolaj/ENAE450_tb_ws/build/turtlebot3_fake_node
[1.735s] Invoked command in '/home/mikolaj/ENAE450_tb_ws/build/turtlebot3_fake_node' returned '0': AMENT_PREFIX_PATH=/home/mikolaj/ENAE450_tb_ws/install/turtlebot3_msgs:${AMENT_PREFIX_PATH} CMAKE_PREFIX_PATH=/home/mikolaj/ENAE450_tb_ws/install/turtlebot3_msgs:/home/mikolaj/ENAE450_tb_ws/install/turtlebot3_simulations:/home/mikolaj/ENAE450_tb_ws/install/turtlebot3_gazebo:/home/mikolaj/ENAE450_tb_ws/install/turtlebot3_fake_node:/home/mikolaj/ENAE450_tb_ws/install/turtlebot3_controller:/opt/ros/humble LD_LIBRARY_PATH=/home/mikolaj/ENAE450_tb_ws/install/turtlebot3_msgs/lib:/usr/lib/x86_64-linux-gnu/gazebo-11/plugins:/opt/ros/humble/opt/rviz_ogre_vendor/lib:/opt/ros/humble/lib/x86_64-linux-gnu:/opt/ros/humble/lib:/usr/lib/x86_64-linux-gnu/gazebo-11/plugins PYTHONPATH=/home/mikolaj/ENAE450_tb_ws/install/turtlebot3_msgs/local/lib/python3.10/dist-packages:${PYTHONPATH} /usr/bin/cmake /home/mikolaj/ENAE450_tb_ws/src/turtlebot3_simulations/turtlebot3_fake_node -DCMAKE_INSTALL_PREFIX=/home/mikolaj/ENAE450_tb_ws/install/turtlebot3_fake_node
[1.736s] Invoking command in '/home/mikolaj/ENAE450_tb_ws/build/turtlebot3_fake_node': AMENT_PREFIX_PATH=/home/mikolaj/ENAE450_tb_ws/install/turtlebot3_msgs:${AMENT_PREFIX_PATH} CMAKE_PREFIX_PATH=/home/mikolaj/ENAE450_tb_ws/install/turtlebot3_msgs:/home/mikolaj/ENAE450_tb_ws/install/turtlebot3_simulations:/home/mikolaj/ENAE450_tb_ws/install/turtlebot3_gazebo:/home/mikolaj/ENAE450_tb_ws/install/turtlebot3_fake_node:/home/mikolaj/ENAE450_tb_ws/install/turtlebot3_controller:/opt/ros/humble LD_LIBRARY_PATH=/home/mikolaj/ENAE450_tb_ws/install/turtlebot3_msgs/lib:/usr/lib/x86_64-linux-gnu/gazebo-11/plugins:/opt/ros/humble/opt/rviz_ogre_vendor/lib:/opt/ros/humble/lib/x86_64-linux-gnu:/opt/ros/humble/lib:/usr/lib/x86_64-linux-gnu/gazebo-11/plugins PYTHONPATH=/home/mikolaj/ENAE450_tb_ws/install/turtlebot3_msgs/local/lib/python3.10/dist-packages:${PYTHONPATH} /usr/bin/cmake --build /home/mikolaj/ENAE450_tb_ws/build/turtlebot3_fake_node -- -j8 -l8
[1.800s] [ 50%] [32mBuilding CXX object CMakeFiles/turtlebot3_fake_node.dir/src/turtlebot3_fake_node.cpp.o[0m
[14.243s] [100%] [32m[1mLinking CXX executable turtlebot3_fake_node[0m
[14.688s] [100%] Built target turtlebot3_fake_node
[14.700s] Invoked command in '/home/mikolaj/ENAE450_tb_ws/build/turtlebot3_fake_node' returned '0': AMENT_PREFIX_PATH=/home/mikolaj/ENAE450_tb_ws/install/turtlebot3_msgs:${AMENT_PREFIX_PATH} CMAKE_PREFIX_PATH=/home/mikolaj/ENAE450_tb_ws/install/turtlebot3_msgs:/home/mikolaj/ENAE450_tb_ws/install/turtlebot3_simulations:/home/mikolaj/ENAE450_tb_ws/install/turtlebot3_gazebo:/home/mikolaj/ENAE450_tb_ws/install/turtlebot3_fake_node:/home/mikolaj/ENAE450_tb_ws/install/turtlebot3_controller:/opt/ros/humble LD_LIBRARY_PATH=/home/mikolaj/ENAE450_tb_ws/install/turtlebot3_msgs/lib:/usr/lib/x86_64-linux-gnu/gazebo-11/plugins:/opt/ros/humble/opt/rviz_ogre_vendor/lib:/opt/ros/humble/lib/x86_64-linux-gnu:/opt/ros/humble/lib:/usr/lib/x86_64-linux-gnu/gazebo-11/plugins PYTHONPATH=/home/mikolaj/ENAE450_tb_ws/install/turtlebot3_msgs/local/lib/python3.10/dist-packages:${PYTHONPATH} /usr/bin/cmake --build /home/mikolaj/ENAE450_tb_ws/build/turtlebot3_fake_node -- -j8 -l8
[14.702s] Invoking command in '/home/mikolaj/ENAE450_tb_ws/build/turtlebot3_fake_node': AMENT_PREFIX_PATH=/home/mikolaj/ENAE450_tb_ws/install/turtlebot3_msgs:${AMENT_PREFIX_PATH} CMAKE_PREFIX_PATH=/home/mikolaj/ENAE450_tb_ws/install/turtlebot3_msgs:/home/mikolaj/ENAE450_tb_ws/install/turtlebot3_simulations:/home/mikolaj/ENAE450_tb_ws/install/turtlebot3_gazebo:/home/mikolaj/ENAE450_tb_ws/install/turtlebot3_fake_node:/home/mikolaj/ENAE450_tb_ws/install/turtlebot3_controller:/opt/ros/humble LD_LIBRARY_PATH=/home/mikolaj/ENAE450_tb_ws/install/turtlebot3_msgs/lib:/usr/lib/x86_64-linux-gnu/gazebo-11/plugins:/opt/ros/humble/opt/rviz_ogre_vendor/lib:/opt/ros/humble/lib/x86_64-linux-gnu:/opt/ros/humble/lib:/usr/lib/x86_64-linux-gnu/gazebo-11/plugins PYTHONPATH=/home/mikolaj/ENAE450_tb_ws/install/turtlebot3_msgs/local/lib/python3.10/dist-packages:${PYTHONPATH} /usr/bin/cmake --install /home/mikolaj/ENAE450_tb_ws/build/turtlebot3_fake_node
[14.709s] -- Install configuration: ""
[14.710s] -- Installing: /home/mikolaj/ENAE450_tb_ws/install/turtlebot3_fake_node/lib/turtlebot3_fake_node/turtlebot3_fake_node
[14.713s] -- Set runtime path of "/home/mikolaj/ENAE450_tb_ws/install/turtlebot3_fake_node/lib/turtlebot3_fake_node/turtlebot3_fake_node" to ""
[14.713s] -- Installing: /home/mikolaj/ENAE450_tb_ws/install/turtlebot3_fake_node/share/turtlebot3_fake_node/launch
[14.713s] -- Installing: /home/mikolaj/ENAE450_tb_ws/install/turtlebot3_fake_node/share/turtlebot3_fake_node/launch/turtlebot3_fake_node.launch.py
[14.714s] -- Installing: /home/mikolaj/ENAE450_tb_ws/install/turtlebot3_fake_node/share/turtlebot3_fake_node/launch/rviz2.launch.py
[14.714s] -- Installing: /home/mikolaj/ENAE450_tb_ws/install/turtlebot3_fake_node/share/turtlebot3_fake_node/param
[14.714s] -- Installing: /home/mikolaj/ENAE450_tb_ws/install/turtlebot3_fake_node/share/turtlebot3_fake_node/param/waffle_pi.yaml
[14.714s] -- Installing: /home/mikolaj/ENAE450_tb_ws/install/turtlebot3_fake_node/share/turtlebot3_fake_node/param/waffle.yaml
[14.715s] -- Installing: /home/mikolaj/ENAE450_tb_ws/install/turtlebot3_fake_node/share/turtlebot3_fake_node/param/burger.yaml
[14.715s] -- Installing: /home/mikolaj/ENAE450_tb_ws/install/turtlebot3_fake_node/include/
[14.715s] -- Installing: /home/mikolaj/ENAE450_tb_ws/install/turtlebot3_fake_node/include//turtlebot3_fake_node
[14.715s] -- Installing: /home/mikolaj/ENAE450_tb_ws/install/turtlebot3_fake_node/include//turtlebot3_fake_node/turtlebot3_fake_node.hpp
[14.715s] -- Installing: /home/mikolaj/ENAE450_tb_ws/install/turtlebot3_fake_node/share/ament_index/resource_index/package_run_dependencies/turtlebot3_fake_node
[14.715s] -- Installing: /home/mikolaj/ENAE450_tb_ws/install/turtlebot3_fake_node/share/ament_index/resource_index/parent_prefix_path/turtlebot3_fake_node
[14.715s] -- Installing: /home/mikolaj/ENAE450_tb_ws/install/turtlebot3_fake_node/share/turtlebot3_fake_node/environment/ament_prefix_path.sh
[14.716s] -- Installing: /home/mikolaj/ENAE450_tb_ws/install/turtlebot3_fake_node/share/turtlebot3_fake_node/environment/ament_prefix_path.dsv
[14.716s] -- Installing: /home/mikolaj/ENAE450_tb_ws/install/turtlebot3_fake_node/share/turtlebot3_fake_node/environment/path.sh
[14.716s] -- Installing: /home/mikolaj/ENAE450_tb_ws/install/turtlebot3_fake_node/share/turtlebot3_fake_node/environment/path.dsv
[14.716s] -- Installing: /home/mikolaj/ENAE450_tb_ws/install/turtlebot3_fake_node/share/turtlebot3_fake_node/local_setup.bash
[14.716s] -- Installing: /home/mikolaj/ENAE450_tb_ws/install/turtlebot3_fake_node/share/turtlebot3_fake_node/local_setup.sh
[14.716s] -- Installing: /home/mikolaj/ENAE450_tb_ws/install/turtlebot3_fake_node/share/turtlebot3_fake_node/local_setup.zsh
[14.716s] -- Installing: /home/mikolaj/ENAE450_tb_ws/install/turtlebot3_fake_node/share/turtlebot3_fake_node/local_setup.dsv
[14.716s] -- Installing: /home/mikolaj/ENAE450_tb_ws/install/turtlebot3_fake_node/share/turtlebot3_fake_node/package.dsv
[14.716s] -- Installing: /home/mikolaj/ENAE450_tb_ws/install/turtlebot3_fake_node/share/ament_index/resource_index/packages/turtlebot3_fake_node
[14.716s] -- Installing: /home/mikolaj/ENAE450_tb_ws/install/turtlebot3_fake_node/share/turtlebot3_fake_node/cmake/ament_cmake_export_include_directories-extras.cmake
[14.716s] -- Installing: /home/mikolaj/ENAE450_tb_ws/install/turtlebot3_fake_node/share/turtlebot3_fake_node/cmake/ament_cmake_export_dependencies-extras.cmake
[14.717s] -- Installing: /home/mikolaj/ENAE450_tb_ws/install/turtlebot3_fake_node/share/turtlebot3_fake_node/cmake/turtlebot3_fake_nodeConfig.cmake
[14.717s] -- Installing: /home/mikolaj/ENAE450_tb_ws/install/turtlebot3_fake_node/share/turtlebot3_fake_node/cmake/turtlebot3_fake_nodeConfig-version.cmake
[14.717s] -- Installing: /home/mikolaj/ENAE450_tb_ws/install/turtlebot3_fake_node/share/turtlebot3_fake_node/package.xml
[14.719s] Invoked command in '/home/mikolaj/ENAE450_tb_ws/build/turtlebot3_fake_node' returned '0': AMENT_PREFIX_PATH=/home/mikolaj/ENAE450_tb_ws/install/turtlebot3_msgs:${AMENT_PREFIX_PATH} CMAKE_PREFIX_PATH=/home/mikolaj/ENAE450_tb_ws/install/turtlebot3_msgs:/home/mikolaj/ENAE450_tb_ws/install/turtlebot3_simulations:/home/mikolaj/ENAE450_tb_ws/install/turtlebot3_gazebo:/home/mikolaj/ENAE450_tb_ws/install/turtlebot3_fake_node:/home/mikolaj/ENAE450_tb_ws/install/turtlebot3_controller:/opt/ros/humble LD_LIBRARY_PATH=/home/mikolaj/ENAE450_tb_ws/install/turtlebot3_msgs/lib:/usr/lib/x86_64-linux-gnu/gazebo-11/plugins:/opt/ros/humble/opt/rviz_ogre_vendor/lib:/opt/ros/humble/lib/x86_64-linux-gnu:/opt/ros/humble/lib:/usr/lib/x86_64-linux-gnu/gazebo-11/plugins PYTHONPATH=/home/mikolaj/ENAE450_tb_ws/install/turtlebot3_msgs/local/lib/python3.10/dist-packages:${PYTHONPATH} /usr/bin/cmake --install /home/mikolaj/ENAE450_tb_ws/build/turtlebot3_fake_node
