[0.032s] Invoking command in '/home/mikolaj/ENAE450_tb_ws/build/dynamixel_sdk': CMAKE_PREFIX_PATH=${CMAKE_PREFIX_PATH}:/home/mikolaj/ENAE450_tb_ws/install/turtlebot3_controller:/opt/ros/humble /usr/bin/cmake /home/mikolaj/ENAE450_tb_ws/src/DynamixelSDK/ros/dynamixel_sdk -DCMAKE_INSTALL_PREFIX=/home/mikolaj/ENAE450_tb_ws/install/dynamixel_sdk
[0.091s] -- The C compiler identification is GNU 11.4.0
[0.150s] -- The CXX compiler identification is GNU 11.4.0
[0.157s] -- Detecting C compiler ABI info
[0.234s] -- Detecting C compiler ABI info - done
[0.240s] -- Check for working C compiler: /usr/bin/cc - skipped
[0.240s] -- Detecting C compile features
[0.241s] -- Detecting C compile features - done
[0.244s] -- Detecting CXX compiler ABI info
[0.335s] -- Detecting CXX compiler ABI info - done
[0.342s] -- Check for working CXX compiler: /usr/bin/c++ - skipped
[0.343s] -- Detecting CXX compile features
[0.344s] -- Detecting CXX compile features - done
[0.346s] -- Found ament_cmake: 1.3.11 (/opt/ros/humble/share/ament_cmake/cmake)
[0.500s] -- Found Python3: /usr/bin/python3 (found version "3.10.12") found components: Interpreter 
[0.742s] -- Configuring done
[0.745s] -- Generating done
[0.748s] -- Build files have been written to: /home/mikolaj/ENAE450_tb_ws/build/dynamixel_sdk
[0.752s] Invoked command in '/home/mikolaj/ENAE450_tb_ws/build/dynamixel_sdk' returned '0': CMAKE_PREFIX_PATH=${CMAKE_PREFIX_PATH}:/home/mikolaj/ENAE450_tb_ws/install/turtlebot3_controller:/opt/ros/humble /usr/bin/cmake /home/mikolaj/ENAE450_tb_ws/src/DynamixelSDK/ros/dynamixel_sdk -DCMAKE_INSTALL_PREFIX=/home/mikolaj/ENAE450_tb_ws/install/dynamixel_sdk
[0.755s] Invoking command in '/home/mikolaj/ENAE450_tb_ws/build/dynamixel_sdk': CMAKE_PREFIX_PATH=${CMAKE_PREFIX_PATH}:/home/mikolaj/ENAE450_tb_ws/install/turtlebot3_controller:/opt/ros/humble /usr/bin/cmake --build /home/mikolaj/ENAE450_tb_ws/build/dynamixel_sdk -- -j8 -l8
[0.815s] [  7%] [32mBuilding CXX object CMakeFiles/dynamixel_sdk.dir/src/dynamixel_sdk/protocol1_packet_handler.cpp.o[0m
[0.815s] [ 15%] [32mBuilding CXX object CMakeFiles/dynamixel_sdk.dir/src/dynamixel_sdk/packet_handler.cpp.o[0m
[0.815s] [ 23%] [32mBuilding CXX object CMakeFiles/dynamixel_sdk.dir/src/dynamixel_sdk/protocol2_packet_handler.cpp.o[0m
[0.828s] [ 30%] [32mBuilding CXX object CMakeFiles/dynamixel_sdk.dir/src/dynamixel_sdk/group_bulk_read.cpp.o[0m
[0.828s] [ 38%] [32mBuilding CXX object CMakeFiles/dynamixel_sdk.dir/src/dynamixel_sdk/group_sync_read.cpp.o[0m
[0.830s] [ 46%] [32mBuilding CXX object CMakeFiles/dynamixel_sdk.dir/src/dynamixel_sdk/group_bulk_write.cpp.o[0m
[0.832s] [ 53%] [32mBuilding CXX object CMakeFiles/dynamixel_sdk.dir/src/dynamixel_sdk/group_sync_write.cpp.o[0m
[0.845s] [ 53%] Built target ament_cmake_python_copy_dynamixel_sdk
[0.871s] [ 61%] [32mBuilding CXX object CMakeFiles/dynamixel_sdk.dir/src/dynamixel_sdk/group_fast_bulk_read.cpp.o[0m
[1.036s] [ 69%] [32mBuilding CXX object CMakeFiles/dynamixel_sdk.dir/src/dynamixel_sdk/group_fast_sync_read.cpp.o[0m
[1.102s] [ 76%] [32mBuilding CXX object CMakeFiles/dynamixel_sdk.dir/src/dynamixel_sdk/group_handler.cpp.o[0m
[1.187s] [ 84%] [32mBuilding CXX object CMakeFiles/dynamixel_sdk.dir/src/dynamixel_sdk/port_handler.cpp.o[0m
[1.245s] [ 92%] [32mBuilding CXX object CMakeFiles/dynamixel_sdk.dir/src/dynamixel_sdk/port_handler_linux.cpp.o[0m
[1.584s] [100%] [32m[1mLinking CXX shared library libdynamixel_sdk.so[0m
[1.606s] running egg_info
[1.607s] creating dynamixel_sdk.egg-info
[1.607s] writing dynamixel_sdk.egg-info/PKG-INFO
[1.607s] writing dependency_links to dynamixel_sdk.egg-info/dependency_links.txt
[1.608s] writing top-level names to dynamixel_sdk.egg-info/top_level.txt
[1.608s] writing manifest file 'dynamixel_sdk.egg-info/SOURCES.txt'
[1.610s] reading manifest file 'dynamixel_sdk.egg-info/SOURCES.txt'
[1.611s] writing manifest file 'dynamixel_sdk.egg-info/SOURCES.txt'
[1.641s] [100%] Built target ament_cmake_python_build_dynamixel_sdk_egg
[1.686s] [100%] Built target dynamixel_sdk
[1.700s] Invoked command in '/home/mikolaj/ENAE450_tb_ws/build/dynamixel_sdk' returned '0': CMAKE_PREFIX_PATH=${CMAKE_PREFIX_PATH}:/home/mikolaj/ENAE450_tb_ws/install/turtlebot3_controller:/opt/ros/humble /usr/bin/cmake --build /home/mikolaj/ENAE450_tb_ws/build/dynamixel_sdk -- -j8 -l8
[1.711s] Invoking command in '/home/mikolaj/ENAE450_tb_ws/build/dynamixel_sdk': CMAKE_PREFIX_PATH=${CMAKE_PREFIX_PATH}:/home/mikolaj/ENAE450_tb_ws/install/turtlebot3_controller:/opt/ros/humble /usr/bin/cmake --install /home/mikolaj/ENAE450_tb_ws/build/dynamixel_sdk
[1.720s] -- Install configuration: ""
[1.720s] -- Installing: /home/mikolaj/ENAE450_tb_ws/install/dynamixel_sdk/include/
[1.720s] -- Installing: /home/mikolaj/ENAE450_tb_ws/install/dynamixel_sdk/include//dynamixel_sdk
[1.721s] -- Installing: /home/mikolaj/ENAE450_tb_ws/install/dynamixel_sdk/include//dynamixel_sdk/group_bulk_read.h
[1.721s] -- Installing: /home/mikolaj/ENAE450_tb_ws/install/dynamixel_sdk/include//dynamixel_sdk/packet_handler.h
[1.721s] -- Installing: /home/mikolaj/ENAE450_tb_ws/install/dynamixel_sdk/include//dynamixel_sdk/group_bulk_write.h
[1.721s] -- Installing: /home/mikolaj/ENAE450_tb_ws/install/dynamixel_sdk/include//dynamixel_sdk/group_sync_write.h
[1.721s] -- Installing: /home/mikolaj/ENAE450_tb_ws/install/dynamixel_sdk/include//dynamixel_sdk/protocol1_packet_handler.h
[1.721s] -- Installing: /home/mikolaj/ENAE450_tb_ws/install/dynamixel_sdk/include//dynamixel_sdk/dynamixel_sdk.h
[1.721s] -- Installing: /home/mikolaj/ENAE450_tb_ws/install/dynamixel_sdk/include//dynamixel_sdk/protocol2_packet_handler.h
[1.721s] -- Installing: /home/mikolaj/ENAE450_tb_ws/install/dynamixel_sdk/include//dynamixel_sdk/group_sync_read.h
[1.721s] -- Installing: /home/mikolaj/ENAE450_tb_ws/install/dynamixel_sdk/include//dynamixel_sdk/group_handler.h
[1.722s] -- Installing: /home/mikolaj/ENAE450_tb_ws/install/dynamixel_sdk/include//dynamixel_sdk/port_handler_windows.h
[1.722s] -- Installing: /home/mikolaj/ENAE450_tb_ws/install/dynamixel_sdk/include//dynamixel_sdk/port_handler.h
[1.722s] -- Installing: /home/mikolaj/ENAE450_tb_ws/install/dynamixel_sdk/include//dynamixel_sdk/port_handler_mac.h
[1.722s] -- Installing: /home/mikolaj/ENAE450_tb_ws/install/dynamixel_sdk/include//dynamixel_sdk/group_fast_sync_read.h
[1.722s] -- Installing: /home/mikolaj/ENAE450_tb_ws/install/dynamixel_sdk/include//dynamixel_sdk/group_fast_bulk_read.h
[1.722s] -- Installing: /home/mikolaj/ENAE450_tb_ws/install/dynamixel_sdk/include//dynamixel_sdk/port_handler_arduino.h
[1.722s] -- Installing: /home/mikolaj/ENAE450_tb_ws/install/dynamixel_sdk/include//dynamixel_sdk/port_handler_linux.h
[1.723s] -- Installing: /home/mikolaj/ENAE450_tb_ws/install/dynamixel_sdk/lib/libdynamixel_sdk.so
[1.723s] -- Installing: /home/mikolaj/ENAE450_tb_ws/install/dynamixel_sdk/share/dynamixel_sdk/environment/pythonpath.sh
[1.723s] -- Installing: /home/mikolaj/ENAE450_tb_ws/install/dynamixel_sdk/share/dynamixel_sdk/environment/pythonpath.dsv
[1.723s] -- Installing: /home/mikolaj/ENAE450_tb_ws/install/dynamixel_sdk/local/lib/python3.10/dist-packages/dynamixel_sdk-3.8.3-py3.10.egg-info
[1.723s] -- Installing: /home/mikolaj/ENAE450_tb_ws/install/dynamixel_sdk/local/lib/python3.10/dist-packages/dynamixel_sdk-3.8.3-py3.10.egg-info/SOURCES.txt
[1.723s] -- Installing: /home/mikolaj/ENAE450_tb_ws/install/dynamixel_sdk/local/lib/python3.10/dist-packages/dynamixel_sdk-3.8.3-py3.10.egg-info/dependency_links.txt
[1.723s] -- Installing: /home/mikolaj/ENAE450_tb_ws/install/dynamixel_sdk/local/lib/python3.10/dist-packages/dynamixel_sdk-3.8.3-py3.10.egg-info/PKG-INFO
[1.723s] -- Installing: /home/mikolaj/ENAE450_tb_ws/install/dynamixel_sdk/local/lib/python3.10/dist-packages/dynamixel_sdk-3.8.3-py3.10.egg-info/top_level.txt
[1.723s] -- Installing: /home/mikolaj/ENAE450_tb_ws/install/dynamixel_sdk/local/lib/python3.10/dist-packages/dynamixel_sdk
[1.724s] -- Installing: /home/mikolaj/ENAE450_tb_ws/install/dynamixel_sdk/local/lib/python3.10/dist-packages/dynamixel_sdk/group_sync_read.py
[1.724s] -- Installing: /home/mikolaj/ENAE450_tb_ws/install/dynamixel_sdk/local/lib/python3.10/dist-packages/dynamixel_sdk/group_bulk_write.py
[1.724s] -- Installing: /home/mikolaj/ENAE450_tb_ws/install/dynamixel_sdk/local/lib/python3.10/dist-packages/dynamixel_sdk/group_fast_sync_read.cpp
[1.724s] -- Installing: /home/mikolaj/ENAE450_tb_ws/install/dynamixel_sdk/local/lib/python3.10/dist-packages/dynamixel_sdk/group_bulk_read.cpp
[1.724s] -- Installing: /home/mikolaj/ENAE450_tb_ws/install/dynamixel_sdk/local/lib/python3.10/dist-packages/dynamixel_sdk/group_sync_read.cpp
[1.724s] -- Installing: /home/mikolaj/ENAE450_tb_ws/install/dynamixel_sdk/local/lib/python3.10/dist-packages/dynamixel_sdk/group_sync_write.py
[1.724s] -- Installing: /home/mikolaj/ENAE450_tb_ws/install/dynamixel_sdk/local/lib/python3.10/dist-packages/dynamixel_sdk/protocol1_packet_handler.py
[1.724s] -- Installing: /home/mikolaj/ENAE450_tb_ws/install/dynamixel_sdk/local/lib/python3.10/dist-packages/dynamixel_sdk/protocol1_packet_handler.cpp
[1.724s] -- Installing: /home/mikolaj/ENAE450_tb_ws/install/dynamixel_sdk/local/lib/python3.10/dist-packages/dynamixel_sdk/port_handler_windows.cpp
[1.725s] -- Installing: /home/mikolaj/ENAE450_tb_ws/install/dynamixel_sdk/local/lib/python3.10/dist-packages/dynamixel_sdk/__init__.py
[1.725s] -- Installing: /home/mikolaj/ENAE450_tb_ws/install/dynamixel_sdk/local/lib/python3.10/dist-packages/dynamixel_sdk/port_handler_arduino.cpp
[1.725s] -- Installing: /home/mikolaj/ENAE450_tb_ws/install/dynamixel_sdk/local/lib/python3.10/dist-packages/dynamixel_sdk/packet_handler.cpp
[1.725s] -- Installing: /home/mikolaj/ENAE450_tb_ws/install/dynamixel_sdk/local/lib/python3.10/dist-packages/dynamixel_sdk/protocol2_packet_handler.cpp
[1.725s] -- Installing: /home/mikolaj/ENAE450_tb_ws/install/dynamixel_sdk/local/lib/python3.10/dist-packages/dynamixel_sdk/robotis_def.py
[1.725s] -- Installing: /home/mikolaj/ENAE450_tb_ws/install/dynamixel_sdk/local/lib/python3.10/dist-packages/dynamixel_sdk/port_handler_mac.cpp
[1.725s] -- Installing: /home/mikolaj/ENAE450_tb_ws/install/dynamixel_sdk/local/lib/python3.10/dist-packages/dynamixel_sdk/group_bulk_write.cpp
[1.725s] -- Installing: /home/mikolaj/ENAE450_tb_ws/install/dynamixel_sdk/local/lib/python3.10/dist-packages/dynamixel_sdk/group_handler.cpp
[1.725s] -- Installing: /home/mikolaj/ENAE450_tb_ws/install/dynamixel_sdk/local/lib/python3.10/dist-packages/dynamixel_sdk/port_handler_linux.cpp
[1.726s] -- Installing: /home/mikolaj/ENAE450_tb_ws/install/dynamixel_sdk/local/lib/python3.10/dist-packages/dynamixel_sdk/port_handler.cpp
[1.726s] -- Installing: /home/mikolaj/ENAE450_tb_ws/install/dynamixel_sdk/local/lib/python3.10/dist-packages/dynamixel_sdk/packet_handler.py
[1.726s] -- Installing: /home/mikolaj/ENAE450_tb_ws/install/dynamixel_sdk/local/lib/python3.10/dist-packages/dynamixel_sdk/port_handler.py
[1.726s] -- Installing: /home/mikolaj/ENAE450_tb_ws/install/dynamixel_sdk/local/lib/python3.10/dist-packages/dynamixel_sdk/group_fast_bulk_read.cpp
[1.726s] -- Installing: /home/mikolaj/ENAE450_tb_ws/install/dynamixel_sdk/local/lib/python3.10/dist-packages/dynamixel_sdk/group_sync_write.cpp
[1.726s] -- Installing: /home/mikolaj/ENAE450_tb_ws/install/dynamixel_sdk/local/lib/python3.10/dist-packages/dynamixel_sdk/group_bulk_read.py
[1.726s] -- Installing: /home/mikolaj/ENAE450_tb_ws/install/dynamixel_sdk/local/lib/python3.10/dist-packages/dynamixel_sdk/protocol2_packet_handler.py
[1.777s] Listing '/home/mikolaj/ENAE450_tb_ws/install/dynamixel_sdk/local/lib/python3.10/dist-packages/dynamixel_sdk'...
[1.777s] Compiling '/home/mikolaj/ENAE450_tb_ws/install/dynamixel_sdk/local/lib/python3.10/dist-packages/dynamixel_sdk/__init__.py'...
[1.777s] Compiling '/home/mikolaj/ENAE450_tb_ws/install/dynamixel_sdk/local/lib/python3.10/dist-packages/dynamixel_sdk/group_bulk_read.py'...
[1.777s] Compiling '/home/mikolaj/ENAE450_tb_ws/install/dynamixel_sdk/local/lib/python3.10/dist-packages/dynamixel_sdk/group_bulk_write.py'...
[1.777s] Compiling '/home/mikolaj/ENAE450_tb_ws/install/dynamixel_sdk/local/lib/python3.10/dist-packages/dynamixel_sdk/group_sync_read.py'...
[1.777s] Compiling '/home/mikolaj/ENAE450_tb_ws/install/dynamixel_sdk/local/lib/python3.10/dist-packages/dynamixel_sdk/group_sync_write.py'...
[1.777s] Compiling '/home/mikolaj/ENAE450_tb_ws/install/dynamixel_sdk/local/lib/python3.10/dist-packages/dynamixel_sdk/packet_handler.py'...
[1.777s] Compiling '/home/mikolaj/ENAE450_tb_ws/install/dynamixel_sdk/local/lib/python3.10/dist-packages/dynamixel_sdk/port_handler.py'...
[1.777s] Compiling '/home/mikolaj/ENAE450_tb_ws/install/dynamixel_sdk/local/lib/python3.10/dist-packages/dynamixel_sdk/protocol1_packet_handler.py'...
[1.777s] Compiling '/home/mikolaj/ENAE450_tb_ws/install/dynamixel_sdk/local/lib/python3.10/dist-packages/dynamixel_sdk/protocol2_packet_handler.py'...
[1.777s] Compiling '/home/mikolaj/ENAE450_tb_ws/install/dynamixel_sdk/local/lib/python3.10/dist-packages/dynamixel_sdk/robotis_def.py'...
[1.781s] -- Installing: /home/mikolaj/ENAE450_tb_ws/install/dynamixel_sdk/share/dynamixel_sdk/environment/library_path.sh
[1.782s] -- Installing: /home/mikolaj/ENAE450_tb_ws/install/dynamixel_sdk/share/dynamixel_sdk/environment/library_path.dsv
[1.782s] -- Installing: /home/mikolaj/ENAE450_tb_ws/install/dynamixel_sdk/share/ament_index/resource_index/package_run_dependencies/dynamixel_sdk
[1.782s] -- Installing: /home/mikolaj/ENAE450_tb_ws/install/dynamixel_sdk/share/ament_index/resource_index/parent_prefix_path/dynamixel_sdk
[1.782s] -- Installing: /home/mikolaj/ENAE450_tb_ws/install/dynamixel_sdk/share/dynamixel_sdk/environment/ament_prefix_path.sh
[1.782s] -- Installing: /home/mikolaj/ENAE450_tb_ws/install/dynamixel_sdk/share/dynamixel_sdk/environment/ament_prefix_path.dsv
[1.783s] -- Installing: /home/mikolaj/ENAE450_tb_ws/install/dynamixel_sdk/share/dynamixel_sdk/environment/path.sh
[1.783s] -- Installing: /home/mikolaj/ENAE450_tb_ws/install/dynamixel_sdk/share/dynamixel_sdk/environment/path.dsv
[1.783s] -- Installing: /home/mikolaj/ENAE450_tb_ws/install/dynamixel_sdk/share/dynamixel_sdk/local_setup.bash
[1.783s] -- Installing: /home/mikolaj/ENAE450_tb_ws/install/dynamixel_sdk/share/dynamixel_sdk/local_setup.sh
[1.783s] -- Installing: /home/mikolaj/ENAE450_tb_ws/install/dynamixel_sdk/share/dynamixel_sdk/local_setup.zsh
[1.783s] -- Installing: /home/mikolaj/ENAE450_tb_ws/install/dynamixel_sdk/share/dynamixel_sdk/local_setup.dsv
[1.783s] -- Installing: /home/mikolaj/ENAE450_tb_ws/install/dynamixel_sdk/share/dynamixel_sdk/package.dsv
[1.783s] -- Installing: /home/mikolaj/ENAE450_tb_ws/install/dynamixel_sdk/share/ament_index/resource_index/packages/dynamixel_sdk
[1.784s] -- Installing: /home/mikolaj/ENAE450_tb_ws/install/dynamixel_sdk/share/dynamixel_sdk/cmake/ament_cmake_export_include_directories-extras.cmake
[1.784s] -- Installing: /home/mikolaj/ENAE450_tb_ws/install/dynamixel_sdk/share/dynamixel_sdk/cmake/ament_cmake_export_libraries-extras.cmake
[1.784s] -- Installing: /home/mikolaj/ENAE450_tb_ws/install/dynamixel_sdk/share/dynamixel_sdk/cmake/dynamixel_sdkConfig.cmake
[1.784s] -- Installing: /home/mikolaj/ENAE450_tb_ws/install/dynamixel_sdk/share/dynamixel_sdk/cmake/dynamixel_sdkConfig-version.cmake
[1.784s] -- Installing: /home/mikolaj/ENAE450_tb_ws/install/dynamixel_sdk/share/dynamixel_sdk/package.xml
[1.787s] Invoked command in '/home/mikolaj/ENAE450_tb_ws/build/dynamixel_sdk' returned '0': CMAKE_PREFIX_PATH=${CMAKE_PREFIX_PATH}:/home/mikolaj/ENAE450_tb_ws/install/turtlebot3_controller:/opt/ros/humble /usr/bin/cmake --install /home/mikolaj/ENAE450_tb_ws/build/dynamixel_sdk
