[0.059s] Invoking command in '/home/mikolaj/ENAE450_tb_ws/build/dynamixel_sdk_examples': AMENT_PREFIX_PATH=/home/mikolaj/ENAE450_tb_ws/install/dynamixel_sdk_custom_interfaces:/home/mikolaj/ENAE450_tb_ws/install/dynamixel_sdk:${AMENT_PREFIX_PATH} CMAKE_PREFIX_PATH=/home/mikolaj/ENAE450_tb_ws/install/dynamixel_sdk_custom_interfaces:/home/mikolaj/ENAE450_tb_ws/install/dynamixel_sdk:/home/mikolaj/ENAE450_tb_ws/install/turtlebot3_simulations:/home/mikolaj/ENAE450_tb_ws/install/turtlebot3_gazebo:/home/mikolaj/ENAE450_tb_ws/install/turtlebot3_fake_node:/home/mikolaj/ENAE450_tb_ws/install/turtlebot3_controller:/opt/ros/humble LD_LIBRARY_PATH=/home/mikolaj/ENAE450_tb_ws/install/dynamixel_sdk_custom_interfaces/lib:/home/mikolaj/ENAE450_tb_ws/install/dynamixel_sdk/lib:/usr/lib/x86_64-linux-gnu/gazebo-11/plugins:/opt/ros/humble/opt/rviz_ogre_vendor/lib:/opt/ros/humble/lib/x86_64-linux-gnu:/opt/ros/humble/lib:/usr/lib/x86_64-linux-gnu/gazebo-11/plugins PYTHONPATH=/home/mikolaj/ENAE450_tb_ws/install/dynamixel_sdk_custom_interfaces/local/lib/python3.10/dist-packages:/home/mikolaj/ENAE450_tb_ws/install/dynamixel_sdk/local/lib/python3.10/dist-packages:${PYTHONPATH} /usr/bin/cmake /home/mikolaj/ENAE450_tb_ws/src/DynamixelSDK/ros/dynamixel_sdk_examples -DCMAKE_INSTALL_PREFIX=/home/mikolaj/ENAE450_tb_ws/install/dynamixel_sdk_examples
[0.230s] -- The C compiler identification is GNU 11.4.0
[0.385s] -- The CXX compiler identification is GNU 11.4.0
[0.410s] -- Detecting C compiler ABI info
[0.621s] -- Detecting C compiler ABI info - done
[0.639s] -- Check for working C compiler: /usr/bin/cc - skipped
[0.640s] -- Detecting C compile features
[0.640s] -- Detecting C compile features - done
[0.654s] -- Detecting CXX compiler ABI info
[0.884s] -- Detecting CXX compiler ABI info - done
[0.905s] -- Check for working CXX compiler: /usr/bin/c++ - skipped
[0.905s] -- Detecting CXX compile features
[0.908s] -- Detecting CXX compile features - done
[0.914s] -- Found ament_cmake: 1.3.11 (/opt/ros/humble/share/ament_cmake/cmake)
[1.340s] -- Found Python3: /usr/bin/python3 (found version "3.10.12") found components: Interpreter 
[1.546s] -- Found dynamixel_sdk: 3.8.3 (/home/mikolaj/ENAE450_tb_ws/install/dynamixel_sdk/share/dynamixel_sdk/cmake)
[1.546s] -- Found dynamixel_sdk_custom_interfaces: 3.8.3 (/home/mikolaj/ENAE450_tb_ws/install/dynamixel_sdk_custom_interfaces/share/dynamixel_sdk_custom_interfaces/cmake)
[1.633s] -- Found rosidl_generator_c: 3.1.6 (/opt/ros/humble/share/rosidl_generator_c/cmake)
[1.654s] -- Found rosidl_adapter: 3.1.6 (/opt/ros/humble/share/rosidl_adapter/cmake)
[1.676s] -- Found rosidl_generator_cpp: 3.1.6 (/opt/ros/humble/share/rosidl_generator_cpp/cmake)
[1.704s] -- Using all available rosidl_typesupport_c: rosidl_typesupport_fastrtps_c;rosidl_typesupport_introspection_c
[1.748s] -- Using all available rosidl_typesupport_cpp: rosidl_typesupport_fastrtps_cpp;rosidl_typesupport_introspection_cpp
[1.809s] -- Found rclcpp: 16.0.11 (/opt/ros/humble/share/rclcpp/cmake)
[1.906s] -- Found rmw_implementation_cmake: 6.1.2 (/opt/ros/humble/share/rmw_implementation_cmake/cmake)
[1.913s] -- Found rmw_fastrtps_cpp: 6.2.7 (/opt/ros/humble/share/rmw_fastrtps_cpp/cmake)
[2.122s] -- Found OpenSSL: /usr/lib/x86_64-linux-gnu/libcrypto.so (found version "3.0.2")  
[2.222s] -- Found FastRTPS: /opt/ros/humble/include  
[2.316s] -- Using RMW implementation 'rmw_fastrtps_cpp' as default
[2.329s] -- Looking for pthread.h
[2.495s] -- Looking for pthread.h - found
[2.495s] -- Performing Test CMAKE_HAVE_LIBC_PTHREAD
[2.617s] -- Performing Test CMAKE_HAVE_LIBC_PTHREAD - Success
[2.619s] -- Found Threads: TRUE  
[2.698s] -- Found rclpy: 3.3.15 (/opt/ros/humble/share/rclpy/cmake)
[2.705s] -- Found ament_lint_auto: 0.12.11 (/opt/ros/humble/share/ament_lint_auto/cmake)
[2.828s] -- Added test 'copyright' to check source files copyright and LICENSE
[2.830s] -- Added test 'cppcheck' to perform static code analysis on C / C++ code
[2.831s] -- Configured cppcheck include dirs: /home/mikolaj/ENAE450_tb_ws/src/DynamixelSDK/ros/dynamixel_sdk_examples/include
[2.831s] -- Configured cppcheck exclude dirs and/or files: 
[2.832s] -- Added test 'cpplint' to check C / C++ code against the Google style
[2.833s] -- Configured cpplint exclude dirs and/or files: 
[2.834s] -- Added test 'flake8' to check Python code syntax and style conventions
[2.835s] -- Added test 'lint_cmake' to check CMake code style
[2.838s] -- Added test 'pep257' to check Python code against some of the docstring style conventions in PEP 257
[2.840s] -- Added test 'uncrustify' to check C / C++ code style
[2.841s] -- Configured uncrustify additional arguments: 
[2.843s] -- Added test 'xmllint' to check XML markup files
[2.850s] -- Configuring done
[2.865s] -- Generating done
[2.873s] -- Build files have been written to: /home/mikolaj/ENAE450_tb_ws/build/dynamixel_sdk_examples
[2.888s] Invoked command in '/home/mikolaj/ENAE450_tb_ws/build/dynamixel_sdk_examples' returned '0': AMENT_PREFIX_PATH=/home/mikolaj/ENAE450_tb_ws/install/dynamixel_sdk_custom_interfaces:/home/mikolaj/ENAE450_tb_ws/install/dynamixel_sdk:${AMENT_PREFIX_PATH} CMAKE_PREFIX_PATH=/home/mikolaj/ENAE450_tb_ws/install/dynamixel_sdk_custom_interfaces:/home/mikolaj/ENAE450_tb_ws/install/dynamixel_sdk:/home/mikolaj/ENAE450_tb_ws/install/turtlebot3_simulations:/home/mikolaj/ENAE450_tb_ws/install/turtlebot3_gazebo:/home/mikolaj/ENAE450_tb_ws/install/turtlebot3_fake_node:/home/mikolaj/ENAE450_tb_ws/install/turtlebot3_controller:/opt/ros/humble LD_LIBRARY_PATH=/home/mikolaj/ENAE450_tb_ws/install/dynamixel_sdk_custom_interfaces/lib:/home/mikolaj/ENAE450_tb_ws/install/dynamixel_sdk/lib:/usr/lib/x86_64-linux-gnu/gazebo-11/plugins:/opt/ros/humble/opt/rviz_ogre_vendor/lib:/opt/ros/humble/lib/x86_64-linux-gnu:/opt/ros/humble/lib:/usr/lib/x86_64-linux-gnu/gazebo-11/plugins PYTHONPATH=/home/mikolaj/ENAE450_tb_ws/install/dynamixel_sdk_custom_interfaces/local/lib/python3.10/dist-packages:/home/mikolaj/ENAE450_tb_ws/install/dynamixel_sdk/local/lib/python3.10/dist-packages:${PYTHONPATH} /usr/bin/cmake /home/mikolaj/ENAE450_tb_ws/src/DynamixelSDK/ros/dynamixel_sdk_examples -DCMAKE_INSTALL_PREFIX=/home/mikolaj/ENAE450_tb_ws/install/dynamixel_sdk_examples
[2.889s] Invoking command in '/home/mikolaj/ENAE450_tb_ws/build/dynamixel_sdk_examples': AMENT_PREFIX_PATH=/home/mikolaj/ENAE450_tb_ws/install/dynamixel_sdk_custom_interfaces:/home/mikolaj/ENAE450_tb_ws/install/dynamixel_sdk:${AMENT_PREFIX_PATH} CMAKE_PREFIX_PATH=/home/mikolaj/ENAE450_tb_ws/install/dynamixel_sdk_custom_interfaces:/home/mikolaj/ENAE450_tb_ws/install/dynamixel_sdk:/home/mikolaj/ENAE450_tb_ws/install/turtlebot3_simulations:/home/mikolaj/ENAE450_tb_ws/install/turtlebot3_gazebo:/home/mikolaj/ENAE450_tb_ws/install/turtlebot3_fake_node:/home/mikolaj/ENAE450_tb_ws/install/turtlebot3_controller:/opt/ros/humble LD_LIBRARY_PATH=/home/mikolaj/ENAE450_tb_ws/install/dynamixel_sdk_custom_interfaces/lib:/home/mikolaj/ENAE450_tb_ws/install/dynamixel_sdk/lib:/usr/lib/x86_64-linux-gnu/gazebo-11/plugins:/opt/ros/humble/opt/rviz_ogre_vendor/lib:/opt/ros/humble/lib/x86_64-linux-gnu:/opt/ros/humble/lib:/usr/lib/x86_64-linux-gnu/gazebo-11/plugins PYTHONPATH=/home/mikolaj/ENAE450_tb_ws/install/dynamixel_sdk_custom_interfaces/local/lib/python3.10/dist-packages:/home/mikolaj/ENAE450_tb_ws/install/dynamixel_sdk/local/lib/python3.10/dist-packages:${PYTHONPATH} /usr/bin/cmake --build /home/mikolaj/ENAE450_tb_ws/build/dynamixel_sdk_examples -- -j8 -l8
[2.955s] [ 50%] [32mBuilding CXX object CMakeFiles/read_write_node.dir/src/read_write_node.cpp.o[0m
[16.077s] [100%] [32m[1mLinking CXX executable read_write_node[0m
[16.609s] [100%] Built target read_write_node
[16.626s] Invoked command in '/home/mikolaj/ENAE450_tb_ws/build/dynamixel_sdk_examples' returned '0': AMENT_PREFIX_PATH=/home/mikolaj/ENAE450_tb_ws/install/dynamixel_sdk_custom_interfaces:/home/mikolaj/ENAE450_tb_ws/install/dynamixel_sdk:${AMENT_PREFIX_PATH} CMAKE_PREFIX_PATH=/home/mikolaj/ENAE450_tb_ws/install/dynamixel_sdk_custom_interfaces:/home/mikolaj/ENAE450_tb_ws/install/dynamixel_sdk:/home/mikolaj/ENAE450_tb_ws/install/turtlebot3_simulations:/home/mikolaj/ENAE450_tb_ws/install/turtlebot3_gazebo:/home/mikolaj/ENAE450_tb_ws/install/turtlebot3_fake_node:/home/mikolaj/ENAE450_tb_ws/install/turtlebot3_controller:/opt/ros/humble LD_LIBRARY_PATH=/home/mikolaj/ENAE450_tb_ws/install/dynamixel_sdk_custom_interfaces/lib:/home/mikolaj/ENAE450_tb_ws/install/dynamixel_sdk/lib:/usr/lib/x86_64-linux-gnu/gazebo-11/plugins:/opt/ros/humble/opt/rviz_ogre_vendor/lib:/opt/ros/humble/lib/x86_64-linux-gnu:/opt/ros/humble/lib:/usr/lib/x86_64-linux-gnu/gazebo-11/plugins PYTHONPATH=/home/mikolaj/ENAE450_tb_ws/install/dynamixel_sdk_custom_interfaces/local/lib/python3.10/dist-packages:/home/mikolaj/ENAE450_tb_ws/install/dynamixel_sdk/local/lib/python3.10/dist-packages:${PYTHONPATH} /usr/bin/cmake --build /home/mikolaj/ENAE450_tb_ws/build/dynamixel_sdk_examples -- -j8 -l8
[16.627s] Invoking command in '/home/mikolaj/ENAE450_tb_ws/build/dynamixel_sdk_examples': AMENT_PREFIX_PATH=/home/mikolaj/ENAE450_tb_ws/install/dynamixel_sdk_custom_interfaces:/home/mikolaj/ENAE450_tb_ws/install/dynamixel_sdk:${AMENT_PREFIX_PATH} CMAKE_PREFIX_PATH=/home/mikolaj/ENAE450_tb_ws/install/dynamixel_sdk_custom_interfaces:/home/mikolaj/ENAE450_tb_ws/install/dynamixel_sdk:/home/mikolaj/ENAE450_tb_ws/install/turtlebot3_simulations:/home/mikolaj/ENAE450_tb_ws/install/turtlebot3_gazebo:/home/mikolaj/ENAE450_tb_ws/install/turtlebot3_fake_node:/home/mikolaj/ENAE450_tb_ws/install/turtlebot3_controller:/opt/ros/humble LD_LIBRARY_PATH=/home/mikolaj/ENAE450_tb_ws/install/dynamixel_sdk_custom_interfaces/lib:/home/mikolaj/ENAE450_tb_ws/install/dynamixel_sdk/lib:/usr/lib/x86_64-linux-gnu/gazebo-11/plugins:/opt/ros/humble/opt/rviz_ogre_vendor/lib:/opt/ros/humble/lib/x86_64-linux-gnu:/opt/ros/humble/lib:/usr/lib/x86_64-linux-gnu/gazebo-11/plugins PYTHONPATH=/home/mikolaj/ENAE450_tb_ws/install/dynamixel_sdk_custom_interfaces/local/lib/python3.10/dist-packages:/home/mikolaj/ENAE450_tb_ws/install/dynamixel_sdk/local/lib/python3.10/dist-packages:${PYTHONPATH} /usr/bin/cmake --install /home/mikolaj/ENAE450_tb_ws/build/dynamixel_sdk_examples
[16.638s] -- Install configuration: ""
[16.638s] -- Installing: /home/mikolaj/ENAE450_tb_ws/install/dynamixel_sdk_examples/lib/dynamixel_sdk_examples/read_write_node
[16.670s] -- Set runtime path of "/home/mikolaj/ENAE450_tb_ws/install/dynamixel_sdk_examples/lib/dynamixel_sdk_examples/read_write_node" to ""
[16.671s] -- Installing: /home/mikolaj/ENAE450_tb_ws/install/dynamixel_sdk_examples/lib/dynamixel_sdk_examples/read_write_node.py
[16.671s] -- Installing: /home/mikolaj/ENAE450_tb_ws/install/dynamixel_sdk_examples/share/ament_index/resource_index/package_run_dependencies/dynamixel_sdk_examples
[16.671s] -- Installing: /home/mikolaj/ENAE450_tb_ws/install/dynamixel_sdk_examples/share/ament_index/resource_index/parent_prefix_path/dynamixel_sdk_examples
[16.671s] -- Installing: /home/mikolaj/ENAE450_tb_ws/install/dynamixel_sdk_examples/share/dynamixel_sdk_examples/environment/ament_prefix_path.sh
[16.671s] -- Installing: /home/mikolaj/ENAE450_tb_ws/install/dynamixel_sdk_examples/share/dynamixel_sdk_examples/environment/ament_prefix_path.dsv
[16.672s] -- Installing: /home/mikolaj/ENAE450_tb_ws/install/dynamixel_sdk_examples/share/dynamixel_sdk_examples/environment/path.sh
[16.672s] -- Installing: /home/mikolaj/ENAE450_tb_ws/install/dynamixel_sdk_examples/share/dynamixel_sdk_examples/environment/path.dsv
[16.672s] -- Installing: /home/mikolaj/ENAE450_tb_ws/install/dynamixel_sdk_examples/share/dynamixel_sdk_examples/local_setup.bash
[16.673s] -- Installing: /home/mikolaj/ENAE450_tb_ws/install/dynamixel_sdk_examples/share/dynamixel_sdk_examples/local_setup.sh
[16.673s] -- Installing: /home/mikolaj/ENAE450_tb_ws/install/dynamixel_sdk_examples/share/dynamixel_sdk_examples/local_setup.zsh
[16.673s] -- Installing: /home/mikolaj/ENAE450_tb_ws/install/dynamixel_sdk_examples/share/dynamixel_sdk_examples/local_setup.dsv
[16.674s] -- Installing: /home/mikolaj/ENAE450_tb_ws/install/dynamixel_sdk_examples/share/dynamixel_sdk_examples/package.dsv
[16.674s] -- Installing: /home/mikolaj/ENAE450_tb_ws/install/dynamixel_sdk_examples/share/ament_index/resource_index/packages/dynamixel_sdk_examples
[16.674s] -- Installing: /home/mikolaj/ENAE450_tb_ws/install/dynamixel_sdk_examples/share/dynamixel_sdk_examples/cmake/dynamixel_sdk_examplesConfig.cmake
[16.675s] -- Installing: /home/mikolaj/ENAE450_tb_ws/install/dynamixel_sdk_examples/share/dynamixel_sdk_examples/cmake/dynamixel_sdk_examplesConfig-version.cmake
[16.676s] -- Installing: /home/mikolaj/ENAE450_tb_ws/install/dynamixel_sdk_examples/share/dynamixel_sdk_examples/package.xml
[16.679s] Invoked command in '/home/mikolaj/ENAE450_tb_ws/build/dynamixel_sdk_examples' returned '0': AMENT_PREFIX_PATH=/home/mikolaj/ENAE450_tb_ws/install/dynamixel_sdk_custom_interfaces:/home/mikolaj/ENAE450_tb_ws/install/dynamixel_sdk:${AMENT_PREFIX_PATH} CMAKE_PREFIX_PATH=/home/mikolaj/ENAE450_tb_ws/install/dynamixel_sdk_custom_interfaces:/home/mikolaj/ENAE450_tb_ws/install/dynamixel_sdk:/home/mikolaj/ENAE450_tb_ws/install/turtlebot3_simulations:/home/mikolaj/ENAE450_tb_ws/install/turtlebot3_gazebo:/home/mikolaj/ENAE450_tb_ws/install/turtlebot3_fake_node:/home/mikolaj/ENAE450_tb_ws/install/turtlebot3_controller:/opt/ros/humble LD_LIBRARY_PATH=/home/mikolaj/ENAE450_tb_ws/install/dynamixel_sdk_custom_interfaces/lib:/home/mikolaj/ENAE450_tb_ws/install/dynamixel_sdk/lib:/usr/lib/x86_64-linux-gnu/gazebo-11/plugins:/opt/ros/humble/opt/rviz_ogre_vendor/lib:/opt/ros/humble/lib/x86_64-linux-gnu:/opt/ros/humble/lib:/usr/lib/x86_64-linux-gnu/gazebo-11/plugins PYTHONPATH=/home/mikolaj/ENAE450_tb_ws/install/dynamixel_sdk_custom_interfaces/local/lib/python3.10/dist-packages:/home/mikolaj/ENAE450_tb_ws/install/dynamixel_sdk/local/lib/python3.10/dist-packages:${PYTHONPATH} /usr/bin/cmake --install /home/mikolaj/ENAE450_tb_ws/build/dynamixel_sdk_examples
