[0.146s] Invoking command in '/home/patrick/ENAE450_tb_ws/build/turtlebot3_msgs': CMAKE_PREFIX_PATH=${CMAKE_PREFIX_PATH}:/home/patrick/ENAE450_tb_ws/install/turtlebot3_controller:/home/patrick/turtlebot3_ws/install/turtlebot3_teleop:/home/patrick/turtlebot3_ws/install/turtlebot3_example:/home/patrick/turtlebot3_ws/install/turtlebot3_controller:/opt/ros/humble /usr/bin/cmake --build /home/patrick/ENAE450_tb_ws/build/turtlebot3_msgs -- -j2 -l2
[1.378s] [35m[1mConsolidate compiler generated dependencies of target turtlebot3_msgs__rosidl_generator_c[0m
[1.403s] [  1%] Built target turtlebot3_msgs__cpp
[1.590s] [ 12%] Built target turtlebot3_msgs__rosidl_generator_c
[1.714s] [35m[1mConsolidate compiler generated dependencies of target turtlebot3_msgs__rosidl_typesupport_cpp[0m
[1.822s] [ 12%] Built target ament_cmake_python_copy_turtlebot3_msgs
[1.879s] [ 23%] Built target turtlebot3_msgs__rosidl_typesupport_cpp
[1.938s] [35m[1mConsolidate compiler generated dependencies of target turtlebot3_msgs__rosidl_typesupport_fastrtps_c[0m
[2.034s] [35m[1mConsolidate compiler generated dependencies of target turtlebot3_msgs__rosidl_typesupport_fastrtps_cpp[0m
[2.108s] [ 35%] Built target turtlebot3_msgs__rosidl_typesupport_fastrtps_c
[2.156s] [ 46%] Built target turtlebot3_msgs__rosidl_typesupport_fastrtps_cpp
[2.238s] [35m[1mConsolidate compiler generated dependencies of target turtlebot3_msgs__rosidl_typesupport_introspection_c[0m
[2.295s] [35m[1mConsolidate compiler generated dependencies of target turtlebot3_msgs__rosidl_typesupport_c[0m
[2.413s] [ 57%] Built target turtlebot3_msgs__rosidl_typesupport_introspection_c
[2.509s] [ 69%] Built target turtlebot3_msgs__rosidl_typesupport_c
[2.595s] [35m[1mConsolidate compiler generated dependencies of target turtlebot3_msgs__rosidl_typesupport_introspection_cpp[0m
[3.333s] [ 80%] Built target turtlebot3_msgs__rosidl_typesupport_introspection_cpp
[3.510s] running egg_info
[3.510s] writing turtlebot3_msgs.egg-info/PKG-INFO
[3.521s] writing dependency_links to turtlebot3_msgs.egg-info/dependency_links.txt
[3.522s] writing top-level names to turtlebot3_msgs.egg-info/top_level.txt
[3.668s] reading manifest file 'turtlebot3_msgs.egg-info/SOURCES.txt'
[3.682s] writing manifest file 'turtlebot3_msgs.egg-info/SOURCES.txt'
[3.688s] [ 80%] Built target turtlebot3_msgs
[3.762s] [ 80%] Built target ament_cmake_python_build_turtlebot3_msgs_egg
[3.837s] [ 81%] Built target turtlebot3_msgs__py
[3.939s] [35m[1mConsolidate compiler generated dependencies of target turtlebot3_msgs__rosidl_generator_py[0m
[4.280s] [ 91%] Built target turtlebot3_msgs__rosidl_generator_py
[4.392s] [35m[1mConsolidate compiler generated dependencies of target turtlebot3_msgs__rosidl_typesupport_fastrtps_c__pyext[0m
[4.457s] [35m[1mConsolidate compiler generated dependencies of target turtlebot3_msgs__rosidl_typesupport_introspection_c__pyext[0m
[4.531s] [ 94%] Built target turtlebot3_msgs__rosidl_typesupport_fastrtps_c__pyext
[4.556s] [ 97%] Built target turtlebot3_msgs__rosidl_typesupport_introspection_c__pyext
[4.612s] [35m[1mConsolidate compiler generated dependencies of target turtlebot3_msgs__rosidl_typesupport_c__pyext[0m
[4.665s] [100%] Built target turtlebot3_msgs__rosidl_typesupport_c__pyext
[4.736s] Invoked command in '/home/patrick/ENAE450_tb_ws/build/turtlebot3_msgs' returned '0': CMAKE_PREFIX_PATH=${CMAKE_PREFIX_PATH}:/home/patrick/ENAE450_tb_ws/install/turtlebot3_controller:/home/patrick/turtlebot3_ws/install/turtlebot3_teleop:/home/patrick/turtlebot3_ws/install/turtlebot3_example:/home/patrick/turtlebot3_ws/install/turtlebot3_controller:/opt/ros/humble /usr/bin/cmake --build /home/patrick/ENAE450_tb_ws/build/turtlebot3_msgs -- -j2 -l2
[4.768s] Invoking command in '/home/patrick/ENAE450_tb_ws/build/turtlebot3_msgs': CMAKE_PREFIX_PATH=${CMAKE_PREFIX_PATH}:/home/patrick/ENAE450_tb_ws/install/turtlebot3_controller:/home/patrick/turtlebot3_ws/install/turtlebot3_teleop:/home/patrick/turtlebot3_ws/install/turtlebot3_example:/home/patrick/turtlebot3_ws/install/turtlebot3_controller:/opt/ros/humble /usr/bin/cmake --install /home/patrick/ENAE450_tb_ws/build/turtlebot3_msgs
[4.802s] -- Install configuration: ""
[4.806s] -- Up-to-date: /home/patrick/ENAE450_tb_ws/install/turtlebot3_msgs/share/ament_index/resource_index/rosidl_interfaces/turtlebot3_msgs
[4.806s] -- Up-to-date: /home/patrick/ENAE450_tb_ws/install/turtlebot3_msgs/include/turtlebot3_msgs/turtlebot3_msgs
[4.806s] -- Up-to-date: /home/patrick/ENAE450_tb_ws/install/turtlebot3_msgs/include/turtlebot3_msgs/turtlebot3_msgs/srv
[4.806s] -- Up-to-date: /home/patrick/ENAE450_tb_ws/install/turtlebot3_msgs/include/turtlebot3_msgs/turtlebot3_msgs/srv/detail
[4.806s] -- Up-to-date: /home/patrick/ENAE450_tb_ws/install/turtlebot3_msgs/include/turtlebot3_msgs/turtlebot3_msgs/srv/detail/sound__type_support.h
[4.807s] -- Up-to-date: /home/patrick/ENAE450_tb_ws/install/turtlebot3_msgs/include/turtlebot3_msgs/turtlebot3_msgs/srv/detail/sound__functions.c
[4.810s] -- Up-to-date: /home/patrick/ENAE450_tb_ws/install/turtlebot3_msgs/include/turtlebot3_msgs/turtlebot3_msgs/srv/detail/sound__struct.h
[4.810s] -- Up-to-date: /home/patrick/ENAE450_tb_ws/install/turtlebot3_msgs/include/turtlebot3_msgs/turtlebot3_msgs/srv/detail/sound__functions.h
[4.810s] -- Up-to-date: /home/patrick/ENAE450_tb_ws/install/turtlebot3_msgs/include/turtlebot3_msgs/turtlebot3_msgs/srv/detail/dqn__type_support.h
[4.810s] -- Up-to-date: /home/patrick/ENAE450_tb_ws/install/turtlebot3_msgs/include/turtlebot3_msgs/turtlebot3_msgs/srv/detail/dqn__functions.c
[4.810s] -- Up-to-date: /home/patrick/ENAE450_tb_ws/install/turtlebot3_msgs/include/turtlebot3_msgs/turtlebot3_msgs/srv/detail/dqn__functions.h
[4.811s] -- Up-to-date: /home/patrick/ENAE450_tb_ws/install/turtlebot3_msgs/include/turtlebot3_msgs/turtlebot3_msgs/srv/detail/dqn__struct.h
[4.811s] -- Up-to-date: /home/patrick/ENAE450_tb_ws/install/turtlebot3_msgs/include/turtlebot3_msgs/turtlebot3_msgs/srv/sound.h
[4.813s] -- Up-to-date: /home/patrick/ENAE450_tb_ws/install/turtlebot3_msgs/include/turtlebot3_msgs/turtlebot3_msgs/srv/dqn.h
[4.814s] -- Up-to-date: /home/patrick/ENAE450_tb_ws/install/turtlebot3_msgs/include/turtlebot3_msgs/turtlebot3_msgs/action
[4.815s] -- Up-to-date: /home/patrick/ENAE450_tb_ws/install/turtlebot3_msgs/include/turtlebot3_msgs/turtlebot3_msgs/action/detail
[4.815s] -- Up-to-date: /home/patrick/ENAE450_tb_ws/install/turtlebot3_msgs/include/turtlebot3_msgs/turtlebot3_msgs/action/detail/patrol__functions.h
[4.816s] -- Up-to-date: /home/patrick/ENAE450_tb_ws/install/turtlebot3_msgs/include/turtlebot3_msgs/turtlebot3_msgs/action/detail/patrol__type_support.h
[4.816s] -- Up-to-date: /home/patrick/ENAE450_tb_ws/install/turtlebot3_msgs/include/turtlebot3_msgs/turtlebot3_msgs/action/detail/patrol__struct.h
[4.816s] -- Up-to-date: /home/patrick/ENAE450_tb_ws/install/turtlebot3_msgs/include/turtlebot3_msgs/turtlebot3_msgs/action/detail/patrol__functions.c
[4.817s] -- Up-to-date: /home/patrick/ENAE450_tb_ws/install/turtlebot3_msgs/include/turtlebot3_msgs/turtlebot3_msgs/action/patrol.h
[4.817s] -- Up-to-date: /home/patrick/ENAE450_tb_ws/install/turtlebot3_msgs/include/turtlebot3_msgs/turtlebot3_msgs/msg
[4.818s] -- Up-to-date: /home/patrick/ENAE450_tb_ws/install/turtlebot3_msgs/include/turtlebot3_msgs/turtlebot3_msgs/msg/detail
[4.818s] -- Up-to-date: /home/patrick/ENAE450_tb_ws/install/turtlebot3_msgs/include/turtlebot3_msgs/turtlebot3_msgs/msg/detail/sound__type_support.h
[4.819s] -- Up-to-date: /home/patrick/ENAE450_tb_ws/install/turtlebot3_msgs/include/turtlebot3_msgs/turtlebot3_msgs/msg/detail/sound__functions.c
[4.819s] -- Up-to-date: /home/patrick/ENAE450_tb_ws/install/turtlebot3_msgs/include/turtlebot3_msgs/turtlebot3_msgs/msg/detail/sound__struct.h
[4.820s] -- Up-to-date: /home/patrick/ENAE450_tb_ws/install/turtlebot3_msgs/include/turtlebot3_msgs/turtlebot3_msgs/msg/detail/version_info__struct.h
[4.820s] -- Up-to-date: /home/patrick/ENAE450_tb_ws/install/turtlebot3_msgs/include/turtlebot3_msgs/turtlebot3_msgs/msg/detail/sensor_state__functions.h
[4.821s] -- Up-to-date: /home/patrick/ENAE450_tb_ws/install/turtlebot3_msgs/include/turtlebot3_msgs/turtlebot3_msgs/msg/detail/sound__functions.h
[4.821s] -- Up-to-date: /home/patrick/ENAE450_tb_ws/install/turtlebot3_msgs/include/turtlebot3_msgs/turtlebot3_msgs/msg/detail/sensor_state__type_support.h
[4.822s] -- Up-to-date: /home/patrick/ENAE450_tb_ws/install/turtlebot3_msgs/include/turtlebot3_msgs/turtlebot3_msgs/msg/detail/version_info__functions.h
[4.822s] -- Up-to-date: /home/patrick/ENAE450_tb_ws/install/turtlebot3_msgs/include/turtlebot3_msgs/turtlebot3_msgs/msg/detail/sensor_state__functions.c
[4.823s] -- Up-to-date: /home/patrick/ENAE450_tb_ws/install/turtlebot3_msgs/include/turtlebot3_msgs/turtlebot3_msgs/msg/detail/sensor_state__struct.h
[4.823s] -- Up-to-date: /home/patrick/ENAE450_tb_ws/install/turtlebot3_msgs/include/turtlebot3_msgs/turtlebot3_msgs/msg/detail/version_info__type_support.h
[4.823s] -- Up-to-date: /home/patrick/ENAE450_tb_ws/install/turtlebot3_msgs/include/turtlebot3_msgs/turtlebot3_msgs/msg/detail/version_info__functions.c
[4.823s] -- Up-to-date: /home/patrick/ENAE450_tb_ws/install/turtlebot3_msgs/include/turtlebot3_msgs/turtlebot3_msgs/msg/rosidl_generator_c__visibility_control.h
[4.823s] -- Up-to-date: /home/patrick/ENAE450_tb_ws/install/turtlebot3_msgs/include/turtlebot3_msgs/turtlebot3_msgs/msg/sound.h
[4.824s] -- Up-to-date: /home/patrick/ENAE450_tb_ws/install/turtlebot3_msgs/include/turtlebot3_msgs/turtlebot3_msgs/msg/sensor_state.h
[4.824s] -- Up-to-date: /home/patrick/ENAE450_tb_ws/install/turtlebot3_msgs/include/turtlebot3_msgs/turtlebot3_msgs/msg/version_info.h
[4.825s] -- Up-to-date: /home/patrick/ENAE450_tb_ws/install/turtlebot3_msgs/share/turtlebot3_msgs/environment/library_path.sh
[4.828s] -- Up-to-date: /home/patrick/ENAE450_tb_ws/install/turtlebot3_msgs/share/turtlebot3_msgs/environment/library_path.dsv
[4.828s] -- Up-to-date: /home/patrick/ENAE450_tb_ws/install/turtlebot3_msgs/lib/libturtlebot3_msgs__rosidl_generator_c.so
[4.830s] -- Up-to-date: /home/patrick/ENAE450_tb_ws/install/turtlebot3_msgs/include/turtlebot3_msgs/turtlebot3_msgs
[4.830s] -- Up-to-date: /home/patrick/ENAE450_tb_ws/install/turtlebot3_msgs/include/turtlebot3_msgs/turtlebot3_msgs/srv
[4.831s] -- Up-to-date: /home/patrick/ENAE450_tb_ws/install/turtlebot3_msgs/include/turtlebot3_msgs/turtlebot3_msgs/srv/detail
[4.873s] -- Up-to-date: /home/patrick/ENAE450_tb_ws/install/turtlebot3_msgs/include/turtlebot3_msgs/turtlebot3_msgs/srv/detail/sound__rosidl_typesupport_fastrtps_c.h
[4.873s] -- Up-to-date: /home/patrick/ENAE450_tb_ws/install/turtlebot3_msgs/include/turtlebot3_msgs/turtlebot3_msgs/srv/detail/dqn__rosidl_typesupport_fastrtps_c.h
[4.873s] -- Up-to-date: /home/patrick/ENAE450_tb_ws/install/turtlebot3_msgs/include/turtlebot3_msgs/turtlebot3_msgs/action
[4.873s] -- Up-to-date: /home/patrick/ENAE450_tb_ws/install/turtlebot3_msgs/include/turtlebot3_msgs/turtlebot3_msgs/action/detail
[4.874s] -- Up-to-date: /home/patrick/ENAE450_tb_ws/install/turtlebot3_msgs/include/turtlebot3_msgs/turtlebot3_msgs/action/detail/patrol__rosidl_typesupport_fastrtps_c.h
[4.874s] -- Up-to-date: /home/patrick/ENAE450_tb_ws/install/turtlebot3_msgs/include/turtlebot3_msgs/turtlebot3_msgs/msg
[4.874s] -- Up-to-date: /home/patrick/ENAE450_tb_ws/install/turtlebot3_msgs/include/turtlebot3_msgs/turtlebot3_msgs/msg/detail
[4.874s] -- Up-to-date: /home/patrick/ENAE450_tb_ws/install/turtlebot3_msgs/include/turtlebot3_msgs/turtlebot3_msgs/msg/detail/sound__rosidl_typesupport_fastrtps_c.h
[4.874s] -- Up-to-date: /home/patrick/ENAE450_tb_ws/install/turtlebot3_msgs/include/turtlebot3_msgs/turtlebot3_msgs/msg/detail/sensor_state__rosidl_typesupport_fastrtps_c.h
[4.874s] -- Up-to-date: /home/patrick/ENAE450_tb_ws/install/turtlebot3_msgs/include/turtlebot3_msgs/turtlebot3_msgs/msg/detail/version_info__rosidl_typesupport_fastrtps_c.h
[4.874s] -- Up-to-date: /home/patrick/ENAE450_tb_ws/install/turtlebot3_msgs/include/turtlebot3_msgs/turtlebot3_msgs/msg/rosidl_typesupport_fastrtps_c__visibility_control.h
[4.874s] -- Up-to-date: /home/patrick/ENAE450_tb_ws/install/turtlebot3_msgs/lib/libturtlebot3_msgs__rosidl_typesupport_fastrtps_c.so
[4.879s] -- Up-to-date: /home/patrick/ENAE450_tb_ws/install/turtlebot3_msgs/include/turtlebot3_msgs/turtlebot3_msgs
[4.879s] -- Up-to-date: /home/patrick/ENAE450_tb_ws/install/turtlebot3_msgs/include/turtlebot3_msgs/turtlebot3_msgs/srv
[4.879s] -- Up-to-date: /home/patrick/ENAE450_tb_ws/install/turtlebot3_msgs/include/turtlebot3_msgs/turtlebot3_msgs/srv/dqn.hpp
[4.879s] -- Up-to-date: /home/patrick/ENAE450_tb_ws/install/turtlebot3_msgs/include/turtlebot3_msgs/turtlebot3_msgs/srv/detail
[4.879s] -- Up-to-date: /home/patrick/ENAE450_tb_ws/install/turtlebot3_msgs/include/turtlebot3_msgs/turtlebot3_msgs/srv/detail/sound__struct.hpp
[4.879s] -- Up-to-date: /home/patrick/ENAE450_tb_ws/install/turtlebot3_msgs/include/turtlebot3_msgs/turtlebot3_msgs/srv/detail/sound__traits.hpp
[4.879s] -- Up-to-date: /home/patrick/ENAE450_tb_ws/install/turtlebot3_msgs/include/turtlebot3_msgs/turtlebot3_msgs/srv/detail/dqn__type_support.hpp
[4.879s] -- Up-to-date: /home/patrick/ENAE450_tb_ws/install/turtlebot3_msgs/include/turtlebot3_msgs/turtlebot3_msgs/srv/detail/sound__type_support.hpp
[4.879s] -- Up-to-date: /home/patrick/ENAE450_tb_ws/install/turtlebot3_msgs/include/turtlebot3_msgs/turtlebot3_msgs/srv/detail/sound__builder.hpp
[4.879s] -- Up-to-date: /home/patrick/ENAE450_tb_ws/install/turtlebot3_msgs/include/turtlebot3_msgs/turtlebot3_msgs/srv/detail/dqn__traits.hpp
[4.880s] -- Up-to-date: /home/patrick/ENAE450_tb_ws/install/turtlebot3_msgs/include/turtlebot3_msgs/turtlebot3_msgs/srv/detail/dqn__struct.hpp
[4.880s] -- Up-to-date: /home/patrick/ENAE450_tb_ws/install/turtlebot3_msgs/include/turtlebot3_msgs/turtlebot3_msgs/srv/detail/dqn__builder.hpp
[4.880s] -- Up-to-date: /home/patrick/ENAE450_tb_ws/install/turtlebot3_msgs/include/turtlebot3_msgs/turtlebot3_msgs/srv/sound.hpp
[4.880s] -- Up-to-date: /home/patrick/ENAE450_tb_ws/install/turtlebot3_msgs/include/turtlebot3_msgs/turtlebot3_msgs/action
[4.880s] -- Up-to-date: /home/patrick/ENAE450_tb_ws/install/turtlebot3_msgs/include/turtlebot3_msgs/turtlebot3_msgs/action/detail
[4.880s] -- Up-to-date: /home/patrick/ENAE450_tb_ws/install/turtlebot3_msgs/include/turtlebot3_msgs/turtlebot3_msgs/action/detail/patrol__type_support.hpp
[4.880s] -- Up-to-date: /home/patrick/ENAE450_tb_ws/install/turtlebot3_msgs/include/turtlebot3_msgs/turtlebot3_msgs/action/detail/patrol__struct.hpp
[4.880s] -- Up-to-date: /home/patrick/ENAE450_tb_ws/install/turtlebot3_msgs/include/turtlebot3_msgs/turtlebot3_msgs/action/detail/patrol__traits.hpp
[4.880s] -- Up-to-date: /home/patrick/ENAE450_tb_ws/install/turtlebot3_msgs/include/turtlebot3_msgs/turtlebot3_msgs/action/detail/patrol__builder.hpp
[4.880s] -- Up-to-date: /home/patrick/ENAE450_tb_ws/install/turtlebot3_msgs/include/turtlebot3_msgs/turtlebot3_msgs/action/patrol.hpp
[4.881s] -- Up-to-date: /home/patrick/ENAE450_tb_ws/install/turtlebot3_msgs/include/turtlebot3_msgs/turtlebot3_msgs/msg
[4.881s] -- Up-to-date: /home/patrick/ENAE450_tb_ws/install/turtlebot3_msgs/include/turtlebot3_msgs/turtlebot3_msgs/msg/detail
[4.881s] -- Up-to-date: /home/patrick/ENAE450_tb_ws/install/turtlebot3_msgs/include/turtlebot3_msgs/turtlebot3_msgs/msg/detail/sensor_state__struct.hpp
[4.881s] -- Up-to-date: /home/patrick/ENAE450_tb_ws/install/turtlebot3_msgs/include/turtlebot3_msgs/turtlebot3_msgs/msg/detail/sound__struct.hpp
[4.881s] -- Up-to-date: /home/patrick/ENAE450_tb_ws/install/turtlebot3_msgs/include/turtlebot3_msgs/turtlebot3_msgs/msg/detail/version_info__traits.hpp
[4.881s] -- Up-to-date: /home/patrick/ENAE450_tb_ws/install/turtlebot3_msgs/include/turtlebot3_msgs/turtlebot3_msgs/msg/detail/sound__traits.hpp
[4.881s] -- Up-to-date: /home/patrick/ENAE450_tb_ws/install/turtlebot3_msgs/include/turtlebot3_msgs/turtlebot3_msgs/msg/detail/version_info__builder.hpp
[4.881s] -- Up-to-date: /home/patrick/ENAE450_tb_ws/install/turtlebot3_msgs/include/turtlebot3_msgs/turtlebot3_msgs/msg/detail/sensor_state__traits.hpp
[4.881s] -- Up-to-date: /home/patrick/ENAE450_tb_ws/install/turtlebot3_msgs/include/turtlebot3_msgs/turtlebot3_msgs/msg/detail/version_info__struct.hpp
[4.881s] -- Up-to-date: /home/patrick/ENAE450_tb_ws/install/turtlebot3_msgs/include/turtlebot3_msgs/turtlebot3_msgs/msg/detail/sound__type_support.hpp
[4.881s] -- Up-to-date: /home/patrick/ENAE450_tb_ws/install/turtlebot3_msgs/include/turtlebot3_msgs/turtlebot3_msgs/msg/detail/sound__builder.hpp
[4.881s] -- Up-to-date: /home/patrick/ENAE450_tb_ws/install/turtlebot3_msgs/include/turtlebot3_msgs/turtlebot3_msgs/msg/detail/version_info__type_support.hpp
[4.881s] -- Up-to-date: /home/patrick/ENAE450_tb_ws/install/turtlebot3_msgs/include/turtlebot3_msgs/turtlebot3_msgs/msg/detail/sensor_state__builder.hpp
[4.881s] -- Up-to-date: /home/patrick/ENAE450_tb_ws/install/turtlebot3_msgs/include/turtlebot3_msgs/turtlebot3_msgs/msg/detail/sensor_state__type_support.hpp
[4.881s] -- Up-to-date: /home/patrick/ENAE450_tb_ws/install/turtlebot3_msgs/include/turtlebot3_msgs/turtlebot3_msgs/msg/sound.hpp
[4.882s] -- Up-to-date: /home/patrick/ENAE450_tb_ws/install/turtlebot3_msgs/include/turtlebot3_msgs/turtlebot3_msgs/msg/rosidl_generator_cpp__visibility_control.hpp
[4.882s] -- Up-to-date: /home/patrick/ENAE450_tb_ws/install/turtlebot3_msgs/include/turtlebot3_msgs/turtlebot3_msgs/msg/version_info.hpp
[4.882s] -- Up-to-date: /home/patrick/ENAE450_tb_ws/install/turtlebot3_msgs/include/turtlebot3_msgs/turtlebot3_msgs/msg/sensor_state.hpp
[4.882s] -- Up-to-date: /home/patrick/ENAE450_tb_ws/install/turtlebot3_msgs/include/turtlebot3_msgs/turtlebot3_msgs
[4.882s] -- Up-to-date: /home/patrick/ENAE450_tb_ws/install/turtlebot3_msgs/include/turtlebot3_msgs/turtlebot3_msgs/srv
[4.882s] -- Up-to-date: /home/patrick/ENAE450_tb_ws/install/turtlebot3_msgs/include/turtlebot3_msgs/turtlebot3_msgs/srv/detail
[4.882s] -- Up-to-date: /home/patrick/ENAE450_tb_ws/install/turtlebot3_msgs/include/turtlebot3_msgs/turtlebot3_msgs/srv/detail/dqn__rosidl_typesupport_fastrtps_cpp.hpp
[4.883s] -- Up-to-date: /home/patrick/ENAE450_tb_ws/install/turtlebot3_msgs/include/turtlebot3_msgs/turtlebot3_msgs/srv/detail/dds_fastrtps
[4.883s] -- Up-to-date: /home/patrick/ENAE450_tb_ws/install/turtlebot3_msgs/include/turtlebot3_msgs/turtlebot3_msgs/srv/detail/sound__rosidl_typesupport_fastrtps_cpp.hpp
[4.883s] -- Up-to-date: /home/patrick/ENAE450_tb_ws/install/turtlebot3_msgs/include/turtlebot3_msgs/turtlebot3_msgs/action
[4.883s] -- Up-to-date: /home/patrick/ENAE450_tb_ws/install/turtlebot3_msgs/include/turtlebot3_msgs/turtlebot3_msgs/action/detail
[4.883s] -- Up-to-date: /home/patrick/ENAE450_tb_ws/install/turtlebot3_msgs/include/turtlebot3_msgs/turtlebot3_msgs/action/detail/patrol__rosidl_typesupport_fastrtps_cpp.hpp
[4.883s] -- Up-to-date: /home/patrick/ENAE450_tb_ws/install/turtlebot3_msgs/include/turtlebot3_msgs/turtlebot3_msgs/action/detail/dds_fastrtps
[4.883s] -- Up-to-date: /home/patrick/ENAE450_tb_ws/install/turtlebot3_msgs/include/turtlebot3_msgs/turtlebot3_msgs/msg
[4.883s] -- Up-to-date: /home/patrick/ENAE450_tb_ws/install/turtlebot3_msgs/include/turtlebot3_msgs/turtlebot3_msgs/msg/detail
[4.883s] -- Up-to-date: /home/patrick/ENAE450_tb_ws/install/turtlebot3_msgs/include/turtlebot3_msgs/turtlebot3_msgs/msg/detail/version_info__rosidl_typesupport_fastrtps_cpp.hpp
[4.883s] -- Up-to-date: /home/patrick/ENAE450_tb_ws/install/turtlebot3_msgs/include/turtlebot3_msgs/turtlebot3_msgs/msg/detail/dds_fastrtps
[4.883s] -- Up-to-date: /home/patrick/ENAE450_tb_ws/install/turtlebot3_msgs/include/turtlebot3_msgs/turtlebot3_msgs/msg/detail/sound__rosidl_typesupport_fastrtps_cpp.hpp
[4.884s] -- Up-to-date: /home/patrick/ENAE450_tb_ws/install/turtlebot3_msgs/include/turtlebot3_msgs/turtlebot3_msgs/msg/detail/sensor_state__rosidl_typesupport_fastrtps_cpp.hpp
[4.884s] -- Up-to-date: /home/patrick/ENAE450_tb_ws/install/turtlebot3_msgs/include/turtlebot3_msgs/turtlebot3_msgs/msg/rosidl_typesupport_fastrtps_cpp__visibility_control.h
[4.894s] -- Up-to-date: /home/patrick/ENAE450_tb_ws/install/turtlebot3_msgs/lib/libturtlebot3_msgs__rosidl_typesupport_fastrtps_cpp.so
[4.894s] -- Up-to-date: /home/patrick/ENAE450_tb_ws/install/turtlebot3_msgs/include/turtlebot3_msgs/turtlebot3_msgs
[4.894s] -- Up-to-date: /home/patrick/ENAE450_tb_ws/install/turtlebot3_msgs/include/turtlebot3_msgs/turtlebot3_msgs/srv
[4.894s] -- Up-to-date: /home/patrick/ENAE450_tb_ws/install/turtlebot3_msgs/include/turtlebot3_msgs/turtlebot3_msgs/srv/detail
[4.894s] -- Up-to-date: /home/patrick/ENAE450_tb_ws/install/turtlebot3_msgs/include/turtlebot3_msgs/turtlebot3_msgs/srv/detail/sound__rosidl_typesupport_introspection_c.h
[4.895s] -- Up-to-date: /home/patrick/ENAE450_tb_ws/install/turtlebot3_msgs/include/turtlebot3_msgs/turtlebot3_msgs/srv/detail/sound__type_support.c
[4.895s] -- Up-to-date: /home/patrick/ENAE450_tb_ws/install/turtlebot3_msgs/include/turtlebot3_msgs/turtlebot3_msgs/srv/detail/dqn__type_support.c
[4.895s] -- Up-to-date: /home/patrick/ENAE450_tb_ws/install/turtlebot3_msgs/include/turtlebot3_msgs/turtlebot3_msgs/srv/detail/dqn__rosidl_typesupport_introspection_c.h
[4.895s] -- Up-to-date: /home/patrick/ENAE450_tb_ws/install/turtlebot3_msgs/include/turtlebot3_msgs/turtlebot3_msgs/action
[4.895s] -- Up-to-date: /home/patrick/ENAE450_tb_ws/install/turtlebot3_msgs/include/turtlebot3_msgs/turtlebot3_msgs/action/detail
[4.895s] -- Up-to-date: /home/patrick/ENAE450_tb_ws/install/turtlebot3_msgs/include/turtlebot3_msgs/turtlebot3_msgs/action/detail/patrol__rosidl_typesupport_introspection_c.h
[4.895s] -- Up-to-date: /home/patrick/ENAE450_tb_ws/install/turtlebot3_msgs/include/turtlebot3_msgs/turtlebot3_msgs/action/detail/patrol__type_support.c
[4.895s] -- Up-to-date: /home/patrick/ENAE450_tb_ws/install/turtlebot3_msgs/include/turtlebot3_msgs/turtlebot3_msgs/msg
[4.895s] -- Up-to-date: /home/patrick/ENAE450_tb_ws/install/turtlebot3_msgs/include/turtlebot3_msgs/turtlebot3_msgs/msg/detail
[4.895s] -- Up-to-date: /home/patrick/ENAE450_tb_ws/install/turtlebot3_msgs/include/turtlebot3_msgs/turtlebot3_msgs/msg/detail/sound__rosidl_typesupport_introspection_c.h
[4.895s] -- Up-to-date: /home/patrick/ENAE450_tb_ws/install/turtlebot3_msgs/include/turtlebot3_msgs/turtlebot3_msgs/msg/detail/sound__type_support.c
[4.896s] -- Up-to-date: /home/patrick/ENAE450_tb_ws/install/turtlebot3_msgs/include/turtlebot3_msgs/turtlebot3_msgs/msg/detail/sensor_state__type_support.c
[4.896s] -- Up-to-date: /home/patrick/ENAE450_tb_ws/install/turtlebot3_msgs/include/turtlebot3_msgs/turtlebot3_msgs/msg/detail/sensor_state__rosidl_typesupport_introspection_c.h
[4.896s] -- Up-to-date: /home/patrick/ENAE450_tb_ws/install/turtlebot3_msgs/include/turtlebot3_msgs/turtlebot3_msgs/msg/detail/version_info__type_support.c
[4.896s] -- Up-to-date: /home/patrick/ENAE450_tb_ws/install/turtlebot3_msgs/include/turtlebot3_msgs/turtlebot3_msgs/msg/detail/version_info__rosidl_typesupport_introspection_c.h
[4.896s] -- Up-to-date: /home/patrick/ENAE450_tb_ws/install/turtlebot3_msgs/include/turtlebot3_msgs/turtlebot3_msgs/msg/rosidl_typesupport_introspection_c__visibility_control.h
[4.898s] -- Up-to-date: /home/patrick/ENAE450_tb_ws/install/turtlebot3_msgs/lib/libturtlebot3_msgs__rosidl_typesupport_introspection_c.so
[4.910s] -- Up-to-date: /home/patrick/ENAE450_tb_ws/install/turtlebot3_msgs/lib/libturtlebot3_msgs__rosidl_typesupport_c.so
[4.932s] -- Up-to-date: /home/patrick/ENAE450_tb_ws/install/turtlebot3_msgs/include/turtlebot3_msgs/turtlebot3_msgs
[4.932s] -- Up-to-date: /home/patrick/ENAE450_tb_ws/install/turtlebot3_msgs/include/turtlebot3_msgs/turtlebot3_msgs/srv
[4.932s] -- Up-to-date: /home/patrick/ENAE450_tb_ws/install/turtlebot3_msgs/include/turtlebot3_msgs/turtlebot3_msgs/srv/detail
[4.932s] -- Up-to-date: /home/patrick/ENAE450_tb_ws/install/turtlebot3_msgs/include/turtlebot3_msgs/turtlebot3_msgs/srv/detail/sound__type_support.cpp
[4.932s] -- Up-to-date: /home/patrick/ENAE450_tb_ws/install/turtlebot3_msgs/include/turtlebot3_msgs/turtlebot3_msgs/srv/detail/dqn__rosidl_typesupport_introspection_cpp.hpp
[4.932s] -- Up-to-date: /home/patrick/ENAE450_tb_ws/install/turtlebot3_msgs/include/turtlebot3_msgs/turtlebot3_msgs/srv/detail/sound__rosidl_typesupport_introspection_cpp.hpp
[4.933s] -- Up-to-date: /home/patrick/ENAE450_tb_ws/install/turtlebot3_msgs/include/turtlebot3_msgs/turtlebot3_msgs/srv/detail/dqn__type_support.cpp
[4.941s] -- Up-to-date: /home/patrick/ENAE450_tb_ws/install/turtlebot3_msgs/include/turtlebot3_msgs/turtlebot3_msgs/action
[4.941s] -- Up-to-date: /home/patrick/ENAE450_tb_ws/install/turtlebot3_msgs/include/turtlebot3_msgs/turtlebot3_msgs/action/detail
[4.941s] -- Up-to-date: /home/patrick/ENAE450_tb_ws/install/turtlebot3_msgs/include/turtlebot3_msgs/turtlebot3_msgs/action/detail/patrol__rosidl_typesupport_introspection_cpp.hpp
[4.941s] -- Up-to-date: /home/patrick/ENAE450_tb_ws/install/turtlebot3_msgs/include/turtlebot3_msgs/turtlebot3_msgs/action/detail/patrol__type_support.cpp
[4.941s] -- Up-to-date: /home/patrick/ENAE450_tb_ws/install/turtlebot3_msgs/include/turtlebot3_msgs/turtlebot3_msgs/msg
[4.941s] -- Up-to-date: /home/patrick/ENAE450_tb_ws/install/turtlebot3_msgs/include/turtlebot3_msgs/turtlebot3_msgs/msg/detail
[4.941s] -- Up-to-date: /home/patrick/ENAE450_tb_ws/install/turtlebot3_msgs/include/turtlebot3_msgs/turtlebot3_msgs/msg/detail/sound__type_support.cpp
[4.941s] -- Up-to-date: /home/patrick/ENAE450_tb_ws/install/turtlebot3_msgs/include/turtlebot3_msgs/turtlebot3_msgs/msg/detail/sensor_state__type_support.cpp
[4.941s] -- Up-to-date: /home/patrick/ENAE450_tb_ws/install/turtlebot3_msgs/include/turtlebot3_msgs/turtlebot3_msgs/msg/detail/sound__rosidl_typesupport_introspection_cpp.hpp
[4.942s] -- Up-to-date: /home/patrick/ENAE450_tb_ws/install/turtlebot3_msgs/include/turtlebot3_msgs/turtlebot3_msgs/msg/detail/version_info__type_support.cpp
[4.942s] -- Up-to-date: /home/patrick/ENAE450_tb_ws/install/turtlebot3_msgs/include/turtlebot3_msgs/turtlebot3_msgs/msg/detail/sensor_state__rosidl_typesupport_introspection_cpp.hpp
[4.942s] -- Up-to-date: /home/patrick/ENAE450_tb_ws/install/turtlebot3_msgs/include/turtlebot3_msgs/turtlebot3_msgs/msg/detail/version_info__rosidl_typesupport_introspection_cpp.hpp
[4.942s] -- Up-to-date: /home/patrick/ENAE450_tb_ws/install/turtlebot3_msgs/lib/libturtlebot3_msgs__rosidl_typesupport_introspection_cpp.so
[4.959s] -- Up-to-date: /home/patrick/ENAE450_tb_ws/install/turtlebot3_msgs/lib/libturtlebot3_msgs__rosidl_typesupport_cpp.so
[4.960s] -- Up-to-date: /home/patrick/ENAE450_tb_ws/install/turtlebot3_msgs/share/turtlebot3_msgs/environment/pythonpath.sh
[4.960s] -- Up-to-date: /home/patrick/ENAE450_tb_ws/install/turtlebot3_msgs/share/turtlebot3_msgs/environment/pythonpath.dsv
[4.960s] -- Up-to-date: /home/patrick/ENAE450_tb_ws/install/turtlebot3_msgs/local/lib/python3.10/dist-packages/turtlebot3_msgs-2.3.0-py3.10.egg-info
[4.967s] -- Installing: /home/patrick/ENAE450_tb_ws/install/turtlebot3_msgs/local/lib/python3.10/dist-packages/turtlebot3_msgs-2.3.0-py3.10.egg-info/PKG-INFO
[4.971s] -- Installing: /home/patrick/ENAE450_tb_ws/install/turtlebot3_msgs/local/lib/python3.10/dist-packages/turtlebot3_msgs-2.3.0-py3.10.egg-info/top_level.txt
[4.976s] -- Installing: /home/patrick/ENAE450_tb_ws/install/turtlebot3_msgs/local/lib/python3.10/dist-packages/turtlebot3_msgs-2.3.0-py3.10.egg-info/dependency_links.txt
[4.986s] -- Installing: /home/patrick/ENAE450_tb_ws/install/turtlebot3_msgs/local/lib/python3.10/dist-packages/turtlebot3_msgs-2.3.0-py3.10.egg-info/SOURCES.txt
[4.986s] -- Up-to-date: /home/patrick/ENAE450_tb_ws/install/turtlebot3_msgs/local/lib/python3.10/dist-packages/turtlebot3_msgs
[4.986s] -- Up-to-date: /home/patrick/ENAE450_tb_ws/install/turtlebot3_msgs/local/lib/python3.10/dist-packages/turtlebot3_msgs/turtlebot3_msgs_s__rosidl_typesupport_fastrtps_c.cpython-310-x86_64-linux-gnu.so
[4.986s] -- Up-to-date: /home/patrick/ENAE450_tb_ws/install/turtlebot3_msgs/local/lib/python3.10/dist-packages/turtlebot3_msgs/turtlebot3_msgs_s__rosidl_typesupport_introspection_c.cpython-310-x86_64-linux-gnu.so
[4.987s] -- Up-to-date: /home/patrick/ENAE450_tb_ws/install/turtlebot3_msgs/local/lib/python3.10/dist-packages/turtlebot3_msgs/srv
[4.987s] -- Up-to-date: /home/patrick/ENAE450_tb_ws/install/turtlebot3_msgs/local/lib/python3.10/dist-packages/turtlebot3_msgs/srv/_dqn_s.c
[4.995s] -- Up-to-date: /home/patrick/ENAE450_tb_ws/install/turtlebot3_msgs/local/lib/python3.10/dist-packages/turtlebot3_msgs/srv/__init__.py
[4.995s] -- Up-to-date: /home/patrick/ENAE450_tb_ws/install/turtlebot3_msgs/local/lib/python3.10/dist-packages/turtlebot3_msgs/srv/_sound_s.c
[4.995s] -- Up-to-date: /home/patrick/ENAE450_tb_ws/install/turtlebot3_msgs/local/lib/python3.10/dist-packages/turtlebot3_msgs/srv/_sound.py
[4.995s] -- Up-to-date: /home/patrick/ENAE450_tb_ws/install/turtlebot3_msgs/local/lib/python3.10/dist-packages/turtlebot3_msgs/srv/_dqn.py
[4.995s] -- Up-to-date: /home/patrick/ENAE450_tb_ws/install/turtlebot3_msgs/local/lib/python3.10/dist-packages/turtlebot3_msgs/__init__.py
[4.995s] -- Up-to-date: /home/patrick/ENAE450_tb_ws/install/turtlebot3_msgs/local/lib/python3.10/dist-packages/turtlebot3_msgs/turtlebot3_msgs_s__rosidl_typesupport_c.cpython-310-x86_64-linux-gnu.so
[4.996s] -- Up-to-date: /home/patrick/ENAE450_tb_ws/install/turtlebot3_msgs/local/lib/python3.10/dist-packages/turtlebot3_msgs/_turtlebot3_msgs_s.ep.rosidl_typesupport_fastrtps_c.c
[4.996s] -- Up-to-date: /home/patrick/ENAE450_tb_ws/install/turtlebot3_msgs/local/lib/python3.10/dist-packages/turtlebot3_msgs/_turtlebot3_msgs_s.ep.rosidl_typesupport_c.c
[4.996s] -- Up-to-date: /home/patrick/ENAE450_tb_ws/install/turtlebot3_msgs/local/lib/python3.10/dist-packages/turtlebot3_msgs/_turtlebot3_msgs_s.ep.rosidl_typesupport_introspection_c.c
[5.000s] -- Up-to-date: /home/patrick/ENAE450_tb_ws/install/turtlebot3_msgs/local/lib/python3.10/dist-packages/turtlebot3_msgs/libturtlebot3_msgs__rosidl_generator_py.so
[5.001s] -- Up-to-date: /home/patrick/ENAE450_tb_ws/install/turtlebot3_msgs/local/lib/python3.10/dist-packages/turtlebot3_msgs/action
[5.001s] -- Up-to-date: /home/patrick/ENAE450_tb_ws/install/turtlebot3_msgs/local/lib/python3.10/dist-packages/turtlebot3_msgs/action/__init__.py
[5.001s] -- Up-to-date: /home/patrick/ENAE450_tb_ws/install/turtlebot3_msgs/local/lib/python3.10/dist-packages/turtlebot3_msgs/action/_patrol_s.c
[5.001s] -- Up-to-date: /home/patrick/ENAE450_tb_ws/install/turtlebot3_msgs/local/lib/python3.10/dist-packages/turtlebot3_msgs/action/_patrol.py
[5.011s] -- Up-to-date: /home/patrick/ENAE450_tb_ws/install/turtlebot3_msgs/local/lib/python3.10/dist-packages/turtlebot3_msgs/msg
[5.012s] -- Up-to-date: /home/patrick/ENAE450_tb_ws/install/turtlebot3_msgs/local/lib/python3.10/dist-packages/turtlebot3_msgs/msg/_sensor_state_s.c
[5.012s] -- Up-to-date: /home/patrick/ENAE450_tb_ws/install/turtlebot3_msgs/local/lib/python3.10/dist-packages/turtlebot3_msgs/msg/__init__.py
[5.013s] -- Up-to-date: /home/patrick/ENAE450_tb_ws/install/turtlebot3_msgs/local/lib/python3.10/dist-packages/turtlebot3_msgs/msg/_sound_s.c
[5.016s] -- Up-to-date: /home/patrick/ENAE450_tb_ws/install/turtlebot3_msgs/local/lib/python3.10/dist-packages/turtlebot3_msgs/msg/_sensor_state.py
[5.018s] -- Up-to-date: /home/patrick/ENAE450_tb_ws/install/turtlebot3_msgs/local/lib/python3.10/dist-packages/turtlebot3_msgs/msg/_version_info.py
[5.019s] -- Up-to-date: /home/patrick/ENAE450_tb_ws/install/turtlebot3_msgs/local/lib/python3.10/dist-packages/turtlebot3_msgs/msg/_version_info_s.c
[5.019s] -- Up-to-date: /home/patrick/ENAE450_tb_ws/install/turtlebot3_msgs/local/lib/python3.10/dist-packages/turtlebot3_msgs/msg/_sound.py
[5.695s] Listing '/home/patrick/ENAE450_tb_ws/install/turtlebot3_msgs/local/lib/python3.10/dist-packages/turtlebot3_msgs'...
[5.744s] Listing '/home/patrick/ENAE450_tb_ws/install/turtlebot3_msgs/local/lib/python3.10/dist-packages/turtlebot3_msgs/action'...
[5.750s] Listing '/home/patrick/ENAE450_tb_ws/install/turtlebot3_msgs/local/lib/python3.10/dist-packages/turtlebot3_msgs/msg'...
[5.750s] Listing '/home/patrick/ENAE450_tb_ws/install/turtlebot3_msgs/local/lib/python3.10/dist-packages/turtlebot3_msgs/srv'...
[5.751s] -- Up-to-date: /home/patrick/ENAE450_tb_ws/install/turtlebot3_msgs/local/lib/python3.10/dist-packages/turtlebot3_msgs/turtlebot3_msgs_s__rosidl_typesupport_fastrtps_c.cpython-310-x86_64-linux-gnu.so
[5.766s] -- Up-to-date: /home/patrick/ENAE450_tb_ws/install/turtlebot3_msgs/local/lib/python3.10/dist-packages/turtlebot3_msgs/turtlebot3_msgs_s__rosidl_typesupport_introspection_c.cpython-310-x86_64-linux-gnu.so
[5.766s] -- Up-to-date: /home/patrick/ENAE450_tb_ws/install/turtlebot3_msgs/local/lib/python3.10/dist-packages/turtlebot3_msgs/turtlebot3_msgs_s__rosidl_typesupport_c.cpython-310-x86_64-linux-gnu.so
[5.767s] -- Up-to-date: /home/patrick/ENAE450_tb_ws/install/turtlebot3_msgs/lib/libturtlebot3_msgs__rosidl_generator_py.so
[5.767s] -- Up-to-date: /home/patrick/ENAE450_tb_ws/install/turtlebot3_msgs/share/turtlebot3_msgs/msg/SensorState.idl
[5.767s] -- Up-to-date: /home/patrick/ENAE450_tb_ws/install/turtlebot3_msgs/share/turtlebot3_msgs/msg/Sound.idl
[5.767s] -- Up-to-date: /home/patrick/ENAE450_tb_ws/install/turtlebot3_msgs/share/turtlebot3_msgs/msg/VersionInfo.idl
[5.767s] -- Up-to-date: /home/patrick/ENAE450_tb_ws/install/turtlebot3_msgs/share/turtlebot3_msgs/srv/Sound.idl
[5.767s] -- Up-to-date: /home/patrick/ENAE450_tb_ws/install/turtlebot3_msgs/share/turtlebot3_msgs/srv/Dqn.idl
[5.767s] -- Up-to-date: /home/patrick/ENAE450_tb_ws/install/turtlebot3_msgs/share/turtlebot3_msgs/action/Patrol.idl
[5.767s] -- Up-to-date: /home/patrick/ENAE450_tb_ws/install/turtlebot3_msgs/share/turtlebot3_msgs/msg/SensorState.msg
[5.767s] -- Up-to-date: /home/patrick/ENAE450_tb_ws/install/turtlebot3_msgs/share/turtlebot3_msgs/msg/Sound.msg
[5.767s] -- Up-to-date: /home/patrick/ENAE450_tb_ws/install/turtlebot3_msgs/share/turtlebot3_msgs/msg/VersionInfo.msg
[5.767s] -- Up-to-date: /home/patrick/ENAE450_tb_ws/install/turtlebot3_msgs/share/turtlebot3_msgs/srv/Sound.srv
[5.791s] -- Up-to-date: /home/patrick/ENAE450_tb_ws/install/turtlebot3_msgs/share/turtlebot3_msgs/srv/Sound_Request.msg
[5.791s] -- Up-to-date: /home/patrick/ENAE450_tb_ws/install/turtlebot3_msgs/share/turtlebot3_msgs/srv/Sound_Response.msg
[5.791s] -- Up-to-date: /home/patrick/ENAE450_tb_ws/install/turtlebot3_msgs/share/turtlebot3_msgs/srv/Dqn.srv
[5.791s] -- Up-to-date: /home/patrick/ENAE450_tb_ws/install/turtlebot3_msgs/share/turtlebot3_msgs/srv/Dqn_Request.msg
[5.791s] -- Up-to-date: /home/patrick/ENAE450_tb_ws/install/turtlebot3_msgs/share/turtlebot3_msgs/srv/Dqn_Response.msg
[5.799s] -- Up-to-date: /home/patrick/ENAE450_tb_ws/install/turtlebot3_msgs/share/turtlebot3_msgs/action/Patrol.action
[5.799s] -- Up-to-date: /home/patrick/ENAE450_tb_ws/install/turtlebot3_msgs/share/ament_index/resource_index/package_run_dependencies/turtlebot3_msgs
[5.806s] -- Up-to-date: /home/patrick/ENAE450_tb_ws/install/turtlebot3_msgs/share/ament_index/resource_index/parent_prefix_path/turtlebot3_msgs
[5.806s] -- Up-to-date: /home/patrick/ENAE450_tb_ws/install/turtlebot3_msgs/share/turtlebot3_msgs/environment/ament_prefix_path.sh
[5.806s] -- Up-to-date: /home/patrick/ENAE450_tb_ws/install/turtlebot3_msgs/share/turtlebot3_msgs/environment/ament_prefix_path.dsv
[5.806s] -- Up-to-date: /home/patrick/ENAE450_tb_ws/install/turtlebot3_msgs/share/turtlebot3_msgs/environment/path.sh
[5.807s] -- Up-to-date: /home/patrick/ENAE450_tb_ws/install/turtlebot3_msgs/share/turtlebot3_msgs/environment/path.dsv
[5.807s] -- Up-to-date: /home/patrick/ENAE450_tb_ws/install/turtlebot3_msgs/share/turtlebot3_msgs/local_setup.bash
[5.807s] -- Up-to-date: /home/patrick/ENAE450_tb_ws/install/turtlebot3_msgs/share/turtlebot3_msgs/local_setup.sh
[5.807s] -- Up-to-date: /home/patrick/ENAE450_tb_ws/install/turtlebot3_msgs/share/turtlebot3_msgs/local_setup.zsh
[5.807s] -- Up-to-date: /home/patrick/ENAE450_tb_ws/install/turtlebot3_msgs/share/turtlebot3_msgs/local_setup.dsv
[5.807s] -- Installing: /home/patrick/ENAE450_tb_ws/install/turtlebot3_msgs/share/turtlebot3_msgs/package.dsv
[5.808s] -- Up-to-date: /home/patrick/ENAE450_tb_ws/install/turtlebot3_msgs/share/ament_index/resource_index/packages/turtlebot3_msgs
[5.808s] -- Up-to-date: /home/patrick/ENAE450_tb_ws/install/turtlebot3_msgs/share/turtlebot3_msgs/cmake/export_turtlebot3_msgs__rosidl_generator_cExport.cmake
[5.808s] -- Up-to-date: /home/patrick/ENAE450_tb_ws/install/turtlebot3_msgs/share/turtlebot3_msgs/cmake/export_turtlebot3_msgs__rosidl_generator_cExport-noconfig.cmake
[5.835s] -- Up-to-date: /home/patrick/ENAE450_tb_ws/install/turtlebot3_msgs/share/turtlebot3_msgs/cmake/export_turtlebot3_msgs__rosidl_typesupport_fastrtps_cExport.cmake
[5.836s] -- Up-to-date: /home/patrick/ENAE450_tb_ws/install/turtlebot3_msgs/share/turtlebot3_msgs/cmake/export_turtlebot3_msgs__rosidl_typesupport_fastrtps_cExport-noconfig.cmake
[5.836s] -- Up-to-date: /home/patrick/ENAE450_tb_ws/install/turtlebot3_msgs/share/turtlebot3_msgs/cmake/export_turtlebot3_msgs__rosidl_generator_cppExport.cmake
[5.836s] -- Up-to-date: /home/patrick/ENAE450_tb_ws/install/turtlebot3_msgs/share/turtlebot3_msgs/cmake/export_turtlebot3_msgs__rosidl_typesupport_fastrtps_cppExport.cmake
[5.836s] -- Up-to-date: /home/patrick/ENAE450_tb_ws/install/turtlebot3_msgs/share/turtlebot3_msgs/cmake/export_turtlebot3_msgs__rosidl_typesupport_fastrtps_cppExport-noconfig.cmake
[5.836s] -- Up-to-date: /home/patrick/ENAE450_tb_ws/install/turtlebot3_msgs/share/turtlebot3_msgs/cmake/turtlebot3_msgs__rosidl_typesupport_introspection_cExport.cmake
[5.836s] -- Up-to-date: /home/patrick/ENAE450_tb_ws/install/turtlebot3_msgs/share/turtlebot3_msgs/cmake/turtlebot3_msgs__rosidl_typesupport_introspection_cExport-noconfig.cmake
[5.836s] -- Up-to-date: /home/patrick/ENAE450_tb_ws/install/turtlebot3_msgs/share/turtlebot3_msgs/cmake/turtlebot3_msgs__rosidl_typesupport_cExport.cmake
[5.836s] -- Up-to-date: /home/patrick/ENAE450_tb_ws/install/turtlebot3_msgs/share/turtlebot3_msgs/cmake/turtlebot3_msgs__rosidl_typesupport_cExport-noconfig.cmake
[5.836s] -- Up-to-date: /home/patrick/ENAE450_tb_ws/install/turtlebot3_msgs/share/turtlebot3_msgs/cmake/turtlebot3_msgs__rosidl_typesupport_introspection_cppExport.cmake
[5.836s] -- Up-to-date: /home/patrick/ENAE450_tb_ws/install/turtlebot3_msgs/share/turtlebot3_msgs/cmake/turtlebot3_msgs__rosidl_typesupport_introspection_cppExport-noconfig.cmake
[5.850s] -- Up-to-date: /home/patrick/ENAE450_tb_ws/install/turtlebot3_msgs/share/turtlebot3_msgs/cmake/turtlebot3_msgs__rosidl_typesupport_cppExport.cmake
[5.850s] -- Up-to-date: /home/patrick/ENAE450_tb_ws/install/turtlebot3_msgs/share/turtlebot3_msgs/cmake/turtlebot3_msgs__rosidl_typesupport_cppExport-noconfig.cmake
[5.858s] -- Up-to-date: /home/patrick/ENAE450_tb_ws/install/turtlebot3_msgs/share/turtlebot3_msgs/cmake/export_turtlebot3_msgs__rosidl_generator_pyExport.cmake
[5.859s] -- Up-to-date: /home/patrick/ENAE450_tb_ws/install/turtlebot3_msgs/share/turtlebot3_msgs/cmake/export_turtlebot3_msgs__rosidl_generator_pyExport-noconfig.cmake
[5.877s] -- Up-to-date: /home/patrick/ENAE450_tb_ws/install/turtlebot3_msgs/share/turtlebot3_msgs/cmake/rosidl_cmake-extras.cmake
[5.902s] -- Up-to-date: /home/patrick/ENAE450_tb_ws/install/turtlebot3_msgs/share/turtlebot3_msgs/cmake/ament_cmake_export_dependencies-extras.cmake
[5.902s] -- Up-to-date: /home/patrick/ENAE450_tb_ws/install/turtlebot3_msgs/share/turtlebot3_msgs/cmake/ament_cmake_export_include_directories-extras.cmake
[5.902s] -- Up-to-date: /home/patrick/ENAE450_tb_ws/install/turtlebot3_msgs/share/turtlebot3_msgs/cmake/ament_cmake_export_libraries-extras.cmake
[5.902s] -- Up-to-date: /home/patrick/ENAE450_tb_ws/install/turtlebot3_msgs/share/turtlebot3_msgs/cmake/ament_cmake_export_targets-extras.cmake
[5.902s] -- Up-to-date: /home/patrick/ENAE450_tb_ws/install/turtlebot3_msgs/share/turtlebot3_msgs/cmake/rosidl_cmake_export_typesupport_targets-extras.cmake
[5.903s] -- Up-to-date: /home/patrick/ENAE450_tb_ws/install/turtlebot3_msgs/share/turtlebot3_msgs/cmake/rosidl_cmake_export_typesupport_libraries-extras.cmake
[5.907s] -- Up-to-date: /home/patrick/ENAE450_tb_ws/install/turtlebot3_msgs/share/turtlebot3_msgs/cmake/turtlebot3_msgsConfig.cmake
[5.907s] -- Up-to-date: /home/patrick/ENAE450_tb_ws/install/turtlebot3_msgs/share/turtlebot3_msgs/cmake/turtlebot3_msgsConfig-version.cmake
[5.907s] -- Up-to-date: /home/patrick/ENAE450_tb_ws/install/turtlebot3_msgs/share/turtlebot3_msgs/package.xml
[5.907s] Invoked command in '/home/patrick/ENAE450_tb_ws/build/turtlebot3_msgs' returned '0': CMAKE_PREFIX_PATH=${CMAKE_PREFIX_PATH}:/home/patrick/ENAE450_tb_ws/install/turtlebot3_controller:/home/patrick/turtlebot3_ws/install/turtlebot3_teleop:/home/patrick/turtlebot3_ws/install/turtlebot3_example:/home/patrick/turtlebot3_ws/install/turtlebot3_controller:/opt/ros/humble /usr/bin/cmake --install /home/patrick/ENAE450_tb_ws/build/turtlebot3_msgs
