[2.180s] Invoking command in '/home/patrick/ENAE450_tb_ws/src/turtlebot3_controller': PYTHONPATH=/home/patrick/ENAE450_tb_ws/build/turtlebot3_controller/prefix_override:/usr/lib/python3/dist-packages/colcon_core/task/python/colcon_distutils_commands:/home/patrick/ENAE450_tb_ws/install/turtlebot3_controller/lib/python3.10/site-packages:${PYTHONPATH} /usr/bin/python3 -W ignore:setup.py install is deprecated -W ignore:easy_install command is deprecated setup.py egg_info --egg-base ../../build/turtlebot3_controller build --build-base /home/patrick/ENAE450_tb_ws/build/turtlebot3_controller/build install --record /home/patrick/ENAE450_tb_ws/build/turtlebot3_controller/install.log --single-version-externally-managed install_data
[2.404s] running egg_info
[2.404s] creating ../../build/turtlebot3_controller/turtlebot3_controller.egg-info
[2.405s] writing ../../build/turtlebot3_controller/turtlebot3_controller.egg-info/PKG-INFO
[2.405s] writing dependency_links to ../../build/turtlebot3_controller/turtlebot3_controller.egg-info/dependency_links.txt
[2.405s] writing entry points to ../../build/turtlebot3_controller/turtlebot3_controller.egg-info/entry_points.txt
[2.405s] writing requirements to ../../build/turtlebot3_controller/turtlebot3_controller.egg-info/requires.txt
[2.405s] writing top-level names to ../../build/turtlebot3_controller/turtlebot3_controller.egg-info/top_level.txt
[2.405s] writing manifest file '../../build/turtlebot3_controller/turtlebot3_controller.egg-info/SOURCES.txt'
[2.405s] reading manifest file '../../build/turtlebot3_controller/turtlebot3_controller.egg-info/SOURCES.txt'
[2.405s] adding license file 'LICENSE'
[2.405s] writing manifest file '../../build/turtlebot3_controller/turtlebot3_controller.egg-info/SOURCES.txt'
[2.405s] running build
[2.406s] running build_py
[2.406s] creating /home/patrick/ENAE450_tb_ws/build/turtlebot3_controller/build
[2.406s] creating /home/patrick/ENAE450_tb_ws/build/turtlebot3_controller/build/lib
[2.407s] creating /home/patrick/ENAE450_tb_ws/build/turtlebot3_controller/build/lib/turtlebot3_controller
[2.407s] copying turtlebot3_controller/drive_forward.py -> /home/patrick/ENAE450_tb_ws/build/turtlebot3_controller/build/lib/turtlebot3_controller
[2.408s] copying turtlebot3_controller/wall_following.py -> /home/patrick/ENAE450_tb_ws/build/turtlebot3_controller/build/lib/turtlebot3_controller
[2.408s] copying turtlebot3_controller/__init__.py -> /home/patrick/ENAE450_tb_ws/build/turtlebot3_controller/build/lib/turtlebot3_controller
[2.409s] running install
[2.410s] running install_lib
[2.412s] creating /home/patrick/ENAE450_tb_ws/install/turtlebot3_controller/lib/python3.10/site-packages/turtlebot3_controller
[2.412s] copying /home/patrick/ENAE450_tb_ws/build/turtlebot3_controller/build/lib/turtlebot3_controller/drive_forward.py -> /home/patrick/ENAE450_tb_ws/install/turtlebot3_controller/lib/python3.10/site-packages/turtlebot3_controller
[2.412s] copying /home/patrick/ENAE450_tb_ws/build/turtlebot3_controller/build/lib/turtlebot3_controller/wall_following.py -> /home/patrick/ENAE450_tb_ws/install/turtlebot3_controller/lib/python3.10/site-packages/turtlebot3_controller
[2.412s] copying /home/patrick/ENAE450_tb_ws/build/turtlebot3_controller/build/lib/turtlebot3_controller/__init__.py -> /home/patrick/ENAE450_tb_ws/install/turtlebot3_controller/lib/python3.10/site-packages/turtlebot3_controller
[2.412s] byte-compiling /home/patrick/ENAE450_tb_ws/install/turtlebot3_controller/lib/python3.10/site-packages/turtlebot3_controller/drive_forward.py to drive_forward.cpython-310.pyc
[2.414s] byte-compiling /home/patrick/ENAE450_tb_ws/install/turtlebot3_controller/lib/python3.10/site-packages/turtlebot3_controller/wall_following.py to wall_following.cpython-310.pyc
[2.418s] byte-compiling /home/patrick/ENAE450_tb_ws/install/turtlebot3_controller/lib/python3.10/site-packages/turtlebot3_controller/__init__.py to __init__.cpython-310.pyc
[2.418s] running install_data
[2.418s] creating /home/patrick/ENAE450_tb_ws/install/turtlebot3_controller/share/ament_index
[2.418s] creating /home/patrick/ENAE450_tb_ws/install/turtlebot3_controller/share/ament_index/resource_index
[2.418s] creating /home/patrick/ENAE450_tb_ws/install/turtlebot3_controller/share/ament_index/resource_index/packages
[2.418s] copying resource/turtlebot3_controller -> /home/patrick/ENAE450_tb_ws/install/turtlebot3_controller/share/ament_index/resource_index/packages
[2.418s] copying package.xml -> /home/patrick/ENAE450_tb_ws/install/turtlebot3_controller/share/turtlebot3_controller
[2.418s] running install_egg_info
[2.418s] Copying ../../build/turtlebot3_controller/turtlebot3_controller.egg-info to /home/patrick/ENAE450_tb_ws/install/turtlebot3_controller/lib/python3.10/site-packages/turtlebot3_controller-0.0.0-py3.10.egg-info
[2.420s] running install_scripts
[2.438s] Installing drive_forward script to /home/patrick/ENAE450_tb_ws/install/turtlebot3_controller/lib/turtlebot3_controller
[2.439s] writing list of installed files to '/home/patrick/ENAE450_tb_ws/build/turtlebot3_controller/install.log'
[2.468s] Invoked command in '/home/patrick/ENAE450_tb_ws/src/turtlebot3_controller' returned '0': PYTHONPATH=/home/patrick/ENAE450_tb_ws/build/turtlebot3_controller/prefix_override:/usr/lib/python3/dist-packages/colcon_core/task/python/colcon_distutils_commands:/home/patrick/ENAE450_tb_ws/install/turtlebot3_controller/lib/python3.10/site-packages:${PYTHONPATH} /usr/bin/python3 -W ignore:setup.py install is deprecated -W ignore:easy_install command is deprecated setup.py egg_info --egg-base ../../build/turtlebot3_controller build --build-base /home/patrick/ENAE450_tb_ws/build/turtlebot3_controller/build install --record /home/patrick/ENAE450_tb_ws/build/turtlebot3_controller/install.log --single-version-externally-managed install_data
