[2.954s] Invoking command in '/home/patrick/ENAE450_tb_ws/src/turtlebot3_controller': PYTHONPATH=/home/patrick/ENAE450_tb_ws/build/turtlebot3_controller/prefix_override:/usr/lib/python3/dist-packages/colcon_core/task/python/colcon_distutils_commands:/home/patrick/ENAE450_tb_ws/install/turtlebot3_controller/lib/python3.10/site-packages:${PYTHONPATH} /usr/bin/python3 -W ignore:setup.py install is deprecated -W ignore:easy_install command is deprecated setup.py egg_info --egg-base ../../build/turtlebot3_controller build --build-base /home/patrick/ENAE450_tb_ws/build/turtlebot3_controller/build install --record /home/patrick/ENAE450_tb_ws/build/turtlebot3_controller/install.log --single-version-externally-managed install_data
[3.823s] running egg_info
[3.828s] writing ../../build/turtlebot3_controller/turtlebot3_controller.egg-info/PKG-INFO
[3.835s] writing dependency_links to ../../build/turtlebot3_controller/turtlebot3_controller.egg-info/dependency_links.txt
[3.840s] writing entry points to ../../build/turtlebot3_controller/turtlebot3_controller.egg-info/entry_points.txt
[3.840s] writing requirements to ../../build/turtlebot3_controller/turtlebot3_controller.egg-info/requires.txt
[3.840s] writing top-level names to ../../build/turtlebot3_controller/turtlebot3_controller.egg-info/top_level.txt
[3.860s] reading manifest file '../../build/turtlebot3_controller/turtlebot3_controller.egg-info/SOURCES.txt'
[3.863s] adding license file 'LICENSE'
[3.867s] writing manifest file '../../build/turtlebot3_controller/turtlebot3_controller.egg-info/SOURCES.txt'
[3.894s] running build
[3.894s] running build_py
[3.932s] copying turtlebot3_controller/maze_solver.py -> /home/patrick/ENAE450_tb_ws/build/turtlebot3_controller/build/lib/turtlebot3_controller
[3.955s] running install
[3.969s] running install_lib
[3.969s] copying /home/patrick/ENAE450_tb_ws/build/turtlebot3_controller/build/lib/turtlebot3_controller/maze_solver.py -> /home/patrick/ENAE450_tb_ws/install/turtlebot3_controller/lib/python3.10/site-packages/turtlebot3_controller
[3.969s] byte-compiling /home/patrick/ENAE450_tb_ws/install/turtlebot3_controller/lib/python3.10/site-packages/turtlebot3_controller/maze_solver.py to maze_solver.cpython-310.pyc
[3.970s] running install_data
[3.970s] running install_egg_info
[3.970s] removing '/home/patrick/ENAE450_tb_ws/install/turtlebot3_controller/lib/python3.10/site-packages/turtlebot3_controller-0.0.0-py3.10.egg-info' (and everything under it)
[3.970s] Copying ../../build/turtlebot3_controller/turtlebot3_controller.egg-info to /home/patrick/ENAE450_tb_ws/install/turtlebot3_controller/lib/python3.10/site-packages/turtlebot3_controller-0.0.0-py3.10.egg-info
[3.970s] running install_scripts
[4.054s] Installing drive_forward script to /home/patrick/ENAE450_tb_ws/install/turtlebot3_controller/lib/turtlebot3_controller
[4.054s] writing list of installed files to '/home/patrick/ENAE450_tb_ws/build/turtlebot3_controller/install.log'
[4.128s] Invoked command in '/home/patrick/ENAE450_tb_ws/src/turtlebot3_controller' returned '0': PYTHONPATH=/home/patrick/ENAE450_tb_ws/build/turtlebot3_controller/prefix_override:/usr/lib/python3/dist-packages/colcon_core/task/python/colcon_distutils_commands:/home/patrick/ENAE450_tb_ws/install/turtlebot3_controller/lib/python3.10/site-packages:${PYTHONPATH} /usr/bin/python3 -W ignore:setup.py install is deprecated -W ignore:easy_install command is deprecated setup.py egg_info --egg-base ../../build/turtlebot3_controller build --build-base /home/patrick/ENAE450_tb_ws/build/turtlebot3_controller/build install --record /home/patrick/ENAE450_tb_ws/build/turtlebot3_controller/install.log --single-version-externally-managed install_data
