[5.477s] Invoking command in '/home/patrick/ENAE450_tb_ws/src/turtlebot3_controller': PYTHONPATH=/home/patrick/ENAE450_tb_ws/build/turtlebot3_controller/prefix_override:/usr/lib/python3/dist-packages/colcon_core/task/python/colcon_distutils_commands:/home/patrick/ENAE450_tb_ws/install/turtlebot3_controller/lib/python3.10/site-packages:${PYTHONPATH} /usr/bin/python3 -W ignore:setup.py install is deprecated -W ignore:easy_install command is deprecated setup.py egg_info --egg-base ../../build/turtlebot3_controller build --build-base /home/patrick/ENAE450_tb_ws/build/turtlebot3_controller/build install --record /home/patrick/ENAE450_tb_ws/build/turtlebot3_controller/install.log --single-version-externally-managed install_data
[5.509s] running egg_info
[5.509s] creating ../../build/turtlebot3_controller/turtlebot3_controller.egg-info
[5.509s] writing ../../build/turtlebot3_controller/turtlebot3_controller.egg-info/PKG-INFO
[5.509s] writing dependency_links to ../../build/turtlebot3_controller/turtlebot3_controller.egg-info/dependency_links.txt
[5.509s] writing entry points to ../../build/turtlebot3_controller/turtlebot3_controller.egg-info/entry_points.txt
[5.509s] writing requirements to ../../build/turtlebot3_controller/turtlebot3_controller.egg-info/requires.txt
[5.509s] writing top-level names to ../../build/turtlebot3_controller/turtlebot3_controller.egg-info/top_level.txt
[5.510s] writing manifest file '../../build/turtlebot3_controller/turtlebot3_controller.egg-info/SOURCES.txt'
[5.510s] reading manifest file '../../build/turtlebot3_controller/turtlebot3_controller.egg-info/SOURCES.txt'
[5.510s] adding license file 'LICENSE'
[5.510s] writing manifest file '../../build/turtlebot3_controller/turtlebot3_controller.egg-info/SOURCES.txt'
[5.510s] running build
[5.510s] running build_py
[5.510s] creating /home/patrick/ENAE450_tb_ws/build/turtlebot3_controller/build
[5.510s] creating /home/patrick/ENAE450_tb_ws/build/turtlebot3_controller/build/lib
[5.510s] creating /home/patrick/ENAE450_tb_ws/build/turtlebot3_controller/build/lib/turtlebot3_controller
[5.510s] copying turtlebot3_controller/wall_following.py -> /home/patrick/ENAE450_tb_ws/build/turtlebot3_controller/build/lib/turtlebot3_controller
[5.528s] copying turtlebot3_controller/drive_forward.py -> /home/patrick/ENAE450_tb_ws/build/turtlebot3_controller/build/lib/turtlebot3_controller
[5.725s] copying turtlebot3_controller/__init__.py -> /home/patrick/ENAE450_tb_ws/build/turtlebot3_controller/build/lib/turtlebot3_controller
[5.726s] running install
[5.729s] running install_lib
[5.730s] creating /home/patrick/ENAE450_tb_ws/install/turtlebot3_controller/lib/python3.10/site-packages/turtlebot3_controller
[5.732s] copying /home/patrick/ENAE450_tb_ws/build/turtlebot3_controller/build/lib/turtlebot3_controller/wall_following.py -> /home/patrick/ENAE450_tb_ws/install/turtlebot3_controller/lib/python3.10/site-packages/turtlebot3_controller
[5.735s] copying /home/patrick/ENAE450_tb_ws/build/turtlebot3_controller/build/lib/turtlebot3_controller/drive_forward.py -> /home/patrick/ENAE450_tb_ws/install/turtlebot3_controller/lib/python3.10/site-packages/turtlebot3_controller
[5.736s] copying /home/patrick/ENAE450_tb_ws/build/turtlebot3_controller/build/lib/turtlebot3_controller/__init__.py -> /home/patrick/ENAE450_tb_ws/install/turtlebot3_controller/lib/python3.10/site-packages/turtlebot3_controller
[5.811s] byte-compiling /home/patrick/ENAE450_tb_ws/install/turtlebot3_controller/lib/python3.10/site-packages/turtlebot3_controller/wall_following.py to wall_following.cpython-310.pyc
[5.811s] byte-compiling /home/patrick/ENAE450_tb_ws/install/turtlebot3_controller/lib/python3.10/site-packages/turtlebot3_controller/drive_forward.py to drive_forward.cpython-310.pyc
[5.812s] byte-compiling /home/patrick/ENAE450_tb_ws/install/turtlebot3_controller/lib/python3.10/site-packages/turtlebot3_controller/__init__.py to __init__.cpython-310.pyc
[5.817s] running install_data
[5.818s] creating /home/patrick/ENAE450_tb_ws/install/turtlebot3_controller/share/ament_index
[5.830s] creating /home/patrick/ENAE450_tb_ws/install/turtlebot3_controller/share/ament_index/resource_index
[5.831s] creating /home/patrick/ENAE450_tb_ws/install/turtlebot3_controller/share/ament_index/resource_index/packages
[5.831s] copying resource/turtlebot3_controller -> /home/patrick/ENAE450_tb_ws/install/turtlebot3_controller/share/ament_index/resource_index/packages
[5.831s] copying package.xml -> /home/patrick/ENAE450_tb_ws/install/turtlebot3_controller/share/turtlebot3_controller
[5.831s] running install_egg_info
[5.831s] Copying ../../build/turtlebot3_controller/turtlebot3_controller.egg-info to /home/patrick/ENAE450_tb_ws/install/turtlebot3_controller/lib/python3.10/site-packages/turtlebot3_controller-0.0.0-py3.10.egg-info
[5.840s] running install_scripts
[5.897s] Installing drive_forward script to /home/patrick/ENAE450_tb_ws/install/turtlebot3_controller/lib/turtlebot3_controller
[5.899s] writing list of installed files to '/home/patrick/ENAE450_tb_ws/build/turtlebot3_controller/install.log'
[5.955s] Invoked command in '/home/patrick/ENAE450_tb_ws/src/turtlebot3_controller' returned '0': PYTHONPATH=/home/patrick/ENAE450_tb_ws/build/turtlebot3_controller/prefix_override:/usr/lib/python3/dist-packages/colcon_core/task/python/colcon_distutils_commands:/home/patrick/ENAE450_tb_ws/install/turtlebot3_controller/lib/python3.10/site-packages:${PYTHONPATH} /usr/bin/python3 -W ignore:setup.py install is deprecated -W ignore:easy_install command is deprecated setup.py egg_info --egg-base ../../build/turtlebot3_controller build --build-base /home/patrick/ENAE450_tb_ws/build/turtlebot3_controller/build install --record /home/patrick/ENAE450_tb_ws/build/turtlebot3_controller/install.log --single-version-externally-managed install_data
