[0.015s] Invoking command in '/home/mikolaj/ENAE450_tb_ws/build/turtlebot3_fake_node': AMENT_PREFIX_PATH=/home/mikolaj/ENAE450_tb_ws/install/turtlebot3_msgs:${AMENT_PREFIX_PATH} CMAKE_PREFIX_PATH=/home/mikolaj/ENAE450_tb_ws/install/turtlebot3_msgs:/home/mikolaj/ENAE450_tb_ws/install/turtlebot3_simulations:/home/mikolaj/ENAE450_tb_ws/install/turtlebot3_gazebo:/home/mikolaj/ENAE450_tb_ws/install/turtlebot3_fake_node:/home/mikolaj/ENAE450_tb_ws/install/turtlebot3_controller:/opt/ros/humble LD_LIBRARY_PATH=/home/mikolaj/ENAE450_tb_ws/install/turtlebot3_msgs/lib:/usr/lib/x86_64-linux-gnu/gazebo-11/plugins:/opt/ros/humble/opt/rviz_ogre_vendor/lib:/opt/ros/humble/lib/x86_64-linux-gnu:/opt/ros/humble/lib:/usr/lib/x86_64-linux-gnu/gazebo-11/plugins PYTHONPATH=/home/mikolaj/ENAE450_tb_ws/install/turtlebot3_msgs/local/lib/python3.10/dist-packages:${PYTHONPATH} /usr/bin/cmake /home/mikolaj/ENAE450_tb_ws/src/turtlebot3_simulations/turtlebot3_fake_node -DCMAKE_INSTALL_PREFIX=/home/mikolaj/ENAE450_tb_ws/install/turtlebot3_fake_node
[0.124s] -- The C compiler identification is GNU 11.4.0
[0.199s] -- The CXX compiler identification is GNU 11.4.0
[0.210s] -- Detecting C compiler ABI info
[0.334s] -- Detecting C compiler ABI info - done
[0.342s] -- Check for working C compiler: /usr/bin/cc - skipped
[0.343s] -- Detecting C compile features
[0.343s] -- Detecting C compile features - done
[0.346s] -- Detecting CXX compiler ABI info
[0.475s] -- Detecting CXX compiler ABI info - done
[0.483s] -- Check for working CXX compiler: /usr/bin/c++ - skipped
[0.485s] -- Detecting CXX compile features
[0.485s] -- Detecting CXX compile features - done
[0.488s] -- Found ament_cmake: 1.3.11 (/opt/ros/humble/share/ament_cmake/cmake)
[0.683s] -- Found Python3: /usr/bin/python3 (found version "3.10.12") found components: Interpreter 
[0.801s] -- Found geometry_msgs: 4.2.4 (/opt/ros/humble/share/geometry_msgs/cmake)
[0.844s] -- Found rosidl_generator_c: 3.1.6 (/opt/ros/humble/share/rosidl_generator_c/cmake)
[0.851s] -- Found rosidl_adapter: 3.1.6 (/opt/ros/humble/share/rosidl_adapter/cmake)
[0.861s] -- Found rosidl_generator_cpp: 3.1.6 (/opt/ros/humble/share/rosidl_generator_cpp/cmake)
[0.879s] -- Using all available rosidl_typesupport_c: rosidl_typesupport_fastrtps_c;rosidl_typesupport_introspection_c
[0.902s] -- Using all available rosidl_typesupport_cpp: rosidl_typesupport_fastrtps_cpp;rosidl_typesupport_introspection_cpp
[0.958s] -- Found nav_msgs: 4.2.4 (/opt/ros/humble/share/nav_msgs/cmake)
[0.982s] -- Found rclcpp: 16.0.11 (/opt/ros/humble/share/rclcpp/cmake)
[1.034s] -- Found rmw_implementation_cmake: 6.1.2 (/opt/ros/humble/share/rmw_implementation_cmake/cmake)
[1.040s] -- Found rmw_fastrtps_cpp: 6.2.7 (/opt/ros/humble/share/rmw_fastrtps_cpp/cmake)
[1.167s] -- Found OpenSSL: /usr/lib/x86_64-linux-gnu/libcrypto.so (found version "3.0.2")  
[1.202s] -- Found FastRTPS: /opt/ros/humble/include  
[1.260s] -- Using RMW implementation 'rmw_fastrtps_cpp' as default
[1.271s] -- Looking for pthread.h
[1.382s] -- Looking for pthread.h - found
[1.385s] -- Performing Test CMAKE_HAVE_LIBC_PTHREAD
[1.496s] -- Performing Test CMAKE_HAVE_LIBC_PTHREAD - Success
[1.496s] -- Found Threads: TRUE  
[1.558s] -- Found sensor_msgs: 4.2.4 (/opt/ros/humble/share/sensor_msgs/cmake)
[1.586s] -- Found tf2: 0.25.11 (/opt/ros/humble/share/tf2/cmake)
[1.600s] -- Found tf2_msgs: 0.25.11 (/opt/ros/humble/share/tf2_msgs/cmake)
[1.659s] -- Found turtlebot3_msgs: 2.3.0 (/home/mikolaj/ENAE450_tb_ws/install/turtlebot3_msgs/share/turtlebot3_msgs/cmake)
[1.788s] -- Configuring done
[1.821s] -- Generating done
[1.836s] -- Build files have been written to: /home/mikolaj/ENAE450_tb_ws/build/turtlebot3_fake_node
[1.851s] Invoked command in '/home/mikolaj/ENAE450_tb_ws/build/turtlebot3_fake_node' returned '0': AMENT_PREFIX_PATH=/home/mikolaj/ENAE450_tb_ws/install/turtlebot3_msgs:${AMENT_PREFIX_PATH} CMAKE_PREFIX_PATH=/home/mikolaj/ENAE450_tb_ws/install/turtlebot3_msgs:/home/mikolaj/ENAE450_tb_ws/install/turtlebot3_simulations:/home/mikolaj/ENAE450_tb_ws/install/turtlebot3_gazebo:/home/mikolaj/ENAE450_tb_ws/install/turtlebot3_fake_node:/home/mikolaj/ENAE450_tb_ws/install/turtlebot3_controller:/opt/ros/humble LD_LIBRARY_PATH=/home/mikolaj/ENAE450_tb_ws/install/turtlebot3_msgs/lib:/usr/lib/x86_64-linux-gnu/gazebo-11/plugins:/opt/ros/humble/opt/rviz_ogre_vendor/lib:/opt/ros/humble/lib/x86_64-linux-gnu:/opt/ros/humble/lib:/usr/lib/x86_64-linux-gnu/gazebo-11/plugins PYTHONPATH=/home/mikolaj/ENAE450_tb_ws/install/turtlebot3_msgs/local/lib/python3.10/dist-packages:${PYTHONPATH} /usr/bin/cmake /home/mikolaj/ENAE450_tb_ws/src/turtlebot3_simulations/turtlebot3_fake_node -DCMAKE_INSTALL_PREFIX=/home/mikolaj/ENAE450_tb_ws/install/turtlebot3_fake_node
[1.852s] Invoking command in '/home/mikolaj/ENAE450_tb_ws/build/turtlebot3_fake_node': AMENT_PREFIX_PATH=/home/mikolaj/ENAE450_tb_ws/install/turtlebot3_msgs:${AMENT_PREFIX_PATH} CMAKE_PREFIX_PATH=/home/mikolaj/ENAE450_tb_ws/install/turtlebot3_msgs:/home/mikolaj/ENAE450_tb_ws/install/turtlebot3_simulations:/home/mikolaj/ENAE450_tb_ws/install/turtlebot3_gazebo:/home/mikolaj/ENAE450_tb_ws/install/turtlebot3_fake_node:/home/mikolaj/ENAE450_tb_ws/install/turtlebot3_controller:/opt/ros/humble LD_LIBRARY_PATH=/home/mikolaj/ENAE450_tb_ws/install/turtlebot3_msgs/lib:/usr/lib/x86_64-linux-gnu/gazebo-11/plugins:/opt/ros/humble/opt/rviz_ogre_vendor/lib:/opt/ros/humble/lib/x86_64-linux-gnu:/opt/ros/humble/lib:/usr/lib/x86_64-linux-gnu/gazebo-11/plugins PYTHONPATH=/home/mikolaj/ENAE450_tb_ws/install/turtlebot3_msgs/local/lib/python3.10/dist-packages:${PYTHONPATH} /usr/bin/cmake --build /home/mikolaj/ENAE450_tb_ws/build/turtlebot3_fake_node -- -j8 -l8
[1.921s] [ 50%] [32mBuilding CXX object CMakeFiles/turtlebot3_fake_node.dir/src/turtlebot3_fake_node.cpp.o[0m
[12.887s] [100%] [32m[1mLinking CXX executable turtlebot3_fake_node[0m
[13.309s] [100%] Built target turtlebot3_fake_node
[13.320s] Invoked command in '/home/mikolaj/ENAE450_tb_ws/build/turtlebot3_fake_node' returned '0': AMENT_PREFIX_PATH=/home/mikolaj/ENAE450_tb_ws/install/turtlebot3_msgs:${AMENT_PREFIX_PATH} CMAKE_PREFIX_PATH=/home/mikolaj/ENAE450_tb_ws/install/turtlebot3_msgs:/home/mikolaj/ENAE450_tb_ws/install/turtlebot3_simulations:/home/mikolaj/ENAE450_tb_ws/install/turtlebot3_gazebo:/home/mikolaj/ENAE450_tb_ws/install/turtlebot3_fake_node:/home/mikolaj/ENAE450_tb_ws/install/turtlebot3_controller:/opt/ros/humble LD_LIBRARY_PATH=/home/mikolaj/ENAE450_tb_ws/install/turtlebot3_msgs/lib:/usr/lib/x86_64-linux-gnu/gazebo-11/plugins:/opt/ros/humble/opt/rviz_ogre_vendor/lib:/opt/ros/humble/lib/x86_64-linux-gnu:/opt/ros/humble/lib:/usr/lib/x86_64-linux-gnu/gazebo-11/plugins PYTHONPATH=/home/mikolaj/ENAE450_tb_ws/install/turtlebot3_msgs/local/lib/python3.10/dist-packages:${PYTHONPATH} /usr/bin/cmake --build /home/mikolaj/ENAE450_tb_ws/build/turtlebot3_fake_node -- -j8 -l8
[13.323s] Invoking command in '/home/mikolaj/ENAE450_tb_ws/build/turtlebot3_fake_node': AMENT_PREFIX_PATH=/home/mikolaj/ENAE450_tb_ws/install/turtlebot3_msgs:${AMENT_PREFIX_PATH} CMAKE_PREFIX_PATH=/home/mikolaj/ENAE450_tb_ws/install/turtlebot3_msgs:/home/mikolaj/ENAE450_tb_ws/install/turtlebot3_simulations:/home/mikolaj/ENAE450_tb_ws/install/turtlebot3_gazebo:/home/mikolaj/ENAE450_tb_ws/install/turtlebot3_fake_node:/home/mikolaj/ENAE450_tb_ws/install/turtlebot3_controller:/opt/ros/humble LD_LIBRARY_PATH=/home/mikolaj/ENAE450_tb_ws/install/turtlebot3_msgs/lib:/usr/lib/x86_64-linux-gnu/gazebo-11/plugins:/opt/ros/humble/opt/rviz_ogre_vendor/lib:/opt/ros/humble/lib/x86_64-linux-gnu:/opt/ros/humble/lib:/usr/lib/x86_64-linux-gnu/gazebo-11/plugins PYTHONPATH=/home/mikolaj/ENAE450_tb_ws/install/turtlebot3_msgs/local/lib/python3.10/dist-packages:${PYTHONPATH} /usr/bin/cmake --install /home/mikolaj/ENAE450_tb_ws/build/turtlebot3_fake_node
[13.330s] -- Install configuration: ""
[13.330s] -- Installing: /home/mikolaj/ENAE450_tb_ws/install/turtlebot3_fake_node/lib/turtlebot3_fake_node/turtlebot3_fake_node
[13.334s] -- Set runtime path of "/home/mikolaj/ENAE450_tb_ws/install/turtlebot3_fake_node/lib/turtlebot3_fake_node/turtlebot3_fake_node" to ""
[13.334s] -- Installing: /home/mikolaj/ENAE450_tb_ws/install/turtlebot3_fake_node/share/turtlebot3_fake_node/launch
[13.335s] -- Installing: /home/mikolaj/ENAE450_tb_ws/install/turtlebot3_fake_node/share/turtlebot3_fake_node/launch/turtlebot3_fake_node.launch.py
[13.335s] -- Installing: /home/mikolaj/ENAE450_tb_ws/install/turtlebot3_fake_node/share/turtlebot3_fake_node/launch/rviz2.launch.py
[13.335s] -- Installing: /home/mikolaj/ENAE450_tb_ws/install/turtlebot3_fake_node/share/turtlebot3_fake_node/param
[13.335s] -- Installing: /home/mikolaj/ENAE450_tb_ws/install/turtlebot3_fake_node/share/turtlebot3_fake_node/param/waffle_pi.yaml
[13.335s] -- Installing: /home/mikolaj/ENAE450_tb_ws/install/turtlebot3_fake_node/share/turtlebot3_fake_node/param/waffle.yaml
[13.335s] -- Installing: /home/mikolaj/ENAE450_tb_ws/install/turtlebot3_fake_node/share/turtlebot3_fake_node/param/burger.yaml
[13.335s] -- Installing: /home/mikolaj/ENAE450_tb_ws/install/turtlebot3_fake_node/include/
[13.336s] -- Installing: /home/mikolaj/ENAE450_tb_ws/install/turtlebot3_fake_node/include//turtlebot3_fake_node
[13.336s] -- Installing: /home/mikolaj/ENAE450_tb_ws/install/turtlebot3_fake_node/include//turtlebot3_fake_node/turtlebot3_fake_node.hpp
[13.336s] -- Installing: /home/mikolaj/ENAE450_tb_ws/install/turtlebot3_fake_node/share/ament_index/resource_index/package_run_dependencies/turtlebot3_fake_node
[13.336s] -- Installing: /home/mikolaj/ENAE450_tb_ws/install/turtlebot3_fake_node/share/ament_index/resource_index/parent_prefix_path/turtlebot3_fake_node
[13.336s] -- Installing: /home/mikolaj/ENAE450_tb_ws/install/turtlebot3_fake_node/share/turtlebot3_fake_node/environment/ament_prefix_path.sh
[13.336s] -- Installing: /home/mikolaj/ENAE450_tb_ws/install/turtlebot3_fake_node/share/turtlebot3_fake_node/environment/ament_prefix_path.dsv
[13.336s] -- Installing: /home/mikolaj/ENAE450_tb_ws/install/turtlebot3_fake_node/share/turtlebot3_fake_node/environment/path.sh
[13.336s] -- Installing: /home/mikolaj/ENAE450_tb_ws/install/turtlebot3_fake_node/share/turtlebot3_fake_node/environment/path.dsv
[13.336s] -- Installing: /home/mikolaj/ENAE450_tb_ws/install/turtlebot3_fake_node/share/turtlebot3_fake_node/local_setup.bash
[13.336s] -- Installing: /home/mikolaj/ENAE450_tb_ws/install/turtlebot3_fake_node/share/turtlebot3_fake_node/local_setup.sh
[13.337s] -- Installing: /home/mikolaj/ENAE450_tb_ws/install/turtlebot3_fake_node/share/turtlebot3_fake_node/local_setup.zsh
[13.337s] -- Installing: /home/mikolaj/ENAE450_tb_ws/install/turtlebot3_fake_node/share/turtlebot3_fake_node/local_setup.dsv
[13.337s] -- Installing: /home/mikolaj/ENAE450_tb_ws/install/turtlebot3_fake_node/share/turtlebot3_fake_node/package.dsv
[13.337s] -- Installing: /home/mikolaj/ENAE450_tb_ws/install/turtlebot3_fake_node/share/ament_index/resource_index/packages/turtlebot3_fake_node
[13.337s] -- Installing: /home/mikolaj/ENAE450_tb_ws/install/turtlebot3_fake_node/share/turtlebot3_fake_node/cmake/ament_cmake_export_include_directories-extras.cmake
[13.337s] -- Installing: /home/mikolaj/ENAE450_tb_ws/install/turtlebot3_fake_node/share/turtlebot3_fake_node/cmake/ament_cmake_export_dependencies-extras.cmake
[13.338s] -- Installing: /home/mikolaj/ENAE450_tb_ws/install/turtlebot3_fake_node/share/turtlebot3_fake_node/cmake/turtlebot3_fake_nodeConfig.cmake
[13.338s] -- Installing: /home/mikolaj/ENAE450_tb_ws/install/turtlebot3_fake_node/share/turtlebot3_fake_node/cmake/turtlebot3_fake_nodeConfig-version.cmake
[13.338s] -- Installing: /home/mikolaj/ENAE450_tb_ws/install/turtlebot3_fake_node/share/turtlebot3_fake_node/package.xml
[13.341s] Invoked command in '/home/mikolaj/ENAE450_tb_ws/build/turtlebot3_fake_node' returned '0': AMENT_PREFIX_PATH=/home/mikolaj/ENAE450_tb_ws/install/turtlebot3_msgs:${AMENT_PREFIX_PATH} CMAKE_PREFIX_PATH=/home/mikolaj/ENAE450_tb_ws/install/turtlebot3_msgs:/home/mikolaj/ENAE450_tb_ws/install/turtlebot3_simulations:/home/mikolaj/ENAE450_tb_ws/install/turtlebot3_gazebo:/home/mikolaj/ENAE450_tb_ws/install/turtlebot3_fake_node:/home/mikolaj/ENAE450_tb_ws/install/turtlebot3_controller:/opt/ros/humble LD_LIBRARY_PATH=/home/mikolaj/ENAE450_tb_ws/install/turtlebot3_msgs/lib:/usr/lib/x86_64-linux-gnu/gazebo-11/plugins:/opt/ros/humble/opt/rviz_ogre_vendor/lib:/opt/ros/humble/lib/x86_64-linux-gnu:/opt/ros/humble/lib:/usr/lib/x86_64-linux-gnu/gazebo-11/plugins PYTHONPATH=/home/mikolaj/ENAE450_tb_ws/install/turtlebot3_msgs/local/lib/python3.10/dist-packages:${PYTHONPATH} /usr/bin/cmake --install /home/mikolaj/ENAE450_tb_ws/build/turtlebot3_fake_node
