[0.025s] Invoking command in '/home/mikolaj/ENAE450_tb_ws/build/dynamixel_sdk': CMAKE_PREFIX_PATH=${CMAKE_PREFIX_PATH}:/home/mikolaj/ENAE450_tb_ws/install/turtlebot3_controller:/opt/ros/humble /usr/bin/cmake /home/mikolaj/ENAE450_tb_ws/src/DynamixelSDK/ros/dynamixel_sdk -DCMAKE_INSTALL_PREFIX=/home/mikolaj/ENAE450_tb_ws/install/dynamixel_sdk
[0.156s] -- The C compiler identification is GNU 11.4.0
[0.283s] -- The CXX compiler identification is GNU 11.4.0
[0.300s] -- Detecting C compiler ABI info
[0.387s] -- Detecting C compiler ABI info - done
[0.394s] -- Check for working C compiler: /usr/bin/cc - skipped
[0.395s] -- Detecting C compile features
[0.396s] -- Detecting C compile features - done
[0.401s] -- Detecting CXX compiler ABI info
[0.492s] -- Detecting CXX compiler ABI info - done
[0.500s] -- Check for working CXX compiler: /usr/bin/c++ - skipped
[0.501s] -- Detecting CXX compile features
[0.501s] -- Detecting CXX compile features - done
[0.527s] -- Found ament_cmake: 1.3.11 (/opt/ros/humble/share/ament_cmake/cmake)
[0.690s] -- Found Python3: /usr/bin/python3 (found version "3.10.12") found components: Interpreter 
[0.978s] -- Configuring done
[0.985s] -- Generating done
[0.988s] -- Build files have been written to: /home/mikolaj/ENAE450_tb_ws/build/dynamixel_sdk
[0.993s] Invoked command in '/home/mikolaj/ENAE450_tb_ws/build/dynamixel_sdk' returned '0': CMAKE_PREFIX_PATH=${CMAKE_PREFIX_PATH}:/home/mikolaj/ENAE450_tb_ws/install/turtlebot3_controller:/opt/ros/humble /usr/bin/cmake /home/mikolaj/ENAE450_tb_ws/src/DynamixelSDK/ros/dynamixel_sdk -DCMAKE_INSTALL_PREFIX=/home/mikolaj/ENAE450_tb_ws/install/dynamixel_sdk
[0.996s] Invoking command in '/home/mikolaj/ENAE450_tb_ws/build/dynamixel_sdk': CMAKE_PREFIX_PATH=${CMAKE_PREFIX_PATH}:/home/mikolaj/ENAE450_tb_ws/install/turtlebot3_controller:/opt/ros/humble /usr/bin/cmake --build /home/mikolaj/ENAE450_tb_ws/build/dynamixel_sdk -- -j8 -l8
[1.054s] [  7%] [32mBuilding CXX object CMakeFiles/dynamixel_sdk.dir/src/dynamixel_sdk/packet_handler.cpp.o[0m
[1.055s] [ 23%] [32mBuilding CXX object CMakeFiles/dynamixel_sdk.dir/src/dynamixel_sdk/protocol1_packet_handler.cpp.o[0m
[1.055s] [ 23%] [32mBuilding CXX object CMakeFiles/dynamixel_sdk.dir/src/dynamixel_sdk/protocol2_packet_handler.cpp.o[0m
[1.059s] [ 38%] [32mBuilding CXX object CMakeFiles/dynamixel_sdk.dir/src/dynamixel_sdk/group_sync_read.cpp.o[0m
[1.065s] [ 46%] [32mBuilding CXX object CMakeFiles/dynamixel_sdk.dir/src/dynamixel_sdk/group_sync_write.cpp.o[0m
[1.066s] [ 46%] [32mBuilding CXX object CMakeFiles/dynamixel_sdk.dir/src/dynamixel_sdk/group_bulk_write.cpp.o[0m
[1.066s] [ 53%] [32mBuilding CXX object CMakeFiles/dynamixel_sdk.dir/src/dynamixel_sdk/group_bulk_read.cpp.o[0m
[1.069s] [ 53%] Built target ament_cmake_python_copy_dynamixel_sdk
[1.090s] [ 61%] [32mBuilding CXX object CMakeFiles/dynamixel_sdk.dir/src/dynamixel_sdk/group_fast_bulk_read.cpp.o[0m
[1.405s] [ 69%] [32mBuilding CXX object CMakeFiles/dynamixel_sdk.dir/src/dynamixel_sdk/group_fast_sync_read.cpp.o[0m
[1.440s] [ 76%] [32mBuilding CXX object CMakeFiles/dynamixel_sdk.dir/src/dynamixel_sdk/group_handler.cpp.o[0m
[1.620s] running egg_info
[1.621s] creating dynamixel_sdk.egg-info
[1.622s] writing dynamixel_sdk.egg-info/PKG-INFO
[1.622s] writing dependency_links to dynamixel_sdk.egg-info/dependency_links.txt
[1.623s] writing top-level names to dynamixel_sdk.egg-info/top_level.txt
[1.623s] writing manifest file 'dynamixel_sdk.egg-info/SOURCES.txt'
[1.626s] reading manifest file 'dynamixel_sdk.egg-info/SOURCES.txt'
[1.627s] writing manifest file 'dynamixel_sdk.egg-info/SOURCES.txt'
[1.675s] [ 76%] Built target ament_cmake_python_build_dynamixel_sdk_egg
[1.675s] [ 84%] [32mBuilding CXX object CMakeFiles/dynamixel_sdk.dir/src/dynamixel_sdk/port_handler.cpp.o[0m
[1.676s] [ 92%] [32mBuilding CXX object CMakeFiles/dynamixel_sdk.dir/src/dynamixel_sdk/port_handler_linux.cpp.o[0m
[1.815s] [100%] [32m[1mLinking CXX shared library libdynamixel_sdk.so[0m
[1.907s] [100%] Built target dynamixel_sdk
[1.921s] Invoked command in '/home/mikolaj/ENAE450_tb_ws/build/dynamixel_sdk' returned '0': CMAKE_PREFIX_PATH=${CMAKE_PREFIX_PATH}:/home/mikolaj/ENAE450_tb_ws/install/turtlebot3_controller:/opt/ros/humble /usr/bin/cmake --build /home/mikolaj/ENAE450_tb_ws/build/dynamixel_sdk -- -j8 -l8
[1.936s] Invoking command in '/home/mikolaj/ENAE450_tb_ws/build/dynamixel_sdk': CMAKE_PREFIX_PATH=${CMAKE_PREFIX_PATH}:/home/mikolaj/ENAE450_tb_ws/install/turtlebot3_controller:/opt/ros/humble /usr/bin/cmake --install /home/mikolaj/ENAE450_tb_ws/build/dynamixel_sdk
[1.943s] -- Install configuration: ""
[1.944s] -- Installing: /home/mikolaj/ENAE450_tb_ws/install/dynamixel_sdk/include/
[1.944s] -- Installing: /home/mikolaj/ENAE450_tb_ws/install/dynamixel_sdk/include//dynamixel_sdk
[1.945s] -- Installing: /home/mikolaj/ENAE450_tb_ws/install/dynamixel_sdk/include//dynamixel_sdk/group_bulk_read.h
[1.945s] -- Installing: /home/mikolaj/ENAE450_tb_ws/install/dynamixel_sdk/include//dynamixel_sdk/packet_handler.h
[1.945s] -- Installing: /home/mikolaj/ENAE450_tb_ws/install/dynamixel_sdk/include//dynamixel_sdk/group_bulk_write.h
[1.945s] -- Installing: /home/mikolaj/ENAE450_tb_ws/install/dynamixel_sdk/include//dynamixel_sdk/group_sync_write.h
[1.945s] -- Installing: /home/mikolaj/ENAE450_tb_ws/install/dynamixel_sdk/include//dynamixel_sdk/protocol1_packet_handler.h
[1.946s] -- Installing: /home/mikolaj/ENAE450_tb_ws/install/dynamixel_sdk/include//dynamixel_sdk/dynamixel_sdk.h
[1.946s] -- Installing: /home/mikolaj/ENAE450_tb_ws/install/dynamixel_sdk/include//dynamixel_sdk/protocol2_packet_handler.h
[1.946s] -- Installing: /home/mikolaj/ENAE450_tb_ws/install/dynamixel_sdk/include//dynamixel_sdk/group_sync_read.h
[1.946s] -- Installing: /home/mikolaj/ENAE450_tb_ws/install/dynamixel_sdk/include//dynamixel_sdk/group_handler.h
[1.946s] -- Installing: /home/mikolaj/ENAE450_tb_ws/install/dynamixel_sdk/include//dynamixel_sdk/port_handler_windows.h
[1.946s] -- Installing: /home/mikolaj/ENAE450_tb_ws/install/dynamixel_sdk/include//dynamixel_sdk/port_handler.h
[1.947s] -- Installing: /home/mikolaj/ENAE450_tb_ws/install/dynamixel_sdk/include//dynamixel_sdk/port_handler_mac.h
[1.947s] -- Installing: /home/mikolaj/ENAE450_tb_ws/install/dynamixel_sdk/include//dynamixel_sdk/group_fast_sync_read.h
[1.947s] -- Installing: /home/mikolaj/ENAE450_tb_ws/install/dynamixel_sdk/include//dynamixel_sdk/group_fast_bulk_read.h
[1.947s] -- Installing: /home/mikolaj/ENAE450_tb_ws/install/dynamixel_sdk/include//dynamixel_sdk/port_handler_arduino.h
[1.947s] -- Installing: /home/mikolaj/ENAE450_tb_ws/install/dynamixel_sdk/include//dynamixel_sdk/port_handler_linux.h
[1.947s] -- Installing: /home/mikolaj/ENAE450_tb_ws/install/dynamixel_sdk/lib/libdynamixel_sdk.so
[1.947s] -- Installing: /home/mikolaj/ENAE450_tb_ws/install/dynamixel_sdk/share/dynamixel_sdk/environment/pythonpath.sh
[1.947s] -- Installing: /home/mikolaj/ENAE450_tb_ws/install/dynamixel_sdk/share/dynamixel_sdk/environment/pythonpath.dsv
[1.947s] -- Installing: /home/mikolaj/ENAE450_tb_ws/install/dynamixel_sdk/local/lib/python3.10/dist-packages/dynamixel_sdk-3.8.3-py3.10.egg-info
[1.949s] -- Installing: /home/mikolaj/ENAE450_tb_ws/install/dynamixel_sdk/local/lib/python3.10/dist-packages/dynamixel_sdk-3.8.3-py3.10.egg-info/SOURCES.txt
[1.950s] -- Installing: /home/mikolaj/ENAE450_tb_ws/install/dynamixel_sdk/local/lib/python3.10/dist-packages/dynamixel_sdk-3.8.3-py3.10.egg-info/dependency_links.txt
[1.950s] -- Installing: /home/mikolaj/ENAE450_tb_ws/install/dynamixel_sdk/local/lib/python3.10/dist-packages/dynamixel_sdk-3.8.3-py3.10.egg-info/PKG-INFO
[1.950s] -- Installing: /home/mikolaj/ENAE450_tb_ws/install/dynamixel_sdk/local/lib/python3.10/dist-packages/dynamixel_sdk-3.8.3-py3.10.egg-info/top_level.txt
[1.950s] -- Installing: /home/mikolaj/ENAE450_tb_ws/install/dynamixel_sdk/local/lib/python3.10/dist-packages/dynamixel_sdk
[1.950s] -- Installing: /home/mikolaj/ENAE450_tb_ws/install/dynamixel_sdk/local/lib/python3.10/dist-packages/dynamixel_sdk/group_sync_read.py
[1.951s] -- Installing: /home/mikolaj/ENAE450_tb_ws/install/dynamixel_sdk/local/lib/python3.10/dist-packages/dynamixel_sdk/group_bulk_write.py
[1.951s] -- Installing: /home/mikolaj/ENAE450_tb_ws/install/dynamixel_sdk/local/lib/python3.10/dist-packages/dynamixel_sdk/group_fast_sync_read.cpp
[1.951s] -- Installing: /home/mikolaj/ENAE450_tb_ws/install/dynamixel_sdk/local/lib/python3.10/dist-packages/dynamixel_sdk/group_bulk_read.cpp
[1.951s] -- Installing: /home/mikolaj/ENAE450_tb_ws/install/dynamixel_sdk/local/lib/python3.10/dist-packages/dynamixel_sdk/group_sync_read.cpp
[1.951s] -- Installing: /home/mikolaj/ENAE450_tb_ws/install/dynamixel_sdk/local/lib/python3.10/dist-packages/dynamixel_sdk/group_sync_write.py
[1.951s] -- Installing: /home/mikolaj/ENAE450_tb_ws/install/dynamixel_sdk/local/lib/python3.10/dist-packages/dynamixel_sdk/protocol1_packet_handler.py
[1.951s] -- Installing: /home/mikolaj/ENAE450_tb_ws/install/dynamixel_sdk/local/lib/python3.10/dist-packages/dynamixel_sdk/protocol1_packet_handler.cpp
[1.951s] -- Installing: /home/mikolaj/ENAE450_tb_ws/install/dynamixel_sdk/local/lib/python3.10/dist-packages/dynamixel_sdk/port_handler_windows.cpp
[1.951s] -- Installing: /home/mikolaj/ENAE450_tb_ws/install/dynamixel_sdk/local/lib/python3.10/dist-packages/dynamixel_sdk/__init__.py
[1.951s] -- Installing: /home/mikolaj/ENAE450_tb_ws/install/dynamixel_sdk/local/lib/python3.10/dist-packages/dynamixel_sdk/port_handler_arduino.cpp
[1.951s] -- Installing: /home/mikolaj/ENAE450_tb_ws/install/dynamixel_sdk/local/lib/python3.10/dist-packages/dynamixel_sdk/packet_handler.cpp
[1.951s] -- Installing: /home/mikolaj/ENAE450_tb_ws/install/dynamixel_sdk/local/lib/python3.10/dist-packages/dynamixel_sdk/protocol2_packet_handler.cpp
[1.952s] -- Installing: /home/mikolaj/ENAE450_tb_ws/install/dynamixel_sdk/local/lib/python3.10/dist-packages/dynamixel_sdk/robotis_def.py
[1.952s] -- Installing: /home/mikolaj/ENAE450_tb_ws/install/dynamixel_sdk/local/lib/python3.10/dist-packages/dynamixel_sdk/port_handler_mac.cpp
[1.952s] -- Installing: /home/mikolaj/ENAE450_tb_ws/install/dynamixel_sdk/local/lib/python3.10/dist-packages/dynamixel_sdk/group_bulk_write.cpp
[1.952s] -- Installing: /home/mikolaj/ENAE450_tb_ws/install/dynamixel_sdk/local/lib/python3.10/dist-packages/dynamixel_sdk/group_handler.cpp
[1.952s] -- Installing: /home/mikolaj/ENAE450_tb_ws/install/dynamixel_sdk/local/lib/python3.10/dist-packages/dynamixel_sdk/port_handler_linux.cpp
[1.952s] -- Installing: /home/mikolaj/ENAE450_tb_ws/install/dynamixel_sdk/local/lib/python3.10/dist-packages/dynamixel_sdk/port_handler.cpp
[1.952s] -- Installing: /home/mikolaj/ENAE450_tb_ws/install/dynamixel_sdk/local/lib/python3.10/dist-packages/dynamixel_sdk/packet_handler.py
[1.952s] -- Installing: /home/mikolaj/ENAE450_tb_ws/install/dynamixel_sdk/local/lib/python3.10/dist-packages/dynamixel_sdk/port_handler.py
[1.952s] -- Installing: /home/mikolaj/ENAE450_tb_ws/install/dynamixel_sdk/local/lib/python3.10/dist-packages/dynamixel_sdk/group_fast_bulk_read.cpp
[1.952s] -- Installing: /home/mikolaj/ENAE450_tb_ws/install/dynamixel_sdk/local/lib/python3.10/dist-packages/dynamixel_sdk/group_sync_write.cpp
[1.952s] -- Installing: /home/mikolaj/ENAE450_tb_ws/install/dynamixel_sdk/local/lib/python3.10/dist-packages/dynamixel_sdk/group_bulk_read.py
[1.952s] -- Installing: /home/mikolaj/ENAE450_tb_ws/install/dynamixel_sdk/local/lib/python3.10/dist-packages/dynamixel_sdk/protocol2_packet_handler.py
[1.998s] Listing '/home/mikolaj/ENAE450_tb_ws/install/dynamixel_sdk/local/lib/python3.10/dist-packages/dynamixel_sdk'...
[1.998s] Compiling '/home/mikolaj/ENAE450_tb_ws/install/dynamixel_sdk/local/lib/python3.10/dist-packages/dynamixel_sdk/__init__.py'...
[1.998s] Compiling '/home/mikolaj/ENAE450_tb_ws/install/dynamixel_sdk/local/lib/python3.10/dist-packages/dynamixel_sdk/group_bulk_read.py'...
[1.998s] Compiling '/home/mikolaj/ENAE450_tb_ws/install/dynamixel_sdk/local/lib/python3.10/dist-packages/dynamixel_sdk/group_bulk_write.py'...
[1.998s] Compiling '/home/mikolaj/ENAE450_tb_ws/install/dynamixel_sdk/local/lib/python3.10/dist-packages/dynamixel_sdk/group_sync_read.py'...
[1.998s] Compiling '/home/mikolaj/ENAE450_tb_ws/install/dynamixel_sdk/local/lib/python3.10/dist-packages/dynamixel_sdk/group_sync_write.py'...
[1.998s] Compiling '/home/mikolaj/ENAE450_tb_ws/install/dynamixel_sdk/local/lib/python3.10/dist-packages/dynamixel_sdk/packet_handler.py'...
[1.998s] Compiling '/home/mikolaj/ENAE450_tb_ws/install/dynamixel_sdk/local/lib/python3.10/dist-packages/dynamixel_sdk/port_handler.py'...
[1.998s] Compiling '/home/mikolaj/ENAE450_tb_ws/install/dynamixel_sdk/local/lib/python3.10/dist-packages/dynamixel_sdk/protocol1_packet_handler.py'...
[1.998s] Compiling '/home/mikolaj/ENAE450_tb_ws/install/dynamixel_sdk/local/lib/python3.10/dist-packages/dynamixel_sdk/protocol2_packet_handler.py'...
[1.998s] Compiling '/home/mikolaj/ENAE450_tb_ws/install/dynamixel_sdk/local/lib/python3.10/dist-packages/dynamixel_sdk/robotis_def.py'...
[2.002s] -- Installing: /home/mikolaj/ENAE450_tb_ws/install/dynamixel_sdk/share/dynamixel_sdk/environment/library_path.sh
[2.002s] -- Installing: /home/mikolaj/ENAE450_tb_ws/install/dynamixel_sdk/share/dynamixel_sdk/environment/library_path.dsv
[2.002s] -- Installing: /home/mikolaj/ENAE450_tb_ws/install/dynamixel_sdk/share/ament_index/resource_index/package_run_dependencies/dynamixel_sdk
[2.003s] -- Installing: /home/mikolaj/ENAE450_tb_ws/install/dynamixel_sdk/share/ament_index/resource_index/parent_prefix_path/dynamixel_sdk
[2.003s] -- Installing: /home/mikolaj/ENAE450_tb_ws/install/dynamixel_sdk/share/dynamixel_sdk/environment/ament_prefix_path.sh
[2.003s] -- Installing: /home/mikolaj/ENAE450_tb_ws/install/dynamixel_sdk/share/dynamixel_sdk/environment/ament_prefix_path.dsv
[2.003s] -- Installing: /home/mikolaj/ENAE450_tb_ws/install/dynamixel_sdk/share/dynamixel_sdk/environment/path.sh
[2.003s] -- Installing: /home/mikolaj/ENAE450_tb_ws/install/dynamixel_sdk/share/dynamixel_sdk/environment/path.dsv
[2.004s] -- Installing: /home/mikolaj/ENAE450_tb_ws/install/dynamixel_sdk/share/dynamixel_sdk/local_setup.bash
[2.004s] -- Installing: /home/mikolaj/ENAE450_tb_ws/install/dynamixel_sdk/share/dynamixel_sdk/local_setup.sh
[2.004s] -- Installing: /home/mikolaj/ENAE450_tb_ws/install/dynamixel_sdk/share/dynamixel_sdk/local_setup.zsh
[2.004s] -- Installing: /home/mikolaj/ENAE450_tb_ws/install/dynamixel_sdk/share/dynamixel_sdk/local_setup.dsv
[2.004s] -- Installing: /home/mikolaj/ENAE450_tb_ws/install/dynamixel_sdk/share/dynamixel_sdk/package.dsv
[2.004s] -- Installing: /home/mikolaj/ENAE450_tb_ws/install/dynamixel_sdk/share/ament_index/resource_index/packages/dynamixel_sdk
[2.004s] -- Installing: /home/mikolaj/ENAE450_tb_ws/install/dynamixel_sdk/share/dynamixel_sdk/cmake/ament_cmake_export_include_directories-extras.cmake
[2.005s] -- Installing: /home/mikolaj/ENAE450_tb_ws/install/dynamixel_sdk/share/dynamixel_sdk/cmake/ament_cmake_export_libraries-extras.cmake
[2.005s] -- Installing: /home/mikolaj/ENAE450_tb_ws/install/dynamixel_sdk/share/dynamixel_sdk/cmake/dynamixel_sdkConfig.cmake
[2.005s] -- Installing: /home/mikolaj/ENAE450_tb_ws/install/dynamixel_sdk/share/dynamixel_sdk/cmake/dynamixel_sdkConfig-version.cmake
[2.005s] -- Installing: /home/mikolaj/ENAE450_tb_ws/install/dynamixel_sdk/share/dynamixel_sdk/package.xml
[2.007s] Invoked command in '/home/mikolaj/ENAE450_tb_ws/build/dynamixel_sdk' returned '0': CMAKE_PREFIX_PATH=${CMAKE_PREFIX_PATH}:/home/mikolaj/ENAE450_tb_ws/install/turtlebot3_controller:/opt/ros/humble /usr/bin/cmake --install /home/mikolaj/ENAE450_tb_ws/build/dynamixel_sdk
