[0.901s] Invoking command in '/home/patrick/ENAE450_tb_ws/src/turtlebot3_controller': PYTHONPATH=/home/patrick/ENAE450_tb_ws/build/turtlebot3_controller/prefix_override:/usr/lib/python3/dist-packages/colcon_core/task/python/colcon_distutils_commands:/home/patrick/ENAE450_tb_ws/install/turtlebot3_controller/lib/python3.10/site-packages:${PYTHONPATH} /usr/bin/python3 -W ignore:setup.py install is deprecated -W ignore:easy_install command is deprecated setup.py egg_info --egg-base ../../build/turtlebot3_controller build --build-base /home/patrick/ENAE450_tb_ws/build/turtlebot3_controller/build install --record /home/patrick/ENAE450_tb_ws/build/turtlebot3_controller/install.log --single-version-externally-managed install_data
[1.137s] running egg_info
[1.141s] writing ../../build/turtlebot3_controller/turtlebot3_controller.egg-info/PKG-INFO
[1.143s] writing dependency_links to ../../build/turtlebot3_controller/turtlebot3_controller.egg-info/dependency_links.txt
[1.143s] writing entry points to ../../build/turtlebot3_controller/turtlebot3_controller.egg-info/entry_points.txt
[1.143s] writing requirements to ../../build/turtlebot3_controller/turtlebot3_controller.egg-info/requires.txt
[1.143s] writing top-level names to ../../build/turtlebot3_controller/turtlebot3_controller.egg-info/top_level.txt
[1.144s] reading manifest file '../../build/turtlebot3_controller/turtlebot3_controller.egg-info/SOURCES.txt'
[1.144s] adding license file 'LICENSE'
[1.146s] writing manifest file '../../build/turtlebot3_controller/turtlebot3_controller.egg-info/SOURCES.txt'
[1.146s] running build
[1.146s] running build_py
[1.146s] running install
[1.149s] running install_lib
[1.150s] running install_data
[1.150s] running install_egg_info
[1.150s] removing '/home/patrick/ENAE450_tb_ws/install/turtlebot3_controller/lib/python3.10/site-packages/turtlebot3_controller-0.0.0-py3.10.egg-info' (and everything under it)
[1.150s] Copying ../../build/turtlebot3_controller/turtlebot3_controller.egg-info to /home/patrick/ENAE450_tb_ws/install/turtlebot3_controller/lib/python3.10/site-packages/turtlebot3_controller-0.0.0-py3.10.egg-info
[1.150s] running install_scripts
[1.173s] Installing drive_forward script to /home/patrick/ENAE450_tb_ws/install/turtlebot3_controller/lib/turtlebot3_controller
[1.175s] writing list of installed files to '/home/patrick/ENAE450_tb_ws/build/turtlebot3_controller/install.log'
[1.200s] Invoked command in '/home/patrick/ENAE450_tb_ws/src/turtlebot3_controller' returned '0': PYTHONPATH=/home/patrick/ENAE450_tb_ws/build/turtlebot3_controller/prefix_override:/usr/lib/python3/dist-packages/colcon_core/task/python/colcon_distutils_commands:/home/patrick/ENAE450_tb_ws/install/turtlebot3_controller/lib/python3.10/site-packages:${PYTHONPATH} /usr/bin/python3 -W ignore:setup.py install is deprecated -W ignore:easy_install command is deprecated setup.py egg_info --egg-base ../../build/turtlebot3_controller build --build-base /home/patrick/ENAE450_tb_ws/build/turtlebot3_controller/build install --record /home/patrick/ENAE450_tb_ws/build/turtlebot3_controller/install.log --single-version-externally-managed install_data
